
DFTK Version      0.7.20
Julia Version     1.12.4
libxc Version     7.0.0
FFTW.jl provider  fftw v3.3.10

BLAS.get_config()
  LinearAlgebra.BLAS.LBTConfig
  Libraries: 
  └ [ILP64] libopenblas64_.so

MPI.versioninfo()
  MPIPreferences:
    binary:  MPICH_jll
    abi:     MPICH
  
  Package versions
    MPI.jl:             0.20.23
    MPIPreferences.jl:  0.1.11
    MPICH_jll:          4.3.2+0
  
  Library information:
    libmpi:  /data/vebak3345/.julia/artifacts/117d9048128625bb3418b0b4cca48739c5d28740/lib/libmpi.so
    libmpi dlpath:  /data/vebak3345/.julia/artifacts/117d9048128625bb3418b0b4cca48739c5d28740/lib/libmpi.so
    MPI version:  4.1.0
    Library version:  
      MPICH Version:      4.3.1
      MPICH Release date: Fri Jun 20 09:24:41 AM CDT 2025
      MPICH ABI:          17:1:5
      MPICH Device:       ch3:nemesis
      MPICH configure:    --build=x86_64-linux-musl --disable-dependency-tracking --disable-doc --enable-fast=ndebug,O3 --enable-static=no --host=x86_64-linux-gnu --prefix=/workspace/destdir --with-device=ch3 --with-hwloc=/workspace/destdir
      MPICH CC:           cc     -DNDEBUG -DNVALGRIND -O3
      MPICH CXX:          c++   -DNDEBUG -DNVALGRIND -O3
      MPICH F77:          gfortran   -O3
      MPICH FC:           gfortran   -O3
      MPICH features:     
      
    MPI launcher: /data/vebak3345/.julia/artifacts/117d9048128625bb3418b0b4cca48739c5d28740/bin/mpiexec
    MPI launcher path: /data/vebak3345/.julia/artifacts/117d9048128625bb3418b0b4cca48739c5d28740/bin/mpiexec
  


truncated grid size:(45, 45, 45)
‖ρref - ρorig‖H-1 = 4.56055825825785e-5
‖ρref - ρorig‖L2  = 0.0002784447548053744

# --- ε=1.778279410038923e-5

n     Energy            log10(ΔE)   log10(Δρ)   Δtime 
---   ---------------   ---------   ---------   ------
  1   -19.99717681447                   -0.72    21.5s
    ‖ρε - ρref‖ = 0.11326784302354176 ‖Δρ‖ = 0.11330830112077522  ‖vε - vref‖ = 2.008742406951324  α = 0.000428
  2   -19.99718216436       -5.27       -1.91    10.9s
    ‖ρε - ρref‖ = 0.0049849042778099175 ‖Δρ‖ = 0.00499359588095756  ‖vε - vref‖ = 1.8405740737144256  α = 0.00586
  3   -19.99718564456       -5.46       -1.69    13.4s
    ‖ρε - ρref‖ = 0.007357541891673936 ‖Δρ‖ = 0.007352233339643618  ‖vε - vref‖ = 1.7033030188878953  α = 0.0011
  4   -19.99718786642       -5.65       -1.67    12.5s
    ‖ρε - ρref‖ = 0.00637301972875777 ‖Δρ‖ = 0.006364528771146104  ‖vε - vref‖ = 1.602511424988462  α = 0.00177
  5   -19.99718837684       -6.29       -1.63    71.5s
    ‖ρε - ρref‖ = 0.007787776979145191 ‖Δρ‖ = 0.007788529073802401  ‖vε - vref‖ = 1.570193751131626  α = 0.000555
  6   -19.99718841080       -7.47       -1.60    85.3s
    ‖ρε - ρref‖ = 0.009162703209475147 ‖Δρ‖ = 0.009158471492714326  ‖vε - vref‖ = 1.5581931076706674  α = 0.00015
  7   -19.99718841080      -13.45       -1.51     120s
    ‖ρε - ρref‖ = 0.010982602928513439 ‖Δρ‖ = 0.010987257832657742  ‖vε - vref‖ = 1.5581931076068358  α = 6.42e-12
  8   -19.99718841080   +  -14.15       -1.69    63.7s
    ‖ρε - ρref‖ = 0.005455545511715144 ‖Δρ‖ = 0.005460766664010404  ‖vε - vref‖ = 1.558193107606626  α = 0.0
  9   -19.99719056730       -5.67       -1.75    8.65s
    ‖ρε - ρref‖ = 0.008579333137377024 ‖Δρ‖ = 0.008607040731817459  ‖vε - vref‖ = 1.4902253380981394  α = 0.00188
 10   -19.99719146114       -6.05       -1.65    12.0s
    ‖ρε - ρref‖ = 0.011468177286853185 ‖Δρ‖ = 0.011435647799456078  ‖vε - vref‖ = 1.4124322230981756  α = 0.000314
 11   -19.99719177433       -6.50       -1.88    17.4s
    ‖ρε - ρref‖ = 0.005075139326501915 ‖Δρ‖ = 0.0050803921584580145  ‖vε - vref‖ = 1.3757720292059543  α = 0.00129
 12   -19.99719177863       -8.37       -1.68    99.0s
    ‖ρε - ρref‖ = 0.006681867032426983 ‖Δρ‖ = 0.006693008695146567  ‖vε - vref‖ = 1.3726414320194242  α = 5.3e-5
 13   -19.99719177863      -13.97       -1.15    94.2s
    ‖ρε - ρref‖ = 0.03207677021149406 ‖Δρ‖ = 0.032090332741965676  ‖vε - vref‖ = 1.372641431640655  α = 3.92e-12
 14   -19.99719177863   +  -14.45       -1.14    69.6s
    ‖ρε - ρref‖ = 0.029603294832228323 ‖Δρ‖ = 0.029620189255223785  ‖vε - vref‖ = 1.372641431644252  α = 0.0
 15   -19.99719222369       -6.35       -1.75    9.19s
    ‖ρε - ρref‖ = 0.01045265224591904 ‖Δρ‖ = 0.010416225097722838  ‖vε - vref‖ = 1.36139750051734  α = 0.000911
 16   -19.99719235720       -6.87       -2.01    12.5s
    ‖ρε - ρref‖ = 0.004250014087714328 ‖Δρ‖ = 0.0042631950008643026  ‖vε - vref‖ = 1.325491188673484  α = 0.00125
 17   -19.99719235720      -13.75       -1.76     120s
    ‖ρε - ρref‖ = 0.0068663411846677 ‖Δρ‖ = 0.00686947305854847  ‖vε - vref‖ = 1.3254911649946388  α = 3.89e-10
 18   -19.99719235720   +    -Inf       -1.13    72.6s
    ‖ρε - ρref‖ = 0.03450223046077506 ‖Δρ‖ = 0.034509279898348504  ‖vε - vref‖ = 1.3254911649945427  α = 0.0
 19   -19.99719310984       -6.12       -1.85    13.2s
    ‖ρε - ρref‖ = 0.00847202432534294 ‖Δρ‖ = 0.00851115759448876  ‖vε - vref‖ = 1.2663896182418104  α = 0.000327
 20   -19.99719319576       -7.07       -2.01    81.3s
    ‖ρε - ρref‖ = 0.004400601614819544 ‖Δρ‖ = 0.004391058396731303  ‖vε - vref‖ = 1.2562889708135765  α = 0.000376
 21   -19.99719319576      -13.55       -1.95     136s
    ‖ρε - ρref‖ = 0.004463550456736242 ‖Δρ‖ = 0.004468512374344715  ‖vε - vref‖ = 1.256288970765226  α = 1.6e-12
 22   -19.99719319576   +  -14.45       -0.84    68.1s
    ‖ρε - ρref‖ = 0.0651115854407403 ‖Δρ‖ = 0.06512762521186548  ‖vε - vref‖ = 1.2562889707648948  α = 0.0
 23   -19.99719321625       -7.69       -2.31    18.5s
    ‖ρε - ρref‖ = 0.0029428084122607766 ‖Δρ‖ = 0.0029841865662126785  ‖vε - vref‖ = 1.248414607092256  α = 0.000689
 24   -19.99719321625      -13.41       -1.72    89.3s
    ‖ρε - ρref‖ = 0.008409459860098157 ‖Δρ‖ = 0.008404585529446732  ‖vε - vref‖ = 1.24841460644895  α = 1.6e-11
 25   -19.99719321625   +  -13.97       -0.73    63.8s
    ‖ρε - ρref‖ = 0.0882714005257782 ‖Δρ‖ = 0.08828915231747606  ‖vε - vref‖ = 1.248414606449094  α = 0.0
 26   -19.99719321952       -8.49       -2.53    80.7s
    ‖ρε - ρref‖ = 0.0017680094065350056 ‖Δρ‖ = 0.0017258272169186368  ‖vε - vref‖ = 1.2468637528126747  α = 0.000154
 27   -19.99719321952      -13.60       -1.29     105s
    ‖ρε - ρref‖ = 0.023456602702886034 ‖Δρ‖ = 0.02346721266285435  ‖vε - vref‖ = 1.2468637528115045  α = 6.79e-14
 28   -19.99719321952   +  -14.45       -0.55    64.1s
    ‖ρε - ρref‖ = 0.1343010664228453 ‖Δρ‖ = 0.13432015231701322  ‖vε - vref‖ = 1.2468637528113835  α = 0.0
 29   -19.99719321952      -14.45       -2.70     132s
    ‖ρε - ρref‖ = 0.001183750976571537 ‖Δρ‖ = 0.001142312435502924  ‖vε - vref‖ = 1.246863752808856  α = 3.29e-13
 30   -19.99719321952   +    -Inf       -0.74    70.2s
    ‖ρε - ρref‖ = 0.0837529779696436 ‖Δρ‖ = 0.08376284104678026  ‖vε - vref‖ = 1.2468637528088944  α = 0.0
 31   -19.99719321952   +    -Inf       -2.70     115s
    ‖ρε - ρref‖ = 0.00118375097542386 ‖Δρ‖ = 0.0011423124343576676  ‖vε - vref‖ = 1.246863752806947  α = 3.71e-13
Trying again without preconditioner ...
n     Energy            log10(ΔE)   log10(Δρ)   Δtime 
---   ---------------   ---------   ---------   ------
  1   -19.99719331872                   -1.73    78.6s
    ‖ρε - ρref‖ = 0.005231785562872371 ‖Δρ‖ = 0.005204419670337493  ‖vε - vref‖ = 1.2307756287228033  α = 0.000321
  2   -19.99719336224       -7.36       -0.02    81.7s
    ‖ρε - ρref‖ = 0.47657732307965095 ‖Δρ‖ = 0.47660706684667126  ‖vε - vref‖ = 1.2155029633739258  α = 5.41e-6
  3   -19.99719336224      -13.50       -0.25     155s
    ‖ρε - ρref‖ = 0.2807562631244629 ‖Δρ‖ = 0.2807880981749286  ‖vε - vref‖ = 1.215502963005826  α = 4.84e-13
  4   -19.99719336224   +  -14.15       -0.08    59.7s
    ‖ρε - ρref‖ = 0.4134519950961335 ‖Δρ‖ = 0.4134813794736823  ‖vε - vref‖ = 1.2155029630062255  α = 0.0
  5   -19.99719336224      -14.45       -1.96     184s
    ‖ρε - ρref‖ = 0.0030364372557688153 ‖Δρ‖ = 0.003064553474451547  ‖vε - vref‖ = 1.2155029630008831  α = 1.38e-13
  6   -19.99719336224   +  -14.45        0.04    60.8s
    ‖ρε - ρref‖ = 0.5394803770424335 ‖Δρ‖ = 0.5395089086789853  ‖vε - vref‖ = 1.2155029630008627  α = 0.0
  7   -19.99719336224   +    -Inf       -1.96     186s
    ‖ρε - ρref‖ = 0.003036437253570516 ‖Δρ‖ = 0.003064553472245174  ‖vε - vref‖ = 1.215502962994849  α = 1.55e-13
  8   -19.99719336224      -14.15        0.04     112s
    ‖ρε - ρref‖ = 0.5438998455994791 ‖Δρ‖ = 0.5439284532906986  ‖vε - vref‖ = 1.2155029629371341  α = 1.7e-14
  9   -19.99719336224   +    -Inf       -0.03     116s
    ‖ρε - ρref‖ = 0.46450910225593645 ‖Δρ‖ = 0.46453792821326734  ‖vε - vref‖ = 1.2155029629361833  α = 1.11e-15
 10   -19.99719336224   +  -14.15       -0.00    60.1s
    ‖ρε - ρref‖ = 0.49306603113047337 ‖Δρ‖ = 0.49309518548892917  ‖vε - vref‖ = 1.2155029629361904  α = 0.0
 11   -19.99719336224      -14.45       -1.96     182s
    ‖ρε - ρref‖ = 0.0030364372758866455 ‖Δρ‖ = 0.003064553494716726  ‖vε - vref‖ = 1.215502962931588  α = 1.06e-13
 12   -19.99719336224   +    -Inf        0.06    62.5s
    ‖ρε - ρref‖ = 0.5682585034317709 ‖Δρ‖ = 0.5682872795914685  ‖vε - vref‖ = 1.21550296293155  α = 0.0
 13   -19.99719336224   +  -14.15       -1.96    67.3s
    ‖ρε - ρref‖ = 0.0030364372729735807 ‖Δρ‖ = 0.0030645534917858766  ‖vε - vref‖ = 1.2155029629315077  α = 0.0
 14   -19.99719336224      -14.15       -1.96     183s
    ‖ρε - ρref‖ = 0.003036437272966548 ‖Δρ‖ = 0.0030645534917789477  ‖vε - vref‖ = 1.2155029629311067  α = 1.19e-14
 15   -19.99719336224   +    -Inf        0.07    60.0s
    ‖ρε - ρref‖ = 0.5828718134322318 ‖Δρ‖ = 0.5829006317400419  ‖vε - vref‖ = 1.2155029629310694  α = 0.0
 16   -19.99719336224   +    -Inf       -1.96     148s
    ‖ρε - ρref‖ = 0.0030364372729331126 ‖Δρ‖ = 0.003064553491745679  ‖vε - vref‖ = 1.215502962930951  α = 4.01e-15

#-- ‖ρε - ρref‖ = 5.303045585740676e-5 vs. 1.778279410038923e-7 = δ*ε ‖vε - vref‖ = 1.215502962930951  Qε=0.8980934537399983


# --- ε=1.0e-5

n     Energy            log10(ΔE)   log10(Δρ)   Δtime 
---   ---------------   ---------   ---------   ------
  1   -19.99712413243                   -0.89    14.3s
    ‖ρε - ρref‖ = 0.08120535020643345 ‖Δρ‖ = 0.08118231380608061  ‖vε - vref‖ = 2.3711973087658382  α = 0.00026
  2   -19.99712695126       -5.55       -1.94    12.6s
    ‖ρε - ρref‖ = 0.004694838820074222 ‖Δρ‖ = 0.004687520423068951  ‖vε - vref‖ = 2.1998868363612223  α = 0.00139
  3   -19.99712761759       -6.18       -1.50    65.6s
    ‖ρε - ρref‖ = 0.011594198476740246 ‖Δρ‖ = 0.011588947862252308  ‖vε - vref‖ = 2.1370750506691074  α = 0.000375
  4   -19.99712779621       -6.75       -1.08    83.7s
    ‖ρε - ρref‖ = 0.029816045447714552 ‖Δρ‖ = 0.02982004859650259  ‖vε - vref‖ = 2.1014520100920326  α = 5.12e-5
  5   -19.99712779621      -13.67       -1.07     153s
    ‖ρε - ρref‖ = 0.0368169508973171 ‖Δρ‖ = 0.036823171341851244  ‖vε - vref‖ = 2.1014520095657363  α = 3.04e-12
  6   -19.99712779621   +  -14.15       -0.85    68.4s
    ‖ρε - ρref‖ = 0.06657016614873659 ‖Δρ‖ = 0.06657929112324089  ‖vε - vref‖ = 2.1014520095659748  α = 0.0
  7   -19.99712784927       -7.28       -2.18    72.9s
    ‖ρε - ρref‖ = 0.0037772301506640176 ‖Δρ‖ = 0.003798593880253513  ‖vε - vref‖ = 2.0933981762190315  α = 0.000207
  8   -19.99712784927      -14.15       -1.42     150s
    ‖ρε - ρref‖ = 0.013531027812412255 ‖Δρ‖ = 0.013531951538860172  ‖vε - vref‖ = 2.0933981749959543  α = 5.09e-12
  9   -19.99712784927      -14.45       -0.36    91.0s
    ‖ρε - ρref‖ = 0.20652871657315006 ‖Δρ‖ = 0.20653956258596404  ‖vε - vref‖ = 2.0933981749185135  α = 5.98e-14
 10   -19.99712784927   +  -14.15       -0.75    64.2s
    ‖ρε - ρref‖ = 0.08473964161933757 ‖Δρ‖ = 0.08474810328712949  ‖vε - vref‖ = 2.0933981749183572  α = 0.0
 11   -19.99712784927      -14.15       -2.70     101s
    ‖ρε - ρref‖ = 0.0008556941708350666 ‖Δρ‖ = 0.0008647969231637867  ‖vε - vref‖ = 2.0933981746951256  α = 1.89e-11
 12   -19.99712784927      -14.45       -0.34    60.4s
    ‖ρε - ρref‖ = 0.21740101887929458 ‖Δρ‖ = 0.21741204460690916  ‖vε - vref‖ = 2.0933981746952717  α = 0.0
 13   -19.99712784927   +    -Inf       -2.70    67.5s
    ‖ρε - ρref‖ = 0.0008556941338425137 ‖Δρ‖ = 0.0008647968854737546  ‖vε - vref‖ = 2.09339817469534  α = 0.0
 14   -19.99712784927   +  -14.45       -2.70    67.5s
    ‖ρε - ρref‖ = 0.0008556941338599652 ‖Δρ‖ = 0.0008647968854914132  ‖vε - vref‖ = 2.0933981746950283  α = 0.0
 15   -19.99712784927      -14.45       -2.70    99.2s
    ‖ρε - ρref‖ = 0.0008556941334088603 ‖Δρ‖ = 0.0008647968850260655  ‖vε - vref‖ = 2.0933981746951615  α = 3.15e-15
 16   -19.99712784927   +  -13.97       -0.24    64.9s
    ‖ρε - ρref‖ = 0.273694247816584 ‖Δρ‖ = 0.2737063958530272  ‖vε - vref‖ = 2.093398174694943  α = 0.0
 17   -19.99712784927      -14.15       -2.70     165s
    ‖ρε - ρref‖ = 0.0008556941329165329 ‖Δρ‖ = 0.0008647968845184935  ‖vε - vref‖ = 2.0933981746881822  α = 6.18e-13
 18   -19.99712784927   +    -Inf       -0.35    61.6s
    ‖ρε - ρref‖ = 0.20968825581887998 ‖Δρ‖ = 0.2096992525592856  ‖vε - vref‖ = 2.0933981746882173  α = 0.0
 19   -19.99712784927   +    -Inf       -2.70     195s
    ‖ρε - ρref‖ = 0.00085569413209975 ‖Δρ‖ = 0.000864796883689892  ‖vε - vref‖ = 2.0933981746882417  α = 1.86e-15
Trying again without preconditioner ...
n     Energy            log10(ΔE)   log10(Δρ)   Δtime 
---   ---------------   ---------   ---------   ------
  1   -19.99712830471                   -1.43    86.8s
    ‖ρε - ρref‖ = 0.009049006829759938 ‖Δρ‖ = 0.009049590915174302  ‖vε - vref‖ = 2.0369445878493044  α = 0.000314
  2   -19.99712830755       -8.55       -0.04    61.8s
    ‖ρε - ρref‖ = 0.4296026672216053 ‖Δρ‖ = 0.4296167676512842  ‖vε - vref‖ = 2.0304637486976045  α = 1.76e-6
  3   -19.99712830755      -13.97        0.01     138s
    ‖ρε - ρref‖ = 0.5008084432253394 ‖Δρ‖ = 0.5008245545744101  ‖vε - vref‖ = 2.030463748481235  α = 2.38e-13
  4   -19.99712830755   +  -14.45        0.06    61.4s
    ‖ρε - ρref‖ = 0.5667999445143157 ‖Δρ‖ = 0.5668161915080513  ‖vε - vref‖ = 2.0304637484812487  α = 0.0
  5   -19.99712830755      -14.45       -1.67     184s
    ‖ρε - ρref‖ = 0.005724212391246556 ‖Δρ‖ = 0.005715020781610241  ‖vε - vref‖ = 2.0304637484778176  α = 4.4e-14
  6   -19.99712830755   +  -14.15        0.07    66.1s
    ‖ρε - ρref‖ = 0.5854628213585785 ‖Δρ‖ = 0.5854790826445876  ‖vε - vref‖ = 2.0304637484781254  α = 0.0
  7   -19.99712830755   +  -14.45       -1.67    70.4s
    ‖ρε - ρref‖ = 0.005724212389489441 ‖Δρ‖ = 0.0057150207798571835  ‖vε - vref‖ = 2.0304637484783665  α = 0.0
  8   -19.99712830755      -14.45       -1.67     162s
    ‖ρε - ρref‖ = 0.005724212389603351 ‖Δρ‖ = 0.005715020779967067  ‖vε - vref‖ = 2.030463748467045  α = 1.59e-13
  9   -19.99712830755   +    -Inf        0.07    62.2s
    ‖ρε - ρref‖ = 0.5781848976775888 ‖Δρ‖ = 0.5782011139814003  ‖vε - vref‖ = 2.030463748466357  α = 0.0
 10   -19.99712830755   +  -14.45       -1.67    69.2s
    ‖ρε - ρref‖ = 0.005724212385045014 ‖Δρ‖ = 0.005715020775426813  ‖vε - vref‖ = 2.0304637484671177  α = 0.0
 11   -19.99712830755      -14.45       -1.67     154s
    ‖ρε - ρref‖ = 0.005724212385360478 ‖Δρ‖ = 0.005715020775729115  ‖vε - vref‖ = 2.0304637484659565  α = 1.54e-14
 12   -19.99712830755   +  -13.97        0.07    69.1s
    ‖ρε - ρref‖ = 0.58217156343368 ‖Δρ‖ = 0.5821877392323256  ‖vε - vref‖ = 2.0304637484666594  α = 0.0
 13   -19.99712830755      -14.15       -1.67    98.0s
    ‖ρε - ρref‖ = 0.005724212385226176 ‖Δρ‖ = 0.005715020775611448  ‖vε - vref‖ = 2.0304637479804404  α = 6.46e-12
 14   -19.99712830755      -14.15        0.07     161s
    ‖ρε - ρref‖ = 0.5754792201865304 ‖Δρ‖ = 0.5754955818524583  ‖vε - vref‖ = 2.030463747975653  α = 6.74e-16
 15   -19.99712830755   +  -13.85        0.06    62.0s
    ‖ρε - ρref‖ = 0.5627063225861892 ‖Δρ‖ = 0.56272264894813  ‖vε - vref‖ = 2.0304637479756726  α = 0.0
 16   -19.99712830755      -13.97       -1.67     111s
    ‖ρε - ρref‖ = 0.0057242122062424695 ‖Δρ‖ = 0.005715020597354355  ‖vε - vref‖ = 2.0304637479125467  α = 8.34e-13
 17   -19.99712830755   +    -Inf        0.07     127s
    ‖ρε - ρref‖ = 0.575736581752244 ‖Δρ‖ = 0.5757529284390879  ‖vε - vref‖ = 2.030463747908302  α = 6.45e-16
 18   -19.99712830755   +    -Inf        0.05     113s
    ‖ρε - ρref‖ = 0.5594754635922206 ‖Δρ‖ = 0.5594918789974505  ‖vε - vref‖ = 2.030463747905716  α = 1.44e-15

#-- ‖ρε - ρref‖ = 3.4556749876358435e-5 vs. 1.0000000000000001e-7 = δ*ε ‖vε - vref‖ = 2.030463747905716  Qε=0.8804594160379482


# --- ε=5.623413251903491e-6

n     Energy            log10(ΔE)   log10(Δρ)   Δtime 
---   ---------------   ---------   ---------   ------
  1   -19.99707698297                   -0.88    13.8s
    ‖ρε - ρref‖ = 0.08340027544158284 ‖Δρ‖ = 0.08338844587184552  ‖vε - vref‖ = 3.880912295950171  α = 0.00016
  2   -19.99707803277       -5.98       -1.91    18.6s
    ‖ρε - ρref‖ = 0.004993796050969512 ‖Δρ‖ = 0.004991269827475844  ‖vε - vref‖ = 3.7944903808471415  α = 0.00127
  3   -19.99707836820       -6.47       -0.93    80.8s
    ‖ρε - ρref‖ = 0.047485839979584714 ‖Δρ‖ = 0.047486444849026976  ‖vε - vref‖ = 3.7312682042656387  α = 9.07e-5
  4   -19.99707837983       -7.93       -0.45    59.2s
    ‖ρε - ρref‖ = 0.16856063865896395 ‖Δρ‖ = 0.16856681396698725  ‖vε - vref‖ = 3.7081540075524093  α = 6.84e-6
  5   -19.99707837983      -13.50       -0.48     111s
    ‖ρε - ρref‖ = 0.15460999049513044 ‖Δρ‖ = 0.15461533665335936  ‖vε - vref‖ = 3.708154007122194  α = 4.16e-13
  6   -19.99707837983   +  -13.75       -0.48    63.6s
    ‖ρε - ρref‖ = 0.15810726878325104 ‖Δρ‖ = 0.15811306065549083  ‖vε - vref‖ = 3.70815400711011  α = 0.0
  7   -19.99707881504       -6.36       -1.77    12.4s
    ‖ρε - ρref‖ = 0.01105983071027605 ‖Δρ‖ = 0.011074322435251848  ‖vε - vref‖ = 3.655535782137171  α = 0.000234
  8   -19.99707893558       -6.92       -1.21    61.0s
    ‖ρε - ρref‖ = 0.024228799520109267 ‖Δρ‖ = 0.024229094701042238  ‖vε - vref‖ = 3.6215163064928295  α = 7.77e-5
  9   -19.99707893558      -13.67       -0.72     150s
    ‖ρε - ρref‖ = 0.08809519588983115 ‖Δρ‖ = 0.08810090952226196  ‖vε - vref‖ = 3.6215163063311455  α = 3.42e-13
 10   -19.99707893558      -14.15       -0.25    98.9s
    ‖ρε - ρref‖ = 0.2650290351701243 ‖Δρ‖ = 0.2650357126260991  ‖vε - vref‖ = 3.621516306324417  α = 1.09e-15
 11   -19.99707893558   +  -14.15       -0.24    67.6s
    ‖ρε - ρref‖ = 0.2711287348476522 ‖Δρ‖ = 0.2711353350234326  ‖vε - vref‖ = 3.6215163063252525  α = 0.0
 12   -19.99707896226       -7.57       -2.10    89.5s
    ‖ρε - ρref‖ = 0.004889877040578574 ‖Δρ‖ = 0.0048755020753662205  ‖vε - vref‖ = 3.6142529196109363  α = 8.33e-5
 13   -19.99707896226      -13.67       -0.67     113s
    ‖ρε - ρref‖ = 0.10141599397364259 ‖Δρ‖ = 0.10142163736126031  ‖vε - vref‖ = 3.614252919516712  α = 1.84e-13
 14   -19.99707896226   +  -13.97       -0.25    66.3s
    ‖ρε - ρref‖ = 0.2621556136612931 ‖Δρ‖ = 0.26216201129260797  ‖vε - vref‖ = 3.614252919517578  α = 0.0
 15   -19.99707896226      -13.97       -2.48    97.9s
    ‖ρε - ρref‖ = 0.001952345010763981 ‖Δρ‖ = 0.0019371970678191861  ‖vε - vref‖ = 3.6142529184707284  α = 3.27e-11
 16   -19.99707896226   +    -Inf       -0.29     159s
    ‖ρε - ρref‖ = 0.24316462723485682 ‖Δρ‖ = 0.24317140277453902  ‖vε - vref‖ = 3.614252918463384  α = 1.95e-15
 17   -19.99707896226      -14.45       -0.27    91.1s
    ‖ρε - ρref‖ = 0.254630629001539 ‖Δρ‖ = 0.25463695543497655  ‖vε - vref‖ = 3.6142529184548597  α = 2.67e-15
 18   -19.99707896226   +  -14.15       -0.24    65.9s
    ‖ρε - ρref‖ = 0.2678676106245531 ‖Δρ‖ = 0.26787378498562625  ‖vε - vref‖ = 3.6142529184550405  α = 0.0
 19   -19.99707896226      -14.45       -2.48     196s
    ‖ρε - ρref‖ = 0.0019523445586034206 ‖Δρ‖ = 0.001937196615414088  ‖vε - vref‖ = 3.614252918415464  α = 1.31e-12
 20   -19.99707896226      -14.45       -0.29    85.8s
    ‖ρε - ρref‖ = 0.24165021977395676 ‖Δρ‖ = 0.24165699338392102  ‖vε - vref‖ = 3.614252918406343  α = 2.17e-15
 21   -19.99707896226   +  -14.45       -0.23    72.5s
    ‖ρε - ρref‖ = 0.27858636673164267 ‖Δρ‖ = 0.27859288019133993  ‖vε - vref‖ = 3.6142529184064562  α = 0.0
 22   -19.99707896226      -14.45       -2.48     123s
    ‖ρε - ρref‖ = 0.001952344540181322 ‖Δρ‖ = 0.001937196596995555  ‖vε - vref‖ = 3.614252918194285  α = 6.62e-12
 23   -19.99707896226   +    -Inf       -0.29    68.5s
    ‖ρε - ρref‖ = 0.24272280541029184 ‖Δρ‖ = 0.24272958330456074  ‖vε - vref‖ = 3.6142529181942447  α = 0.0
 24   -19.99707896226   +    -Inf       -2.48     152s
    ‖ρε - ρref‖ = 0.0019523444487475684 ‖Δρ‖ = 0.0019371965055119344  ‖vε - vref‖ = 3.614252918193838  α = 2.33e-14
Trying again without preconditioner ...
n     Energy            log10(ΔE)   log10(Δρ)   Δtime 
---   ---------------   ---------   ---------   ------
  1   -19.99707919666                   -1.29     115s
    ‖ρε - ρref‖ = 0.011691845539836439 ‖Δρ‖ = 0.011685190653822449  ‖vε - vref‖ = 3.575016456836334  α = 0.000115
  2   -19.99707922030       -7.63        0.07    78.3s
    ‖ρε - ρref‖ = 0.5863412122361569 ‖Δρ‖ = 0.5863504216065526  ‖vε - vref‖ = 3.5599529955710096  α = 6.31e-7
  3   -19.99707922030      -13.85        0.05    99.1s
    ‖ρε - ρref‖ = 0.5571462889109179 ‖Δρ‖ = 0.557155389497084  ‖vε - vref‖ = 3.5599529954790827  α = 2.71e-14
  4   -19.99707922030   +  -14.45        0.07    68.5s
    ‖ρε - ρref‖ = 0.5756689584606984 ‖Δρ‖ = 0.5756779825774677  ‖vε - vref‖ = 3.5599529954796516  α = 0.0
  5   -19.99707922030   +    -Inf       -1.43     128s
    ‖ρε - ρref‖ = 0.011993306840138392 ‖Δρ‖ = 0.011998361054800382  ‖vε - vref‖ = 3.5599529954770475  α = 9.4e-15
  6   -19.99707922030   +  -14.15        0.08    60.6s
    ‖ρε - ρref‖ = 0.5904140237317831 ‖Δρ‖ = 0.5904231882034016  ‖vε - vref‖ = 3.559952995477335  α = 0.0
  7   -19.99707922030      -14.45       -1.43     175s
    ‖ρε - ρref‖ = 0.011993306833700715 ‖Δρ‖ = 0.01199836104835848  ‖vε - vref‖ = 3.5599529953863085  α = 5.02e-13
  8   -19.99707922030   +    -Inf        0.07    89.8s
    ‖ρε - ρref‖ = 0.5839859245060146 ‖Δρ‖ = 0.5839950347799289  ‖vε - vref‖ = 3.559952995343085  α = 1.59e-15
  9   -19.99707922030   +  -14.45        0.06    64.5s
    ‖ρε - ρref‖ = 0.5665387905462247 ‖Δρ‖ = 0.5665478434998615  ‖vε - vref‖ = 3.55995299534328  α = 0.0
 10   -19.99707922030      -14.15       -1.43     180s
    ‖ρε - ρref‖ = 0.011993306845843954 ‖Δρ‖ = 0.011998361060529839  ‖vε - vref‖ = 3.559952995213088  α = 7.32e-13
 11   -19.99707922030      -14.45        0.07     119s
    ‖ρε - ρref‖ = 0.575102662974003 ‖Δρ‖ = 0.5751117001647845  ‖vε - vref‖ = 3.5599529952120736  α = 1.14e-16
 12   -19.99707922030   +  -14.15        0.07    69.1s
    ‖ρε - ρref‖ = 0.5775076569222954 ‖Δρ‖ = 0.5775166401114761  ‖vε - vref‖ = 3.559952995212069  α = 0.0
 13   -19.99707922030      -13.97       -1.43     155s
    ‖ρε - ρref‖ = 0.011993306814026078 ‖Δρ‖ = 0.011998361028697457  ‖vε - vref‖ = 3.5599529951878086  α = 1.32e-13
 14   -19.99707922030   +  -14.45        0.07    68.6s
    ‖ρε - ρref‖ = 0.5829055231824668 ‖Δρ‖ = 0.5829146200181407  ‖vε - vref‖ = 3.5599529951878206  α = 0.0
 15   -19.99707922030   +  -14.45       -1.43    71.3s
    ‖ρε - ρref‖ = 0.011993306804491809 ‖Δρ‖ = 0.011998361019156486  ‖vε - vref‖ = 3.5599529951878495  α = 0.0
 16   -19.99707922030      -14.15       -1.43     183s
    ‖ρε - ρref‖ = 0.01199330680579893 ‖Δρ‖ = 0.011998361020465103  ‖vε - vref‖ = 3.5599529951876314  α = 1.75e-15
 17   -19.99707922030   +  -14.45        0.08    61.7s
    ‖ρε - ρref‖ = 0.5893240845070864 ‖Δρ‖ = 0.5893332302033208  ‖vε - vref‖ = 3.559952995187569  α = 0.0
 18   -19.99707922030      -14.45       -1.43     175s
    ‖ρε - ρref‖ = 0.011993306804480228 ‖Δρ‖ = 0.011998361019144943  ‖vε - vref‖ = 3.5599529951870457  α = 9.37e-16
 19   -19.99707922030   +  -14.45        0.07    67.4s
    ‖ρε - ρref‖ = 0.5878720506976112 ‖Δρ‖ = 0.58788117435566  ‖vε - vref‖ = 3.559952995187361  α = 0.0
 20   -19.99707922030      -14.45       -1.43    78.0s
    ‖ρε - ρref‖ = 0.011993306804217608 ‖Δρ‖ = 0.01199836101888215  ‖vε - vref‖ = 3.559952995187166  α = 4.52e-16
 21   -19.99707922030   +  -14.45        0.08    64.8s
    ‖ρε - ρref‖ = 0.5895812819428903 ‖Δρ‖ = 0.5895904311080653  ‖vε - vref‖ = 3.5599529951871185  α = 0.0
 22   -19.99707922030   +    -Inf       -1.43    71.0s
    ‖ρε - ρref‖ = 0.011993306803949598 ‖Δρ‖ = 0.011998361018613797  ‖vε - vref‖ = 3.5599529951872895  α = 0.0
 23   -19.99707922030      -14.45       -1.43     163s
    ‖ρε - ρref‖ = 0.011993306804246779 ‖Δρ‖ = 0.011998361018911356  ‖vε - vref‖ = 3.559952995187266  α = 5.51e-16
 24   -19.99707922030   +  -13.97        0.08    64.1s
    ‖ρε - ρref‖ = 0.5895891826637691 ‖Δρ‖ = 0.5895983329034178  ‖vε - vref‖ = 3.55995299518717  α = 0.0
 25   -19.99707922030      -14.45       -1.43     157s
    ‖ρε - ρref‖ = 0.011993306804471112 ‖Δρ‖ = 0.011998361019135893  ‖vε - vref‖ = 3.5599529951844984  α = 1.65e-14
 26   -19.99707922030   +  -13.97        0.07    73.5s
    ‖ρε - ρref‖ = 0.5871494833035851 ‖Δρ‖ = 0.5871586095833207  ‖vε - vref‖ = 3.559952995183678  α = 0.0
 27   -19.99707922030      -14.45       -1.43     235s
    ‖ρε - ρref‖ = 0.011993306798467239 ‖Δρ‖ = 0.011998361013126603  ‖vε - vref‖ = 3.559952995169676  α = 7.58e-14
 28   -19.99707922030   +  -14.15        0.07    70.3s
    ‖ρε - ρref‖ = 0.5875270425477422 ‖Δρ‖ = 0.5875361896385178  ‖vε - vref‖ = 3.5599529951694513  α = 0.0
 29   -19.99707922030      -14.45       -1.43     151s
    ‖ρε - ρref‖ = 0.011993306792458375 ‖Δρ‖ = 0.011998361007114117  ‖vε - vref‖ = 3.559952995146798  α = 1.24e-13
 30   -19.99707922030      -13.85        0.07     112s
    ‖ρε - ρref‖ = 0.582693263158739 ‖Δρ‖ = 0.5827023615138279  ‖vε - vref‖ = 3.5599529949981585  α = 6.04e-15
 31   -19.99707922030   +    -Inf        0.06    63.8s
    ‖ρε - ρref‖ = 0.5653167990546164 ‖Δρ‖ = 0.5653257971368965  ‖vε - vref‖ = 3.5599529949978477  α = 0.0
 32   -19.99707922030   +    -Inf       -1.43     147s
    ‖ρε - ρref‖ = 0.011993306956805724 ‖Δρ‖ = 0.011998361171625846  ‖vε - vref‖ = 3.559952994997823  α = 5.39e-16

#-- ‖ρε - ρref‖ = 2.5029856740757613e-5 vs. 5.623413251903491e-8 = δ*ε ‖vε - vref‖ = 3.559952994997823  Qε=0.8843139262383093


# --- ε=3.162277660168379e-6

n     Energy            log10(ΔE)   log10(Δρ)   Δtime 
---   ---------------   ---------   ---------   ------
  1   -19.99702942861                   -0.90    13.8s
    ‖ρε - ρref‖ = 0.08043557654238934 ‖Δρ‖ = 0.08043102123168143  ‖vε - vref‖ = 6.727909433252402  α = 0.000117
  2   -19.99703004769       -6.21       -1.80    61.6s
    ‖ρε - ρref‖ = 0.006368751168103116 ‖Δρ‖ = 0.006366017193021943  ‖vε - vref‖ = 6.673700706331397  α = 0.000429
  3   -19.99703009997       -7.28       -0.38    77.5s
    ‖ρε - ρref‖ = 0.19233608845989908 ‖Δρ‖ = 0.1923378660617181  ‖vε - vref‖ = 6.646142529070616  α = 7.21e-6
  4   -19.99703009997      -13.75       -0.26     128s
    ‖ρε - ρref‖ = 0.2640516545640277 ‖Δρ‖ = 0.2640541837898612  ‖vε - vref‖ = 6.64614252631232  α = 2.09e-13
  5   -19.99703009997   +  -14.15       -0.28    64.6s
    ‖ρε - ρref‖ = 0.24668266037678557 ‖Δρ‖ = 0.2466848984175677  ‖vε - vref‖ = 6.6461425263123814  α = 0.0
  6   -19.99703250859       -5.62       -1.21    14.7s
    ‖ρε - ρref‖ = 0.03824317547979934 ‖Δρ‖ = 0.038249928569748376  ‖vε - vref‖ = 6.426749838395673  α = 5.84e-5
  7   -19.99703251276       -8.38       -1.60    72.0s
    ‖ρε - ρref‖ = 0.009703199524740821 ‖Δρ‖ = 0.009702683678563515  ‖vε - vref‖ = 6.417323945264679  α = 3.41e-5
  8   -19.99703251276      -13.55       -0.27     208s
    ‖ρε - ρref‖ = 0.2542338572324284 ‖Δρ‖ = 0.25423731102951863  ‖vε - vref‖ = 6.4173239450929795  α = 2.26e-14
  9   -19.99703251276   +  -14.15       -0.23    72.1s
    ‖ρε - ρref‖ = 0.2753480663017896 ‖Δρ‖ = 0.27535134650070586  ‖vε - vref‖ = 6.417323945091997  α = 0.0
 10   -19.99703262993       -6.93       -1.80    65.1s
    ‖ρε - ρref‖ = 0.009770609930846195 ‖Δρ‖ = 0.009777896678543596  ‖vε - vref‖ = 6.398201323898005  α = 9.3e-5
 11   -19.99703262993      -13.50       -0.50     101s
    ‖ρε - ρref‖ = 0.1458982208856202 ‖Δρ‖ = 0.14590122635672742  ‖vε - vref‖ = 6.398201322064634  α = 9.04e-13
 12   -19.99703262993   +  -13.97       -0.25    70.0s
    ‖ρε - ρref‖ = 0.2685131957663 ‖Δρ‖ = 0.2685169829717698  ‖vε - vref‖ = 6.39820132206362  α = 0.0
 13   -19.99703262993      -14.45       -2.22     189s
    ‖ρε - ρref‖ = 0.0025680821898426934 ‖Δρ‖ = 0.002561035028825295  ‖vε - vref‖ = 6.39820132206196  α = 2.2e-14
 14   -19.99703262993   +  -14.45       -0.21    58.1s
    ‖ρε - ρref‖ = 0.28866788478037275 ‖Δρ‖ = 0.2886715859140889  ‖vε - vref‖ = 6.398201322061141  α = 0.0
 15   -19.99703262993      -14.45       -2.22     122s
    ‖ρε - ρref‖ = 0.002568082189122718 ‖Δρ‖ = 0.0025610350281052782  ‖vε - vref‖ = 6.398201322061254  α = 1.33e-14
 16   -19.99703262993   +    -Inf       -0.22     111s
    ‖ρε - ρref‖ = 0.2853100872346768 ‖Δρ‖ = 0.2853137521490579  ‖vε - vref‖ = 6.398201321637818  α = 3.6e-15
 17   -19.99703262993   +    -Inf       -0.24    66.6s
    ‖ρε - ρref‖ = 0.27470085261961774 ‖Δρ‖ = 0.27470463118694166  ‖vε - vref‖ = 6.398201321637697  α = 0.0
Trying again without preconditioner ...
n     Energy            log10(ΔE)   log10(Δρ)   Δtime 
---   ---------------   ---------   ---------   ------
  1   -19.99703323315                   -0.99    76.0s
    ‖ρε - ρref‖ = 0.03236462005748424 ‖Δρ‖ = 0.03236482542556367  ‖vε - vref‖ = 6.319444522870089  α = 9.86e-5
  2   -19.99703342511       -6.72        0.07    61.2s
    ‖ρε - ρref‖ = 0.59275726440708 ‖Δρ‖ = 0.5927627282170148  ‖vε - vref‖ = 6.267547004879076  α = 7.98e-7
  3   -19.99703342511      -13.60        0.06     148s
    ‖ρε - ρref‖ = 0.5748557187568855 ‖Δρ‖ = 0.5748610580371838  ‖vε - vref‖ = 6.267547003576075  α = 4.85e-14
  4   -19.99703342511   +    -Inf        0.07    62.0s
    ‖ρε - ρref‖ = 0.5800056505841852 ‖Δρ‖ = 0.5800109067853914  ‖vε - vref‖ = 6.267547003576477  α = 0.0
  5   -19.99703342511   +  -14.15       -1.21    71.2s
    ‖ρε - ρref‖ = 0.024084383060092782 ‖Δρ‖ = 0.02408807479562272  ‖vε - vref‖ = 6.267547003576215  α = 0.0
  6   -19.99703342511      -14.15       -1.21     238s
    ‖ρε - ρref‖ = 0.02408438306110666 ‖Δρ‖ = 0.024088074796636848  ‖vε - vref‖ = 6.26754700357281  α = 1.1e-14
  7   -19.99703342511   +    -Inf        0.07    67.0s
    ‖ρε - ρref‖ = 0.5840202868460549 ‖Δρ‖ = 0.5840256280237291  ‖vε - vref‖ = 6.267547003572231  α = 0.0
  8   -19.99703342511   +    -Inf       -1.21     131s
    ‖ρε - ρref‖ = 0.02408438306132298 ‖Δρ‖ = 0.024088074796853407  ‖vε - vref‖ = 6.267547003570282  α = 5.93e-15

#-- ‖ρε - ρref‖ = 2.0892694366337844e-5 vs. 3.162277660168379e-8 = δ*ε ‖vε - vref‖ = 6.267547003570282  Qε=0.8964752364780607


# --- ε=1.778279410038923e-6

n     Energy            log10(ΔE)   log10(Δρ)   Δtime 
---   ---------------   ---------   ---------   ------
  1   -19.99697546716                   -0.90    16.2s
    ‖ρε - ρref‖ = 0.08149082360088743 ‖Δρ‖ = 0.08148542021021651  ‖vε - vref‖ = 11.359369214764973  α = 3.09e-5
  2   -19.99697582814       -6.44       -1.42    76.1s
    ‖ρε - ρref‖ = 0.01568985464989198 ‖Δρ‖ = 0.015689176803664284  ‖vε - vref‖ = 11.298633510911358  α = 6.94e-5
  3   -19.99697582814      -13.75       -0.26     199s
    ‖ρε - ρref‖ = 0.25513598061638443 ‖Δρ‖ = 0.2551381874817664  ‖vε - vref‖ = 11.298633510218739  α = 8.5e-14
  4   -19.99697582814   +  -14.15       -0.23    68.1s
    ‖ρε - ρref‖ = 0.2802778826439252 ‖Δρ‖ = 0.28028020423062855  ‖vε - vref‖ = 11.298633510220716  α = 0.0
  5   -19.99697607972       -6.60       -1.39    21.7s
    ‖ρε - ρref‖ = 0.025029900125552625 ‖Δρ‖ = 0.025026282903418053  ‖vε - vref‖ = 11.248970948025887  α = 7.73e-5
  6   -19.99697607972      -13.75       -0.53     163s
    ‖ρε - ρref‖ = 0.1364661929508381 ‖Δρ‖ = 0.13646718843274866  ‖vε - vref‖ = 11.248970946784462  α = 6.89e-13
  7   -19.99697607972   +  -14.15       -0.23    67.9s
    ‖ρε - ρref‖ = 0.2798907892550066 ‖Δρ‖ = 0.27989244348081865  ‖vε - vref‖ = 11.248970946784718  α = 0.0
  8   -19.99697636398       -6.55       -1.46    61.2s
    ‖ρε - ρref‖ = 0.020179693672600783 ‖Δρ‖ = 0.02018348541311447  ‖vε - vref‖ = 11.219388953796095  α = 4.21e-5
  9   -19.99697636398      -13.97       -0.41     140s
    ‖ρε - ρref‖ = 0.1805242559081847 ‖Δρ‖ = 0.18052589491882712  ‖vε - vref‖ = 11.219388952871887  α = 3.88e-13
 10   -19.99697636398   +    -Inf       -0.23    88.0s
    ‖ρε - ρref‖ = 0.2782050270537011 ‖Δρ‖ = 0.2782069753526586  ‖vε - vref‖ = 11.219388952865469  α = 3.74e-16
 11   -19.99697636398   +  -14.15       -0.23    71.1s
    ‖ρε - ρref‖ = 0.2755060958642807 ‖Δρ‖ = 0.27550795902221353  ‖vε - vref‖ = 11.219388952865838  α = 0.0
 12   -19.99697636398      -14.15       -2.16     219s
    ‖ρε - ρref‖ = 0.002760028299431739 ‖Δρ‖ = 0.0027594210289059945  ‖vε - vref‖ = 11.219388952865089  α = 1.07e-14
 13   -19.99697636398   +  -14.15       -0.22    61.0s
    ‖ρε - ρref‖ = 0.28276412227878167 ‖Δρ‖ = 0.2827661042982003  ‖vε - vref‖ = 11.219388952864799  α = 0.0
 14   -19.99697636398      -14.15       -2.16     232s
    ‖ρε - ρref‖ = 0.002760028299396368 ‖Δρ‖ = 0.002759421028870545  ‖vε - vref‖ = 11.219388952864122  α = 5.66e-15
 15   -19.99697636398   +  -14.15       -0.22    64.3s
    ‖ρε - ρref‖ = 0.28203091936950286 ‖Δρ‖ = 0.28203288639837504  ‖vε - vref‖ = 11.219388952864481  α = 0.0
 16   -19.99697636398   +    -Inf       -2.16    76.2s
    ‖ρε - ρref‖ = 0.0027600282993652655 ‖Δρ‖ = 0.002759421028839414  ‖vε - vref‖ = 11.219388952864305  α = 0.0
 17   -19.99697636398   +    -Inf       -2.16    77.1s
    ‖ρε - ρref‖ = 0.0027600282991832024 ‖Δρ‖ = 0.0027594210286567074  ‖vε - vref‖ = 11.219388952863763  α = 0.0
Trying again without preconditioner ...
n     Energy            log10(ΔE)   log10(Δρ)   Δtime 
---   ---------------   ---------   ---------   ------
  1   -19.99697688062                   -0.71    83.2s
    ‖ρε - ρref‖ = 0.08373732982782102 ‖Δρ‖ = 0.0837394659873335  ‖vε - vref‖ = 11.133543818584045  α = 5.68e-5
  2   -19.99697688203       -8.85        0.07    87.5s
    ‖ρε - ρref‖ = 0.5853272814750802 ‖Δρ‖ = 0.585330424417077  ‖vε - vref‖ = 11.128991112571459  α = 2.79e-8
  3   -19.99697688203   +    -Inf        0.07    71.7s
    ‖ρε - ρref‖ = 0.5783186614695475 ‖Δρ‖ = 0.5783217397046903  ‖vε - vref‖ = 11.128991112584538  α = 0.0
  4   -19.99697688203   +    -Inf       -0.86     140s
    ‖ρε - ρref‖ = 0.06070936526168875 ‖Δρ‖ = 0.06071178255678068  ‖vε - vref‖ = 11.128991112543547  α = 4.17e-14

#-- ‖ρε - ρref‖ = 1.9422665655366475e-5 vs. 1.7782794100389228e-8 = δ*ε ‖vε - vref‖ = 11.128991112543547  Qε=0.8992829578312034


# --- ε=1.0e-6

n     Energy            log10(ΔE)   log10(Δρ)   Δtime 
---   ---------------   ---------   ---------   ------
  1   -19.99688962855                   -0.89    16.5s
    ‖ρε - ρref‖ = 0.08178830495089384 ‖Δρ‖ = 0.08178608860804197  ‖vε - vref‖ = 19.90273719283822  α = 2.76e-5
  2   -19.99688967715       -7.31       -0.80    72.4s
    ‖ρε - ρref‖ = 0.07399322751429706 ‖Δρ‖ = 0.07399360448094902  ‖vε - vref‖ = 19.883238907572405  α = 9.28e-6
  3   -19.99688967715      -14.15       -0.22     152s
    ‖ρε - ρref‖ = 0.27991393741346887 ‖Δρ‖ = 0.27991498293257533  ‖vε - vref‖ = 19.88323890589945  α = 2.36e-14
  4   -19.99688967715   +  -14.15       -0.22    68.6s
    ‖ρε - ρref‖ = 0.2811173665249663 ‖Δρ‖ = 0.2811184117195284  ‖vε - vref‖ = 19.88323890590271  α = 0.0
  5   -19.99688969260       -7.81       -1.62    82.6s
    ‖ρε - ρref‖ = 0.012781799631108898 ‖Δρ‖ = 0.01278322675526056  ‖vε - vref‖ = 19.87880820614249  α = 1.23e-5
  6   -19.99688969260      -13.75       -0.23     126s
    ‖ρε - ρref‖ = 0.27992161695151985 ‖Δρ‖ = 0.27992272170878085  ‖vε - vref‖ = 19.878808205995465  α = 2.24e-15
  7   -19.99688969260   +  -14.15       -0.23    72.8s
    ‖ρε - ρref‖ = 0.2766816682342489 ‖Δρ‖ = 0.27668269833754516  ‖vε - vref‖ = 19.878808205996204  α = 0.0
  8   -19.99688969260      -14.45       -1.75     146s
    ‖ρε - ρref‖ = 0.008478176867842201 ‖Δρ‖ = 0.008479005699042301  ‖vε - vref‖ = 19.878808205986367  α = 3.08e-14
  9   -19.99688969260   +  -14.45       -0.22    72.5s
    ‖ρε - ρref‖ = 0.28168956093613856 ‖Δρ‖ = 0.28169065109178637  ‖vε - vref‖ = 19.878808205985084  α = 0.0
 10   -19.99688969260      -14.45       -1.75     101s
    ‖ρε - ρref‖ = 0.008478176859499191 ‖Δρ‖ = 0.008479005690697126  ‖vε - vref‖ = 19.878808205985923  α = 2.75e-15
 11   -19.99688969260   +  -14.45       -0.23    70.6s
    ‖ρε - ρref‖ = 0.2749849673110376 ‖Δρ‖ = 0.27498603569868985  ‖vε - vref‖ = 19.878808205985973  α = 0.0
 12   -19.99688969260      -14.45       -1.75     163s
    ‖ρε - ρref‖ = 0.008478176858878757 ‖Δρ‖ = 0.008479005690076546  ‖vε - vref‖ = 19.87880820598536  α = 2.55e-15
 13   -19.99688969260   +    -Inf       -0.23    66.4s
    ‖ρε - ρref‖ = 0.27764382723713615 ‖Δρ‖ = 0.27764488560151984  ‖vε - vref‖ = 19.87880820598579  α = 0.0
 14   -19.99688969260   +    -Inf       -1.75     160s
    ‖ρε - ρref‖ = 0.008478176858337407 ‖Δρ‖ = 0.008479005689535041  ‖vε - vref‖ = 19.87880820598528  α = 1.02e-16
Trying again without preconditioner ...
n     Energy            log10(ΔE)   log10(Δρ)   Δtime 
---   ---------------   ---------   ---------   ------
  1   -19.99689057938                   -0.39    82.6s
    ‖ρε - ρref‖ = 0.19361687717805504 ‖Δρ‖ = 0.19361875774952064  ‖vε - vref‖ = 19.766229576155048  α = 3.79e-5
  2   -19.99689083510       -6.59        0.07    68.6s
    ‖ρε - ρref‖ = 0.5887295341452542 ‖Δρ‖ = 0.5887313054638501  ‖vε - vref‖ = 19.699908207438348  α = 7.16e-8
  3   -19.99689083510      -13.85        0.07     129s
    ‖ρε - ρref‖ = 0.5794785248062452 ‖Δρ‖ = 0.5794802546067613  ‖vε - vref‖ = 19.699908206492886  α = 5.08e-15
  4   -19.99689083510   +  -14.45        0.07    75.2s
    ‖ρε - ρref‖ = 0.580489997975865 ‖Δρ‖ = 0.5804917147912467  ‖vε - vref‖ = 19.69990820649276  α = 0.0
  5   -19.99689083510   +    -Inf       -0.46     226s
    ‖ρε - ρref‖ = 0.167611254588594 ‖Δρ‖ = 0.1676128820457259  ‖vε - vref‖ = 19.699908206482338  α = 9.37e-15
  6   -19.99689083510   +    -Inf        0.07    63.6s
    ‖ρε - ρref‖ = 0.5808250307934576 ‖Δρ‖ = 0.5808267659588746  ‖vε - vref‖ = 19.699908206482764  α = 0.0

#-- ‖ρε - ρref‖ = 1.8745998969959198e-5 vs. 1.0e-8 = δ*ε ‖vε - vref‖ = 19.699908206482764  Qε=0.9107506315204265

|v-vref|h1 = [1.215502962930951, 2.030463747905716, 3.5599529949978224, 6.267547003570282, 11.128991112543547, 19.699908206482764]
|v-vref|l2 = [0.31501214695528723, 0.5395668189453617, 0.9536524432713526, 1.6896557819918014, 3.0037731605357654, 5.324867824893582]
────────────────────────────────────────────────────────────────────────────────────────────
                                                   Time                    Allocations      
                                          ───────────────────────   ────────────────────────
            Tot / % measured:                  5.38h /  75.9%           18.6TiB /  49.0%    

Section                           ncalls     time    %tot     avg     alloc    %tot      avg
────────────────────────────────────────────────────────────────────────────────────────────
compute_density                    6.07k    1.72h   42.2%   1.02s   4.55TiB   50.0%   786MiB
  symmetrize_ρ                     6.07k    1.57h   38.4%   930ms   3.07TiB   33.8%   531MiB
DftHamiltonian multiplication       329k    1.33h   32.7%  14.6ms    691GiB    7.4%  2.15MiB
  nonlocal                          329k    3512s   23.9%  10.7ms   39.7GiB    0.4%   126KiB
energy_hamiltonian                 5.86k    1.01h   24.6%   618ms   3.75TiB   41.3%   671MiB
  ene_ops                          5.86k    3110s   21.2%   530ms   1.16TiB   12.7%   207MiB
    ene_ops: nonlocal              5.86k    1775s   12.1%   303ms   45.4GiB    0.5%  7.94MiB
    ene_ops: external_Hartree      5.86k     612s    4.2%   104ms    477GiB    5.1%  83.3MiB
    ene_ops: dualmap               5.86k     602s    4.1%   103ms    523GiB    5.6%  91.3MiB
    ene_ops: kinetic               5.86k    71.1s    0.5%  12.1ms   1.02GiB    0.0%   183KiB
    ene_ops: hartree               5.86k    42.8s    0.3%  7.30ms    115GiB    1.2%  20.0MiB
    ene_ops: local                 5.86k    5.71s    0.0%   973μs   23.1GiB    0.2%  4.04MiB
ortho_qr                           11.5k    44.2s    0.3%  3.83ms   85.8GiB    0.9%  7.61MiB
PlaneWaveBasis                         6    16.4s    0.1%   2.73s   22.1GiB    0.2%  3.69GiB
  Instantiation AtomicNonlocal         6    12.0s    0.1%   2.00s   17.2GiB    0.2%  2.87GiB
  Instantiation ExternalHartree        6    1.88s    0.0%   313ms    732MiB    0.0%   122MiB
  Instantiation AtomicLocal            6    1.12s    0.0%   187ms    770MiB    0.0%   128MiB
    enforce_real!                      6   7.77ms    0.0%  1.29ms   2.25KiB    0.0%     384B
  Instantiation DualMap                6    590ms    0.0%  98.3ms    492MiB    0.0%  82.0MiB
  build_kpoints                        6    429ms    0.0%  71.5ms   2.47GiB    0.0%   422MiB
  Instantiation Hartree                6    175ms    0.0%  29.2ms   26.4MiB    0.0%  4.40MiB
    enforce_real!                      6   7.24ms    0.0%  1.21ms   2.53KiB    0.0%     432B
  Instantiation Kinetic                6   67.7ms    0.0%  11.3ms    280MiB    0.0%  46.6MiB
  Instantiation Ewald                  6   27.8ms    0.0%  4.63ms   18.1KiB    0.0%  3.02KiB
    precomp: Ewald                     6   27.7ms    0.0%  4.61ms   12.5KiB    0.0%  2.08KiB
  _check_kpoint_reduction              6   15.5ms    0.0%  2.58ms     0.00B    0.0%    0.00B
  Instantiation PspCorrection          6    218μs    0.0%  36.4μs   2.44KiB    0.0%     416B
load_scfres                            1    12.2s    0.1%   12.2s   5.98GiB    0.1%  5.98GiB
  energy_hamiltonian                   1    3.49s    0.0%   3.49s    739MiB    0.0%   739MiB
    ene_ops                            1    3.38s    0.0%   3.38s    383MiB    0.0%   383MiB
      ene_ops: xc                      1    2.18s    0.0%   2.18s    327MiB    0.0%   327MiB
      ene_ops: nonlocal                1    312ms    0.0%   312ms   9.42MiB    0.0%  9.42MiB
      ene_ops: kinetic                 1   43.8ms    0.0%  43.8ms    234KiB    0.0%   234KiB
      ene_ops: hartree                 1   6.11ms    0.0%  6.11ms   20.0MiB    0.0%  20.0MiB
      ene_ops: local                   1    265μs    0.0%   265μs   4.04MiB    0.0%  4.04MiB
  Instantiation AtomicNonlocal         1    2.80s    0.0%   2.80s   2.93GiB    0.0%  2.93GiB
  Instantiation Xc                     1    1.01s    0.0%   1.01s    202MiB    0.0%   202MiB
    enforce_real!                      1   1.28ms    0.0%  1.28ms      384B    0.0%     384B
  Instantiation AtomicLocal            1    295ms    0.0%   295ms    127MiB    0.0%   127MiB
    enforce_real!                      1   1.29ms    0.0%  1.29ms      384B    0.0%     384B
  build_kpoints                        1    177ms    0.0%   177ms    422MiB    0.0%   422MiB
  Instantiation Ewald                  1   70.5ms    0.0%  70.5ms   18.4MiB    0.0%  18.4MiB
    precomp: Ewald                     1   4.62ms    0.0%  4.62ms   3.16KiB    0.0%  3.16KiB
  Instantiation Kinetic                1   24.0ms    0.0%  24.0ms   46.6MiB    0.0%  46.6MiB
  Instantiation PspCorrection          1   21.4ms    0.0%  21.4ms   2.76MiB    0.0%  2.76MiB
  Instantiation Hartree                1   16.7ms    0.0%  16.7ms   9.19MiB    0.0%  9.19MiB
    enforce_real!                      1   1.20ms    0.0%  1.20ms      432B    0.0%     432B
  _check_kpoint_reduction              1   2.53ms    0.0%  2.53ms     0.00B    0.0%    0.00B
save_scfres                            2    6.09s    0.0%   3.05s    656MiB    0.0%   328MiB
symmetry_operations                    6   61.9ms    0.0%  10.3ms   9.83MiB    0.0%  1.64MiB
  _check_symmetries                    6    696μs    0.0%   116μs   1.12MiB    0.0%   192KiB
────────────────────────────────────────────────────────────────────────────────────────────
