
DFTK Version      0.7.20
Julia Version     1.12.4
libxc Version     7.0.0
FFTW.jl provider  fftw v3.3.10

BLAS.get_config()
  LinearAlgebra.BLAS.LBTConfig
  Libraries: 
  └ [ILP64] libopenblas64_.so

MPI.versioninfo()
  MPIPreferences:
    binary:  MPICH_jll
    abi:     MPICH
  
  Package versions
    MPI.jl:             0.20.23
    MPIPreferences.jl:  0.1.11
    MPICH_jll:          4.3.2+0
  
  Library information:
    libmpi:  /data/vebak3345/.julia/artifacts/117d9048128625bb3418b0b4cca48739c5d28740/lib/libmpi.so
    libmpi dlpath:  /data/vebak3345/.julia/artifacts/117d9048128625bb3418b0b4cca48739c5d28740/lib/libmpi.so
    MPI version:  4.1.0
    Library version:  
      MPICH Version:      4.3.1
      MPICH Release date: Fri Jun 20 09:24:41 AM CDT 2025
      MPICH ABI:          17:1:5
      MPICH Device:       ch3:nemesis
      MPICH configure:    --build=x86_64-linux-musl --disable-dependency-tracking --disable-doc --enable-fast=ndebug,O3 --enable-static=no --host=x86_64-linux-gnu --prefix=/workspace/destdir --with-device=ch3 --with-hwloc=/workspace/destdir
      MPICH CC:           cc     -DNDEBUG -DNVALGRIND -O3
      MPICH CXX:          c++   -DNDEBUG -DNVALGRIND -O3
      MPICH F77:          gfortran   -O3
      MPICH FC:           gfortran   -O3
      MPICH features:     
      
    MPI launcher: /data/vebak3345/.julia/artifacts/117d9048128625bb3418b0b4cca48739c5d28740/bin/mpiexec
    MPI launcher path: /data/vebak3345/.julia/artifacts/117d9048128625bb3418b0b4cca48739c5d28740/bin/mpiexec
  


truncated grid size:(50, 50, 50)
‖ρref - ρorig‖H-1 = 3.266984698088947e-5
‖ρref - ρorig‖L2  = 0.0001779103605455697

# --- ε=1.778279410038923e-5

n     Energy            log10(ΔE)   log10(Δρ)   Δtime 
---   ---------------   ---------   ---------   ------
  1   -22.18687216580                   -0.74    19.8s
    ‖ρε - ρref‖ = 0.10996114945919398 ‖Δρ‖ = 0.11000260546335741  ‖vε - vref‖ = 1.4951463547455175  α = 0.000424
  2   -22.18687757672       -5.27       -2.02    10.3s
    ‖ρε - ρref‖ = 0.0041038671054563144 ‖Δρ‖ = 0.0041109226529674305  ‖vε - vref‖ = 1.2089732502508685  α = 0.00428
  3   -22.18687902949       -5.84       -2.08    11.7s
    ‖ρε - ρref‖ = 0.0029215006174963163 ‖Δρ‖ = 0.002918403438602228  ‖vε - vref‖ = 1.126144676572406  α = 0.00169
  4   -22.18687998912       -6.02       -1.80    12.0s
    ‖ρε - ρref‖ = 0.004984697827512615 ‖Δρ‖ = 0.004979829371249797  ‖vε - vref‖ = 1.0725871769020308  α = 0.00106
  5   -22.18688021890       -6.64       -1.92    18.8s
    ‖ρε - ρref‖ = 0.0038046596622382557 ‖Δρ‖ = 0.003812504496576322  ‖vε - vref‖ = 1.0480769934402434  α = 0.00157
  6   -22.18688039675       -6.75       -1.94    97.5s
    ‖ρε - ρref‖ = 0.0038325554749574823 ‖Δρ‖ = 0.0038442683315403686  ‖vε - vref‖ = 1.0127813209152627  α = 0.000742
  7   -22.18688039675      -13.97       -1.72    96.9s
    ‖ρε - ρref‖ = 0.007390008280482492 ‖Δρ‖ = 0.007410972248790556  ‖vε - vref‖ = 1.0127813191961224  α = 4.19e-11
  8   -22.18688039675      -14.15       -2.01    85.0s
    ‖ρε - ρref‖ = 0.0027627560740036672 ‖Δρ‖ = 0.0027693812835874656  ‖vε - vref‖ = 1.0127813192892277  α = 1.25e-11
  9   -22.18688039675   +  -14.45       -1.97    61.3s
    ‖ρε - ρref‖ = 0.002647007219545736 ‖Δρ‖ = 0.002654412319103785  ‖vε - vref‖ = 1.0127813192888109  α = 0.0
 10   -22.18688063440       -6.62       -2.02    9.58s
    ‖ρε - ρref‖ = 0.005027763942592778 ‖Δρ‖ = 0.005062589952657616  ‖vε - vref‖ = 1.0150095391684262  α = 0.00138
 11   -22.18688104970       -6.38       -1.98    12.3s
    ‖ρε - ρref‖ = 0.005334974630477337 ‖Δρ‖ = 0.005311722495433412  ‖vε - vref‖ = 0.9642068687765281  α = 0.000502
 12   -22.18688107550       -7.59       -2.20    70.7s
    ‖ρε - ρref‖ = 0.00242729980640685 ‖Δρ‖ = 0.002425924164335412  ‖vε - vref‖ = 0.956917129306434  α = 0.000418
 13   -22.18688107550      -13.97       -1.65     101s
    ‖ρε - ρref‖ = 0.009733417672891811 ‖Δρ‖ = 0.009758270694694123  ‖vε - vref‖ = 0.9569171254889529  α = 7.77e-11
 14   -22.18688107550   +    -Inf       -1.56    65.2s
    ‖ρε - ρref‖ = 0.011019248580320867 ‖Δρ‖ = 0.011042702897190665  ‖vε - vref‖ = 0.956917125488901  α = 0.0
 15   -22.18688125284       -6.75       -1.97    9.13s
    ‖ρε - ρref‖ = 0.006514243562765499 ‖Δρ‖ = 0.006474420104546291  ‖vε - vref‖ = 0.9425235100568599  α = 0.000772
 16   -22.18688125845       -8.25       -2.67    80.4s
    ‖ρε - ρref‖ = 0.0008710872401164319 ‖Δρ‖ = 0.0008778117678481702  ‖vε - vref‖ = 0.9394285644398875  α = 0.000447
 17   -22.18688125845      -13.75       -1.26    91.5s
    ‖ρε - ρref‖ = 0.025475805965930496 ‖Δρ‖ = 0.02549726050196582  ‖vε - vref‖ = 0.939428563790732  α = 6.95e-12
 18   -22.18688125845   +  -14.45       -0.67    62.1s
    ‖ρε - ρref‖ = 0.10507298275228909 ‖Δρ‖ = 0.10509531022540107  ‖vε - vref‖ = 0.9394285637905962  α = 0.0
 19   -22.18688145651       -6.70       -2.10    11.7s
    ‖ρε - ρref‖ = 0.0048370452528203895 ‖Δρ‖ = 0.004879159335753146  ‖vε - vref‖ = 0.9151921612654541  α = 0.000292
 20   -22.18688145651      -13.85       -2.92    98.7s
    ‖ρε - ρref‖ = 0.000342129597629117 ‖Δρ‖ = 0.0003505789306365176  ‖vε - vref‖ = 0.9151921604172872  α = 1.92e-10
 21   -22.18688145651   +  -14.45       -0.79    63.1s
    ‖ρε - ρref‖ = 0.07963233369155433 ‖Δρ‖ = 0.07965433004857071  ‖vε - vref‖ = 0.915192160418267  α = 0.0
 22   -22.18688145891       -8.62       -2.59    17.3s
    ‖ρε - ρref‖ = 0.0015674126526638839 ‖Δρ‖ = 0.0016111984683771065  ‖vε - vref‖ = 0.9111497423996174  α = 0.000726
 23   -22.18688145891      -13.75       -2.15     148s
    ‖ρε - ρref‖ = 0.0024398644138996163 ‖Δρ‖ = 0.0024611915123070576  ‖vε - vref‖ = 0.9111497412077063  α = 5.21e-11
 24   -22.18688145891      -14.45       -0.83    93.0s
    ‖ρε - ρref‖ = 0.0727487400767596 ‖Δρ‖ = 0.07277077499425777  ‖vε - vref‖ = 0.911149741208001  α = 2.34e-16
 25   -22.18688145891   +  -13.97       -2.52    62.0s
    ‖ρε - ρref‖ = 0.0011028350606758835 ‖Δρ‖ = 0.0011040972319586978  ‖vε - vref‖ = 0.9111497412082779  α = 0.0
 26   -22.18688146256       -8.44       -2.72    68.2s
    ‖ρε - ρref‖ = 0.0011302062595796793 ‖Δρ‖ = 0.0010890609279788257  ‖vε - vref‖ = 0.9096516842411805  α = 0.000403
 27   -22.18688146256      -14.15       -1.71     125s
    ‖ρε - ρref‖ = 0.008845043265336779 ‖Δρ‖ = 0.008872588705138101  ‖vε - vref‖ = 0.9096516835810106  α = 1.43e-11
 28   -22.18688146256   +  -14.45       -1.07    59.6s
    ‖ρε - ρref‖ = 0.04082106338410019 ‖Δρ‖ = 0.04083954131903782  ‖vε - vref‖ = 0.909651683582538  α = 0.0
 29   -22.18688146256      -14.15       -3.31     173s
    ‖ρε - ρref‖ = 0.00016613604847408013 ‖Δρ‖ = 0.00014437283662137895  ‖vε - vref‖ = 0.9096516835741146  α = 5.79e-12
 30   -22.18688146256   +    -Inf       -0.23    51.6s
    ‖ρε - ρref‖ = 0.28456851185270027 ‖Δρ‖ = 0.28458989603727813  ‖vε - vref‖ = 0.9096516835741175  α = 0.0
 31   -22.18688146256   +    -Inf       -3.31     155s
    ‖ρε - ρref‖ = 0.0001661360475920012 ‖Δρ‖ = 0.00014437283590928226  ‖vε - vref‖ = 0.9096516835746025  α = 3.26e-14
Trying again without preconditioner ...
n     Energy            log10(ΔE)   log10(Δρ)   Δtime 
---   ---------------   ---------   ---------   ------
  1   -22.18688157535                   -1.87    19.0s
    ‖ρε - ρref‖ = 0.0027069781181150807 ‖Δρ‖ = 0.0027083478579898344  ‖vε - vref‖ = 0.8565646115831911  α = 0.00211
  2   -22.18688163564       -7.22       -0.40    64.2s
    ‖ρε - ρref‖ = 0.17584393338709617 ‖Δρ‖ = 0.17587527659427882  ‖vε - vref‖ = 0.8367760314642326  α = 1.75e-5
  3   -22.18688164480       -8.04       -0.51    84.4s
    ‖ρε - ρref‖ = 0.11708459839860469 ‖Δρ‖ = 0.11710331866611197  ‖vε - vref‖ = 0.8305970249710098  α = 9.55e-6
  4   -22.18688164480      -13.67       -0.64     117s
    ‖ρε - ρref‖ = 0.09748445336249652 ‖Δρ‖ = 0.0975187843209691  ‖vε - vref‖ = 0.8305970245553006  α = 1.34e-12
  5   -22.18688164480   +  -13.97       -0.15    57.5s
    ‖ρε - ρref‖ = 0.32683716427808857 ‖Δρ‖ = 0.3268652307017776  ‖vε - vref‖ = 0.8305970245550119  α = 0.0
  6   -22.18688166686       -7.66       -1.66    11.9s
    ‖ρε - ρref‖ = 0.007306346338375933 ‖Δρ‖ = 0.007330263482824584  ‖vε - vref‖ = 0.8224754355381851  α = 0.000327
  7   -22.18688167129       -8.35       -0.84     101s
    ‖ρε - ρref‖ = 0.0410558210132292 ‖Δρ‖ = 0.0410566010872649  ‖vε - vref‖ = 0.8190244380054458  α = 8.82e-6
  8   -22.18688167129      -14.45       -0.71     173s
    ‖ρε - ρref‖ = 0.08658743908828212 ‖Δρ‖ = 0.0866228395902714  ‖vε - vref‖ = 0.8190244380115669  α = 1.13e-15
  9   -22.18688167129   +  -14.15        0.16    52.8s
    ‖ρε - ρref‖ = 0.6627590417074019 ‖Δρ‖ = 0.6627890753243254  ‖vε - vref‖ = 0.8190244380116147  α = 0.0
 10   -22.18688167508       -8.42       -1.83    17.8s
    ‖ρε - ρref‖ = 0.00754093485169774 ‖Δρ‖ = 0.007505224988173695  ‖vε - vref‖ = 0.8143974960619277  α = 0.000152
 11   -22.18688167508      -13.85       -1.17     134s
    ‖ρε - ρref‖ = 0.025139324415001975 ‖Δρ‖ = 0.02517318869352848  ‖vε - vref‖ = 0.8143974944901206  α = 1.49e-11
 12   -22.18688167508   +  -14.15        0.04    52.2s
    ‖ρε - ρref‖ = 0.49736264541676284 ‖Δρ‖ = 0.49739004876798276  ‖vε - vref‖ = 0.8143974944909051  α = 0.0
 13   -22.18688167508   +    -Inf       -2.18    55.3s
    ‖ρε - ρref‖ = 0.002736089089625508 ‖Δρ‖ = 0.0027738488184514075  ‖vε - vref‖ = 0.8143974944910299  α = 0.0
 14   -22.18688167508      -14.45       -2.18    64.8s
    ‖ρε - ρref‖ = 0.0027360890896363883 ‖Δρ‖ = 0.0027738488184626195  ‖vε - vref‖ = 0.8143974944882783  α = 2.17e-14
 15   -22.18688167508   +  -14.15       -0.90    54.3s
    ‖ρε - ρref‖ = 0.04356214999495706 ‖Δρ‖ = 0.043562104979436  ‖vε - vref‖ = 0.8143974944883483  α = 0.0
 16   -22.18688167508      -14.45       -2.18     141s
    ‖ρε - ρref‖ = 0.002736089086991223 ‖Δρ‖ = 0.0027738488158131347  ‖vε - vref‖ = 0.8143974944879135  α = 4.43e-14
 17   -22.18688167508   +  -14.15        0.19    57.1s
    ‖ρε - ρref‖ = 0.7101137312451626 ‖Δρ‖ = 0.7101430331000317  ‖vε - vref‖ = 0.8143974944868231  α = 0.0
 18   -22.18688167508      -14.45       -2.18     164s
    ‖ρε - ρref‖ = 0.0027360890851813135 ‖Δρ‖ = 0.0027738488140018136  ‖vε - vref‖ = 0.814397494487502  α = 1.64e-14
 19   -22.18688167508   +    -Inf       -1.26    70.1s
    ‖ρε - ρref‖ = 0.025149084589785466 ‖Δρ‖ = 0.025182093508521665  ‖vε - vref‖ = 0.8143974931154941  α = 1.18e-11
 20   -22.18688167508   +  -14.15       -0.88    60.9s
    ‖ρε - ρref‖ = 0.045234328392902985 ‖Δρ‖ = 0.04524801732161603  ‖vε - vref‖ = 0.8143974931153515  α = 0.0
 21   -22.18688167508      -14.15       -2.18     192s
    ‖ρε - ρref‖ = 0.0027360870876469478 ‖Δρ‖ = 0.002773846815672847  ‖vε - vref‖ = 0.8143974931149878  α = 2.09e-15
 22   -22.18688167508      -14.15       -0.75     154s
    ‖ρε - ρref‖ = 0.08135412205438519 ‖Δρ‖ = 0.08138413077411384  ‖vε - vref‖ = 0.8143974931014892  α = 6.07e-14
 23   -22.18688167508   +    -Inf       -0.09    52.5s
    ‖ρε - ρref‖ = 0.36080852670786395 ‖Δρ‖ = 0.3608355312820264  ‖vε - vref‖ = 0.8143974931020306  α = 0.0
 24   -22.18688167508   +    -Inf       -2.18    55.4s
    ‖ρε - ρref‖ = 0.0027360870746596096 ‖Δρ‖ = 0.0027738468026952505  ‖vε - vref‖ = 0.8143974931011353  α = 0.0

#-- ‖ρε - ρref‖ = 5.144391313043279e-5 vs. 1.778279410038923e-7 = δ*ε ‖vε - vref‖ = 0.8143974931011353  Qε=0.9018798742008987


# --- ε=1.0e-5

n     Energy            log10(ΔE)   log10(Δρ)   Δtime 
---   ---------------   ---------   ---------   ------
  1   -22.18681620524                   -0.89    13.4s
    ‖ρε - ρref‖ = 0.08084967844786885 ‖Δρ‖ = 0.08082604495217682  ‖vε - vref‖ = 1.8366180563314647  α = 0.000252
  2   -22.18681895264       -5.56       -1.96    10.9s
    ‖ρε - ρref‖ = 0.004461381287801257 ‖Δρ‖ = 0.0044521265638867895  ‖vε - vref‖ = 1.6297668945006774  α = 0.00105
  3   -22.18681994523       -6.00       -1.87    12.4s
    ‖ρε - ρref‖ = 0.004873885152358746 ‖Δρ‖ = 0.004868883781445844  ‖vε - vref‖ = 1.5413945375345661  α = 0.00107
  4   -22.18681998329       -7.42       -1.54    11.0s
    ‖ρε - ρref‖ = 0.009997038098582088 ‖Δρ‖ = 0.00999947746020802  ‖vε - vref‖ = 1.486276904998573  α = 0.000444
  5   -22.18681998329      -13.75       -1.74     139s
    ‖ρε - ρref‖ = 0.006426830450744721 ‖Δρ‖ = 0.006431856995044251  ‖vε - vref‖ = 1.4862768674629825  α = 3.52e-10
  6   -22.18681998329   +  -14.45       -1.02    62.6s
    ‖ρε - ρref‖ = 0.04626538485319295 ‖Δρ‖ = 0.046277695906440666  ‖vε - vref‖ = 1.4862768674619606  α = 0.0
  7   -22.18682056502       -6.24       -2.12    12.4s
    ‖ρε - ρref‖ = 0.0031246445257742737 ‖Δρ‖ = 0.003131689489761468  ‖vε - vref‖ = 1.4338034898644172  α = 0.000941
  8   -22.18682060993       -7.35       -1.47    11.0s
    ‖ρε - ρref‖ = 0.01796961720199784 ‖Δρ‖ = 0.017948874115415868  ‖vε - vref‖ = 1.4198457891910736  α = 0.00012
  9   -22.18682060993      -13.75       -1.94     120s
    ‖ρε - ρref‖ = 0.0038575613712568554 ‖Δρ‖ = 0.0038679097163312145  ‖vε - vref‖ = 1.4198457841281373  α = 7.68e-11
 10   -22.18682060993   +  -14.45       -0.68    63.1s
    ‖ρε - ρref‖ = 0.09886868718198909 ‖Δρ‖ = 0.0988801294608807  ‖vε - vref‖ = 1.4198457841281913  α = 0.0
 11   -22.18682061202       -8.68       -2.28    11.0s
    ‖ρε - ρref‖ = 0.0032839068138917574 ‖Δρ‖ = 0.0033087662814713565  ‖vε - vref‖ = 1.4123750460592333  α = 0.00044
 12   -22.18682061202      -14.15       -1.91    98.7s
    ‖ρε - ρref‖ = 0.004420392252461798 ‖Δρ‖ = 0.004430198684943828  ‖vε - vref‖ = 1.4123750456528699  α = 6.28e-12
 13   -22.18682061202   +  -14.15       -0.34    59.2s
    ‖ρε - ρref‖ = 0.2252673363527756 ‖Δρ‖ = 0.2252810794156283  ‖vε - vref‖ = 1.4123750456525277  α = 0.0
 14   -22.18682061566       -8.44       -2.33    22.4s
    ‖ρε - ρref‖ = 0.002709342467413641 ‖Δρ‖ = 0.0026863985382052607  ‖vε - vref‖ = 1.4073905304015992  α = 0.00038
 15   -22.18682061566      -13.60       -1.68    94.1s
    ‖ρε - ρref‖ = 0.008506909704443663 ‖Δρ‖ = 0.008520575011706139  ‖vε - vref‖ = 1.4073905301884906  α = 2.29e-12
 16   -22.18682061566   +  -14.15       -0.31    57.1s
    ‖ρε - ρref‖ = 0.23703564574307037 ‖Δρ‖ = 0.23704879117759722  ‖vε - vref‖ = 1.4073905301907328  α = 0.0
 17   -22.18682061648       -9.09       -2.61    57.3s
    ‖ρε - ρref‖ = 0.0014574754890418166 ‖Δρ‖ = 0.0014809700054455148  ‖vε - vref‖ = 1.4061253919700538  α = 7.64e-5
 18   -22.18682061648      -14.15       -0.89     135s
    ‖ρε - ρref‖ = 0.06026111200040892 ‖Δρ‖ = 0.060274302407683944  ‖vε - vref‖ = 1.4061253919040546  α = 2.67e-13
 19   -22.18682061648   +  -14.15       -0.21    55.2s
    ‖ρε - ρref‖ = 0.30530082437234024 ‖Δρ‖ = 0.30531449808609934  ‖vε - vref‖ = 1.4061253919053414  α = 0.0
 20   -22.18682061648      -13.85       -2.75     132s
    ‖ρε - ρref‖ = 0.0010128891197043537 ‖Δρ‖ = 0.0010360269357798783  ‖vε - vref‖ = 1.406125390619059  α = 1.1e-10
 21   -22.18682061648   +  -14.45       -0.45    64.3s
    ‖ρε - ρref‖ = 0.170820805172451 ‖Δρ‖ = 0.17083450838912423  ‖vε - vref‖ = 1.406125390618364  α = 0.0
 22   -22.18682061648   +    -Inf       -2.75     179s
    ‖ρε - ρref‖ = 0.0010128886855261287 ‖Δρ‖ = 0.0010360265009838436  ‖vε - vref‖ = 1.4061253906183764  α = 3.06e-15
 23   -22.18682061648   +  -14.45        0.02    57.5s
    ‖ρε - ρref‖ = 0.5176537060179695 ‖Δρ‖ = 0.5176680177614228  ‖vε - vref‖ = 1.4061253906186804  α = 0.0
 24   -22.18682061648      -14.15       -2.75     165s
    ‖ρε - ρref‖ = 0.00101288868551946 ‖Δρ‖ = 0.0010360265009771354  ‖vε - vref‖ = 1.406125390620097  α = 5.95e-15
 25   -22.18682061648   +  -14.15       -2.01    55.0s
    ‖ρε - ρref‖ = 0.005656467672184581 ‖Δρ‖ = 0.005633422335684735  ‖vε - vref‖ = 1.4061253906191722  α = 0.0
 26   -22.18682061648   +    -Inf       -2.75    58.0s
    ‖ρε - ρref‖ = 0.0010128886855797635 ‖Δρ‖ = 0.001036026501037593  ‖vε - vref‖ = 1.4061253906193496  α = 0.0
 27   -22.18682061648      -14.45       -2.75     122s
    ‖ρε - ρref‖ = 0.0010128886855840168 ‖Δρ‖ = 0.001036026501041841  ‖vε - vref‖ = 1.4061253906199238  α = 8.81e-15
 28   -22.18682061648   +  -14.45       -1.95    55.5s
    ‖ρε - ρref‖ = 0.004388791106203142 ‖Δρ‖ = 0.004375304668797991  ‖vε - vref‖ = 1.4061253906201785  α = 0.0
 29   -22.18682061648   +    -Inf       -2.75     101s
    ‖ρε - ρref‖ = 0.0010128886856276124 ‖Δρ‖ = 0.0010360265010855875  ‖vε - vref‖ = 1.4061253906183706  α = 1.53e-14
 30   -22.18682061648   +    -Inf       -2.16     149s
    ‖ρε - ρref‖ = 0.0035820804100292806 ‖Δρ‖ = 0.003558415609196711  ‖vε - vref‖ = 1.4061253906162285  α = 3.83e-15
Trying again without preconditioner ...
n     Energy            log10(ΔE)   log10(Δρ)   Δtime 
---   ---------------   ---------   ---------   ------
  1   -22.18682062532                   -1.56    24.1s
    ‖ρε - ρref‖ = 0.006976993083551719 ‖Δρ‖ = 0.006988798558682326  ‖vε - vref‖ = 1.3870868798569087  α = 0.000498
  2   -22.18682067342       -7.32       -0.08    70.8s
    ‖ρε - ρref‖ = 0.3421277044368827 ‖Δρ‖ = 0.3421429117159596  ‖vε - vref‖ = 1.3643741962553013  α = 6.54e-6
  3   -22.18682067342      -13.75       -0.38     184s
    ‖ρε - ρref‖ = 0.1845010170275717 ‖Δρ‖ = 0.1845182709607344  ‖vε - vref‖ = 1.3643741961708558  α = 1.6e-13
  4   -22.18682067342   +    -Inf        0.10    51.4s
    ‖ρε - ρref‖ = 0.5701250196946875 ‖Δρ‖ = 0.5701415767199466  ‖vε - vref‖ = 1.3643741961709315  α = 0.0
  5   -22.18682069808       -7.61       -1.62    16.7s
    ‖ρε - ρref‖ = 0.012922454575124193 ‖Δρ‖ = 0.012900060328679137  ‖vε - vref‖ = 1.3531221851686919  α = 8.61e-5
  6   -22.18682069808      -13.97       -0.75     114s
    ‖ρε - ρref‖ = 0.07611569649994814 ‖Δρ‖ = 0.07613114691552246  ‖vε - vref‖ = 1.353122184607757  α = 1.68e-12
  7   -22.18682069808   +    -Inf        0.13    64.9s
    ‖ρε - ρref‖ = 0.6083898177779928 ‖Δρ‖ = 0.6084057688795214  ‖vε - vref‖ = 1.3531221845701698  α = 7.56e-14
  8   -22.18682069808   +    -Inf        0.19    58.5s
    ‖ρε - ρref‖ = 0.7090655845433371 ‖Δρ‖ = 0.7090821170844624  ‖vε - vref‖ = 1.3531221845690427  α = 0.0

#-- ‖ρε - ρref‖ = 3.127145199287143e-5 vs. 1.0000000000000001e-7 = δ*ε ‖vε - vref‖ = 1.3531221845690427  Qε=0.8903203891064485


# --- ε=5.623413251903491e-6

n     Energy            log10(ΔE)   log10(Δρ)   Δtime 
---   ---------------   ---------   ---------   ------
  1   -22.18677788661                   -0.90    13.5s
    ‖ρε - ρref‖ = 0.08007126676833962 ‖Δρ‖ = 0.08005835501682876  ‖vε - vref‖ = 2.770655865377815  α = 0.000147
  2   -22.18677989553       -5.70       -1.92    12.0s
    ‖ρε - ρref‖ = 0.004829264867067915 ‖Δρ‖ = 0.004824762146360139  ‖vε - vref‖ = 2.5900587060408617  α = 0.000806
  3   -22.18678005481       -6.80       -1.48    23.7s
    ‖ρε - ρref‖ = 0.012393406213003711 ‖Δρ‖ = 0.012394207127989998  ‖vε - vref‖ = 2.532185272876313  α = 0.000425
  4   -22.18678021959       -6.78       -0.96    63.4s
    ‖ρε - ρref‖ = 0.05209539365187292 ‖Δρ‖ = 0.05210468084454975  ‖vε - vref‖ = 2.482392326638772  α = 4.69e-5
  5   -22.18678021959      -13.75       -0.80     162s
    ‖ρε - ρref‖ = 0.07572248801765886 ‖Δρ‖ = 0.07573040356476059  ‖vε - vref‖ = 2.4823923264027874  α = 5.74e-13
  6   -22.18678021959   +  -14.45       -0.36    56.6s
    ‖ρε - ρref‖ = 0.21843990357096316 ‖Δρ‖ = 0.21844873902496062  ‖vε - vref‖ = 2.4823923264014307  α = 0.0
  7   -22.18678034253       -6.91       -1.93    12.7s
    ‖ρε - ρref‖ = 0.005510174391092405 ‖Δρ‖ = 0.005519746079324544  ‖vε - vref‖ = 2.466185477727614  α = 0.00037
  8   -22.18678037716       -7.46       -1.45    68.2s
    ‖ρε - ρref‖ = 0.014554458424597239 ‖Δρ‖ = 0.014546808976910497  ‖vε - vref‖ = 2.4509774327206495  α = 2.67e-5
  9   -22.18678037716      -14.15       -0.73     100s
    ‖ρε - ρref‖ = 0.08958622098574423 ‖Δρ‖ = 0.08959329151690386  ‖vε - vref‖ = 2.4509774325677744  α = 4.38e-13
 10   -22.18678037716      -13.67       -0.32    73.1s
    ‖ρε - ρref‖ = 0.235602522753097 ‖Δρ‖ = 0.23561063694703122  ‖vε - vref‖ = 2.4509774325456806  α = 6.52e-15
 11   -22.18678037716   +    -Inf        0.03    56.7s
    ‖ρε - ρref‖ = 0.5323270556974158 ‖Δρ‖ = 0.5323354318182624  ‖vε - vref‖ = 2.4509774325453972  α = 0.0
 12   -22.18678041275       -7.45       -2.14    86.3s
    ‖ρε - ρref‖ = 0.004063359069094384 ‖Δρ‖ = 0.004050546078186719  ‖vε - vref‖ = 2.443013280543097  α = 0.000119
 13   -22.18678041275      -14.15       -0.92     138s
    ‖ρε - ρref‖ = 0.05595127172418169 ‖Δρ‖ = 0.05595754534613147  ‖vε - vref‖ = 2.4430132803373605  α = 6.77e-13
 14   -22.18678041275   +  -14.45       -0.09    57.7s
    ‖ρε - ρref‖ = 0.4032402928460991 ‖Δρ‖ = 0.4032484129257651  ‖vε - vref‖ = 2.443013280337201  α = 0.0
 15   -22.18678041275   +    -Inf       -2.56     124s
    ‖ρε - ρref‖ = 0.0010918139963863938 ‖Δρ‖ = 0.0010853511337655653  ‖vε - vref‖ = 2.4430132803295486  α = 2.58e-13
 16   -22.18678041275      -14.45       -1.03    61.8s
    ‖ρε - ρref‖ = 0.054229514686727875 ‖Δρ‖ = 0.05424257206825789  ‖vε - vref‖ = 2.443013280328589  α = 2.46e-16
 17   -22.18678041275   +    -Inf       -1.22     104s
    ‖ρε - ρref‖ = 0.02786318028582662 ‖Δρ‖ = 0.027871763867568997  ‖vε - vref‖ = 2.443013280343616  α = 6.31e-14
 18   -22.18678041275      -14.45       -1.37    79.4s
    ‖ρε - ρref‖ = 0.02483502932361093 ‖Δρ‖ = 0.024847878395351148  ‖vε - vref‖ = 2.4430132803389455  α = 4.51e-15
 19   -22.18678041275   +  -14.15       -1.54    54.8s
    ‖ρε - ρref‖ = 0.014419096686060449 ‖Δρ‖ = 0.014410079106833113  ‖vε - vref‖ = 2.44301328033875  α = 0.0
 20   -22.18678041275   +    -Inf       -2.56    59.7s
    ‖ρε - ρref‖ = 0.0010918140010965484 ‖Δρ‖ = 0.0010853511384503775  ‖vε - vref‖ = 2.4430132803402014  α = 0.0
 21   -22.18678041275      -13.85       -2.56     109s
    ‖ρε - ρref‖ = 0.0010918140011510879 ‖Δρ‖ = 0.0010853511385056382  ‖vε - vref‖ = 2.443013280308009  α = 1.85e-12
 22   -22.18678041275   +  -14.15       -0.02    53.2s
    ‖ρε - ρref‖ = 0.47925088765457524 ‖Δρ‖ = 0.47925910099577346  ‖vε - vref‖ = 2.4430132803056614  α = 0.0
 23   -22.18678041275   +    -Inf       -2.56     143s
    ‖ρε - ρref‖ = 0.0010918139950520764 ‖Δρ‖ = 0.0010853511324562751  ‖vε - vref‖ = 2.443013280306592  α = 9.14e-15
 24   -22.18678041275   +    -Inf       -1.26    55.3s
    ‖ρε - ρref‖ = 0.023993391280425342 ‖Δρ‖ = 0.023997963896611893  ‖vε - vref‖ = 2.4430132803067974  α = 0.0
Trying again without preconditioner ...
n     Energy            log10(ΔE)   log10(Δρ)   Δtime 
---   ---------------   ---------   ---------   ------
  1   -22.18678060209                   -1.36    90.8s
    ‖ρε - ρref‖ = 0.012324005248709377 ‖Δρ‖ = 0.012322842716386218  ‖vε - vref‖ = 2.4114686420553184  α = 0.000126
  2   -22.18678062358       -7.67        0.11    58.5s
    ‖ρε - ρref‖ = 0.5754236736251278 ‖Δρ‖ = 0.5754334065342666  ‖vε - vref‖ = 2.3929501181415884  α = 3.73e-6
  3   -22.18678062358      -13.75        0.14     228s
    ‖ρε - ρref‖ = 0.6186336376115183 ‖Δρ‖ = 0.6186429755106854  ‖vε - vref‖ = 2.392950118126504  α = 4.49e-15
  4   -22.18678062358   +  -14.15        0.22    56.6s
    ‖ρε - ρref‖ = 0.7556545603252252 ‖Δρ‖ = 0.75566413967538  ‖vε - vref‖ = 2.3929501181264143  α = 0.0
  5   -22.18678062358      -14.45       -1.75     163s
    ‖ρε - ρref‖ = 0.003962495400802224 ‖Δρ‖ = 0.003956518931698476  ‖vε - vref‖ = 2.392950118123087  α = 5.92e-15
  6   -22.18678062358   +  -14.45       -0.17    61.6s
    ‖ρε - ρref‖ = 0.3124492402124208 ‖Δρ‖ = 0.31245941322149984  ‖vε - vref‖ = 2.3929501181211648  α = 0.0
  7   -22.18678062358   +    -Inf       -1.75     144s
    ‖ρε - ρref‖ = 0.003962495401102374 ‖Δρ‖ = 0.003956518931989654  ‖vε - vref‖ = 2.392950118120878  α = 1.72e-15
  8   -22.18678062358   +    -Inf        0.22    62.9s
    ‖ρε - ρref‖ = 0.7604919463434069 ‖Δρ‖ = 0.760501519922831  ‖vε - vref‖ = 2.3929501181220716  α = 0.0

#-- ‖ρε - ρref‖ = 2.1071748680081437e-5 vs. 5.623413251903491e-8 = δ*ε ‖vε - vref‖ = 2.3929501181220716  Qε=0.898950436079351


# --- ε=3.162277660168379e-6

n     Energy            log10(ΔE)   log10(Δρ)   Δtime 
---   ---------------   ---------   ---------   ------
  1   -22.18674714189                   -0.88    13.8s
    ‖ρε - ρref‖ = 0.08278013642073771 ‖Δρ‖ = 0.082773520936194  ‖vε - vref‖ = 4.561617910587655  α = 8.99e-5
  2   -22.18674753496       -6.41       -1.93    16.5s
    ‖ρε - ρref‖ = 0.004707292527418227 ‖Δρ‖ = 0.004706372556412484  ‖vε - vref‖ = 4.5019795028913885  α = 0.000798
  3   -22.18674777575       -6.62       -0.63    88.7s
    ‖ρε - ρref‖ = 0.1088030075289253 ‖Δρ‖ = 0.108805841673513  ‖vε - vref‖ = 4.453535407520532  α = 3.52e-5
  4   -22.18674780188       -7.58       -0.08    56.8s
    ‖ρε - ρref‖ = 0.41352108230532003 ‖Δρ‖ = 0.4135251213227756  ‖vε - vref‖ = 4.420100747156671  α = 6.75e-6
  5   -22.18674780188      -14.45       -0.08     164s
    ‖ρε - ρref‖ = 0.41244985024405745 ‖Δρ‖ = 0.4124537631130767  ‖vε - vref‖ = 4.42010074624787  α = 4.27e-13
  6   -22.18674780188   +    -Inf        0.02     109s
    ‖ρε - ρref‖ = 0.5233897369426874 ‖Δρ‖ = 0.5233937873981568  ‖vε - vref‖ = 4.420100746248147  α = 2.2e-15
  7   -22.18674780188   +    -Inf       -0.44    98.3s
    ‖ρε - ρref‖ = 0.17990339891111015 ‖Δρ‖ = 0.17990705598936535  ‖vε - vref‖ = 4.420100746260709  α = 3.11e-15
Trying again without preconditioner ...
n     Energy            log10(ΔE)   log10(Δρ)   Δtime 
---   ---------------   ---------   ---------   ------
  1   -22.18674853214                   -0.92    17.2s
    ‖ρε - ρref‖ = 0.053473962382974013 ‖Δρ‖ = 0.053479668508864875  ‖vε - vref‖ = 4.3323847867616765  α = 4.47e-5
  2   -22.18674886809       -6.47       -0.12    53.7s
    ‖ρε - ρref‖ = 0.3107033866429655 ‖Δρ‖ = 0.3107085633388199  ‖vε - vref‖ = 4.275754673518847  α = 9.4e-6
  3   -22.18674896418       -7.02        0.19    71.0s
    ‖ρε - ρref‖ = 0.6890999733307281 ‖Δρ‖ = 0.6891054303167948  ‖vε - vref‖ = 4.242640770317945  α = 2.86e-6
  4   -22.18674896418      -13.85        0.22     113s
    ‖ρε - ρref‖ = 0.7412659631902176 ‖Δρ‖ = 0.741271196020338  ‖vε - vref‖ = 4.242640760458248  α = 4.93e-13
  5   -22.18674896418   +  -13.97        0.21    53.2s
    ‖ρε - ρref‖ = 0.7307962520155921 ‖Δρ‖ = 0.7308015464040881  ‖vε - vref‖ = 4.242640760459249  α = 0.0
  6   -22.18674897832       -7.85       -1.42    69.7s
    ‖ρε - ρref‖ = 0.012716851927323176 ‖Δρ‖ = 0.012711749501443975  ‖vε - vref‖ = 4.233732964861621  α = 1.74e-5
  7   -22.18674897832      -13.97        0.22     105s
    ‖ρε - ρref‖ = 0.7455910643594842 ‖Δρ‖ = 0.7455962673187355  ‖vε - vref‖ = 4.233732964396626  α = 3.08e-14
  8   -22.18674897832   +  -13.85        0.23    56.8s
    ‖ρε - ρref‖ = 0.7515073273256295 ‖Δρ‖ = 0.7515125526608641  ‖vε - vref‖ = 4.233732964402276  α = 0.0
  9   -22.18674897832      -14.15       -1.43     147s
    ‖ρε - ρref‖ = 0.011941956437724 ‖Δρ‖ = 0.011942018192658336  ‖vε - vref‖ = 4.233732963837603  α = 1.84e-12
 10   -22.18674897832   +  -14.45        0.22    57.0s
    ‖ρε - ρref‖ = 0.7478621448342904 ‖Δρ‖ = 0.7478673750758216  ‖vε - vref‖ = 4.233732963838913  α = 0.0
 11   -22.18674897832      -14.45       -1.43     145s
    ‖ρε - ρref‖ = 0.011941956356167635 ‖Δρ‖ = 0.011942018111257937  ‖vε - vref‖ = 4.233732962176229  α = 5.49e-12
 12   -22.18674897832   +    -Inf        0.23    57.4s
    ‖ρε - ρref‖ = 0.7510889958075244 ‖Δρ‖ = 0.7510942224089753  ‖vε - vref‖ = 4.233732962174572  α = 0.0
 13   -22.18674897832      -13.97       -1.43     137s
    ‖ρε - ρref‖ = 0.011941956119710535 ‖Δρ‖ = 0.01194201787520057  ‖vε - vref‖ = 4.233732961640764  α = 1.73e-12
 14   -22.18674897832   +    -Inf        0.22    54.7s
    ‖ρε - ρref‖ = 0.748170473717849 ‖Δρ‖ = 0.7481757027707946  ‖vε - vref‖ = 4.233732961640182  α = 0.0
 15   -22.18674897832   +  -14.15       -1.43    62.7s
    ‖ρε - ρref‖ = 0.01194195604647045 ‖Δρ‖ = 0.011942017802084261  ‖vε - vref‖ = 4.233732961649372  α = 0.0
 16   -22.18674897832      -14.45       -1.43     201s
    ‖ρε - ρref‖ = 0.01194195604748549 ‖Δρ‖ = 0.011942017803100597  ‖vε - vref‖ = 4.233732961650193  α = 3.96e-15
 17   -22.18674897875       -9.36        0.18    69.8s
    ‖ρε - ρref‖ = 0.6677386848382354 ‖Δρ‖ = 0.667743550747323  ‖vε - vref‖ = 4.232167628670115  α = 1.44e-7
 18   -22.18674897875      -14.45        0.19    55.0s
    ‖ρε - ρref‖ = 0.6847579889730437 ‖Δρ‖ = 0.6847632199948206  ‖vε - vref‖ = 4.23216762867047  α = 0.0
 19   -22.18674897875   +    -Inf       -1.45    66.8s
    ‖ρε - ρref‖ = 0.011171317199151366 ‖Δρ‖ = 0.011171702311777254  ‖vε - vref‖ = 4.232167628670446  α = 0.0
 20   -22.18674897875      -14.45       -1.45    63.3s
    ‖ρε - ρref‖ = 0.011171317199153196 ‖Δρ‖ = 0.011171702311779143  ‖vε - vref‖ = 4.2321676286741825  α = 0.0
 21   -22.18674897875   +  -14.45       -1.45    62.7s
    ‖ρε - ρref‖ = 0.011171317200078548 ‖Δρ‖ = 0.011171702312705669  ‖vε - vref‖ = 4.232167628669807  α = 0.0
 22   -22.18674897875      -14.45       -1.45    62.7s
    ‖ρε - ρref‖ = 0.011171317199079617 ‖Δρ‖ = 0.011171702311705507  ‖vε - vref‖ = 4.2321676286743495  α = 0.0
 23   -22.18674897875   +    -Inf       -1.45    63.3s
    ‖ρε - ρref‖ = 0.011171317200116741 ‖Δρ‖ = 0.011171702312743843  ‖vε - vref‖ = 4.232167628669367  α = 0.0
 24   -22.18674897875   +    -Inf       -1.45    67.2s
    ‖ρε - ρref‖ = 0.011171317198998635 ‖Δρ‖ = 0.011171702311624484  ‖vε - vref‖ = 4.232167628670526  α = 0.0

#-- ‖ρε - ρref‖ = 1.609051844028684e-5 vs. 3.162277660168379e-8 = δ*ε ‖vε - vref‖ = 4.232167628670526  Qε=0.9043418061734181


# --- ε=1.778279410038923e-6

n     Energy            log10(ΔE)   log10(Δρ)   Δtime 
---   ---------------   ---------   ---------   ------
  1   -22.18671394041                   -0.88    13.1s
    ‖ρε - ρref‖ = 0.08323295685331246 ‖Δρ‖ = 0.0832303594459569  ‖vε - vref‖ = 7.892200074440122  α = 6.47e-5
  2   -22.18671453335       -6.23       -1.70    63.1s
    ‖ρε - ρref‖ = 0.00813899073738247 ‖Δρ‖ = 0.008137955452515033  ‖vε - vref‖ = 7.833683864974876  α = 0.000177
  3   -22.18671454369       -7.99       -0.13    70.5s
    ‖ρε - ρref‖ = 0.36100569839518454 ‖Δρ‖ = 0.36100745878772805  ‖vε - vref‖ = 7.821338778676186  α = 3.58e-6
  4   -22.18671454369      -14.15        0.03    91.6s
    ‖ρε - ρref‖ = 0.5336380321875263 ‖Δρ‖ = 0.5336400103381255  ‖vε - vref‖ = 7.821338773757208  α = 2.13e-13
  5   -22.18671454369   +    -Inf        0.02    59.5s
    ‖ρε - ρref‖ = 0.5267426844900736 ‖Δρ‖ = 0.5267446455701984  ‖vε - vref‖ = 7.821338773758242  α = 0.0
  6   -22.18671584273       -5.89       -1.21    13.7s
    ‖ρε - ρref‖ = 0.038183721627449145 ‖Δρ‖ = 0.03818748863690383  ‖vε - vref‖ = 7.649348606068384  α = 3.36e-5
  7   -22.18671584273      -13.75       -1.52     106s
    ‖ρε - ρref‖ = 0.013355790911943893 ‖Δρ‖ = 0.013357261929517307  ‖vε - vref‖ = 7.649348598323557  α = 2.41e-11
  8   -22.18671584273   +    -Inf        0.03    59.4s
    ‖ρε - ρref‖ = 0.5350951321719508 ‖Δρ‖ = 0.5350977874475137  ‖vε - vref‖ = 7.649348598316158  α = 0.0
  9   -22.18671587882       -7.44       -1.81    62.5s
    ‖ρε - ρref‖ = 0.009367534397210237 ‖Δρ‖ = 0.009371637593763036  ‖vε - vref‖ = 7.638339542074843  α = 6.58e-5
 10   -22.18671587882      -13.85       -0.08     117s
    ‖ρε - ρref‖ = 0.41342096336869033 ‖Δρ‖ = 0.4134238117952369  ‖vε - vref‖ = 7.638339540993539  α = 2.84e-13
 11   -22.18671587882   +  -14.45        0.03    60.4s
    ‖ρε - ρref‖ = 0.5330536845314567 ‖Δρ‖ = 0.5330566476933168  ‖vε - vref‖ = 7.638339540997335  α = 0.0
 12   -22.18671588607       -8.14       -2.09    65.6s
    ‖ρε - ρref‖ = 0.004240634249271443 ‖Δρ‖ = 0.004236283807528365  ‖vε - vref‖ = 7.631252081357949  α = 4.41e-5
 13   -22.18671588607      -13.67        0.02     126s
    ‖ρε - ρref‖ = 0.5258255469863982 ‖Δρ‖ = 0.5258284040406229  ‖vε - vref‖ = 7.631252080378823  α = 8.42e-14
 14   -22.18671588607      -14.45        0.03    93.0s
    ‖ρε - ρref‖ = 0.537813033115281 ‖Δρ‖ = 0.5378158965196504  ‖vε - vref‖ = 7.63125208036533  α = 2.86e-16
 15   -22.18671588607   +    -Inf       -0.37     136s
    ‖ρε - ρref‖ = 0.20832734546156456 ‖Δρ‖ = 0.20832982029494135  ‖vε - vref‖ = 7.631252080373491  α = 8.81e-15
 16   -22.18671588607   +    -Inf       -0.37    64.9s
    ‖ρε - ρref‖ = 0.2005577334713037 ‖Δρ‖ = 0.20055939946255338  ‖vε - vref‖ = 7.6312520803741295  α = 0.0
Trying again without preconditioner ...
n     Energy            log10(ΔE)   log10(Δρ)   Δtime 
---   ---------------   ---------   ---------   ------
  1   -22.18671638020                   -1.04    79.7s
    ‖ρε - ρref‖ = 0.03235360635930308 ‖Δρ‖ = 0.03235529747677466  ‖vε - vref‖ = 7.5104053122782055  α = 0.00012
  2   -22.18671639375       -7.87        0.23    81.0s
    ‖ρε - ρref‖ = 0.7507558773744993 ‖Δρ‖ = 0.7507587902498429  ‖vε - vref‖ = 7.499963996651708  α = 2.63e-7
  3   -22.18671639375      -13.75        0.23     151s
    ‖ρε - ρref‖ = 0.7537308762735395 ‖Δρ‖ = 0.7537337608117628  ‖vε - vref‖ = 7.499963996141416  α = 8.41e-15
  4   -22.18671639375   +    -Inf        0.23    63.2s
    ‖ρε - ρref‖ = 0.7548926193776759 ‖Δρ‖ = 0.7548955137942843  ‖vε - vref‖ = 7.4999639961462155  α = 0.0
  5   -22.18671639972       -8.22       -1.05    98.6s
    ‖ρε - ρref‖ = 0.03236175519234104 ‖Δρ‖ = 0.03236391747761066  ‖vε - vref‖ = 7.494367945539735  α = 7.52e-6
  6   -22.18671639972      -13.85        0.23    63.3s
    ‖ρε - ρref‖ = 0.7539779255925457 ‖Δρ‖ = 0.7539808057569855  ‖vε - vref‖ = 7.494367945541214  α = 0.0
  7   -22.18671639972   +  -14.15       -1.08    67.1s
    ‖ρε - ρref‖ = 0.03086062532372636 ‖Δρ‖ = 0.030862814399346836  ‖vε - vref‖ = 7.49436794554162  α = 0.0
  8   -22.18671639972      -13.75       -1.08     143s
    ‖ρε - ρref‖ = 0.030860625323339778 ‖Δρ‖ = 0.030862814398989788  ‖vε - vref‖ = 7.49436794214419  α = 5.74e-12
  9   -22.18671639972   +  -13.97        0.23    59.5s
    ‖ρε - ρref‖ = 0.7546718742959116 ‖Δρ‖ = 0.7546747613022704  ‖vε - vref‖ = 7.494367942145171  α = 0.0
 10   -22.18671639972   +    -Inf       -1.08    62.8s
    ‖ρε - ρref‖ = 0.030860624797688606 ‖Δρ‖ = 0.03086281387338912  ‖vε - vref‖ = 7.4943679421457405  α = 0.0
 11   -22.18671639972      -14.45       -1.08     125s
    ‖ρε - ρref‖ = 0.030860624797608864 ‖Δρ‖ = 0.03086281387330955  ‖vε - vref‖ = 7.494367942129351  α = 4.67e-14
 12   -22.18671640510       -8.27        0.23    71.7s
    ‖ρε - ρref‖ = 0.7467542568100123 ‖Δρ‖ = 0.746757077482568  ‖vε - vref‖ = 7.489896956318677  α = 4.16e-8
 13   -22.18671640564       -9.27        0.17    62.7s
    ‖ρε - ρref‖ = 0.6388248015530167 ‖Δρ‖ = 0.6388273747914498  ‖vε - vref‖ = 7.488171161885258  α = 3.25e-7
 14   -22.18671640564      -14.45        0.07     125s
    ‖ρε - ρref‖ = 0.4759680527165579 ‖Δρ‖ = 0.47597072817017216  ‖vε - vref‖ = 7.4881711618665046  α = 6.17e-15
 15   -22.18671640564   +  -14.15        0.18    55.4s
    ‖ρε - ρref‖ = 0.6270644522557194 ‖Δρ‖ = 0.6270672657653504  ‖vε - vref‖ = 7.488171161873648  α = 0.0
 16   -22.18671640564      -13.97       -1.14     118s
    ‖ρε - ρref‖ = 0.027573405220354806 ‖Δρ‖ = 0.027576143729654886  ‖vε - vref‖ = 7.488171161719724  α = 3.47e-13
 17   -22.18671640564   +  -14.45        0.23    54.7s
    ‖ρε - ρref‖ = 0.7538911488228991 ‖Δρ‖ = 0.7538941040359861  ‖vε - vref‖ = 7.48817116172402  α = 0.0
 18   -22.18671640564      -14.45       -1.14    77.2s
    ‖ρε - ρref‖ = 0.027573405218974754 ‖Δρ‖ = 0.027576143728272228  ‖vε - vref‖ = 7.488171161020206  α = 1.66e-12
 19   -22.18671640564   +  -14.15        0.23    62.9s
    ‖ρε - ρref‖ = 0.7551708549194913 ‖Δρ‖ = 0.7551738116591075  ‖vε - vref‖ = 7.488171161010176  α = 0.0
 20   -22.18671640564      -14.45       -1.14     130s
    ‖ρε - ρref‖ = 0.027573405283500704 ‖Δρ‖ = 0.027576143792788225  ‖vε - vref‖ = 7.4881711608987125  α = 3.36e-13
 21   -22.18671640564   +  -14.45        0.23    49.9s
    ‖ρε - ρref‖ = 0.7543323421651426 ‖Δρ‖ = 0.7543353042252109  ‖vε - vref‖ = 7.488171160884799  α = 0.0
 22   -22.18671640564      -14.15       -1.14    95.4s
    ‖ρε - ρref‖ = 0.027573405283877507 ‖Δρ‖ = 0.027576143793161915  ‖vε - vref‖ = 7.488171160759456  α = 3.34e-13
 23   -22.18671640564   +    -Inf        0.23    62.5s
    ‖ρε - ρref‖ = 0.7551133690483942 ‖Δρ‖ = 0.7551163274616866  ‖vε - vref‖ = 7.488171160759987  α = 0.0
 24   -22.18671640564   +    -Inf       -1.14    62.6s
    ‖ρε - ρref‖ = 0.02757340530273777 ‖Δρ‖ = 0.027576143812020205  ‖vε - vref‖ = 7.48817116075896  α = 0.0

#-- ‖ρε - ρref‖ = 1.3908261273158566e-5 vs. 1.7782794100389228e-8 = δ*ε ‖vε - vref‖ = 7.48817116075896  Qε=0.920095922726318


# --- ε=1.0e-6

n     Energy            log10(ΔE)   log10(Δρ)   Δtime 
---   ---------------   ---------   ---------   ------
  1   -22.18667198634                   -0.90    14.6s
    ‖ρε - ρref‖ = 0.07877469097736446 ‖Δρ‖ = 0.07877170494633771  ‖vε - vref‖ = 13.484238721767646  α = 1.74e-5
  2   -22.18667206133       -7.13       -1.27    66.0s
    ‖ρε - ρref‖ = 0.02565770518474752 ‖Δρ‖ = 0.025658988439798216  ‖vε - vref‖ = 13.451187487408944  α = 3.5e-5
  3   -22.18667206133   +    -Inf        0.03     115s
    ‖ρε - ρref‖ = 0.5332915196036205 ‖Δρ‖ = 0.5332934310884085  ‖vε - vref‖ = 13.451187486596654  α = 8.97e-14
  4   -22.18667206133   +    -Inf        0.03     132s
    ‖ρε - ρref‖ = 0.5405419113951797 ‖Δρ‖ = 0.5405438370356125  ‖vε - vref‖ = 13.451187486482189  α = 8.86e-16
Trying again without preconditioner ...
n     Energy            log10(ΔE)   log10(Δρ)   Δtime 
---   ---------------   ---------   ---------   ------
  1   -22.18667244208                   -0.74    92.9s
    ‖ρε - ρref‖ = 0.06663276323795535 ‖Δρ‖ = 0.06663168832187581  ‖vε - vref‖ = 13.387262750393143  α = 7.43e-6
  2   -22.18667261541       -6.76        0.23    64.0s
    ‖ρε - ρref‖ = 0.7508193059819387 ‖Δρ‖ = 0.7508209724630049  ‖vε - vref‖ = 13.328239811976593  α = 1.49e-6
  3   -22.18667261541      -13.50        0.24     105s
    ‖ρε - ρref‖ = 0.7582914237794386 ‖Δρ‖ = 0.7582930988547265  ‖vε - vref‖ = 13.328239806910936  α = 2.85e-14
  4   -22.18667261541   +  -14.45        0.23    62.1s
    ‖ρε - ρref‖ = 0.7561729143800563 ‖Δρ‖ = 0.7561745809832354  ‖vε - vref‖ = 13.328239806898074  α = 0.0
  5   -22.18667261541      -14.45       -0.70     137s
    ‖ρε - ρref‖ = 0.08385015619613621 ‖Δρ‖ = 0.08385160149638979  ‖vε - vref‖ = 13.328239806869943  α = 2.17e-14
  6   -22.18667261541   +  -14.15        0.24    50.0s
    ‖ρε - ρref‖ = 0.7588857112787745 ‖Δρ‖ = 0.7588873879588783  ‖vε - vref‖ = 13.328239806869847  α = 0.0
  7   -22.18667261541      -14.45       -0.70     191s
    ‖ρε - ρref‖ = 0.0838501561780675 ‖Δρ‖ = 0.08385160147832073  ‖vε - vref‖ = 13.328239806858813  α = 4.46e-15
  8   -22.18667261541   +  -14.15        0.23    62.3s
    ‖ρε - ρref‖ = 0.7549203209063649 ‖Δρ‖ = 0.7549219938286846  ‖vε - vref‖ = 13.328239806858965  α = 0.0
  9   -22.18667261541   +    -Inf       -0.70     143s
    ‖ρε - ρref‖ = 0.08385015618206942 ‖Δρ‖ = 0.08385160148232505  ‖vε - vref‖ = 13.328239803588676  α = 2.71e-12
 10   -22.18667261541   +    -Inf        0.24    62.7s
    ‖ρε - ρref‖ = 0.7580694108936147 ‖Δρ‖ = 0.7580710826558867  ‖vε - vref‖ = 13.328239803617707  α = 0.0

#-- ‖ρε - ρref‖ = 1.3259100709804368e-5 vs. 1.0e-8 = δ*ε ‖vε - vref‖ = 13.328239803617707  Qε=0.914884238755415

|v-vref|h1 = [0.8143974931011353, 1.3531221845690427, 2.3929501181220716, 4.232167628670526, 7.488171160758961, 13.328239803617707]
|v-vref|l2 = [0.16805092831811658, 0.28237167965975885, 0.5007547702324908, 0.8876502257906881, 1.5664872652441837, 2.7901970557610283]
────────────────────────────────────────────────────────────────────────────────────────────
                                                   Time                    Allocations      
                                          ───────────────────────   ────────────────────────
            Tot / % measured:                  4.58h /  76.6%           17.0TiB /  49.1%    

Section                           ncalls     time    %tot     avg     alloc    %tot      avg
────────────────────────────────────────────────────────────────────────────────────────────
compute_density                    5.56k    1.56h   44.4%   1.01s   4.17TiB   50.1%   786MiB
  symmetrize_ρ                     5.56k    1.43h   40.8%   928ms   2.82TiB   33.8%   531MiB
DftHamiltonian multiplication       300k    1.10h   31.2%  13.1ms    631GiB    7.4%  2.15MiB
  nonlocal                          300k    2826s   22.3%  9.40ms   36.2GiB    0.4%   126KiB
energy_hamiltonian                 5.35k    3000s   23.7%   560ms   3.43TiB   41.2%   671MiB
  ene_ops                          5.35k    2619s   20.7%   489ms   1.06TiB   12.7%   207MiB
    ene_ops: nonlocal              5.35k    1455s   11.5%   272ms   41.5GiB    0.5%  7.94MiB
    ene_ops: dualmap               5.35k     537s    4.2%   100ms    477GiB    5.6%  91.3MiB
    ene_ops: external_Hartree      5.35k     527s    4.2%  98.4ms    436GiB    5.1%  83.3MiB
    ene_ops: kinetic               5.35k    60.1s    0.5%  11.2ms   0.93GiB    0.0%   183KiB
    ene_ops: hartree               5.35k    34.3s    0.3%  6.40ms    105GiB    1.2%  20.0MiB
    ene_ops: local                 5.35k    3.91s    0.0%   730μs   21.1GiB    0.2%  4.04MiB
ortho_qr                           11.8k    41.8s    0.3%  3.55ms   87.5GiB    1.0%  7.61MiB
PlaneWaveBasis                         6    15.8s    0.1%   2.63s   22.1GiB    0.3%  3.69GiB
  Instantiation AtomicNonlocal         6    11.6s    0.1%   1.93s   17.2GiB    0.2%  2.87GiB
  Instantiation ExternalHartree        6    1.78s    0.0%   297ms    732MiB    0.0%   122MiB
  Instantiation AtomicLocal            6    1.17s    0.0%   196ms    770MiB    0.0%   128MiB
    enforce_real!                      6   7.76ms    0.0%  1.29ms   2.25KiB    0.0%     384B
  Instantiation DualMap                6    592ms    0.0%  98.7ms    492MiB    0.0%  82.0MiB
  build_kpoints                        6    375ms    0.0%  62.5ms   2.47GiB    0.0%   422MiB
  Instantiation Hartree                6    175ms    0.0%  29.1ms   26.4MiB    0.0%  4.40MiB
    enforce_real!                      6   7.24ms    0.0%  1.21ms   2.53KiB    0.0%     432B
  Instantiation Kinetic                6   60.6ms    0.0%  10.1ms    280MiB    0.0%  46.6MiB
  Instantiation Ewald                  6   27.7ms    0.0%  4.61ms   18.1KiB    0.0%  3.02KiB
    precomp: Ewald                     6   27.6ms    0.0%  4.59ms   12.5KiB    0.0%  2.08KiB
  _check_kpoint_reduction              6   15.1ms    0.0%  2.52ms     0.00B    0.0%    0.00B
  Instantiation PspCorrection          6    162μs    0.0%  27.0μs   2.44KiB    0.0%     416B
load_scfres                            1    12.0s    0.1%   12.0s   5.98GiB    0.1%  5.98GiB
  energy_hamiltonian                   1    3.36s    0.0%   3.36s    739MiB    0.0%   739MiB
    ene_ops                            1    3.26s    0.0%   3.26s    383MiB    0.0%   383MiB
      ene_ops: xc                      1    2.06s    0.0%   2.06s    327MiB    0.0%   327MiB
      ene_ops: nonlocal                1    297ms    0.0%   297ms   9.42MiB    0.0%  9.42MiB
      ene_ops: kinetic                 1   42.9ms    0.0%  42.9ms    234KiB    0.0%   234KiB
      ene_ops: hartree                 1   26.4ms    0.0%  26.4ms   20.0MiB    0.0%  20.0MiB
      ene_ops: local                   1    246μs    0.0%   246μs   4.04MiB    0.0%  4.04MiB
  Instantiation AtomicNonlocal         1    2.80s    0.0%   2.80s   2.93GiB    0.0%  2.93GiB
  Instantiation Xc                     1    1.01s    0.0%   1.01s    202MiB    0.0%   202MiB
    enforce_real!                      1   1.29ms    0.0%  1.29ms      384B    0.0%     384B
  Instantiation AtomicLocal            1    291ms    0.0%   291ms    127MiB    0.0%   127MiB
    enforce_real!                      1   1.29ms    0.0%  1.29ms      384B    0.0%     384B
  build_kpoints                        1    180ms    0.0%   180ms    422MiB    0.0%   422MiB
  Instantiation Ewald                  1    123ms    0.0%   123ms   18.4MiB    0.0%  18.4MiB
    precomp: Ewald                     1   4.63ms    0.0%  4.63ms   3.16KiB    0.0%  3.16KiB
  Instantiation Kinetic                1   27.6ms    0.0%  27.6ms   46.6MiB    0.0%  46.6MiB
  Instantiation PspCorrection          1   21.5ms    0.0%  21.5ms   2.76MiB    0.0%  2.76MiB
  Instantiation Hartree                1   16.9ms    0.0%  16.9ms   9.19MiB    0.0%  9.19MiB
    enforce_real!                      1   1.19ms    0.0%  1.19ms      432B    0.0%     432B
  _check_kpoint_reduction              1   2.55ms    0.0%  2.55ms     0.00B    0.0%    0.00B
save_scfres                            2    5.87s    0.0%   2.93s    656MiB    0.0%   328MiB
symmetry_operations                    6    689ms    0.0%   115ms   9.83MiB    0.0%  1.64MiB
  _check_symmetries                    6    629μs    0.0%   105μs   1.12MiB    0.0%   192KiB
────────────────────────────────────────────────────────────────────────────────────────────
