
DFTK Version      0.7.20
Julia Version     1.12.4
libxc Version     7.0.0
FFTW.jl provider  fftw v3.3.10

BLAS.get_config()
  LinearAlgebra.BLAS.LBTConfig
  Libraries: 
  └ [ILP64] libopenblas64_.so

MPI.versioninfo()
  MPIPreferences:
    binary:  MPICH_jll
    abi:     MPICH
  
  Package versions
    MPI.jl:             0.20.23
    MPIPreferences.jl:  0.1.11
    MPICH_jll:          4.3.2+0
  
  Library information:
    libmpi:  /data/vebak3345/.julia/artifacts/117d9048128625bb3418b0b4cca48739c5d28740/lib/libmpi.so
    libmpi dlpath:  /data/vebak3345/.julia/artifacts/117d9048128625bb3418b0b4cca48739c5d28740/lib/libmpi.so
    MPI version:  4.1.0
    Library version:  
      MPICH Version:      4.3.1
      MPICH Release date: Fri Jun 20 09:24:41 AM CDT 2025
      MPICH ABI:          17:1:5
      MPICH Device:       ch3:nemesis
      MPICH configure:    --build=x86_64-linux-musl --disable-dependency-tracking --disable-doc --enable-fast=ndebug,O3 --enable-static=no --host=x86_64-linux-gnu --prefix=/workspace/destdir --with-device=ch3 --with-hwloc=/workspace/destdir
      MPICH CC:           cc     -DNDEBUG -DNVALGRIND -O3
      MPICH CXX:          c++   -DNDEBUG -DNVALGRIND -O3
      MPICH F77:          gfortran   -O3
      MPICH FC:           gfortran   -O3
      MPICH features:     
      
    MPI launcher: /data/vebak3345/.julia/artifacts/117d9048128625bb3418b0b4cca48739c5d28740/bin/mpiexec
    MPI launcher path: /data/vebak3345/.julia/artifacts/117d9048128625bb3418b0b4cca48739c5d28740/bin/mpiexec
  


truncated grid size:(50, 50, 50)
‖ρref - ρorig‖H-1 = 3.266984698088947e-5
‖ρref - ρorig‖L2  = 0.0001779103605455697

# --- ε=1.0

n     Energy            log10(ΔE)   log10(Δρ)   Δtime 
---   ---------------   ---------   ---------   ------
  1   -20.26172360097                   -0.78    16.8s
    ‖ρε - ρref‖ = 0.0005852362442366521 ‖Δρ‖ = 0.106561096766186  ‖vε - vref‖ = 4.912417212107059  α = 1.0
  2   -20.28828465248       -1.58       -1.23    7.24s
    ‖ρε - ρref‖ = 0.10592606592445389 ‖Δρ‖ = 0.03528718542527374  ‖vε - vref‖ = 4.855262208618218  α = 1.0
  3   -20.30567732884       -1.76       -1.93    5.75s
    ‖ρε - ρref‖ = 0.13946472886425892 ‖Δρ‖ = 0.006712607589415675  ‖vε - vref‖ = 4.843727828179787  α = 1.0
  4   -20.30902055728       -2.48       -2.04    6.06s
    ‖ρε - ρref‖ = 0.1456116286552092 ‖Δρ‖ = 0.005344138649810068  ‖vε - vref‖ = 4.852407833060997  α = 1.0

#-- ‖ρε - ρref‖ = 0.1396138406918715 vs. 0.01 = δ*ε ‖vε - vref‖ = 4.854742527076446  Qε=0.11189642866763491


# --- ε=0.5623413251903491

n     Energy            log10(ΔE)   log10(Δρ)   Δtime 
---   ---------------   ---------   ---------   ------
  1   -20.29971575477                   -2.31    15.6s
    ‖ρε - ρref‖ = 0.14141662182470302 ‖Δρ‖ = 0.0030953487234495107  ‖vε - vref‖ = 4.672298217846146  α = 0.41
  2   -20.29997480231       -3.59       -2.39    7.07s
    ‖ρε - ρref‖ = 0.13835533802057193 ‖Δρ‖ = 0.002548806521303644  ‖vε - vref‖ = 4.680017395703016  α = 1.0

#-- ‖ρε - ρref‖ = 0.1352614675206677 vs. 0.005623413251903491 = δ*ε ‖vε - vref‖ = 4.681818120143565  Qε=0.10820099712361547


# --- ε=0.31622776601683794

n     Energy            log10(ΔE)   log10(Δρ)   Δtime 
---   ---------------   ---------   ---------   ------
  1   -20.27839862515                   -1.99    12.0s
    ‖ρε - ρref‖ = 0.13526160404367873 ‖Δρ‖ = 0.006477958415974359  ‖vε - vref‖ = 4.398203389718305  α = 1.0
  2   -20.27864694536       -3.60       -2.14    8.57s
    ‖ρε - ρref‖ = 0.13144683606683666 ‖Δρ‖ = 0.004634014455745298  ‖vε - vref‖ = 4.408957498349361  α = 0.428
  3   -20.27871878830       -4.14       -2.98    6.05s
    ‖ρε - ρref‖ = 0.1268186141095976 ‖Δρ‖ = 0.0006320167062899587  ‖vε - vref‖ = 4.412256835958101  α = 1.0
  4   -20.27875271218       -4.47       -3.37    5.87s
    ‖ρε - ρref‖ = 0.12620909031815394 ‖Δρ‖ = 0.00018214886636207792  ‖vε - vref‖ = 4.412377565143004  α = 1.0

#-- ‖ρε - ρref‖ = 0.12620580031840845 vs. 0.0031622776601683794 = δ*ε ‖vε - vref‖ = 4.412144091862854  Qε=0.08765831067289388


# --- ε=0.1778279410038923

n     Energy            log10(ΔE)   log10(Δρ)   Δtime 
---   ---------------   ---------   ---------   ------
  1   -20.24679149664                   -1.71    12.2s
    ‖ρε - ρref‖ = 0.12620667719224068 ‖Δρ‖ = 0.012328486539957297  ‖vε - vref‖ = 4.007849529216475  α = 1.0
  2   -20.24707393185       -3.55       -2.41    5.99s
    ‖ρε - ρref‖ = 0.11389197290476312 ‖Δρ‖ = 0.002216716970553042  ‖vε - vref‖ = 4.026379649314452  α = 1.0
  3   -20.24725925027       -3.73       -2.94    5.98s
    ‖ρε - ρref‖ = 0.1118387399309487 ‖Δρ‖ = 0.0006328176737197968  ‖vε - vref‖ = 4.0321613065327275  α = 1.0
  4   -20.24732400913       -4.19       -3.12    6.40s
    ‖ρε - ρref‖ = 0.11125648348342436 ‖Δρ‖ = 0.000376964845035153  ‖vε - vref‖ = 4.029644983871703  α = 1.0

#-- ‖ρε - ρref‖ = 0.11162601346052779 vs. 0.001778279410038923 = δ*ε ‖vε - vref‖ = 4.028279026083008  Qε=0.05892744968072309


# --- ε=0.1

n     Energy            log10(ΔE)   log10(Δρ)   Δtime 
---   ---------------   ---------   ---------   ------
  1   -20.20521341570                   -1.51    11.7s
    ‖ρε - ρref‖ = 0.11162956958162583 ‖Δρ‖ = 0.019530473069465613  ‖vε - vref‖ = 3.548811615802899  α = 1.0
  2   -20.20577464010       -3.25       -2.50    6.48s
    ‖ρε - ρref‖ = 0.09212030017423799 ‖Δρ‖ = 0.0014704852754606308  ‖vε - vref‖ = 3.539715922243804  α = 1.0
  3   -20.20624257325       -3.33       -2.59    6.13s
    ‖ρε - ρref‖ = 0.09248592091045961 ‖Δρ‖ = 0.0014716907259614898  ‖vε - vref‖ = 3.517726905291689  α = 1.0
  4   -20.20636143705       -3.92       -2.76    5.82s
    ‖ρε - ρref‖ = 0.09390021210065365 ‖Δρ‖ = 0.001004288423840824  ‖vε - vref‖ = 3.5326886714369334  α = 1.0
  5   -20.20647200535       -3.96       -2.80    6.05s
    ‖ρε - ρref‖ = 0.09300637693257768 ‖Δρ‖ = 0.0008677384911306888  ‖vε - vref‖ = 3.5446018314955072  α = 1.0
  6   -20.20650485078       -4.48       -3.30    6.48s
    ‖ρε - ρref‖ = 0.09219122383863934 ‖Δρ‖ = 0.00027665665637812597  ‖vε - vref‖ = 3.5408190505850112  α = 1.0

#-- ‖ρε - ρref‖ = 0.0925884794468792 vs. 0.001 = δ*ε ‖vε - vref‖ = 3.5383906510367535  Qε=0.018747734070301527


# --- ε=0.05623413251903491

n     Energy            log10(ΔE)   log10(Δρ)   Δtime 
---   ---------------   ---------   ---------   ------
  1   -20.15567851548                   -1.34    11.5s
    ‖ρε - ρref‖ = 0.09260025311106256 ‖Δρ‖ = 0.029121349207643414  ‖vε - vref‖ = 3.213702629067464  α = 1.0
  2   -20.15953901884       -2.41       -1.89    6.08s
    ‖ρε - ρref‖ = 0.06351091125822216 ‖Δρ‖ = 0.008154736101823119  ‖vε - vref‖ = 2.989641493278227  α = 1.0
  3   -20.15990343087       -3.44       -2.36    8.61s
    ‖ρε - ρref‖ = 0.07022229680246372 ‖Δρ‖ = 0.00237611476219912  ‖vε - vref‖ = 2.966666781967696  α = 0.426
  4   -20.16001136883       -3.97       -2.90    5.86s
    ‖ρε - ρref‖ = 0.07238995752119044 ‖Δρ‖ = 0.0006819546316932356  ‖vε - vref‖ = 2.9831072316662626  α = 1.0
  5   -20.16008142433       -4.15       -2.79    5.90s
    ‖ρε - ρref‖ = 0.07177168681176685 ‖Δρ‖ = 0.0009102927904574293  ‖vε - vref‖ = 3.0043718936263497  α = 1.0
  6   -20.16009520476       -4.86       -3.54    6.26s
    ‖ρε - ρref‖ = 0.07090572162269689 ‖Δρ‖ = 0.00012681573703037842  ‖vε - vref‖ = 3.004128816539761  α = 1.0
  7   -20.16011341355       -4.74       -3.28    6.31s
    ‖ρε - ρref‖ = 0.07091597975613213 ‖Δρ‖ = 0.00030105652883985663  ‖vε - vref‖ = 2.996905482980257  α = 1.0

#-- ‖ρε - ρref‖ = 0.07123136550377232 vs. 0.0005623413251903491 = δ*ε ‖vε - vref‖ = 2.9961896665949532  Qε=0.030014297504705814


# --- ε=0.03162277660168379

n     Energy            log10(ΔE)   log10(Δρ)   Δtime 
---   ---------------   ---------   ---------   ------
  1   -20.11355087869                   -1.20    14.4s
    ‖ρε - ρref‖ = 0.09222413756805124 ‖Δρ‖ = 0.04020598956245756  ‖vε - vref‖ = 2.4355927827075945  α = 0.48
  2   -20.11419335958       -3.19       -2.39    5.72s
    ‖ρε - ρref‖ = 0.052052507028680105 ‖Δρ‖ = 0.0019283498768822157  ‖vε - vref‖ = 2.4726452347480943  α = 1.0
  3   -20.11452090505       -3.48       -2.79    5.86s
    ‖ρε - ρref‖ = 0.050909995180428755 ‖Δρ‖ = 0.0006333912377281363  ‖vε - vref‖ = 2.486126761657305  α = 1.0
  4   -20.11463439883       -3.95       -3.31    5.93s
    ‖ρε - ρref‖ = 0.05074218763936259 ‖Δρ‖ = 0.00023122397536329422  ‖vε - vref‖ = 2.4811050947034516  α = 1.0
  5   -20.11467385587       -4.40       -3.24    5.78s
    ‖ρε - ρref‖ = 0.050822540071824046 ‖Δρ‖ = 0.0002394280268919883  ‖vε - vref‖ = 2.4788134961402837  α = 1.0

#-- ‖ρε - ρref‖ = 0.050737116780620976 vs. 0.00031622776601683794 = δ*ε ‖vε - vref‖ = 2.4824426330069254  Qε=0.08381522673367238


# --- ε=0.01778279410038923

n     Energy            log10(ΔE)   log10(Δρ)   Δtime 
---   ---------------   ---------   ---------   ------
  1   -20.07548415969                   -1.09    14.1s
    ‖ρε - ρref‖ = 0.08575535026226885 ‖Δρ‖ = 0.05138380512959018  ‖vε - vref‖ = 2.0222698565074237  α = 0.321
  2   -20.07593033007       -3.35       -2.49    5.71s
    ‖ρε - ρref‖ = 0.03444099766774543 ‖Δρ‖ = 0.001515802115552882  ‖vε - vref‖ = 2.053038293511723  α = 1.0
  3   -20.07616394987       -3.63       -2.78    5.75s
    ‖ρε - ρref‖ = 0.03379230282757497 ‖Δρ‖ = 0.0006990376154615524  ‖vε - vref‖ = 2.0719711694745055  α = 1.0
  4   -20.07625885684       -4.02       -3.25    5.86s
    ‖ρε - ρref‖ = 0.03369521386308315 ‖Δρ‖ = 0.0002606609845888566  ‖vε - vref‖ = 2.060835274458313  α = 1.0
  5   -20.07628267960       -4.62       -3.17    6.39s
    ‖ρε - ρref‖ = 0.03376403291084005 ‖Δρ‖ = 0.0002936225787667131  ‖vε - vref‖ = 2.0559571663704608  α = 1.0
  6   -20.07630974503       -4.57       -3.53    5.94s
    ‖ρε - ρref‖ = 0.03375728846718779 ‖Δρ‖ = 0.00012667285892537915  ‖vε - vref‖ = 2.0635723768388123  α = 1.0
  7   -20.07631177701       -5.69       -3.59    5.80s
    ‖ρε - ρref‖ = 0.03370518399401001 ‖Δρ‖ = 0.00011112280435903203  ‖vε - vref‖ = 2.0653443267395963  α = 1.0

#-- ‖ρε - ρref‖ = 0.033707061069561235 vs. 0.0001778279410038923 = δ*ε ‖vε - vref‖ = 2.063213729578615  Qε=0.14065291815067937


# --- ε=0.01

n     Energy            log10(ΔE)   log10(Δρ)   Δtime 
---   ---------------   ---------   ---------   ------
  1   -20.04717090428                   -1.01    14.1s
    ‖ρε - ρref‖ = 0.08262502603790181 ‖Δρ‖ = 0.061231813713641337  ‖vε - vref‖ = 1.7134854457396773  α = 0.203
  2   -20.04736162113       -3.72       -2.55    5.46s
    ‖ρε - ρref‖ = 0.021523577418556324 ‖Δρ‖ = 0.0013276144601435348  ‖vε - vref‖ = 1.7510566007428445  α = 1.0
  3   -20.04754770876       -3.73       -2.72    5.82s
    ‖ρε - ρref‖ = 0.021225330538422786 ‖Δρ‖ = 0.000857162177252859  ‖vε - vref‖ = 1.7668526238763806  α = 1.0
  4   -20.04758716819       -4.40       -2.90    6.03s
    ‖ρε - ρref‖ = 0.021196351905629334 ‖Δρ‖ = 0.0005112659034621035  ‖vε - vref‖ = 1.7387993413881013  α = 1.0
  5   -20.04761637057       -4.53       -3.23    6.59s
    ‖ρε - ρref‖ = 0.021211968761467845 ‖Δρ‖ = 0.0002549911942464144  ‖vε - vref‖ = 1.7444723471889143  α = 1.0
  6   -20.04762030275       -5.41       -3.25    5.90s
    ‖ρε - ρref‖ = 0.02120855115310392 ‖Δρ‖ = 0.0002274937845152314  ‖vε - vref‖ = 1.756723691647741  α = 1.0
  7   -20.04762820789       -5.10       -3.42    5.96s
    ‖ρε - ρref‖ = 0.02119525333992368 ‖Δρ‖ = 0.00014981578427011484  ‖vε - vref‖ = 1.7513055753891331  α = 1.0
  8   -20.04762964078       -5.84       -3.77    9.02s
    ‖ρε - ρref‖ = 0.02118490263883171 ‖Δρ‖ = 6.906531933076442e-5  ‖vε - vref‖ = 1.7495588352530334  α = 0.506
  9   -20.04763011029       -6.33       -4.02    5.97s
    ‖ρε - ρref‖ = 0.021187298630392516 ‖Δρ‖ = 3.6361479782875016e-5  ‖vε - vref‖ = 1.7504475059134474  α = 1.0

#-- ‖ρε - ρref‖ = 0.02118799476727949 vs. 0.0001 = δ*ε ‖vε - vref‖ = 1.7512496827032955  Qε=0.20289961049478322


# --- ε=0.005623413251903491

n     Energy            log10(ΔE)   log10(Δρ)   Δtime 
---   ---------------   ---------   ---------   ------
  1   -20.02786169046                   -0.96    13.9s
    ‖ρε - ρref‖ = 0.0815810829438177 ‖Δρ‖ = 0.06880562808351949  ‖vε - vref‖ = 1.470323333644  α = 0.123
  2   -20.02802453728       -3.79       -2.49    8.22s
    ‖ρε - ρref‖ = 0.0131180634420788 ‖Δρ‖ = 0.001453524867370563  ‖vε - vref‖ = 1.5093848141636157  α = 0.493
  3   -20.02807135256       -4.33       -3.04    5.77s
    ‖ρε - ρref‖ = 0.012885148816980788 ‖Δρ‖ = 0.00037610809222549764  ‖vε - vref‖ = 1.5352340609868131  α = 1.0
  4   -20.02808004382       -5.06       -2.86    5.94s
    ‖ρε - ρref‖ = 0.012818300197969798 ‖Δρ‖ = 0.0005780017257086335  ‖vε - vref‖ = 1.5036959235246954  α = 1.0
  5   -20.02810471392       -4.61       -3.05    5.82s
    ‖ρε - ρref‖ = 0.012792498223541787 ‖Δρ‖ = 0.00035362088492833733  ‖vε - vref‖ = 1.5147098754123194  α = 1.0
  6   -20.02810723715       -5.60       -3.67    5.77s
    ‖ρε - ρref‖ = 0.012817242923331149 ‖Δρ‖ = 7.431955752816745e-5  ‖vε - vref‖ = 1.518582709319549  α = 1.0
  7   -20.02810842473       -5.93       -4.10    5.78s
    ‖ρε - ρref‖ = 0.012815212861446651 ‖Δρ‖ = 3.41494148916618e-5  ‖vε - vref‖ = 1.5168948804099207  α = 1.0
  8   -20.02810882389       -6.40       -4.08    5.72s
    ‖ρε - ρref‖ = 0.012810053302061222 ‖Δρ‖ = 2.8626870452595152e-5  ‖vε - vref‖ = 1.515932752049367  α = 1.0

#-- ‖ρε - ρref‖ = 0.012810631937414135 vs. 5.6234132519034914e-5 = δ*ε ‖vε - vref‖ = 1.5167043170344334  Qε=0.2711136009479885


# --- ε=0.0031622776601683794

n     Energy            log10(ΔE)   log10(Δρ)   Δtime 
---   ---------------   ---------   ---------   ------
  1   -20.01548397824                   -0.93    13.9s
    ‖ρε - ρref‖ = 0.08143619162832016 ‖Δρ‖ = 0.07401105428250555  ‖vε - vref‖ = 1.2651606772620063  α = 0.0724
  2   -20.01560892239       -3.90       -2.33    8.34s
    ‖ρε - ρref‖ = 0.00803140731455022 ‖Δρ‖ = 0.002021637491593951  ‖vε - vref‖ = 1.3148712282390735  α = 0.309
  3   -20.01563988904       -4.51       -3.22    5.63s
    ‖ρε - ρref‖ = 0.0076006904215829936 ‖Δρ‖ = 0.00020451164693138525  ‖vε - vref‖ = 1.3335219255475035  α = 1.0
  4   -20.01564589804       -5.22       -3.28    5.65s
    ‖ρε - ρref‖ = 0.007559661460453193 ‖Δρ‖ = 0.00020510353876773804  ‖vε - vref‖ = 1.3270297079181366  α = 1.0
  5   -20.01565059570       -5.33       -3.13    8.54s
    ‖ρε - ρref‖ = 0.007560207075858667 ‖Δρ‖ = 0.00032608448969955747  ‖vε - vref‖ = 1.3187207318681342  α = 0.378
  6   -20.01565207334       -5.83       -3.59    5.99s
    ‖ρε - ρref‖ = 0.007554337986711204 ‖Δρ‖ = 8.856664620982331e-5  ‖vε - vref‖ = 1.3294955155993005  α = 1.0
  7   -20.01565369624       -5.79       -3.91    6.06s
    ‖ρε - ρref‖ = 0.007560544580694708 ‖Δρ‖ = 4.5076428414958104e-5  ‖vε - vref‖ = 1.3237392458072978  α = 1.0
  8   -20.01565385718       -6.79       -3.98    6.27s
    ‖ρε - ρref‖ = 0.007559053669262413 ‖Δρ‖ = 3.369239640506329e-5  ‖vε - vref‖ = 1.3231419005958307  α = 1.0
  9   -20.01565436603       -6.29       -4.26    5.88s
    ‖ρε - ρref‖ = 0.007556046427040993 ‖Δρ‖ = 1.777584186765701e-5  ‖vε - vref‖ = 1.32503521586122  α = 1.0
 10   -20.01565443924       -7.14       -4.35    9.07s
    ‖ρε - ρref‖ = 0.007556358753072619 ‖Δρ‖ = 1.540722920330651e-5  ‖vε - vref‖ = 1.324776835382736  α = 0.45

#-- ‖ρε - ρref‖ = 0.0075572794687924424 vs. 3.1622776601683795e-5 = δ*ε ‖vε - vref‖ = 1.3244894333819361  Qε=0.3481861932123864


# --- ε=0.0017782794100389228

n     Energy            log10(ΔE)   log10(Δρ)   Δtime 
---   ---------------   ---------   ---------   ------
  1   -20.00788466096                   -0.91    13.7s
    ‖ρε - ρref‖ = 0.08157238052660509 ‖Δρ‖ = 0.07732795418891769  ‖vε - vref‖ = 1.087674031254034  α = 0.0419
  2   -20.00800100773       -3.93       -2.20    8.49s
    ‖ρε - ρref‖ = 0.005408047472787921 ‖Δρ‖ = 0.002664955028597995  ‖vε - vref‖ = 1.1224170577114099  α = 0.189
  3   -20.00801285364       -4.93       -2.93    8.45s
    ‖ρε - ρref‖ = 0.004470392507183091 ‖Δρ‖ = 0.000457849321135339  ‖vε - vref‖ = 1.1394216250213491  α = 0.326
  4   -20.00801959622       -5.17       -2.97    8.53s
    ‖ρε - ρref‖ = 0.004459203782536391 ‖Δρ‖ = 0.0004388645232312172  ‖vε - vref‖ = 1.1572935777120816  α = 0.232
  5   -20.00802263884       -5.52       -3.61    6.05s
    ‖ρε - ρref‖ = 0.004402622772393045 ‖Δρ‖ = 8.281699318278366e-5  ‖vε - vref‖ = 1.1408744951968088  α = 1.0
  6   -20.00802556943       -5.53       -3.77    5.59s
    ‖ρε - ρref‖ = 0.004392750996086416 ‖Δρ‖ = 6.230892476841653e-5  ‖vε - vref‖ = 1.1490621291157275  α = 1.0
  7   -20.00802649414       -6.03       -3.68    8.56s
    ‖ρε - ρref‖ = 0.004391801959464936 ‖Δρ‖ = 7.744498075908239e-5  ‖vε - vref‖ = 1.1489159469079198  α = 0.445
  8   -20.00802667430       -6.74       -4.17    5.90s
    ‖ρε - ρref‖ = 0.004396099163900537 ‖Δρ‖ = 2.0290703239366554e-5  ‖vε - vref‖ = 1.1467853986879577  α = 1.0
  9   -20.00802685574       -6.74       -4.26    6.16s
    ‖ρε - ρref‖ = 0.004397038781893891 ‖Δρ‖ = 1.7519476062752214e-5  ‖vε - vref‖ = 1.147526689818271  α = 1.0
 10   -20.00802688974       -7.47       -4.65    5.93s
    ‖ρε - ρref‖ = 0.0043963764482022605 ‖Δρ‖ = 7.5244786159221704e-6  ‖vε - vref‖ = 1.1470478335576955  α = 1.0

#-- ‖ρε - ρref‖ = 0.0043961516289449274 vs. 1.778279410038923e-5 = δ*ε ‖vε - vref‖ = 1.1473489371270233  Qε=0.4365350296130924


# --- ε=0.001

n     Energy            log10(ΔE)   log10(Δρ)   Δtime 
---   ---------------   ---------   ---------   ------
  1   -20.00334460204                   -0.90    13.9s
    ‖ρε - ρref‖ = 0.08173400420058874 ‖Δρ‖ = 0.07933075372952844  ‖vε - vref‖ = 0.9381645984991774  α = 0.024
  2   -20.00344826274       -3.98       -2.11    8.28s
    ‖ρε - ρref‖ = 0.004370271970472779 ‖Δρ‖ = 0.0032072215653283693  ‖vε - vref‖ = 0.9235654721650168  α = 0.117
  3   -20.00345814188       -5.01       -2.69    8.85s
    ‖ρε - ρref‖ = 0.0027330363545318816 ‖Δρ‖ = 0.0007819635072126486  ‖vε - vref‖ = 0.943393987955926  α = 0.148
  4   -20.00346353399       -5.27       -2.84    8.21s
    ‖ρε - ρref‖ = 0.002652611951900792 ‖Δρ‖ = 0.0005444843041289372  ‖vε - vref‖ = 0.9727887907382455  α = 0.143
  5   -20.00346537555       -5.73       -3.78    5.79s
    ‖ρε - ρref‖ = 0.002546336645187373 ‖Δρ‖ = 5.305645582519795e-5  ‖vε - vref‖ = 0.9800611805392332  α = 1.0
  6   -20.00346710334       -5.76       -3.62    8.64s
    ‖ρε - ρref‖ = 0.0025405159789422664 ‖Δρ‖ = 9.416694281845913e-5  ‖vε - vref‖ = 0.9782941551174933  α = 0.448
  7   -20.00346815126       -5.98       -3.64    8.68s
    ‖ρε - ρref‖ = 0.0025355310613899167 ‖Δρ‖ = 7.123674618043776e-5  ‖vε - vref‖ = 0.9746235441613921  α = 0.365
  8   -20.00346844377       -6.53       -4.10    8.28s
    ‖ρε - ρref‖ = 0.002537532153578479 ‖Δρ‖ = 2.369205529830945e-5  ‖vε - vref‖ = 0.9734236331546954  α = 0.48
  9   -20.00346854097       -7.01       -4.64    5.90s
    ‖ρε - ρref‖ = 0.002539430179518975 ‖Δρ‖ = 6.179869530947788e-6  ‖vε - vref‖ = 0.9744911018127285  α = 1.0
 10   -20.00346856204       -7.68       -4.60    6.14s
    ‖ρε - ρref‖ = 0.0025398353282044864 ‖Δρ‖ = 6.78557871533658e-6  ‖vε - vref‖ = 0.9737217809092383  α = 1.0

#-- ‖ρε - ρref‖ = 0.0025393703477720273 vs. 1.0e-5 = δ*ε ‖vε - vref‖ = 0.9739082386250527  Qε=0.5316347513505157


# --- ε=0.0005623413251903491

n     Energy            log10(ΔE)   log10(Δρ)   Δtime 
---   ---------------   ---------   ---------   ------
  1   -20.00067836282                   -0.89    14.4s
    ‖ρε - ρref‖ = 0.08186120801477346 ‖Δρ‖ = 0.08050734893877813  ‖vε - vref‖ = 0.8363583064814225  α = 0.0137
  2   -20.00076174121       -4.08       -2.06    8.63s
    ‖ρε - ρref‖ = 0.004125317228254612 ‖Δρ‖ = 0.0036169939100539534  ‖vε - vref‖ = 0.7300806265566987  α = 0.0722
  3   -20.00077330910       -4.94       -2.53    8.48s
    ‖ρε - ρref‖ = 0.0019448274910723062 ‖Δρ‖ = 0.0011122561859926  ‖vε - vref‖ = 0.7500849364767375  α = 0.0877
  4   -20.00077933154       -5.22       -2.65    8.53s
    ‖ρε - ρref‖ = 0.001766382028155854 ‖Δρ‖ = 0.0008313202781777445  ‖vε - vref‖ = 0.7864828421759494  α = 0.0802
  5   -20.00078115120       -5.74       -3.55    8.61s
    ‖ρε - ρref‖ = 0.0014759757541688576 ‖Δρ‖ = 8.396196827698456e-5  ‖vε - vref‖ = 0.8035278913640967  α = 0.343
  6   -20.00078170391       -6.26       -3.58    8.70s
    ‖ρε - ρref‖ = 0.001473916679082579 ‖Δρ‖ = 9.761719061744961e-5  ‖vε - vref‖ = 0.808386441374458  α = 0.187
  7   -20.00078204560       -6.47       -3.80    9.24s
    ‖ρε - ρref‖ = 0.0014664773820398252 ‖Δρ‖ = 4.7710740579219655e-5  ‖vε - vref‖ = 0.8080173132898493  α = 0.247
  8   -20.00078217039       -6.90       -4.28    8.60s
    ‖ρε - ρref‖ = 0.001463940889057637 ‖Δρ‖ = 1.578686709132388e-5  ‖vε - vref‖ = 0.8066834721095888  α = 0.296
  9   -20.00078220029       -7.52       -4.58    9.22s
    ‖ρε - ρref‖ = 0.0014628679859931936 ‖Δρ‖ = 8.074441415972943e-6  ‖vε - vref‖ = 0.8066623350400555  α = 0.232
 10   -20.00078220579       -8.26       -4.70    8.66s
    ‖ρε - ρref‖ = 0.0014622859292919873 ‖Δρ‖ = 6.013524612139947e-6  ‖vε - vref‖ = 0.8065418136935865  α = 0.187
 11   -20.00078220585      -10.26       -4.80    14.9s
    ‖ρε - ρref‖ = 0.001462014787986903 ‖Δρ‖ = 4.047540016743619e-6  ‖vε - vref‖ = 0.8064291849463883  α = 0.124
 12   -20.00078220586      -10.87       -4.83    82.5s
    ‖ρε - ρref‖ = 0.0014661977933405422 ‖Δρ‖ = 5.439690693490482e-6  ‖vε - vref‖ = 0.8064364145188034  α = 0.00964

#-- ‖ρε - ρref‖ = 0.0014620814050604308 vs. 5.623413251903491e-6 = δ*ε ‖vε - vref‖ = 0.806436414190194  Qε=0.6489589226045724


# --- ε=0.00031622776601683794

n     Energy            log10(ΔE)   log10(Δρ)   Δtime 
---   ---------------   ---------   ---------   ------
  1   -19.99912973526                   -0.89    13.5s
    ‖ρε - ρref‖ = 0.081940786307506 ‖Δρ‖ = 0.08117973263200674  ‖vε - vref‖ = 0.8104365119466511  α = 0.00775
  2   -19.99919092660       -4.21       -2.02    8.50s
    ‖ρε - ρref‖ = 0.004150243125005561 ‖Δρ‖ = 0.003906553238321372  ‖vε - vref‖ = 0.5802612423295307  α = 0.0438
  3   -19.99920307262       -4.92       -2.41    8.48s
    ‖ρε - ρref‖ = 0.001754800706949035 ‖Δρ‖ = 0.0014169349873623806  ‖vε - vref‖ = 0.5800903217091379  α = 0.0544
  4   -19.99920967621       -5.18       -2.50    8.55s
    ‖ρε - ρref‖ = 0.0015501084232474665 ‖Δρ‖ = 0.0011903732528602599  ‖vε - vref‖ = 0.609920792178099  α = 0.0461
  5   -19.99921132292       -5.78       -3.31    8.58s
    ‖ρε - ρref‖ = 0.0008679949268911606 ‖Δρ‖ = 0.00013931603441205795  ‖vε - vref‖ = 0.6353005967935358  α = 0.185
  6   -19.99921169150       -6.43       -3.41    8.55s
    ‖ρε - ρref‖ = 0.0008614259195152713 ‖Δρ‖ = 0.00013302361845970846  ‖vε - vref‖ = 0.6455832321047055  α = 0.107
  7   -19.99921187030       -6.75       -3.65    8.73s
    ‖ρε - ρref‖ = 0.0008477589520880116 ‖Δρ‖ = 6.350531703441674e-5  ‖vε - vref‖ = 0.6514789724995835  α = 0.145
  8   -19.99921187802       -8.11       -4.10    17.7s
    ‖ρε - ρref‖ = 0.0008440251559799957 ‖Δρ‖ = 2.397888459263451e-5  ‖vε - vref‖ = 0.651605164451751  α = 0.0475
  9   -19.99921187802      -14.15       -4.26    96.2s
    ‖ρε - ρref‖ = 0.0008431594208246851 ‖Δρ‖ = 1.6037046789693338e-5  ‖vε - vref‖ = 0.651605164478627  α = 2.57e-8
 10   -19.99921187802   +    -Inf       -4.15    61.0s
    ‖ρε - ρref‖ = 0.0008441509028327284 ‖Δρ‖ = 2.0972607951847995e-5  ‖vε - vref‖ = 0.6516051644837714  α = 1.07e-9
 11   -19.99921187802      -14.15       -3.98    60.1s
    ‖ρε - ρref‖ = 0.0008426400265802644 ‖Δρ‖ = 2.9515151438166346e-5  ‖vε - vref‖ = 0.6516051644878105  α = 1.44e-9
 12   -19.99921187802      -14.45       -3.97    59.9s
    ‖ρε - ρref‖ = 0.0008109361962930094 ‖Δρ‖ = 4.169704278159305e-5  ‖vε - vref‖ = 0.6516051644817181  α = 5.18e-10
 13   -19.99921187802   +    -Inf       -2.86    49.3s
    ‖ρε - ρref‖ = 0.001341257870260573 ‖Δρ‖ = 0.0005827338096520564  ‖vε - vref‖ = 0.6516051644817082  α = 0.0
 14   -19.99921188028       -8.65       -3.76    11.6s
    ‖ρε - ρref‖ = 0.0009311232800613297 ‖Δρ‖ = 0.00010139425183905442  ‖vε - vref‖ = 0.6518141847876013  α = 0.00637
 15   -19.99921188155       -8.89       -3.77    11.6s
    ‖ρε - ρref‖ = 0.0008323143965001405 ‖Δρ‖ = 5.475975943153368e-5  ‖vε - vref‖ = 0.6511110501787407  α = 0.0182
 16   -19.99921188155      -13.85       -3.80    66.9s
    ‖ρε - ρref‖ = 0.0008423550114193281 ‖Δρ‖ = 5.6479692829691464e-5  ‖vε - vref‖ = 0.651111050062523  α = 1.69e-8
 17   -19.99921188155   +  -14.45       -3.68    48.5s
    ‖ρε - ρref‖ = 0.0008521467650721728 ‖Δρ‖ = 9.281338248124139e-5  ‖vε - vref‖ = 0.6511110500624733  α = 0.0
 18   -19.99921188155      -14.15       -4.12    79.5s
    ‖ρε - ρref‖ = 0.0008765714838384124 ‖Δρ‖ = 4.1503797754370564e-5  ‖vε - vref‖ = 0.6511110521894427  α = 1.9e-7
 19   -19.99921188155   +    -Inf       -3.41    70.6s
    ‖ρε - ρref‖ = 0.0008019253701906137 ‖Δρ‖ = 0.00010902214921640761  ‖vε - vref‖ = 0.6511110521733675  α = 1.69e-10
 20   -19.99921188155   +    -Inf       -4.01    49.7s
    ‖ρε - ρref‖ = 0.0008460153709949051 ‖Δρ‖ = 4.248699368741469e-5  ‖vε - vref‖ = 0.651111052173374  α = 0.0
Trying again with Newton's method ...
n     Energy            log10(ΔE)   log10(Δρ)   Δtime 
---   ---------------   ---------   ---------   ------
  1   -19.99921065922                   -5.06     507s
    ‖ρε - ρref‖ = 0.0008400813337855601 ‖Δρ‖ = 2.0363083734493917e-6  ‖vε - vref‖ = 0.6521757970008354
  2   -19.99921065916   +  -10.22       -7.35     487s
    ‖ρε - ρref‖ = 0.0008400737134288861 ‖Δρ‖ = 1.9571609675834912e-8  ‖vε - vref‖ = 0.6521768316631281

#-- ‖ρε - ρref‖ = 0.0008400737134288861 vs. 3.1622776601683796e-6 = δ*ε ‖vε - vref‖ = 0.6521768316631281  Qε=0.7112080827822874


# --- ε=0.00017782794100389227

n     Energy            log10(ΔE)   log10(Δρ)   Δtime 
---   ---------------   ---------   ---------   ------
  1   -19.99823737089                   -0.89    14.5s
    ‖ρε - ρref‖ = 0.08202297560703879 ‖Δρ‖ = 0.08159560354361829  ‖vε - vref‖ = 0.8626707920296995  α = 0.00438
  2   -19.99827906890       -4.38       -2.00    8.42s
    ‖ρε - ρref‖ = 0.004227047017803592 ‖Δρ‖ = 0.004100416766183181  ‖vε - vref‖ = 0.5263497408591106  α = 0.0262
  3   -19.99828984827       -4.97       -2.33    8.98s
    ‖ρε - ρref‖ = 0.0018332288871396366 ‖Δρ‖ = 0.0016850839260888948  ‖vε - vref‖ = 0.47353923055465236  α = 0.0331
  4   -19.99829598452       -5.21       -2.39    8.30s
    ‖ρε - ρref‖ = 0.0016884730823668833 ‖Δρ‖ = 0.0015440980407940587  ‖vε - vref‖ = 0.4651946944736461  α = 0.0266
  5   -19.99829777577       -5.75       -3.12    10.1s
    ‖ρε - ρref‖ = 0.0005488819066654185 ‖Δρ‖ = 0.00020810985831315847  ‖vε - vref‖ = 0.4914432446410396  α = 0.112
  6   -19.99829797644       -6.70       -3.23    8.38s
    ‖ρε - ρref‖ = 0.0005348220253512348 ‖Δρ‖ = 0.000198600134377498  ‖vε - vref‖ = 0.5037315204352426  α = 0.06
  7   -19.99829799742       -7.68       -3.43    11.6s
    ‖ρε - ρref‖ = 0.0004993595103099785 ‖Δρ‖ = 9.886731752557872e-5  ‖vε - vref‖ = 0.505565929319553  α = 0.0184
  8   -19.99829799742   +    -Inf       -3.87    86.1s
    ‖ρε - ρref‖ = 0.00048775745242697865 ‖Δρ‖ = 3.534155469488039e-5  ‖vε - vref‖ = 0.5055659297034157  α = 7.6e-9
  9   -19.99829799742   +    -Inf       -3.88    46.1s
    ‖ρε - ρref‖ = 0.0004873118911796189 ‖Δρ‖ = 3.909789992817323e-5  ‖vε - vref‖ = 0.5055659297033985  α = 0.0
Trying again with Newton's method ...
n     Energy            log10(ΔE)   log10(Δρ)   Δtime 
---   ---------------   ---------   ---------   ------
  1   -19.99829153622                   -4.50     501s
    ‖ρε - ρref‖ = 0.0004814943495032362 ‖Δρ‖ = 7.122284213143268e-6  ‖vε - vref‖ = 0.5237878251827642
  2   -19.99829153659       -9.44       -6.98     516s
    ‖ρε - ρref‖ = 0.00048149551029007075 ‖Δρ‖ = 4.500544955549511e-8  ‖vε - vref‖ = 0.5237748048266191
  3   -19.99829153659   +  -12.47      -11.21     272s
    ‖ρε - ρref‖ = 0.00048149551057728333 ‖Δρ‖ = 1.5928924845186613e-12  ‖vε - vref‖ = 0.5237748026819828
    Stopping to avoid numerical instabilities.

#-- ‖ρε - ρref‖ = 0.00048149551057728333 vs. 1.7782794100389227e-6 = δ*ε ‖vε - vref‖ = 0.5237748026819828  Qε=0.7791773369299665


# --- ε=0.0001

n     Energy            log10(ΔE)   log10(Δρ)   Δtime 
---   ---------------   ---------   ---------   ------
  1   -19.99772166329                   -0.89    13.5s
    ‖ρε - ρref‖ = 0.08206627089898348 ‖Δρ‖ = 0.08182628507393905  ‖vε - vref‖ = 0.9656847114823459  α = 0.00247
  2   -19.99774840465       -4.57       -1.99    10.3s
    ‖ρε - ρref‖ = 0.00429426941080148 ‖Δρ‖ = 0.004225332599061589  ‖vε - vref‖ = 0.5822148525580918  α = 0.0154
  3   -19.99775660156       -5.09       -2.28    8.53s
    ‖ρε - ρref‖ = 0.0019713843340555593 ‖Δρ‖ = 0.0018987728858823986  ‖vε - vref‖ = 0.4713582777143679  α = 0.0197
  4   -19.99776137850       -5.32       -2.31    8.33s
    ‖ρε - ρref‖ = 0.0019204064358823863 ‖Δρ‖ = 0.001854225032405896  ‖vε - vref‖ = 0.3970583753176067  α = 0.0154
  5   -19.99776281716       -5.84       -2.99    8.63s
    ‖ρε - ρref‖ = 0.0004194944796467464 ‖Δρ‖ = 0.0002796275493570411  ‖vε - vref‖ = 0.3986900898539568  α = 0.0697
  6   -19.99776291073       -7.03       -3.06    12.8s
    ‖ρε - ρref‖ = 0.0004192181580559373 ‖Δρ‖ = 0.00028868812035309413  ‖vε - vref‖ = 0.3975619805174897  α = 0.00955
  7   -19.99776291073      -13.60       -3.20    72.3s
    ‖ρε - ρref‖ = 0.0003338938127779112 ‖Δρ‖ = 0.0001660793932930327  ‖vε - vref‖ = 0.3975619806386069  α = 1.3e-9
  8   -19.99776291073   +    -Inf       -3.55    45.6s
    ‖ρε - ρref‖ = 0.00029173545530968725 ‖Δρ‖ = 7.035587283484525e-5  ‖vε - vref‖ = 0.3975619806385782  α = 0.0
  9   -19.99776293076       -7.70       -3.19    11.5s
    ‖ρε - ρref‖ = 0.00054412857801543 ‖Δρ‖ = 0.0003101227602877805  ‖vε - vref‖ = 0.397353364490124  α = 0.00386
 10   -19.99776294454       -7.86       -2.63    11.9s
    ‖ρε - ρref‖ = 0.000820343025374749 ‖Δρ‖ = 0.0008799838878564303  ‖vε - vref‖ = 0.3953712745091778  α = 0.00192
 11   -19.99776294454      -13.97       -3.17    74.4s
    ‖ρε - ρref‖ = 0.000332103798820794 ‖Δρ‖ = 0.0001805698159740401  ‖vε - vref‖ = 0.3953712745656575  α = 1.17e-9
 12   -19.99776294454   +    -Inf       -3.41    43.5s
    ‖ρε - ρref‖ = 0.0003127460415561447 ‖Δρ‖ = 0.00010538249415620545  ‖vε - vref‖ = 0.39537127456560284  α = 0.0
 13   -19.99776294454      -14.15       -3.40    69.6s
    ‖ρε - ρref‖ = 0.00042653456836501283 ‖Δρ‖ = 0.00017964343355804214  ‖vε - vref‖ = 0.39537127476358863  α = 8.4e-9
 14   -19.99776294454   +  -13.97       -2.53    51.8s
    ‖ρε - ρref‖ = 0.0008769290900708477 ‖Δρ‖ = 0.0009374609985000453  ‖vε - vref‖ = 0.39537127476372036  α = 0.0
 15   -19.99776294454      -13.97       -3.40     175s
    ‖ρε - ρref‖ = 0.0004265340824738633 ‖Δρ‖ = 0.00017964297668059126  ‖vε - vref‖ = 0.3953712747636869  α = 1.89e-14
 16   -19.99776294628       -8.76       -2.80    84.6s
    ‖ρε - ρref‖ = 0.0004861463299480108 ‖Δρ‖ = 0.0005269928873997714  ‖vε - vref‖ = 0.3950421013160402  α = 0.000931
 17   -19.99776296032       -7.85       -2.82    12.6s
    ‖ρε - ρref‖ = 0.0007876345991179444 ‖Δρ‖ = 0.000573405799630482  ‖vε - vref‖ = 0.39580200980161895  α = 0.00218
 18   -19.99776296032      -13.60       -3.10    84.2s
    ‖ρε - ρref‖ = 0.0003571610226219831 ‖Δρ‖ = 0.0002385040351456591  ‖vε - vref‖ = 0.3958020100403101  α = 8.56e-10
 19   -19.99776296032   +  -14.15       -3.12    46.0s
    ‖ρε - ρref‖ = 0.000368538219205694 ‖Δρ‖ = 0.0002499066035260261  ‖vε - vref‖ = 0.39580201004024096  α = 0.0
 20   -19.99776296032      -13.67       -3.42     113s
    ‖ρε - ρref‖ = 0.0001771414480052794 ‖Δρ‖ = 0.00018496718093369586  ‖vε - vref‖ = 0.3958020097938335  α = 1.41e-9
 21   -19.99776296032   +  -13.97       -2.68    46.8s
    ‖ρε - ρref‖ = 0.0007393118020985846 ‖Δρ‖ = 0.0006070491122676501  ‖vε - vref‖ = 0.39580200979399144  α = 0.0
 22   -19.99776296032   +    -Inf       -3.42     111s
    ‖ρε - ρref‖ = 0.00017714148377591466 ‖Δρ‖ = 0.00018496708982614454  ‖vε - vref‖ = 0.395802009634612  α = 9.1e-10
 23   -19.99776296032   +    -Inf       -2.68    46.9s
    ‖ρε - ρref‖ = 0.0007393523876240988 ‖Δρ‖ = 0.0006069687860263028  ‖vε - vref‖ = 0.3958020096345916  α = 0.0
Trying again with Newton's method ...
n     Energy            log10(ΔE)   log10(Δρ)   Δtime 
---   ---------------   ---------   ---------   ------
  1   -19.99773895891                   -4.41     496s
    ‖ρε - ρref‖ = 0.00027518853507273275 ‖Δρ‖ = 8.067167778019182e-6  ‖vε - vref‖ = 0.43342554358784413
  2   -19.99773895947       -9.25       -6.41     491s
    ‖ρε - ρref‖ = 0.00027520852871886815 ‖Δρ‖ = 1.6844668855098485e-7  ‖vε - vref‖ = 0.4333459445307517
  3   -19.99773895941   +  -10.23       -9.48     500s
    ‖ρε - ρref‖ = 0.0002752085546914185 ‖Δρ‖ = 8.048299545535586e-11  ‖vε - vref‖ = 0.43334571357409524
    Stopping to avoid numerical instabilities.

#-- ‖ρε - ρref‖ = 0.0002752085546914185 vs. 1.0000000000000002e-6 = δ*ε ‖vε - vref‖ = 0.43334571357409524  Qε=0.8303185954250552


# --- ε=5.623413251903491e-5

n     Energy            log10(ΔE)   log10(Δρ)   Δtime 
---   ---------------   ---------   ---------   ------
  1   -19.99740747116                   -0.89    14.2s
    ‖ρε - ρref‖ = 0.08209485901645822 ‖Δρ‖ = 0.08196007405317153  ‖vε - vref‖ = 1.0870272533823067  α = 0.00139
  2   -19.99742372723       -4.79       -1.98    9.30s
    ‖ρε - ρref‖ = 0.004341323123373463 ‖Δρ‖ = 0.004303100081642168  ‖vε - vref‖ = 0.7004830848869743  α = 0.00899
  3   -19.99742909851       -5.27       -2.24    9.80s
    ‖ρε - ρref‖ = 0.0021000035883366876 ‖Δρ‖ = 0.0020619988291702912  ‖vε - vref‖ = 0.5599603501733982  α = 0.0117
  4   -19.99743211608       -5.52       -2.25    9.18s
    ‖ρε - ρref‖ = 0.0021566382215503607 ‖Δρ‖ = 0.002123562141231652  ‖vε - vref‖ = 0.438290442493433  α = 0.00893
  5   -19.99743212459       -8.07       -2.88    7.74s
    ‖ρε - ρref‖ = 0.00040529860525660813 ‖Δρ‖ = 0.0003515765612618135  ‖vε - vref‖ = 0.39774371076217807  α = 0.0448
  6   -19.99743212459      -13.75       -2.90     162s
    ‖ρε - ρref‖ = 0.0004640909368207428 ‖Δρ‖ = 0.00041730125776615697  ‖vε - vref‖ = 0.3977437072968227  α = 1.7e-9
  7   -19.99743212459   +  -14.45       -2.95    43.5s
    ‖ρε - ρref‖ = 0.0003459138735960666 ‖Δρ‖ = 0.000294407847904502  ‖vε - vref‖ = 0.39774370729662956  α = 0.0
  8   -19.99743218741       -7.20       -2.93    11.7s
    ‖ρε - ρref‖ = 0.000584643336153912 ‖Δρ‖ = 0.0004917273560756218  ‖vε - vref‖ = 0.3901289277818765  α = 0.00346
  9   -19.99743219788       -7.98       -2.32    12.2s
    ‖ρε - ρref‖ = 0.002062086520226804 ‖Δρ‖ = 0.0021533561204002843  ‖vε - vref‖ = 0.3850094121596007  α = 0.000518
 10   -19.99743219788      -14.15       -3.03    77.4s
    ‖ρε - ρref‖ = 0.0002942567035654878 ‖Δρ‖ = 0.0002499130111612174  ‖vε - vref‖ = 0.38500941187814774  α = 3.66e-10
 11   -19.99743219788   +    -Inf       -3.18    50.7s
    ‖ρε - ρref‖ = 0.00024707965566447674 ‖Δρ‖ = 0.00018124763569231728  ‖vε - vref‖ = 0.3850094118782338  α = 7.07e-16
 12   -19.99743219788   +  -14.15       -2.83    44.8s
    ‖ρε - ρref‖ = 0.00042964091886444456 ‖Δρ‖ = 0.0003867688360230751  ‖vε - vref‖ = 0.3850094118782943  α = 0.0
 13   -19.99743219788      -13.85       -3.13     118s
    ‖ρε - ρref‖ = 0.00039494289695258535 ‖Δρ‖ = 0.00029318780018441665  ‖vε - vref‖ = 0.38500940674710366  α = 4.33e-9
 14   -19.99743219788   +  -14.15       -2.27    47.4s
    ‖ρε - ρref‖ = 0.0021800588359656725 ‖Δρ‖ = 0.0022716742418749745  ‖vε - vref‖ = 0.38500940674700046  α = 0.0
 15   -19.99743219788      -14.45       -3.13     153s
    ‖ρε - ρref‖ = 0.0003949424504731812 ‖Δρ‖ = 0.00029318744029969334  ‖vε - vref‖ = 0.3850094067468011  α = 2.11e-13
 16   -19.99743219788   +  -14.15       -1.40    50.2s
    ‖ρε - ρref‖ = 0.014813983981966343 ‖Δρ‖ = 0.014766902227588648  ‖vε - vref‖ = 0.38500940674671813  α = 0.0
 17   -19.99743219788      -14.45       -3.13    53.8s
    ‖ρε - ρref‖ = 0.00039494245063366744 ‖Δρ‖ = 0.00029318744041764597  ‖vε - vref‖ = 0.38500940674670425  α = 0.0
 18   -19.99743219788   +    -Inf       -3.13    52.0s
    ‖ρε - ρref‖ = 0.00039494245048020085 ‖Δρ‖ = 0.0002931874403038935  ‖vε - vref‖ = 0.38500940674685846  α = 0.0
 19   -19.99743219788      -14.45       -3.13     192s
    ‖ρε - ρref‖ = 0.00039494245056127244 ‖Δρ‖ = 0.00029318744036375304  ‖vε - vref‖ = 0.3850094067469118  α = 1.9e-14
 20   -19.99743219788   +    -Inf       -1.68    51.6s
    ‖ρε - ρref‖ = 0.007381584735950098 ‖Δρ‖ = 0.007375770765126946  ‖vε - vref‖ = 0.38500940674692014  α = 0.0
 21   -19.99743219788   +  -14.45       -3.13    53.7s
    ‖ρε - ρref‖ = 0.00039494245054285385 ‖Δρ‖ = 0.00029318744035030465  ‖vε - vref‖ = 0.3850094067468942  α = 0.0
 22   -19.99743219788      -14.15       -3.13     189s
    ‖ρε - ρref‖ = 0.0003949424505420997 ‖Δρ‖ = 0.0002931874403496039  ‖vε - vref‖ = 0.38500940674668677  α = 1.49e-14
 23   -19.99743219977       -8.72       -2.38    17.1s
    ‖ρε - ρref‖ = 0.0015995386586686905 ‖Δρ‖ = 0.0016684119248346146  ‖vε - vref‖ = 0.3818639953555187  α = 0.000491
 24   -19.99743222476       -7.60       -2.65    12.6s
    ‖ρε - ρref‖ = 0.0009894401065104702 ‖Δρ‖ = 0.0008908672105582942  ‖vε - vref‖ = 0.3785033894388996  α = 0.00134
 25   -19.99743222476      -13.67       -2.93    91.6s
    ‖ρε - ρref‖ = 0.0003542744331832306 ‖Δρ‖ = 0.00032754555629086764  ‖vε - vref‖ = 0.37850338904680514  α = 6.89e-10
 26   -19.99743222476   +  -13.97       -2.90    43.7s
    ‖ρε - ρref‖ = 0.00045958113737424553 ‖Δρ‖ = 0.00044463885786303703  ‖vε - vref‖ = 0.3785033890464489  α = 0.0
 27   -19.99743222476      -13.75       -3.27    85.2s
    ‖ρε - ρref‖ = 0.00018015178834752144 ‖Δρ‖ = 0.00020320843341114776  ‖vε - vref‖ = 0.37850338885042484  α = 2.72e-10
 28   -19.99743222476   +    -Inf       -2.16     174s
    ‖ρε - ρref‖ = 0.00263292499861289 ‖Δρ‖ = 0.0025427430671079916  ‖vε - vref‖ = 0.37850338885034124  α = 7.09e-15
 29   -19.99743222476   +    -Inf       -2.49    42.5s
    ‖ρε - ρref‖ = 0.0012623018912645387 ‖Δρ‖ = 0.0011680329169222667  ‖vε - vref‖ = 0.3785033888502931  α = 0.0
Trying again with Newton's method ...
n     Energy            log10(ΔE)   log10(Δρ)   Δtime 
---   ---------------   ---------   ---------   ------
  1   -19.99735155782                   -4.44     486s
    ‖ρε - ρref‖ = 0.00015691727235361206 ‖Δρ‖ = 7.562102938902799e-6  ‖vε - vref‖ = 0.40646040813920037
  2   -19.99735159130       -7.48       -5.87     502s
    ‖ρε - ρref‖ = 0.00015698317655687461 ‖Δρ‖ = 5.654856220645041e-7  ‖vε - vref‖ = 0.406101334636476
  3   -19.99735158776   +   -8.45       -8.01     494s
    ‖ρε - ρref‖ = 0.0001569831775661139 ‖Δρ‖ = 1.958282570948916e-9  ‖vε - vref‖ = 0.4060929810094485
    Stopping to avoid numerical instabilities.

#-- ‖ρε - ρref‖ = 0.0001569831775661139 vs. 5.62341325190349e-7 = δ*ε ‖vε - vref‖ = 0.4060929810094485  Qε=0.8646381141246209


# --- ε=3.1622776601683795e-5

n     Energy            log10(ΔE)   log10(Δρ)   Δtime 
---   ---------------   ---------   ---------   ------
  1   -19.99715967943                   -0.89    14.5s
    ‖ρε - ρref‖ = 0.08211377038742562 ‖Δρ‖ = 0.08203805759545889  ‖vε - vref‖ = 1.2241185976402356  α = 0.000783
  2   -19.99716896619       -5.03       -1.97    8.31s
    ‖ρε - ρref‖ = 0.004371667171702187 ‖Δρ‖ = 0.0043505325370827835  ‖vε - vref‖ = 0.8600940782376171  α = 0.00524
  3   -19.99717171518       -5.56       -2.21    10.2s
    ‖ρε - ρref‖ = 0.0022184842598761147 ‖Δρ‖ = 0.002198487237862167  ‖vε - vref‖ = 0.7194499314036783  α = 0.00702
  4   -19.99717273196       -5.99       -2.19    7.41s
    ‖ρε - ρref‖ = 0.0024371305162511916 ‖Δρ‖ = 0.0024207223476982818  ‖vε - vref‖ = 0.5918919093944394  α = 0.00531
  5   -19.99717273196      -13.97       -2.78    70.8s
    ‖ρε - ρref‖ = 0.00047409513683031515 ‖Δρ‖ = 0.00044177309010198264  ‖vε - vref‖ = 0.5918918922927631  α = 2.25e-9
  6   -19.99717273196   +  -14.45       -2.69    47.5s
    ‖ρε - ρref‖ = 0.0006833125503734193 ‖Δρ‖ = 0.0006648279291749784  ‖vε - vref‖ = 0.5918918922932035  α = 0.0
  7   -19.99717286803       -6.87       -2.68    13.1s
    ‖ρε - ρref‖ = 0.0007721742776226969 ‖Δρ‖ = 0.0007354511114488869  ‖vε - vref‖ = 0.5682135527114447  α = 0.00281
  8   -19.99717288061       -7.90       -2.01    10.2s
    ‖ρε - ρref‖ = 0.0039001265720375903 ‖Δρ‖ = 0.003958205234050732  ‖vε - vref‖ = 0.5567739410694784  α = 0.000296
  9   -19.99717288061      -13.41       -2.36    82.2s
    ‖ρε - ρref‖ = 0.001712099086377673 ‖Δρ‖ = 0.001692794447467138  ‖vε - vref‖ = 0.5567739399563639  α = 7.13e-11
 10   -19.99717288061   +  -13.97       -2.53    47.3s
    ‖ρε - ρref‖ = 0.0009956458681254351 ‖Δρ‖ = 0.0009887865189360673  ‖vε - vref‖ = 0.556773939956343  α = 0.0
 11   -19.99717288061      -13.97       -2.84     150s
    ‖ρε - ρref‖ = 0.0006252279957665711 ‖Δρ‖ = 0.0005628205942892503  ‖vε - vref‖ = 0.5567739399563678  α = 1.72e-15
 12   -19.99717288061   +  -14.45       -0.38    52.8s
    ‖ρε - ρref‖ = 0.15239057404603754 ‖Δρ‖ = 0.15234680238706502  ‖vε - vref‖ = 0.5567739399562839  α = 0.0
 13   -19.99717288061      -14.45       -2.84     143s
    ‖ρε - ρref‖ = 0.0006252279957659183 ‖Δρ‖ = 0.0005628205942886244  ‖vε - vref‖ = 0.5567739399564066  α = 4.21e-16
 14   -19.99717288062      -10.87       -1.63    69.2s
    ‖ρε - ρref‖ = 0.00797979272189858 ‖Δρ‖ = 0.007935747411136018  ‖vε - vref‖ = 0.5562522450515526  α = 5.64e-6
 15   -19.99717288062   +  -14.15       -1.94    54.2s
    ‖ρε - ρref‖ = 0.004094535004525393 ‖Δρ‖ = 0.004145345198392644  ‖vε - vref‖ = 0.5562522450516934  α = 0.0
 16   -19.99717288062      -14.15       -2.85    98.8s
    ‖ρε - ρref‖ = 0.0005995108356575697 ‖Δρ‖ = 0.0005383980662148891  ‖vε - vref‖ = 0.5562522449894876  α = 1.1e-11
 17   -19.99717288062   +    -Inf       -1.86    52.9s
    ‖ρε - ρref‖ = 0.004348152026601985 ‖Δρ‖ = 0.004385954556827079  ‖vε - vref‖ = 0.5562522449894829  α = 0.0
 18   -19.99717288062      -14.15       -2.85    63.6s
    ‖ρε - ρref‖ = 0.0005995108306961063 ‖Δρ‖ = 0.0005383980616106297  ‖vε - vref‖ = 0.5562522441639298  α = 1.48e-10
 19   -19.99717288062   +    -Inf       -1.85    93.6s
    ‖ρε - ρref‖ = 0.004434617535779351 ‖Δρ‖ = 0.004470825450542182  ‖vε - vref‖ = 0.556252244163867  α = 1.07e-15
 20   -19.99717288062   +    -Inf       -0.19    50.8s
    ‖ρε - ρref‖ = 0.26347122745898627 ‖Δρ‖ = 0.2635149675655918  ‖vε - vref‖ = 0.5562522441634751  α = 0.0
Trying again with Newton's method ...
n     Energy            log10(ΔE)   log10(Δρ)   Δtime 
---   ---------------   ---------   ---------   ------
  1   -19.99690766974                   -4.32     487s
    ‖ρε - ρref‖ = 8.936542829697935e-5 ‖Δρ‖ = 1.0671211684125192e-5  ‖vε - vref‖ = 0.5039548230401257
  2   -19.99690820061       -6.28       -5.30     493s
    ‖ρε - ρref‖ = 8.966980816679808e-5 ‖Δρ‖ = 2.0594511004054543e-6  ‖vε - vref‖ = 0.4964093130177517
  3   -19.99690812906   +   -7.15       -7.23     493s
    ‖ρε - ρref‖ = 8.967131127144192e-5 ‖Δρ‖ = 1.2666630181994017e-8  ‖vε - vref‖ = 0.49637047555681324
  4   -19.99690813042       -8.87       -8.61     511s
    ‖ρε - ρref‖ = 8.967146156987931e-5 ‖Δρ‖ = 4.765155179293497e-10  ‖vε - vref‖ = 0.49637073328071085
    Stopping to avoid numerical instabilities.

#-- ‖ρε - ρref‖ = 8.967146156987931e-5 vs. 3.1622776601683797e-7 = δ*ε ‖vε - vref‖ = 0.49637073328071085  Qε=0.886941896872972


# --- ε=1.778279410038923e-5

n     Energy            log10(ΔE)   log10(Δρ)   Δtime 
---   ---------------   ---------   ---------   ------
  1   -19.99679677221                   -0.89    12.4s
    ‖ρε - ρref‖ = 0.08212816179099618 ‖Δρ‖ = 0.08208563892855164  ‖vε - vref‖ = 1.4260563697457103  α = 0.000441
  2   -19.99680139178       -5.34       -1.97    9.44s
    ‖ρε - ρref‖ = 0.004391671525951195 ‖Δρ‖ = 0.004380375495334239  ‖vε - vref‖ = 1.1115732561600862  α = 0.00312
  3   -19.99680220944       -6.09       -2.17    10.4s
    ‖ρε - ρref‖ = 0.0023877848758647366 ‖Δρ‖ = 0.0023711121471823244  ‖vε - vref‖ = 1.0247701004883503  α = 0.00147
  4   -19.99680234400       -6.87       -2.10    14.6s
    ‖ρε - ρref‖ = 0.0029770096934485083 ‖Δρ‖ = 0.0029621520037605934  ‖vε - vref‖ = 0.9736267373750603  α = 0.000689
  5   -19.99680234400      -13.85       -2.63    97.1s
    ‖ρε - ρref‖ = 0.0006389246114273891 ‖Δρ‖ = 0.0006221423246024049  ‖vε - vref‖ = 0.9736267371061718  α = 1.98e-11
  6   -19.99680234400   +  -14.45       -2.31    41.8s
    ‖ρε - ρref‖ = 0.0014876800502828871 ‖Δρ‖ = 0.0014783125266605336  ‖vε - vref‖ = 0.9736267371066919  α = 0.0
  7   -19.99680245612       -6.95       -2.32    14.5s
    ‖ρε - ρref‖ = 0.001800877414703413 ‖Δρ‖ = 0.0017883440154946595  ‖vε - vref‖ = 0.9465574868552099  α = 0.000877
  8   -19.99680245612      -13.60       -2.22    82.1s
    ‖ρε - ρref‖ = 0.0027440114535203304 ‖Δρ‖ = 0.002768077689074094  ‖vε - vref‖ = 0.9465574835183976  α = 6.85e-11
  9   -19.99680245612   +  -14.15       -1.91    51.3s
    ‖ρε - ρref‖ = 0.00475435564156011 ‖Δρ‖ = 0.004718949708854396  ‖vε - vref‖ = 0.9465574835185543  α = 0.0
 10   -19.99680245612      -14.45       -2.59     121s
    ‖ρε - ρref‖ = 0.0009350740359077744 ‖Δρ‖ = 0.0009409360712014212  ‖vε - vref‖ = 0.9465574832972826  α = 1.1e-11
 11   -19.99680245612   +    -Inf       -1.81    96.5s
    ‖ρε - ρref‖ = 0.006567982262075021 ‖Δρ‖ = 0.006524598681218232  ‖vε - vref‖ = 0.9465574832921916  α = 3.73e-14
 12   -19.99680245612      -14.45       -2.04    87.8s
    ‖ρε - ρref‖ = 0.0031815057604418677 ‖Δρ‖ = 0.0031428582139542915  ‖vε - vref‖ = 0.9465574832862268  α = 6.3e-14
 13   -19.99680245612   +  -14.15       -2.15    47.4s
    ‖ρε - ρref‖ = 0.00254962571797457 ‖Δρ‖ = 0.002552488677091647  ‖vε - vref‖ = 0.9465574832861252  α = 0.0
 14   -19.99680245612      -14.45       -2.59     158s
    ‖ρε - ρref‖ = 0.0009350740296871646 ‖Δρ‖ = 0.000940936064593951  ‖vε - vref‖ = 0.9465574832852578  α = 4.65e-14
 15   -19.99680245612   +    -Inf       -0.77    49.4s
    ‖ρε - ρref‖ = 0.06006724422815781 ‖Δρ‖ = 0.060067621645273114  ‖vε - vref‖ = 0.9465574832838762  α = 0.0
 16   -19.99680245612   +    -Inf       -2.59     192s
    ‖ρε - ρref‖ = 0.0009350740295986543 ‖Δρ‖ = 0.0009409360644945693  ‖vε - vref‖ = 0.9465574832850796  α = 1.87e-15
Trying again with Newton's method ...
n     Energy            log10(ΔE)   log10(Δρ)   Δtime 
---   ---------------   ---------   ---------   ------
  1   -19.99595270337                   -4.40     511s
    ‖ρε - ρref‖ = 5.1164301137640926e-5 ‖Δρ‖ = 1.1106358115130385e-5  ‖vε - vref‖ = 0.9026018294137842
  2   -19.99595463425       -5.71       -4.81     516s
    ‖ρε - ρref‖ = 5.179184319377084e-5 ‖Δρ‖ = 6.290419526872156e-6  ‖vε - vref‖ = 0.7739842339022532
  3   -19.99595332433   +   -5.88       -6.25     510s
    ‖ρε - ρref‖ = 5.180224181339923e-5 ‖Δρ‖ = 9.538143328300748e-8  ‖vε - vref‖ = 0.7737941650560473
  4   -19.99595338052       -7.25       -7.24     519s
    ‖ρε - ρref‖ = 5.1802651052439956e-5 ‖Δρ‖ = 9.583548924834325e-9  ‖vε - vref‖ = 0.7737816911844801
    Stopping to avoid numerical instabilities.

#-- ‖ρε - ρref‖ = 5.1802651052439956e-5 vs. 1.778279410038923e-7 = δ*ε ‖vε - vref‖ = 0.7737816911844801  Qε=0.9012538921875575


# --- ε=1.0e-5

n     Energy            log10(ΔE)   log10(Δρ)   Δtime 
---   ---------------   ---------   ---------   ------
  1   -19.99588731887                   -0.89    14.4s
    ‖ρε - ρref‖ = 0.08214654685441729 ‖Δρ‖ = 0.08212269441266372  ‖vε - vref‖ = 1.8263601994947756  α = 0.000249
  2   -19.99588820584       -6.05       -1.97    12.0s
    ‖ρε - ρref‖ = 0.0044090826179574195 ‖Δρ‖ = 0.004403802491957343  ‖vε - vref‖ = 1.5975408622168283  α = 0.002
  3   -19.99588820584      -13.75       -2.11     148s
    ‖ρε - ρref‖ = 0.002764753092177743 ‖Δρ‖ = 0.0027533845252103537  ‖vε - vref‖ = 1.5975408421280946  α = 1.84e-10
  4   -19.99588820584   +  -14.15       -1.93    51.7s
    ‖ρε - ρref‖ = 0.0043693017323973085 ‖Δρ‖ = 0.0043598645777192255  ‖vε - vref‖ = 1.5975408421279043  α = 0.0
  5   -19.99588845968       -6.60       -2.00    10.9s
    ‖ρε - ρref‖ = 0.0038577361370762038 ‖Δρ‖ = 0.003852784468545216  ‖vε - vref‖ = 1.545773092847967  α = 0.000412
  6   -19.99588845968      -13.55       -2.17     145s
    ‖ρε - ρref‖ = 0.003017809882510984 ‖Δρ‖ = 0.003027752144991149  ‖vε - vref‖ = 1.5457730918742807  α = 1.11e-11
  7   -19.99588845968   +  -14.15       -1.66    43.9s
    ‖ρε - ρref‖ = 0.00944548543686863 ‖Δρ‖ = 0.009422589847090167  ‖vε - vref‖ = 1.5457730918723125  α = 0.0
  8   -19.99588845968      -14.45       -2.25     189s
    ‖ρε - ρref‖ = 0.0021101819239868914 ‖Δρ‖ = 0.0021090113160540523  ‖vε - vref‖ = 1.5457730918725756  α = 2.38e-15
  9   -19.99588845968   +  -14.45       -0.02    56.7s
    ‖ρε - ρref‖ = 0.43762116661315653 ‖Δρ‖ = 0.43763408422651046  ‖vε - vref‖ = 1.545773091872034  α = 0.0
 10   -19.99588845968      -14.45       -2.25     168s
    ‖ρε - ρref‖ = 0.002110181923981504 ‖Δρ‖ = 0.002109011316048749  ‖vε - vref‖ = 1.545773091870192  α = 2.35e-14
 11   -19.99588845968   +    -Inf       -0.86    52.4s
    ‖ρε - ρref‖ = 0.052952832656259045 ‖Δρ‖ = 0.052955859607550754  ‖vε - vref‖ = 1.5457730918714128  α = 0.0
 12   -19.99588845968      -13.97       -2.25    87.9s
    ‖ρε - ρref‖ = 0.002110181923907736 ‖Δρ‖ = 0.0021090113160441896  ‖vε - vref‖ = 1.5457730895366495  α = 3.21e-11
 13   -19.99588845968   +    -Inf       -2.08     107s
    ‖ρε - ρref‖ = 0.00382194841781073 ‖Δρ‖ = 0.003797190097933166  ‖vε - vref‖ = 1.5457730895381954  α = 6.26e-15
 14   -19.99588845968   +  -14.45       -1.91    46.9s
    ‖ρε - ρref‖ = 0.005071639719959688 ‖Δρ‖ = 0.0050509245423191315  ‖vε - vref‖ = 1.5457730895368373  α = 0.0
 15   -19.99588845968   +    -Inf       -2.25     125s
    ‖ρε - ρref‖ = 0.0021101818613435347 ‖Δρ‖ = 0.0021090112530396605  ‖vε - vref‖ = 1.5457730895218782  α = 2.52e-13
 16   -19.99588845968   +    -Inf       -0.03    51.3s
    ‖ρε - ρref‖ = 0.4361388451880925 ‖Δρ‖ = 0.4361518692669939  ‖vε - vref‖ = 1.5457730895211488  α = 0.0
Trying again with Newton's method ...
n     Energy            log10(ΔE)   log10(Δρ)   Δtime 
---   ---------------   ---------   ---------   ------
  1   -19.99318550755                   -4.32     517s
    ‖ρε - ρref‖ = 3.28709101498218e-5 ‖Δρ‖ = 1.9086489354196504e-5  ‖vε - vref‖ = 2.8184855351023494
  2   -19.99321002266       -4.61       -4.34     515s
    ‖ρε - ρref‖ = 3.1113810282144765e-5 ‖Δρ‖ = 1.866649763873874e-5  ‖vε - vref‖ = 1.33242699079962
  3   -19.99319031329   +   -4.71       -5.41     516s
    ‖ρε - ρref‖ = 3.103610355656777e-5 ‖Δρ‖ = 6.255003475207312e-7  ‖vε - vref‖ = 1.3309146607836044
  4   -19.99319387467       -5.45       -6.11     519s
    ‖ρε - ρref‖ = 3.105238477029142e-5 ‖Δρ‖ = 1.2262595605505598e-7  ‖vε - vref‖ = 1.331011130053575
    Stopping to avoid numerical instabilities.

#-- ‖ρε - ρref‖ = 3.105238477029142e-5 vs. 1.0000000000000001e-7 = δ*ε ‖vε - vref‖ = 1.331011130053575  Qε=0.9108715557280388

|v-vref|h1 = [0.5237748026819828, 0.4333457135740953, 0.4060929810094485, 0.49637073328071085, 0.7737816911844801, 1.331011130053575]
|v-vref|l2 = [0.12586481374309813, 0.09395384830806086, 0.08156244969221149, 0.09987625411835918, 0.1598457031932495, 0.27812573553104325]
──────────────────────────────────────────────────────────────────────────────────────────────
                                                     Time                    Allocations      
                                            ───────────────────────   ────────────────────────
             Tot / % measured:                   5.55h /  89.0%           20.7TiB /  77.1%    

Section                             ncalls     time    %tot     avg     alloc    %tot      avg
──────────────────────────────────────────────────────────────────────────────────────────────
solve_ΩplusK                            23    3.12h   63.2%    489s   11.7TiB   73.3%   521GiB
  apply_K                            2.25k    1.80h   36.5%   2.88s   3.12TiB   19.6%  1.42GiB
    compute_δρ                       2.25k    2390s   13.4%   1.06s   1.96TiB   12.3%   914MiB
      symmetrize_ρ                   2.25k    2055s   11.6%   912ms   1.14TiB    7.1%   531MiB
    apply_kernel                     2.25k     221s    1.2%  98.2ms    240GiB    1.5%   109MiB
  apply_Ω                            2.25k    2471s   13.9%   1.10s   2.09TiB   13.1%  0.95GiB
    DftHamiltonian multiplication     126k    1817s   10.2%  14.4ms    265GiB    1.6%  2.15MiB
      nonlocal                        126k    1289s    7.3%  10.2ms   15.2GiB    0.1%   126KiB
  compute_density                       23    25.9s    0.1%   1.13s   17.6GiB    0.1%   786MiB
    symmetrize_ρ                        23    21.4s    0.1%   929ms   11.9GiB    0.1%   531MiB
  DftHamiltonian multiplication      1.29k    20.1s    0.1%  15.6ms   2.70GiB    0.0%  2.15MiB
    nonlocal                         1.29k    14.9s    0.1%  11.5ms    159MiB    0.0%   126KiB
  energy_hamiltonian                    23    11.4s    0.1%   496ms   15.1GiB    0.1%   671MiB
    ene_ops                             23    11.0s    0.1%   476ms   4.65GiB    0.0%   207MiB
      ene_ops: nonlocal                 23    6.47s    0.0%   281ms    183MiB    0.0%  7.94MiB
      ene_ops: external_Hartree         23    2.11s    0.0%  91.6ms   1.87GiB    0.0%  83.3MiB
      ene_ops: dualmap                  23    1.99s    0.0%  86.7ms   2.05GiB    0.0%  91.3MiB
      ene_ops: kinetic                  23    265ms    0.0%  11.5ms   4.10MiB    0.0%   183KiB
      ene_ops: hartree                  23   77.2ms    0.0%  3.36ms    461MiB    0.0%  20.0MiB
      ene_ops: local                    23   27.6ms    0.0%  1.20ms   92.9MiB    0.0%  4.04MiB
compute_density                      2.79k    2815s   15.8%   1.01s   2.09TiB   13.1%   786MiB
  symmetrize_ρ                       2.79k    2575s   14.5%   923ms   1.41TiB    8.9%   531MiB
DftHamiltonian multiplication         143k    2014s   11.3%  14.1ms    301GiB    1.8%  2.15MiB
  nonlocal                            143k    1440s    8.1%  10.1ms   17.3GiB    0.1%   126KiB
energy_hamiltonian                   2.56k    1509s    8.5%   590ms   1.64TiB   10.3%   671MiB
  ene_ops                            2.56k    1292s    7.3%   505ms    517GiB    3.2%   207MiB
    ene_ops: nonlocal                2.56k     730s    4.1%   285ms   19.8GiB    0.1%  7.94MiB
    ene_ops: external_Hartree        2.56k     261s    1.5%   102ms    208GiB    1.3%  83.3MiB
    ene_ops: dualmap                 2.56k     252s    1.4%  98.6ms    228GiB    1.4%  91.3MiB
    ene_ops: kinetic                 2.56k    29.4s    0.2%  11.5ms    457MiB    0.0%   183KiB
    ene_ops: hartree                 2.56k    9.89s    0.1%  3.86ms   50.1GiB    0.3%  20.0MiB
    ene_ops: local                   2.56k    7.43s    0.0%  2.90ms   10.1GiB    0.1%  4.04MiB
ortho_qr                             14.2k    63.3s    0.4%  4.45ms    106GiB    0.6%  7.61MiB
compute_projected_gradient              23    61.5s    0.3%   2.67s   45.0GiB    0.3%  1.96GiB
  compute_density                       23    28.8s    0.2%   1.25s   17.6GiB    0.1%   786MiB
    symmetrize_ρ                        23    25.5s    0.1%   1.11s   11.9GiB    0.1%   531MiB
  DftHamiltonian multiplication      1.29k    18.0s    0.1%  14.0ms   2.70GiB    0.0%  2.15MiB
    nonlocal                         1.29k    13.1s    0.1%  10.1ms    159MiB    0.0%   126KiB
  energy_hamiltonian                    23    12.7s    0.1%   554ms   15.1GiB    0.1%   671MiB
    ene_ops                             23    11.1s    0.1%   481ms   4.65GiB    0.0%   207MiB
      ene_ops: nonlocal                 23    6.60s    0.0%   287ms    183MiB    0.0%  7.94MiB
      ene_ops: external_Hartree         23    2.11s    0.0%  91.6ms   1.87GiB    0.0%  83.3MiB
      ene_ops: dualmap                  23    2.02s    0.0%  87.7ms   2.05GiB    0.0%  91.3MiB
      ene_ops: kinetic                  23    265ms    0.0%  11.5ms   4.10MiB    0.0%   183KiB
      ene_ops: hartree                  23   73.2ms    0.0%  3.18ms    461MiB    0.0%  20.0MiB
      ene_ops: local                    23   8.63ms    0.0%   375μs   92.9MiB    0.0%  4.04MiB
PlaneWaveBasis                          21    50.9s    0.3%   2.42s   76.8GiB    0.5%  3.66GiB
  Instantiation AtomicNonlocal          21    40.3s    0.2%   1.92s   60.2GiB    0.4%  2.87GiB
  Instantiation AtomicLocal             21    3.43s    0.0%   163ms   2.58GiB    0.0%   126MiB
    enforce_real!                       21   27.1ms    0.0%  1.29ms   7.88KiB    0.0%     384B
  Instantiation ExternalHartree         21    3.13s    0.0%   149ms   1.88GiB    0.0%  91.6MiB
  Instantiation DualMap                 21    2.05s    0.0%  97.4ms   1.64GiB    0.0%  80.1MiB
  build_kpoints                         21    1.25s    0.0%  59.3ms   8.65GiB    0.1%   422MiB
  Instantiation Hartree                 21    213ms    0.0%  10.1ms   86.4MiB    0.0%  4.12MiB
    enforce_real!                       21   25.9ms    0.0%  1.23ms   8.86KiB    0.0%     432B
  Instantiation Kinetic                 21    201ms    0.0%  9.56ms   0.96GiB    0.0%  46.6MiB
  Instantiation Ewald                   21   97.2ms    0.0%  4.63ms   61.7KiB    0.0%  2.94KiB
    precomp: Ewald                      21   96.8ms    0.0%  4.61ms   43.6KiB    0.0%  2.08KiB
  _check_kpoint_reduction               21   54.2ms    0.0%  2.58ms     0.00B    0.0%    0.00B
  Instantiation PspCorrection           21    591μs    0.0%  28.1μs   8.53KiB    0.0%     416B
load_scfres                              1    12.4s    0.1%   12.4s   5.98GiB    0.0%  5.98GiB
  energy_hamiltonian                     1    3.49s    0.0%   3.49s    739MiB    0.0%   739MiB
    ene_ops                              1    3.33s    0.0%   3.33s    383MiB    0.0%   383MiB
      ene_ops: xc                        1    2.12s    0.0%   2.12s    327MiB    0.0%   327MiB
      ene_ops: nonlocal                  1    310ms    0.0%   310ms   9.42MiB    0.0%  9.42MiB
      ene_ops: kinetic                   1   44.1ms    0.0%  44.1ms    234KiB    0.0%   234KiB
      ene_ops: hartree                   1   4.69ms    0.0%  4.69ms   20.0MiB    0.0%  20.0MiB
      ene_ops: local                     1    275μs    0.0%   275μs   4.04MiB    0.0%  4.04MiB
  Instantiation AtomicNonlocal           1    2.88s    0.0%   2.88s   2.93GiB    0.0%  2.93GiB
  Instantiation Xc                       1    1.03s    0.0%   1.03s    201MiB    0.0%   201MiB
    enforce_real!                        1   1.31ms    0.0%  1.31ms      384B    0.0%     384B
  Instantiation AtomicLocal              1    283ms    0.0%   283ms    127MiB    0.0%   127MiB
    enforce_real!                        1   1.31ms    0.0%  1.31ms      384B    0.0%     384B
  build_kpoints                          1    215ms    0.0%   215ms    422MiB    0.0%   422MiB
  Instantiation Ewald                    1   71.6ms    0.0%  71.6ms   18.4MiB    0.0%  18.4MiB
    precomp: Ewald                       1   4.66ms    0.0%  4.66ms   3.16KiB    0.0%  3.16KiB
  Instantiation PspCorrection            1   21.8ms    0.0%  21.8ms   2.76MiB    0.0%  2.76MiB
  Instantiation Hartree                  1   17.0ms    0.0%  17.0ms   9.19MiB    0.0%  9.19MiB
    enforce_real!                        1   1.23ms    0.0%  1.23ms      432B    0.0%     432B
  Instantiation Kinetic                  1   14.9ms    0.0%  14.9ms   46.6MiB    0.0%  46.6MiB
  _check_kpoint_reduction                1   2.54ms    0.0%  2.54ms     0.00B    0.0%    0.00B
save_scfres                              2    6.48s    0.0%   3.24s    656MiB    0.0%   328MiB
symmetry_operations                     21    350ms    0.0%  16.6ms   14.0MiB    0.0%   680KiB
  _check_symmetries                     21   2.87ms    0.0%   137μs   3.94MiB    0.0%   192KiB
──────────────────────────────────────────────────────────────────────────────────────────────
