
DFTK Version      0.7.20
Julia Version     1.12.4
libxc Version     7.0.0
FFTW.jl provider  fftw v3.3.10

BLAS.get_config()
  LinearAlgebra.BLAS.LBTConfig
  Libraries: 
  └ [ILP64] libopenblas64_.so

MPI.versioninfo()
  MPIPreferences:
    binary:  MPICH_jll
    abi:     MPICH
  
  Package versions
    MPI.jl:             0.20.23
    MPIPreferences.jl:  0.1.11
    MPICH_jll:          4.3.2+0
  
  Library information:
    libmpi:  /data/vebak3345/.julia/artifacts/117d9048128625bb3418b0b4cca48739c5d28740/lib/libmpi.so
    libmpi dlpath:  /data/vebak3345/.julia/artifacts/117d9048128625bb3418b0b4cca48739c5d28740/lib/libmpi.so
    MPI version:  4.1.0
    Library version:  
      MPICH Version:      4.3.1
      MPICH Release date: Fri Jun 20 09:24:41 AM CDT 2025
      MPICH ABI:          17:1:5
      MPICH Device:       ch3:nemesis
      MPICH configure:    --build=x86_64-linux-musl --disable-dependency-tracking --disable-doc --enable-fast=ndebug,O3 --enable-static=no --host=x86_64-linux-gnu --prefix=/workspace/destdir --with-device=ch3 --with-hwloc=/workspace/destdir
      MPICH CC:           cc     -DNDEBUG -DNVALGRIND -O3
      MPICH CXX:          c++   -DNDEBUG -DNVALGRIND -O3
      MPICH F77:          gfortran   -O3
      MPICH FC:           gfortran   -O3
      MPICH features:     
      
    MPI launcher: /data/vebak3345/.julia/artifacts/117d9048128625bb3418b0b4cca48739c5d28740/bin/mpiexec
    MPI launcher path: /data/vebak3345/.julia/artifacts/117d9048128625bb3418b0b4cca48739c5d28740/bin/mpiexec
  


truncated grid size:(50, 50, 50)
‖ρref - ρorig‖H-1 = 3.266984698088947e-5
‖ρref - ρorig‖L2  = 0.0001779103605455697

# --- ε=1.0

n     Energy            log10(ΔE)   log10(Δρ)   Δtime 
---   ---------------   ---------   ---------   ------
  1   -22.32323731616                   -0.78    16.6s
    ‖ρε - ρref‖ = 0.0005852786931456918 ‖Δρ‖ = 0.10656404500632966  ‖vε - vref‖ = 4.912412809208232  α = 1.0
  2   -22.36327738595       -1.40       -1.36    6.97s
    ‖ρε - ρref‖ = 0.10599393489012071 ‖Δρ‖ = 0.02747058609880922  ‖vε - vref‖ = 4.958656020482578  α = 1.0
  3   -22.36904999141       -2.24       -1.81    8.90s
    ‖ρε - ρref‖ = 0.0831680499016185 ‖Δρ‖ = 0.008333654359068698  ‖vε - vref‖ = 4.965105733537126  α = 0.521
  4   -22.37053849117       -2.83       -2.20    6.15s
    ‖ρε - ρref‖ = 0.07541290082522377 ‖Δρ‖ = 0.0038170540484919148  ‖vε - vref‖ = 4.958596729811205  α = 1.0

#-- ‖ρε - ρref‖ = 0.0828729847209758 vs. 0.01 = δ*ε ‖vε - vref‖ = 4.9523353979695175  Qε=0.0067912527106662995


# --- ε=0.5623413251903491

n     Energy            log10(ΔE)   log10(Δρ)   Δtime 
---   ---------------   ---------   ---------   ------
  1   -22.36714841337                   -2.07    15.1s
    ‖ρε - ρref‖ = 0.08598391925334843 ‖Δρ‖ = 0.005404898635450801  ‖vε - vref‖ = 4.84825828118915  α = 0.42
  2   -22.36730223777       -3.81       -2.32    8.51s
    ‖ρε - ρref‖ = 0.08215580063505393 ‖Δρ‖ = 0.003062462623821269  ‖vε - vref‖ = 4.852911807237966  α = 0.498

#-- ‖ρε - ρref‖ = 0.07881914089542706 vs. 0.005623413251903491 = δ*ε ‖vε - vref‖ = 4.853737830293309  Qε=0.011048052483008063


# --- ε=0.31622776601683794

n     Energy            log10(ΔE)   log10(Δρ)   Δtime 
---   ---------------   ---------   ---------   ------
  1   -22.35973781209                   -2.19    11.9s
    ‖ρε - ρref‖ = 0.07881917308125622 ‖Δρ‖ = 0.004070882179168217  ‖vε - vref‖ = 4.688628285291968  α = 1.0
  2   -22.35979369086       -4.25       -2.99    5.63s
    ‖ρε - ρref‖ = 0.0747536680053849 ‖Δρ‖ = 0.00062797523366561  ‖vε - vref‖ = 4.685417764596441  α = 1.0
  3   -22.35982107733       -4.56       -2.76    6.11s
    ‖ρε - ρref‖ = 0.07532071269519244 ‖Δρ‖ = 0.0010855449030810016  ‖vε - vref‖ = 4.679590363423423  α = 1.0

#-- ‖ρε - ρref‖ = 0.07578366292034762 vs. 0.0031622776601683794 = δ*ε ‖vε - vref‖ = 4.6829769690444705  Qε=0.01929891118913322


# --- ε=0.1778279410038923

n     Energy            log10(ΔE)   log10(Δρ)   Δtime 
---   ---------------   ---------   ---------   ------
  1   -22.34764146719                   -1.92    12.1s
    ‖ρε - ρref‖ = 0.07578387273891266 ‖Δρ‖ = 0.007595625022726668  ‖vε - vref‖ = 4.437230846741752  α = 1.0
  2   -22.34790930699       -3.57       -2.46    6.53s
    ‖ρε - ρref‖ = 0.06819323388985861 ‖Δρ‖ = 0.002194368486236369  ‖vε - vref‖ = 4.4164951800798375  α = 1.0
  3   -22.34793913834       -4.53       -2.87    9.07s
    ‖ρε - ρref‖ = 0.06985636580366823 ‖Δρ‖ = 0.0008205960259115882  ‖vε - vref‖ = 4.413629510764328  α = 0.376
  4   -22.34794586186       -5.17       -3.39    6.68s
    ‖ρε - ρref‖ = 0.07066731187902993 ‖Δρ‖ = 0.0002321063912842094  ‖vε - vref‖ = 4.415662537392676  α = 1.0

#-- ‖ρε - ρref‖ = 0.07023150535673756 vs. 0.001778279410038923 = δ*ε ‖vε - vref‖ = 4.417628485768088  Qε=0.03255051481225457


# --- ε=0.1

n     Energy            log10(ΔE)   log10(Δρ)   Δtime 
---   ---------------   ---------   ---------   ------
  1   -22.32932268975                   -1.71    11.6s
    ‖ρε - ρref‖ = 0.07023239905200672 ‖Δρ‖ = 0.0123023206620509  ‖vε - vref‖ = 4.104722384576899  α = 1.0
  2   -22.33041278069       -2.96       -2.14    6.12s
    ‖ρε - ρref‖ = 0.05794251694181476 ‖Δρ‖ = 0.004620152925027518  ‖vε - vref‖ = 4.028049517469573  α = 1.0
  3   -22.33046500511       -4.28       -2.78    9.76s
    ‖ρε - ρref‖ = 0.06207336313402206 ‖Δρ‖ = 0.0008574032912667898  ‖vε - vref‖ = 4.02349563043799  α = 0.407
  4   -22.33047682105       -4.93       -3.38    5.81s
    ‖ρε - ρref‖ = 0.0628015169327747 ‖Δρ‖ = 0.00021996486144998373  ‖vε - vref‖ = 4.026638293438454  α = 1.0

#-- ‖ρε - ρref‖ = 0.06233172965397502 vs. 0.001 = δ*ε ‖vε - vref‖ = 4.030835104079515  Qε=0.05148615629214248


# --- ε=0.05623413251903491

n     Energy            log10(ΔE)   log10(Δρ)   Δtime 
---   ---------------   ---------   ---------   ------
  1   -22.30716757612                   -1.51    15.1s
    ‖ρε - ρref‖ = 0.0723502817204429 ‖Δρ‖ = 0.019607022752580663  ‖vε - vref‖ = 3.508025701725239  α = 0.49
  2   -22.30732514864       -3.80       -2.69    6.21s
    ‖ρε - ρref‖ = 0.052762461841813865 ‖Δρ‖ = 0.000974247651306439  ‖vε - vref‖ = 3.5224802772871766  α = 1.0
  3   -22.30741081135       -4.07       -3.12    6.03s
    ‖ρε - ρref‖ = 0.052179311061829256 ‖Δρ‖ = 0.0002949575450315085  ‖vε - vref‖ = 3.5255562603893167  α = 1.0
  4   -22.30743950974       -4.54       -3.49    6.32s
    ‖ρε - ρref‖ = 0.05211739593631294 ‖Δρ‖ = 0.000149733035906413  ‖vε - vref‖ = 3.5244916143740306  α = 1.0

#-- ‖ρε - ρref‖ = 0.05213149745862831 vs. 0.0005623413251903491 = δ*ε ‖vε - vref‖ = 3.523880285995856  Qε=0.07929495808254491


# --- ε=0.03162277660168379

n     Energy            log10(ΔE)   log10(Δρ)   Δtime 
---   ---------------   ---------   ---------   ------
  1   -22.28053879167                   -1.33    14.6s
    ‖ρε - ρref‖ = 0.07046929757615011 ‖Δρ‖ = 0.029582656529924044  ‖vε - vref‖ = 2.9308229212694057  α = 0.381
  2   -22.28077236042       -3.63       -2.63    6.26s
    ‖ρε - ρref‖ = 0.040927351100627486 ‖Δρ‖ = 0.0011210185004925522  ‖vε - vref‖ = 2.9543245648843826  α = 1.0
  3   -22.28088563056       -3.95       -2.97    5.80s
    ‖ρε - ρref‖ = 0.04035748882727514 ‖Δρ‖ = 0.0004287190246218981  ‖vε - vref‖ = 2.959020675038769  α = 1.0
  4   -22.28093029125       -4.35       -3.41    5.88s
    ‖ρε - ρref‖ = 0.04033554484215667 ‖Δρ‖ = 0.00018085379066179425  ‖vε - vref‖ = 2.9564281510475316  α = 1.0
  5   -22.28094591663       -4.81       -3.30    5.86s
    ‖ρε - ρref‖ = 0.04035464221115136 ‖Δρ‖ = 0.00021193499735981197  ‖vε - vref‖ = 2.9551414837437506  α = 1.0

#-- ‖ρε - ρref‖ = 0.04030868415859703 vs. 0.00031622776601683794 = δ*ε ‖vε - vref‖ = 2.957807026597096  Qε=0.1174659747920795


# --- ε=0.01778279410038923

n     Energy            log10(ΔE)   log10(Δρ)   Δtime 
---   ---------------   ---------   ---------   ------
  1   -22.25443868644                   -1.18    15.1s
    ‖ρε - ρref‖ = 0.07008397266947798 ‖Δρ‖ = 0.04095057257400753  ‖vε - vref‖ = 2.3834310167953587  α = 0.274
  2   -22.25463225696       -3.71       -2.67    6.86s
    ‖ρε - ρref‖ = 0.029214846558899242 ‖Δρ‖ = 0.0010213927609803307  ‖vε - vref‖ = 2.4099916962078987  α = 1.0
  3   -22.25474740649       -3.94       -2.90    6.02s
    ‖ρε - ρref‖ = 0.02885046280971096 ‖Δρ‖ = 0.0005436603201780329  ‖vε - vref‖ = 2.4216779554334464  α = 1.0
  4   -22.25479148808       -4.36       -3.26    6.25s
    ‖ρε - ρref‖ = 0.028796745765828528 ‖Δρ‖ = 0.00023954603392670898  ‖vε - vref‖ = 2.411386446241609  α = 1.0
  5   -22.25480229559       -4.97       -3.35    6.43s
    ‖ρε - ρref‖ = 0.02883845678749393 ‖Δρ‖ = 0.00019952753603889599  ‖vε - vref‖ = 2.4104562849429563  α = 1.0
  6   -22.25481342919       -4.95       -3.54    5.83s
    ‖ρε - ρref‖ = 0.028826262167796293 ‖Δρ‖ = 0.00011781471203076202  ‖vε - vref‖ = 2.4157773845735253  α = 1.0
  7   -22.25481451552       -5.96       -3.78    6.04s
    ‖ρε - ρref‖ = 0.028803993127978902 ‖Δρ‖ = 7.30546584821738e-5  ‖vε - vref‖ = 2.4159894383231086  α = 1.0

#-- ‖ρε - ρref‖ = 0.028801833651599135 vs. 0.0001778279410038923 = δ*ε ‖vε - vref‖ = 2.4145672435568577  Qε=0.1615152531314497


# --- ε=0.01

n     Energy            log10(ΔE)   log10(Δρ)   Δtime 
---   ---------------   ---------   ---------   ------
  1   -22.23232482386                   -1.08    16.1s
    ‖ρε - ρref‖ = 0.07159116265513094 ‖Δρ‖ = 0.052340328524815086  ‖vε - vref‖ = 1.931035311201729  α = 0.183
  2   -22.23242981527       -3.98       -2.63    6.04s
    ‖ρε - ρref‖ = 0.019389644588828827 ‖Δρ‖ = 0.0011119940237518733  ‖vε - vref‖ = 1.9740926830168786  α = 1.0
  3   -22.23255519588       -3.90       -2.80    6.76s
    ‖ρε - ρref‖ = 0.019180667588129655 ‖Δρ‖ = 0.0007165046405081836  ‖vε - vref‖ = 1.9804103076652178  α = 1.0
  4   -22.23257378414       -4.73       -2.89    6.40s
    ‖ρε - ρref‖ = 0.019166288366760813 ‖Δρ‖ = 0.0005201768106596316  ‖vε - vref‖ = 1.9549289807236645  α = 1.0
  5   -22.23259832897       -4.61       -3.18    6.24s
    ‖ρε - ρref‖ = 0.01917256697725527 ‖Δρ‖ = 0.00026737769076566934  ‖vε - vref‖ = 1.9644871686596204  α = 1.0
  6   -22.23260263717       -5.37       -3.40    9.84s
    ‖ρε - ρref‖ = 0.019176442909618358 ‖Δρ‖ = 0.0001642770089933475  ‖vε - vref‖ = 1.9687382246403426  α = 0.489
  7   -22.23260405938       -5.85       -3.79    6.47s
    ‖ρε - ρref‖ = 0.01916580547235279 ‖Δρ‖ = 6.132733801506642e-5  ‖vε - vref‖ = 1.9684513380732662  α = 1.0
  8   -22.23260470776       -6.19       -4.29    6.08s
    ‖ρε - ρref‖ = 0.019154907304850283 ‖Δρ‖ = 2.0737838220453942e-5  ‖vε - vref‖ = 1.9675835030739546  α = 1.0

#-- ‖ρε - ρref‖ = 0.019156694765768867 vs. 0.0001 = δ*ε ‖vε - vref‖ = 1.9682299240507688  Qε=0.21591994513466786


# --- ε=0.005623413251903491

n     Energy            log10(ΔE)   log10(Δρ)   Δtime 
---   ---------------   ---------   ---------   ------
  1   -22.21579746928                   -1.00    15.1s
    ‖ρε - ρref‖ = 0.07413356574934758 ‖Δρ‖ = 0.0621524282438493  ‖vε - vref‖ = 1.5845528853261825  α = 0.116
  2   -22.21592609352       -3.89       -2.51    8.94s
    ‖ρε - ρref‖ = 0.01231848782743379 ‖Δρ‖ = 0.0013877188788785925  ‖vε - vref‖ = 1.625566251042184  α = 0.467
  3   -22.21596230249       -4.44       -3.12    5.95s
    ‖ρε - ρref‖ = 0.01210674513790086 ‖Δρ‖ = 0.00030476723730652746  ‖vε - vref‖ = 1.6468875503549543  α = 1.0
  4   -22.21597847948       -4.79       -2.92    9.31s
    ‖ρε - ρref‖ = 0.012071718513928966 ‖Δρ‖ = 0.0005020738874602929  ‖vε - vref‖ = 1.633689799320077  α = 0.515
  5   -22.21598523772       -5.17       -3.45    5.66s
    ‖ρε - ρref‖ = 0.012039437796438469 ‖Δρ‖ = 0.00012549849289595735  ‖vε - vref‖ = 1.631867494715735  α = 1.0
  6   -22.21598788475       -5.58       -3.72    5.80s
    ‖ρε - ρref‖ = 0.012049999014936849 ‖Δρ‖ = 7.09944357264348e-5  ‖vε - vref‖ = 1.6332560988825073  α = 1.0
  7   -22.21598826992       -6.41       -4.01    5.86s
    ‖ρε - ρref‖ = 0.012049300631261441 ‖Δρ‖ = 4.103837994951563e-5  ‖vε - vref‖ = 1.6335370394365338  α = 1.0
  8   -22.21598877223       -6.30       -4.23    5.80s
    ‖ρε - ρref‖ = 0.012045267122469538 ‖Δρ‖ = 2.0284150294723736e-5  ‖vε - vref‖ = 1.6336191348615117  α = 1.0

#-- ‖ρε - ρref‖ = 0.012045718102441929 vs. 5.6234132519034914e-5 = δ*ε ‖vε - vref‖ = 1.6339176652302172  Qε=0.28056904221321183


# --- ε=0.0031622776601683794

n     Energy            log10(ΔE)   log10(Δρ)   Δtime 
---   ---------------   ---------   ---------   ------
  1   -22.20454036598                   -0.96    14.4s
    ‖ρε - ρref‖ = 0.07666364813890982 ‖Δρ‖ = 0.06951401252982668  ‖vε - vref‖ = 1.3183498314134012  α = 0.0698
  2   -22.20465062486       -3.96       -2.34    9.01s
    ‖ρε - ρref‖ = 0.0077442558774249385 ‖Δρ‖ = 0.0019528710469746773  ‖vε - vref‖ = 1.3707067625736205  α = 0.298
  3   -22.20467601877       -4.60       -3.24    5.71s
    ‖ρε - ρref‖ = 0.007325855175580652 ‖Δρ‖ = 0.00019643366066862824  ‖vε - vref‖ = 1.3903855230958764  α = 1.0
  4   -22.20467854399       -5.60       -3.24    6.33s
    ‖ρε - ρref‖ = 0.0072896485050287455 ‖Δρ‖ = 0.00023223726874550815  ‖vε - vref‖ = 1.387257883797106  α = 1.0
  5   -22.20468467740       -5.21       -3.12    9.03s
    ‖ρε - ρref‖ = 0.00729109780253685 ‖Δρ‖ = 0.0003261774712198817  ‖vε - vref‖ = 1.3766883422303382  α = 0.421
  6   -22.20468620055       -5.82       -3.53    5.97s
    ‖ρε - ρref‖ = 0.007285037039501518 ‖Δρ‖ = 0.00010445765939600003  ‖vε - vref‖ = 1.3868593917098766  α = 1.0
  7   -22.20468810385       -5.72       -3.88    6.42s
    ‖ρε - ρref‖ = 0.00729094750530453 ‖Δρ‖ = 4.845392333833957e-5  ‖vε - vref‖ = 1.3813560077099325  α = 1.0
  8   -22.20468864853       -6.26       -3.95    9.50s
    ‖ρε - ρref‖ = 0.007290471431980949 ‖Δρ‖ = 3.7381259512705426e-5  ‖vε - vref‖ = 1.3811494613827062  α = 0.512
  9   -22.20468874246       -7.03       -4.47    6.07s
    ‖ρε - ρref‖ = 0.007287687959459953 ‖Δρ‖ = 1.19813755005243e-5  ‖vε - vref‖ = 1.3826258318906628  α = 1.0
 10   -22.20468879290       -7.30       -4.72    6.79s
    ‖ρε - ρref‖ = 0.00728734049213792 ‖Δρ‖ = 6.616880059941481e-6  ‖vε - vref‖ = 1.3825129594608907  α = 1.0

#-- ‖ρε - ρref‖ = 0.0072876100933992535 vs. 3.1622776601683795e-5 = δ*ε ‖vε - vref‖ = 1.3821766837489857  Qε=0.35454144518776604


# --- ε=0.0017782794100389228

n     Energy            log10(ΔE)   log10(Δρ)   Δtime 
---   ---------------   ---------   ---------   ------
  1   -22.19735244958                   -0.93    14.0s
    ‖ρε - ρref‖ = 0.07864734180343547 ‖Δρ‖ = 0.07449445155344073  ‖vε - vref‖ = 1.1066254773312583  α = 0.0411
  2   -22.19746098359       -3.96       -2.21    8.53s
    ‖ρε - ρref‖ = 0.0052909647614198954 ‖Δρ‖ = 0.002599233380491137  ‖vε - vref‖ = 1.1490456844434678  α = 0.186
  3   -22.19747175975       -4.97       -2.93    8.62s
    ‖ρε - ρref‖ = 0.004377835391523858 ‖Δρ‖ = 0.0004568142319772235  ‖vε - vref‖ = 1.165608585295111  α = 0.312
  4   -22.19747796318       -5.21       -2.98    9.01s
    ‖ρε - ρref‖ = 0.004364723834925421 ‖Δρ‖ = 0.00042231543272635153  ‖vε - vref‖ = 1.1833751621200008  α = 0.23
  5   -22.19748083283       -5.54       -3.64    5.92s
    ‖ρε - ρref‖ = 0.0043111090529612765 ‖Δρ‖ = 7.679280929196696e-5  ‖vε - vref‖ = 1.169867390036332  α = 1.0
  6   -22.19748341959       -5.59       -3.79    5.95s
    ‖ρε - ρref‖ = 0.004301926641475978 ‖Δρ‖ = 5.972289732209684e-5  ‖vε - vref‖ = 1.1767019037926256  α = 1.0
  7   -22.19748429522       -6.06       -3.69    10.6s
    ‖ρε - ρref‖ = 0.004300890844660502 ‖Δρ‖ = 7.544103277920615e-5  ‖vε - vref‖ = 1.1764113199909856  α = 0.445
  8   -22.19748445400       -6.80       -4.17    6.00s
    ‖ρε - ρref‖ = 0.004304869200341052 ‖Δρ‖ = 2.0194777565859824e-5  ‖vε - vref‖ = 1.1744317442800465  α = 1.0
  9   -22.19748463485       -6.74       -4.27    6.68s
    ‖ρε - ρref‖ = 0.004305759372319118 ‖Δρ‖ = 1.7205377419032464e-5  ‖vε - vref‖ = 1.1752057303221088  α = 1.0
 10   -22.19748466518       -7.52       -4.66    6.93s
    ‖ρε - ρref‖ = 0.004305120614243981 ‖Δρ‖ = 7.367205817189503e-6  ‖vε - vref‖ = 1.1747539002101532  α = 1.0

#-- ‖ρε - ρref‖ = 0.004304919004174039 vs. 1.778279410038923e-5 = δ*ε ‖vε - vref‖ = 1.1750199976806222  Qε=0.440062361787772


# --- ε=0.001

n     Energy            log10(ΔE)   log10(Δρ)   Δtime 
---   ---------------   ---------   ---------   ------
  1   -22.19295511242                   -0.91    14.4s
    ‖ρε - ρref‖ = 0.08000082600050784 ‖Δρ‖ = 0.0776271992283819  ‖vε - vref‖ = 0.9397214160250067  α = 0.0237
  2   -22.19305443380       -4.00       -2.12    9.00s
    ‖ρε - ρref‖ = 0.0043067510038638426 ‖Δρ‖ = 0.0031536877275426694  ‖vε - vref‖ = 0.9365049391737921  α = 0.116
  3   -22.19306399666       -5.02       -2.70    8.65s
    ‖ρε - ρref‖ = 0.002701433190819681 ‖Δρ‖ = 0.0007750551768223651  ‖vε - vref‖ = 0.9564592798308508  α = 0.146
  4   -22.19306918504       -5.28       -2.84    9.15s
    ‖ρε - ρref‖ = 0.0026212717949524746 ‖Δρ‖ = 0.0005398450311750444  ‖vε - vref‖ = 0.9852489673253341  α = 0.141
  5   -22.19307087912       -5.77       -3.79    6.09s
    ‖ρε - ρref‖ = 0.0025158988761477493 ‖Δρ‖ = 5.229149785733616e-5  ‖vε - vref‖ = 0.9937842631196678  α = 1.0
  6   -22.19307254294       -5.78       -3.62    9.14s
    ‖ρε - ρref‖ = 0.002510413240561422 ‖Δρ‖ = 9.312448190139447e-5  ‖vε - vref‖ = 0.9920649518557138  α = 0.444
  7   -22.19307356167       -5.99       -3.64    9.45s
    ‖ρε - ρref‖ = 0.0025055333520085815 ‖Δρ‖ = 7.062747472384701e-5  ‖vε - vref‖ = 0.9882678725539185  α = 0.363
  8   -22.19307384507       -6.55       -4.10    9.39s
    ‖ρε - ρref‖ = 0.0025074642708463415 ‖Δρ‖ = 2.336072821394193e-5  ‖vε - vref‖ = 0.9869656155682732  α = 0.477
  9   -22.19307393707       -7.04       -4.65    5.72s
    ‖ρε - ρref‖ = 0.002509271567232635 ‖Δρ‖ = 6.1002352267299155e-6  ‖vε - vref‖ = 0.9879181991572009  α = 1.0
 10   -22.19307395689       -7.70       -4.61    6.07s
    ‖ρε - ρref‖ = 0.0025096536239539763 ‖Δρ‖ = 6.701171322887464e-6  ‖vε - vref‖ = 0.9872407267162996  α = 1.0

#-- ‖ρε - ρref‖ = 0.002509207972104688 vs. 1.0e-5 = δ*ε ‖vε - vref‖ = 0.9874391277032952  Qε=0.5337318210423313


# --- ε=0.0005623413251903491

n     Energy            log10(ΔE)   log10(Δρ)   Δtime 
---   ---------------   ---------   ---------   ------
  1   -22.19033628595                   -0.90    14.5s
    ‖ρε - ρref‖ = 0.08085593332468104 ‖Δρ‖ = 0.07951151739631951  ‖vε - vref‖ = 0.830062955602454  α = 0.0136
  2   -22.19041752219       -4.09       -2.06    9.39s
    ‖ρε - ρref‖ = 0.0040850810801483246 ‖Δρ‖ = 0.0035789066241917558  ‖vε - vref‖ = 0.736125207279199  α = 0.0718
  3   -22.19042887357       -4.94       -2.53    9.36s
    ‖ρε - ρref‖ = 0.0019316071954765047 ‖Δρ‖ = 0.0011042712551141772  ‖vε - vref‖ = 0.7568183766649831  α = 0.0872
  4   -22.19043477875       -5.23       -2.65    8.68s
    ‖ρε - ρref‖ = 0.0017552018280038754 ‖Δρ‖ = 0.0008270896787720719  ‖vε - vref‖ = 0.7929113336569532  α = 0.0796
  5   -22.19043654934       -5.75       -3.55    9.50s
    ‖ρε - ρref‖ = 0.0014659487869101825 ‖Δρ‖ = 8.372437090308814e-5  ‖vε - vref‖ = 0.809894798466386  α = 0.339
  6   -22.19043708489       -6.27       -3.58    9.74s
    ‖ρε - ρref‖ = 0.0014638696172730487 ‖Δρ‖ = 9.67307324324103e-5  ‖vε - vref‖ = 0.8148310755277641  α = 0.186
  7   -22.19043741472       -6.48       -3.81    8.97s
    ‖ρε - ρref‖ = 0.0014565508157713327 ‖Δρ‖ = 4.7235041146947094e-5  ‖vε - vref‖ = 0.8146924845693259  α = 0.244
  8   -22.19043753274       -6.93       -4.28    8.81s
    ‖ρε - ρref‖ = 0.0014540812659970166 ‖Δρ‖ = 1.5639646293621614e-5  ‖vε - vref‖ = 0.8134976878141518  α = 0.29
  9   -22.19043755995       -7.57       -4.58    9.12s
    ‖ρε - ρref‖ = 0.001453041748317261 ‖Δρ‖ = 8.012637532612743e-6  ‖vε - vref‖ = 0.8135009690954894  α = 0.226
 10   -22.19043756409       -8.38       -4.70    9.41s
    ‖ρε - ρref‖ = 0.0014524726564143732 ‖Δρ‖ = 6.038945699160893e-6  ‖vε - vref‖ = 0.8133923822211133  α = 0.183
 11   -22.19043756448       -9.41       -4.79    67.2s
    ‖ρε - ρref‖ = 0.0014521801278481038 ‖Δρ‖ = 4.110947757080818e-6  ‖vε - vref‖ = 0.8133440628268525  α = 0.0532
 12   -22.19043756469       -9.68       -4.84    61.1s
    ‖ρε - ρref‖ = 0.0014560875434988713 ‖Δρ‖ = 5.330051645776743e-6  ‖vε - vref‖ = 0.8133873568669795  α = 0.0368

#-- ‖ρε - ρref‖ = 0.0014521351614848153 vs. 5.623413251903491e-6 = δ*ε ‖vε - vref‖ = 0.8133806117103106  Qε=0.646397813828235


# --- ε=0.00031622776601683794

n     Energy            log10(ΔE)   log10(Δρ)   Δtime 
---   ---------------   ---------   ---------   ------
  1   -22.18880292141                   -0.89    14.0s
    ‖ρε - ρref‖ = 0.08135268310042086 ‖Δρ‖ = 0.0805946125487762  ‖vε - vref‖ = 0.8022210261197986  α = 0.00772
  2   -22.18886316827       -4.22       -2.03    9.42s
    ‖ρε - ρref‖ = 0.004124773161609424 ‖Δρ‖ = 0.0038816942161674257  ‖vε - vref‖ = 0.5820353276534078  α = 0.0436
  3   -22.18887516419       -4.92       -2.42    9.28s
    ‖ρε - ρref‖ = 0.00174678370783622 ‖Δρ‖ = 0.0014099087322691879  ‖vε - vref‖ = 0.583280302878424  α = 0.0542
  4   -22.18888168446       -5.19       -2.50    9.76s
    ‖ρε - ρref‖ = 0.0015441976089664124 ‖Δρ‖ = 0.0011858375809859908  ‖vε - vref‖ = 0.6133599780413843  α = 0.0459
  5   -22.18888331127       -5.79       -3.31    9.09s
    ‖ρε - ρref‖ = 0.0008646715698212903 ‖Δρ‖ = 0.00013893076777882798  ‖vε - vref‖ = 0.6385962400056929  α = 0.184
  6   -22.18888367510       -6.44       -3.41    9.29s
    ‖ρε - ρref‖ = 0.0008581248115764116 ‖Δρ‖ = 0.0001326211792770852  ‖vε - vref‖ = 0.6488734916509359  α = 0.107
  7   -22.18888385158       -6.75       -3.65    9.58s
    ‖ρε - ρref‖ = 0.0008445485932069449 ‖Δρ‖ = 6.368004015043955e-5  ‖vε - vref‖ = 0.6548863873457875  α = 0.144
  8   -22.18888385896       -8.13       -4.10    19.2s
    ‖ρε - ρref‖ = 0.000840782809332241 ‖Δρ‖ = 2.4132354217788068e-5  ‖vε - vref‖ = 0.6550325056558608  α = 0.0471
  9   -22.18888385896      -13.75       -4.26     102s
    ‖ρε - ρref‖ = 0.0008399026190581036 ‖Δρ‖ = 1.6237676600130304e-5  ‖vε - vref‖ = 0.6550325056760482  α = 1.57e-8
 10   -22.18888385896   +  -14.15       -4.15    50.1s
    ‖ρε - ρref‖ = 0.0008409193250472483 ‖Δρ‖ = 2.108288027359012e-5  ‖vε - vref‖ = 0.6550325056758755  α = 0.0
 11   -22.18888386117       -8.66       -3.77    12.0s
    ‖ρε - ρref‖ = 0.0009262629531455398 ‖Δρ‖ = 9.968147642078676e-5  ‖vε - vref‖ = 0.6553384336863253  α = 0.00645
 12   -22.18888386239       -8.91       -3.75    11.6s
    ‖ρε - ρref‖ = 0.0008285503074216878 ‖Δρ‖ = 5.684140120063875e-5  ‖vε - vref‖ = 0.6545930501953013  α = 0.0178
 13   -22.18888386239      -13.67       -3.80    93.4s
    ‖ρε - ρref‖ = 0.000839205599156196 ‖Δρ‖ = 5.727279408282491e-5  ‖vε - vref‖ = 0.6545930500722718  α = 1.7e-8
 14   -22.18888386239   +    -Inf       -3.67    59.0s
    ‖ρε - ρref‖ = 0.0008490670313655967 ‖Δρ‖ = 9.582749006788568e-5  ‖vε - vref‖ = 0.6545930500722773  α = 3.22e-16
 15   -22.18888386239   +    -Inf       -0.23    52.0s
    ‖ρε - ρref‖ = 0.2681429814057843 ‖Δρ‖ = 0.26828084264404534  ‖vε - vref‖ = 0.6545930500722885  α = 0.0
Trying again with Newton's method ...
n     Energy            log10(ΔE)   log10(Δρ)   Δtime 
---   ---------------   ---------   ---------   ------
  1   -22.18888262735                   -5.06     523s
    ‖ρε - ρref‖ = 0.0008368733186172258 ‖Δρ‖ = 2.0284079108827117e-6  ‖vε - vref‖ = 0.6557257522281841
  2   -22.18888262729   +  -10.24       -7.35     513s
    ‖ρε - ρref‖ = 0.0008368658903206933 ‖Δρ‖ = 1.96646245635465e-8  ‖vε - vref‖ = 0.6557286605801517

#-- ‖ρε - ρref‖ = 0.0008368658903206933 vs. 3.1622776601683796e-6 = δ*ε ‖vε - vref‖ = 0.6557286605801517  Qε=0.7117419760908936


# --- ε=0.00017782794100389227

n     Energy            log10(ΔE)   log10(Δρ)   Δtime 
---   ---------------   ---------   ---------   ------
  1   -22.18791535310                   -0.89    15.2s
    ‖ρε - ρref‖ = 0.08169577133964374 ‖Δρ‖ = 0.08126934055042734  ‖vε - vref‖ = 0.8556034885486431  α = 0.00437
  2   -22.18795667103       -4.38       -2.00    9.06s
    ‖ρε - ρref‖ = 0.004211573869918132 ‖Δρ‖ = 0.004085144026178065  ‖vε - vref‖ = 0.5253321140797763  α = 0.0261
  3   -22.18796736519       -4.97       -2.33    9.61s
    ‖ρε - ρref‖ = 0.0018278134449698725 ‖Δρ‖ = 0.0016799003418055806  ‖vε - vref‖ = 0.4742803041760543  α = 0.033
  4   -22.18797345259       -5.22       -2.39    8.96s
    ‖ρε - ρref‖ = 0.0016840897014265212 ‖Δρ‖ = 0.0015399777966574265  ‖vε - vref‖ = 0.4668335551643121  α = 0.0266
  5   -22.18797522971       -5.75       -3.13    10.3s
    ‖ρε - ρref‖ = 0.0005477133511037887 ‖Δρ‖ = 0.0002077032609104668  ‖vε - vref‖ = 0.49311223277620014  α = 0.111
  6   -22.18797542647       -6.71       -3.23    9.30s
    ‖ρε - ρref‖ = 0.0005336863671001172 ‖Δρ‖ = 0.00019825630868823373  ‖vε - vref‖ = 0.5053598355290073  α = 0.0598
  7   -22.18797544636       -7.70       -3.43    11.7s
    ‖ρε - ρref‖ = 0.0004982914466420692 ‖Δρ‖ = 9.87766884891425e-5  ‖vε - vref‖ = 0.5071873421404502  α = 0.0182
  8   -22.18797544636      -13.75       -3.87    61.5s
    ‖ρε - ρref‖ = 0.0004866921420911135 ‖Δρ‖ = 3.532798242384804e-5  ‖vε - vref‖ = 0.5071873425293786  α = 7.62e-9
  9   -22.18797544636   +  -14.15       -3.88    43.7s
    ‖ρε - ρref‖ = 0.0004862167401754217 ‖Δρ‖ = 3.9127094937933735e-5  ‖vε - vref‖ = 0.5071873425293402  α = 0.0
 10   -22.18797545739       -7.96       -3.35    11.6s
    ‖ρε - ρref‖ = 0.0006757370029020208 ‖Δρ‖ = 0.00022845808985720977  ‖vε - vref‖ = 0.5077902213016618  α = 0.00466
 11   -22.18797546552       -8.09       -3.04    12.0s
    ‖ρε - ρref‖ = 0.0004890294707300672 ‖Δρ‖ = 0.00031348321513222343  ‖vε - vref‖ = 0.5072714158475785  α = 0.00477
 12   -22.18797546552      -14.45       -3.62    73.1s
    ‖ρε - ρref‖ = 0.00048716550963121474 ‖Δρ‖ = 6.619463039696023e-5  ‖vε - vref‖ = 0.5072714164778952  α = 1.23e-8
 13   -22.18797546552   +  -14.15       -3.52    41.1s
    ‖ρε - ρref‖ = 0.0005028744483934682 ‖Δρ‖ = 0.00010924502102337934  ‖vε - vref‖ = 0.5072714164779749  α = 0.0
 14   -22.18797546552      -12.51       -3.62    70.2s
    ‖ρε - ρref‖ = 0.0005717761705065712 ‖Δρ‖ = 0.00011228864558587585  ‖vε - vref‖ = 0.5072897458546777  α = 0.000235
 15   -22.18797546552   +    -Inf       -2.91     157s
    ‖ρε - ρref‖ = 0.000496522170071432 ‖Δρ‖ = 0.000388889304774447  ‖vε - vref‖ = 0.5072897458521218  α = 5.11e-11
 16   -22.18797546552   +    -Inf       -3.49    75.6s
    ‖ρε - ρref‖ = 0.000495923843593678 ‖Δρ‖ = 9.724646872457139e-5  ‖vε - vref‖ = 0.507289745852149  α = 6.89e-14
Trying again with Newton's method ...
n     Energy            log10(ΔE)   log10(Δρ)   Δtime 
---   ---------------   ---------   ---------   ------
  1   -22.18796895802                   -4.55     504s
    ‖ρε - ρref‖ = 0.00048045328279618907 ‖Δρ‖ = 5.888788691383034e-6  ‖vε - vref‖ = 0.5256016740935919
  2   -22.18796895812      -10.01       -7.00     521s
    ‖ρε - ρref‖ = 0.0004804548508500436 ‖Δρ‖ = 4.331932410651367e-8  ‖vε - vref‖ = 0.5255854658772229
  3   -22.18796895812   +  -12.52      -11.53     227s
    ‖ρε - ρref‖ = 0.0004804548509732509 ‖Δρ‖ = 8.571280459179216e-13  ‖vε - vref‖ = 0.5255854650092691
    Stopping to avoid numerical instabilities.

#-- ‖ρε - ρref‖ = 0.0004804548509732509 vs. 1.7782794100389227e-6 = δ*ε ‖vε - vref‖ = 0.5255854650092691  Qε=0.7794118406484803


# --- ε=0.0001

n     Energy            log10(ΔE)   log10(Δρ)   Δtime 
---   ---------------   ---------   ---------   ------
  1   -22.18740109785                   -0.89    13.6s
    ‖ρε - ρref‖ = 0.0818811561374113 ‖Δρ‖ = 0.08164146669731681  ‖vε - vref‖ = 0.9607321586564757  α = 0.00247
  2   -22.18742769627       -4.58       -1.99    9.93s
    ‖ρε - ρref‖ = 0.0042851077977249935 ‖Δρ‖ = 0.00421624075372174  ‖vε - vref‖ = 0.5803793231433773  α = 0.0154
  3   -22.18743585222       -5.09       -2.28    8.99s
    ‖ρε - ρref‖ = 0.001967738542764696 ‖Δρ‖ = 0.0018951966589275436  ‖vε - vref‖ = 0.4707423586715576  α = 0.0197
  4   -22.18744060455       -5.32       -2.31    9.12s
    ‖ρε - ρref‖ = 0.0019171901016222714 ‖Δρ‖ = 0.0018510755368919593  ‖vε - vref‖ = 0.39742393299389367  α = 0.0154
  5   -22.18744203274       -5.85       -2.99    9.81s
    ‖ρε - ρref‖ = 0.0004189521027198855 ‖Δρ‖ = 0.0002792453495441892  ‖vε - vref‖ = 0.39937003169828184  α = 0.0697
  6   -22.18744212491       -7.04       -3.06    11.9s
    ‖ρε - ρref‖ = 0.0004187419034418955 ‖Δρ‖ = 0.00028838914106914455  ‖vε - vref‖ = 0.39827307174548854  α = 0.0095
  7   -22.18744212492      -13.67       -3.20     162s
    ‖ρε - ρref‖ = 0.00033355214226204506 ‖Δρ‖ = 0.00016601863385754144  ‖vε - vref‖ = 0.3982730718971227  α = 1.6e-9
  8   -22.18744212492   +  -14.15       -3.55    46.2s
    ‖ρε - ρref‖ = 0.000291435258710802 ‖Δρ‖ = 7.042816372373671e-5  ‖vε - vref‖ = 0.39827307189707967  α = 0.0
  9   -22.18744214479       -7.70       -3.19    12.2s
    ‖ρε - ρref‖ = 0.0005425408810066032 ‖Δρ‖ = 0.00030898991992428504  ‖vε - vref‖ = 0.3983256403038685  α = 0.00386
 10   -22.18744215815       -7.87       -2.63    11.1s
    ‖ρε - ρref‖ = 0.0008240718149104853 ‖Δρ‖ = 0.0008844595198841706  ‖vε - vref‖ = 0.3961602479620621  α = 0.0019
 11   -22.18744215815      -14.15       -3.17    92.2s
    ‖ρε - ρref‖ = 0.0003317306398194199 ‖Δρ‖ = 0.00018040453990651742  ‖vε - vref‖ = 0.39616024801189004  α = 1.02e-9
 12   -22.18744215815   +  -13.97       -3.41    45.8s
    ‖ρε - ρref‖ = 0.00031202317177445634 ‖Δρ‖ = 0.00010417814744599505  ‖vε - vref‖ = 0.3961602480119499  α = 0.0
 13   -22.18744215815      -13.75       -3.40     106s
    ‖ρε - ρref‖ = 0.00042602373931056956 ‖Δρ‖ = 0.00017953185852893937  ‖vε - vref‖ = 0.39616024854805537  α = 8.39e-9
 14   -22.18744215815   +    -Inf       -2.53    48.8s
    ‖ρε - ρref‖ = 0.0008788315301060208 ‖Δρ‖ = 0.0009397181717848698  ‖vε - vref‖ = 0.3961602485480511  α = 0.0
 15   -22.18744215815   +  -13.97       -3.40    50.8s
    ‖ρε - ρref‖ = 0.00042602325409139586 ‖Δρ‖ = 0.00017953140256537394  ‖vε - vref‖ = 0.39616024854797566  α = 0.0
 16   -22.18744215815      -13.97       -3.40     152s
    ‖ρε - ρref‖ = 0.00042602325410427835 ‖Δρ‖ = 0.00017953140257704554  ‖vε - vref‖ = 0.39616024854805115  α = 1.66e-14
 17   -22.18744215815   +  -14.45       -0.10    49.1s
    ‖ρε - ρref‖ = 0.35286453921205957 ‖Δρ‖ = 0.35276917689421877  ‖vε - vref‖ = 0.3961602485480323  α = 0.0
 18   -22.18744215815      -14.45       -3.40     140s
    ‖ρε - ρref‖ = 0.00042602325409442317 ‖Δρ‖ = 0.00017953140256819043  ‖vε - vref‖ = 0.39616024854806264  α = 1.14e-15
 19   -22.18744215815   +    -Inf       -0.93    47.9s
    ‖ρε - ρref‖ = 0.053009574827266016 ‖Δρ‖ = 0.052809287845008476  ‖vε - vref‖ = 0.39616024854804194  α = 0.0
 20   -22.18744215815   +    -Inf       -3.40     140s
    ‖ρε - ρref‖ = 0.00042602325409419993 ‖Δρ‖ = 0.00017953140256796003  ‖vε - vref‖ = 0.39616024854801757  α = 4.69e-16
Trying again with Newton's method ...
n     Energy            log10(ΔE)   log10(Δρ)   Δtime 
---   ---------------   ---------   ---------   ------
  1   -22.18741812491                   -4.38     502s
    ‖ρε - ρref‖ = 0.0002748454079940965 ‖Δρ‖ = 8.894283937657474e-6  ‖vε - vref‖ = 0.4342953816451083
  2   -22.18741812804       -8.50       -6.43     518s
    ‖ρε - ρref‖ = 0.0002748721236810855 ‖Δρ‖ = 1.6192617743179378e-7  ‖vε - vref‖ = 0.43419709919369565
  3   -22.18741812801   +  -10.45       -9.76     525s
    ‖ρε - ρref‖ = 0.00027487213693140226 ‖Δρ‖ = 4.5373737391618515e-11  ‖vε - vref‖ = 0.43419700353159985
    Stopping to avoid numerical instabilities.

#-- ‖ρε - ρref‖ = 0.00027487213693140226 vs. 1.0000000000000002e-6 = δ*ε ‖vε - vref‖ = 0.43419700353159985  Qε=0.8304092323746284


# --- ε=5.623413251903491e-5

n     Energy            log10(ΔE)   log10(Δρ)   Δtime 
---   ---------------   ---------   ---------   ------
  1   -22.18708730760                   -0.89    13.3s
    ‖ρε - ρref‖ = 0.0819903976534412 ‖Δρ‖ = 0.08185570605073826  ‖vε - vref‖ = 1.0838851468714448  α = 0.00139
  2   -22.18710351267       -4.79       -1.98    10.0s
    ‖ρε - ρref‖ = 0.00433600493970645 ‖Δρ‖ = 0.0042978060015606305  ‖vε - vref‖ = 0.6989619284587346  α = 0.00898
  3   -22.18710886661       -5.27       -2.24    9.32s
    ‖ρε - ρref‖ = 0.0020976817208373725 ‖Δρ‖ = 0.002059700380116723  ‖vε - vref‖ = 0.5591164441581512  α = 0.0117
  4   -22.18711187318       -5.52       -2.25    9.19s
    ‖ρε - ρref‖ = 0.0021544924850308445 ‖Δρ‖ = 0.002121437047728633  ‖vε - vref‖ = 0.43805494661542177  α = 0.00893
  5   -22.18711187460       -8.85       -2.88    7.50s
    ‖ρε - ρref‖ = 0.0004049733242451634 ‖Δρ‖ = 0.00035128557863596646  ‖vε - vref‖ = 0.397889620545873  α = 0.0447
  6   -22.18711187460      -13.50       -2.90     123s
    ‖ρε - ρref‖ = 0.0004638534954318219 ‖Δρ‖ = 0.0004171086331767433  ‖vε - vref‖ = 0.3978896182249947  α = 1.14e-9
  7   -22.18711187460   +  -14.15       -2.95    45.6s
    ‖ρε - ρref‖ = 0.00034534393365292317 ‖Δρ‖ = 0.0002939115873843575  ‖vε - vref‖ = 0.39788961822497654  α = 0.0
  8   -22.18711193701       -7.20       -2.93    12.9s
    ‖ρε - ρref‖ = 0.0005837447702818462 ‖Δρ‖ = 0.0004909974629482708  ‖vε - vref‖ = 0.3905482254145617  α = 0.00346
  9   -22.18711194717       -7.99       -2.32    12.8s
    ‖ρε - ρref‖ = 0.002061566498975361 ‖Δρ‖ = 0.002152906898478945  ‖vε - vref‖ = 0.3852417168695941  α = 0.000516
 10   -22.18711194717      -13.97       -3.03    79.9s
    ‖ρε - ρref‖ = 0.00029426490112425597 ‖Δρ‖ = 0.0002500030974842868  ‖vε - vref‖ = 0.38524171657602024  α = 3.81e-10
 11   -22.18711194717      -14.45       -3.18    46.9s
    ‖ρε - ρref‖ = 0.000246951165378388 ‖Δρ‖ = 0.00018115831116349265  ‖vε - vref‖ = 0.3852417165762298  α = 0.0
 12   -22.18711194717   +    -Inf       -3.13    55.8s
    ‖ρε - ρref‖ = 0.0003948268517061581 ‖Δρ‖ = 0.000293190631739979  ‖vε - vref‖ = 0.3852417165761917  α = 0.0
 13   -22.18711194717      -14.45       -3.13     154s
    ‖ρε - ρref‖ = 0.00039482685166027234 ‖Δρ‖ = 0.0002931906317387272  ‖vε - vref‖ = 0.3852417163925511  α = 1.62e-10
 14   -22.18711194717      -13.75       -2.26    88.6s
    ‖ρε - ρref‖ = 0.002204564919485661 ‖Δρ‖ = 0.002295498997105562  ‖vε - vref‖ = 0.3852417163736062  α = 2.02e-12
 15   -22.18711194717   +  -13.97       -2.88    47.8s
    ‖ρε - ρref‖ = 0.00037769406259603364 ‖Δρ‖ = 0.0003557829603423174  ‖vε - vref‖ = 0.3852417163730801  α = 0.0
 16   -22.18711194717      -13.97       -3.13     168s
    ‖ρε - ρref‖ = 0.0003948268361697288 ‖Δρ‖ = 0.00029319061910748097  ‖vε - vref‖ = 0.38524171637357674  α = 2.6e-14
 17   -22.18711194717   +  -14.15       -2.31    52.1s
    ‖ρε - ρref‖ = 0.0018577250184348033 ‖Δρ‖ = 0.001927969994167514  ‖vε - vref‖ = 0.38524171637348925  α = 0.0
 18   -22.18711194717      -14.45       -3.13     173s
    ‖ρε - ρref‖ = 0.00039482683620556755 ‖Δρ‖ = 0.0002931906191373492  ‖vε - vref‖ = 0.3852417163730614  α = 1.85e-14
 19   -22.18711194717   +  -14.45       -1.45    50.3s
    ‖ρε - ρref‖ = 0.01273546409882297 ‖Δρ‖ = 0.012688628699011946  ‖vε - vref‖ = 0.3852417163730562  α = 0.0
 20   -22.18711194717      -14.45       -3.13     176s
    ‖ρε - ρref‖ = 0.0003948268361782988 ‖Δρ‖ = 0.00029319061911358774  ‖vε - vref‖ = 0.3852417163731073  α = 1.75e-14
 21   -22.18711194717   +  -14.45       -1.86    54.6s
    ‖ρε - ρref‖ = 0.004885221600463328 ‖Δρ‖ = 0.0048705529525481  ‖vε - vref‖ = 0.3852417163729979  α = 0.0
 22   -22.18711194717      -14.45       -3.13     167s
    ‖ρε - ρref‖ = 0.00039482683618920173 ‖Δρ‖ = 0.00029319061912190395  ‖vε - vref‖ = 0.38524171637295895  α = 1.47e-14
 23   -22.18711194776       -9.23       -2.12    66.1s
    ‖ρε - ρref‖ = 0.0031488516632212516 ‖Δρ‖ = 0.0030629097281032612  ‖vε - vref‖ = 0.384437275664656  α = 7.5e-5
 24   -22.18711194776      -14.15       -2.29     125s
    ‖ρε - ρref‖ = 0.001977884716053208 ‖Δρ‖ = 0.002062017803435179  ‖vε - vref‖ = 0.3844372735368046  α = 2.25e-10
 25   -22.18711194776   +  -14.15       -2.92    44.5s
    ‖ρε - ρref‖ = 0.00038292962660797954 ‖Δρ‖ = 0.0003427751364638242  ‖vε - vref‖ = 0.384437273536575  α = 0.0
 26   -22.18711194776      -13.97       -3.18    81.2s
    ‖ρε - ρref‖ = 0.00031283175705668857 ‖Δρ‖ = 0.00023711426275425143  ‖vε - vref‖ = 0.38443727336436345  α = 1.61e-10
 27   -22.18711194776   +  -14.15       -2.49    44.1s
    ‖ρε - ρref‖ = 0.0014978376506607385 ‖Δρ‖ = 0.001619022114981375  ‖vε - vref‖ = 0.384437273364381  α = 0.0
 28   -22.18711194776      -14.15       -3.18     161s
    ‖ρε - ρref‖ = 0.0003128317505977787 ‖Δρ‖ = 0.00023711425842023057  ‖vε - vref‖ = 0.3844372733642372  α = 4.73e-14
 29   -22.18711194776      -12.26       -2.12    67.0s
    ‖ρε - ρref‖ = 0.003370202050828066 ‖Δρ‖ = 0.003271254145322338  ‖vε - vref‖ = 0.3844128063830889  α = 2.68e-6
 30   -22.18711194787       -9.95       -2.46     102s
    ‖ρε - ρref‖ = 0.0012256232116547717 ‖Δρ‖ = 0.0012917528980418986  ‖vε - vref‖ = 0.383973244460141  α = 7.25e-5
 31   -22.18711194787   +  -14.45       -2.95    48.6s
    ‖ρε - ρref‖ = 0.00034009280174591527 ‖Δρ‖ = 0.00030233029088681806  ‖vε - vref‖ = 0.38397324445987596  α = 0.0
 32   -22.18711194787      -14.45       -3.18     164s
    ‖ρε - ρref‖ = 0.0003311939332881888 ‖Δρ‖ = 0.0002431871623093992  ‖vε - vref‖ = 0.38397324446010234  α = 3.69e-14
 33   -22.18711194787   +  -14.45       -0.05    51.1s
    ‖ρε - ρref‖ = 0.39123589774481665 ‖Δρ‖ = 0.3912409732376326  ‖vε - vref‖ = 0.3839732444597174  α = 0.0
 34   -22.18711194787   +    -Inf       -3.18    49.4s
    ‖ρε - ρref‖ = 0.00033119393326392775 ‖Δρ‖ = 0.00024318716229544687  ‖vε - vref‖ = 0.3839732444595825  α = 0.0
 35   -22.18711194787      -14.45       -3.18    89.3s
    ‖ρε - ρref‖ = 0.0003311939333152606 ‖Δρ‖ = 0.00024318716232427676  ‖vε - vref‖ = 0.38397324446014613  α = 4.27e-14
 36   -22.18711194787   +  -14.15       -1.64    50.4s
    ‖ρε - ρref‖ = 0.009964517931475736 ‖Δρ‖ = 0.009866454195287195  ‖vε - vref‖ = 0.3839732444599513  α = 0.0
 37   -22.18711194787      -14.15       -3.18     126s
    ‖ρε - ρref‖ = 0.0003311939332086474 ‖Δρ‖ = 0.00024318716226487438  ‖vε - vref‖ = 0.38397324444844116  α = 1.08e-11
 38   -22.18711194787   +  -14.45       -2.41    49.2s
    ‖ρε - ρref‖ = 0.0017054936440539824 ‖Δρ‖ = 0.0018185658466767438  ‖vε - vref‖ = 0.38397324444865094  α = 0.0
 39   -22.18711194787      -14.45       -3.18    96.2s
    ‖ρε - ρref‖ = 0.000331193932617359 ‖Δρ‖ = 0.0002431871618370991  ‖vε - vref‖ = 0.3839732444484168  α = 8.16e-14
 40   -22.18711194787      -14.45       -1.85    91.7s
    ‖ρε - ρref‖ = 0.005898384620349291 ‖Δρ‖ = 0.005809303074282499  ‖vε - vref‖ = 0.3839732444486564  α = 3.15e-15
 41   -22.18711194787   +  -14.15       -1.43    51.3s
    ‖ρε - ρref‖ = 0.013473022032837272 ‖Δρ‖ = 0.01342758281253564  ‖vε - vref‖ = 0.3839732444483212  α = 0.0
 42   -22.18711194787   +    -Inf       -3.18    52.0s
    ‖ρε - ρref‖ = 0.0003311939326258527 ‖Δρ‖ = 0.0002431871618418128  ‖vε - vref‖ = 0.3839732444482755  α = 0.0
 43   -22.18711194787      -14.45       -3.18    79.5s
    ‖ρε - ρref‖ = 0.0003311939326429398 ‖Δρ‖ = 0.00024318716185073636  ‖vε - vref‖ = 0.3839732444481613  α = 7.56e-14
 44   -22.18711194787      -14.45       -2.23     123s
    ‖ρε - ρref‖ = 0.0022941908456137563 ‖Δρ‖ = 0.0023736765523052557  ‖vε - vref‖ = 0.3839732424819401  α = 1.86e-10
 45   -22.18711194832       -9.35       -2.63    24.3s
    ‖ρε - ρref‖ = 0.0009900293385698999 ‖Δρ‖ = 0.0009003163723347365  ‖vε - vref‖ = 0.3821636616582122  α = 0.000726
 46   -22.18711194832      -13.67       -2.90     105s
    ‖ρε - ρref‖ = 0.00039331612403602884 ‖Δρ‖ = 0.0003638818242154131  ‖vε - vref‖ = 0.38216366156529624  α = 1.75e-10
 47   -22.18711194832      -13.97       -2.78     103s
    ‖ρε - ρref‖ = 0.000586253027503001 ‖Δρ‖ = 0.0005806783671359929  ‖vε - vref‖ = 0.38216366156572973  α = 6.84e-12
 48   -22.18711194832   +  -14.15       -2.85    43.2s
    ‖ρε - ρref‖ = 0.0005361961694608044 ‖Δρ‖ = 0.0005070721446875105  ‖vε - vref‖ = 0.3821636615656816  α = 0.0
 49   -22.18711194832      -14.15       -3.17    87.9s
    ‖ρε - ρref‖ = 0.0002328978109273274 ‖Δρ‖ = 0.0002931698047260576  ‖vε - vref‖ = 0.3821636615654872  α = 1.16e-13
 50   -22.18711194832   +  -14.45       -2.00    52.2s
    ‖ρε - ρref‖ = 0.0049691937751674175 ‖Δρ‖ = 0.0050864722463996905  ‖vε - vref‖ = 0.3821636615655653  α = 0.0
 51   -22.18711194832      -14.45       -3.17    50.9s
    ‖ρε - ρref‖ = 0.00023289781093003103 ‖Δρ‖ = 0.0002931698047336097  ‖vε - vref‖ = 0.38216366156564713  α = 0.0
 52   -22.18711194832   +  -14.15       -3.17    51.0s
    ‖ρε - ρref‖ = 0.00023289781093679537 ‖Δρ‖ = 0.00029316980474958357  ‖vε - vref‖ = 0.38216366156560794  α = 0.0
 53   -22.18711194832      -14.15       -3.17    87.5s
    ‖ρε - ρref‖ = 0.0002328978109250852 ‖Δρ‖ = 0.0002931698047224036  ‖vε - vref‖ = 0.382163661565399  α = 5.19e-13
 54   -22.18711194832   +  -14.45       -1.08    50.5s
    ‖ρε - ρref‖ = 0.03307492898420007 ‖Δρ‖ = 0.033154800625689686  ‖vε - vref‖ = 0.38216366156524073  α = 0.0
 55   -22.18711194832   +    -Inf       -3.17    50.9s
    ‖ρε - ρref‖ = 0.00023289781093425408 ‖Δρ‖ = 0.00029316980475794504  ‖vε - vref‖ = 0.3821636615653656  α = 0.0
 56   -22.18711194832      -14.45       -3.17    84.2s
    ‖ρε - ρref‖ = 0.00023289781091708243 ‖Δρ‖ = 0.0002931698047201568  ‖vε - vref‖ = 0.3821636615651558  α = 4.82e-14
 57   -22.18711194873       -9.38       -2.31    18.8s
    ‖ρε - ρref‖ = 0.002233248993282612 ‖Δρ‖ = 0.0023419088198358214  ‖vε - vref‖ = 0.38046217611941047  α = 0.000215
 58   -22.18711194882      -10.09       -2.50    76.7s
    ‖ρε - ρref‖ = 0.001174375743241564 ‖Δρ‖ = 0.001109463395297154  ‖vε - vref‖ = 0.38017691529934183  α = 7.49e-5
 59   -22.18711194882   +    -Inf       -2.99    46.9s
    ‖ρε - ρref‖ = 0.00031929556382699945 ‖Δρ‖ = 0.0002896919788780341  ‖vε - vref‖ = 0.38017691529929504  α = 0.0
 60   -22.18711194882   +    -Inf       -3.27     186s
    ‖ρε - ρref‖ = 0.00028102538501152935 ‖Δρ‖ = 0.00018807137890547776  ‖vε - vref‖ = 0.3801769152993685  α = 1.26e-14
Trying again with Newton's method ...
n     Energy            log10(ΔE)   log10(Δρ)   Δtime 
---   ---------------   ---------   ---------   ------
  1   -22.18703122216                   -4.43     514s
    ‖ρε - ρref‖ = 0.00015679054775288826 ‖Δρ‖ = 7.788400919760114e-6  ‖vε - vref‖ = 0.40695145211367717
  2   -22.18703126524       -7.37       -5.84     509s
    ‖ρε - ρref‖ = 0.00015687535558380562 ‖Δρ‖ = 5.929315800468638e-7  ‖vε - vref‖ = 0.4064184104871523
  3   -22.18703126016   +   -8.29       -8.20     517s
    ‖ρε - ρref‖ = 0.00015687502729323864 ‖Δρ‖ = 1.2242872898782424e-9  ‖vε - vref‖ = 0.40642274851469723
    Stopping to avoid numerical instabilities.

#-- ‖ρε - ρref‖ = 0.00015687502729323864 vs. 5.62341325190349e-7 = δ*ε ‖vε - vref‖ = 0.40642274851469723  Qε=0.8646729150320247


# --- ε=3.1622776601683795e-5

n     Energy            log10(ΔE)   log10(Δρ)   Δtime 
---   ---------------   ---------   ---------   ------
  1   -22.18683957114                   -0.89    13.4s
    ‖ρε - ρref‖ = 0.08205490723565366 ‖Δρ‖ = 0.08197922388074111  ‖vε - vref‖ = 1.222263752059806  α = 0.000783
  2   -22.18684884034       -5.03       -1.97    10.0s
    ‖ρε - ρref‖ = 0.004368620573250037 ‖Δρ‖ = 0.004347494141929402  ‖vε - vref‖ = 0.8591210833073036  α = 0.00523
  3   -22.18685158241       -5.56       -2.21    8.45s
    ‖ρε - ρref‖ = 0.002217086377699019 ‖Δρ‖ = 0.00219709752038919  ‖vε - vref‖ = 0.718860151527785  α = 0.00702
  4   -22.18685259432       -5.99       -2.19    11.9s
    ‖ρε - ρref‖ = 0.0024358539367927115 ‖Δρ‖ = 0.002419452884321112  ‖vε - vref‖ = 0.5916446287408785  α = 0.0053
  5   -22.18685259432      -13.85       -2.78    79.1s
    ‖ρε - ρref‖ = 0.0004739010909677625 ‖Δρ‖ = 0.00044159692055043914  ‖vε - vref‖ = 0.5916446118904775  α = 2.22e-9
  6   -22.18685259432   +  -14.15       -2.69    45.9s
    ‖ρε - ρref‖ = 0.0006832815978945061 ‖Δρ‖ = 0.0006648069264161471  ‖vε - vref‖ = 0.5916446118904706  α = 0.0
  7   -22.18685272981       -6.87       -2.68    14.3s
    ‖ρε - ρref‖ = 0.0007718068043953837 ‖Δρ‖ = 0.0007351437998609707  ‖vε - vref‖ = 0.5681435019196054  α = 0.00281
  8   -22.18685274206       -7.91       -2.01    10.4s
    ‖ρε - ρref‖ = 0.003896385457778379 ‖Δρ‖ = 0.003954468236185793  ‖vε - vref‖ = 0.5565610244194669  α = 0.000296
  9   -22.18685274206      -13.55       -2.36    71.1s
    ‖ρε - ρref‖ = 0.0017130280101688086 ‖Δρ‖ = 0.0016937158647554983  ‖vε - vref‖ = 0.5565610232483025  α = 7.52e-11
 10   -22.18685274206   +    -Inf       -2.53    48.1s
    ‖ρε - ρref‖ = 0.0009886688274142095 ‖Δρ‖ = 0.0009816894098446658  ‖vε - vref‖ = 0.5565610232482832  α = 0.0
 11   -22.18685274206   +    -Inf       -2.84    56.5s
    ‖ρε - ρref‖ = 0.0006252142904290283 ‖Δρ‖ = 0.0005628389195463201  ‖vε - vref‖ = 0.5565610232476521  α = 0.0
Trying again with Newton's method ...
n     Energy            log10(ΔE)   log10(Δρ)   Δtime 
---   ---------------   ---------   ---------   ------
  1   -22.18658738020                   -4.32     499s
    ‖ρε - ρref‖ = 8.937221096017764e-5 ‖Δρ‖ = 1.066199839333602e-5  ‖vε - vref‖ = 0.5032987513399625
  2   -22.18658793294       -6.26       -5.32     507s
    ‖ρε - ρref‖ = 8.963789499403191e-5 ‖Δρ‖ = 1.951361735602533e-6  ‖vε - vref‖ = 0.49643592162919736
  3   -22.18658785212   +   -7.09       -7.38     502s
    ‖ρε - ρref‖ = 8.96370085616426e-5 ‖Δρ‖ = 9.05627737023213e-9  ‖vε - vref‖ = 0.496461571996522
  4   -22.18658785268       -9.26       -8.73     509s
    ‖ρε - ρref‖ = 8.963700772819492e-5 ‖Δρ‖ = 3.6085296163216487e-10  ‖vε - vref‖ = 0.49646154400966136
    Stopping to avoid numerical instabilities.

#-- ‖ρε - ρref‖ = 8.963700772819492e-5 vs. 3.1622776601683797e-7 = δ*ε ‖vε - vref‖ = 0.49646154400966136  Qε=0.8869015871111641


# --- ε=1.778279410038923e-5

n     Energy            log10(ΔE)   log10(Δρ)   Δtime 
---   ---------------   ---------   ---------   ------
  1   -22.18647656577                   -0.89    12.7s
    ‖ρε - ρref‖ = 0.0820950473867569 ‖Δρ‖ = 0.0820525338191961  ‖vε - vref‖ = 1.4250540381880439  α = 0.000441
  2   -22.18648117931       -5.34       -1.97    10.9s
    ‖ρε - ρref‖ = 0.004389934958691987 ‖Δρ‖ = 0.004378641726314595  ‖vε - vref‖ = 1.1110626792277234  α = 0.00312
  3   -22.18648199507       -6.09       -2.17    11.2s
    ‖ρε - ρref‖ = 0.00238699363334677 ‖Δρ‖ = 0.0023703241404685123  ‖vε - vref‖ = 1.024405740505542  α = 0.00147
  4   -22.18648212873       -6.87       -2.10    14.5s
    ‖ρε - ρref‖ = 0.0029764001287398605 ‖Δρ‖ = 0.002961546377568394  ‖vε - vref‖ = 0.9733427380864944  α = 0.000688
  5   -22.18648212873      -13.85       -2.63     123s
    ‖ρε - ρref‖ = 0.0006388597554461599 ‖Δρ‖ = 0.0006220837256314523  ‖vε - vref‖ = 0.9733427378575312  α = 1.67e-11
  6   -22.18648212873   +    -Inf       -2.36    59.9s
    ‖ρε - ρref‖ = 0.0013694013926627958 ‖Δρ‖ = 0.0013607430260866662  ‖vε - vref‖ = 0.9733427378574206  α = 7.4e-15
  7   -22.18648212873   +  -14.45       -0.10    42.9s
    ‖ρε - ρref‖ = 0.3894978969720841 ‖Δρ‖ = 0.38952265448353074  ‖vε - vref‖ = 0.9733427378570316  α = 0.0
  8   -22.18648224072       -6.95       -2.32    11.0s
    ‖ρε - ρref‖ = 0.0018012526257430283 ‖Δρ‖ = 0.0017887321530062911  ‖vε - vref‖ = 0.9463004904896863  α = 0.000876
  9   -22.18648224072      -13.60       -2.22     104s
    ‖ρε - ρref‖ = 0.0027416034659457295 ‖Δρ‖ = 0.00276565379615891  ‖vε - vref‖ = 0.9463004868326924  α = 7.49e-11
 10   -22.18648224072   +    -Inf       -1.91    50.0s
    ‖ρε - ρref‖ = 0.0047684532085920375 ‖Δρ‖ = 0.004733137487371981  ‖vε - vref‖ = 0.9463004868332443  α = 0.0
 11   -22.18648224072   +  -14.15       -2.59    55.8s
    ‖ρε - ρref‖ = 0.0009352877781715116 ‖Δρ‖ = 0.0009411212806403694  ‖vε - vref‖ = 0.9463004868325658  α = 0.0
 12   -22.18648224072      -13.60       -2.59    95.5s
    ‖ρε - ρref‖ = 0.0009352877780908054 ‖Δρ‖ = 0.0009411212806396639  ‖vε - vref‖ = 0.9463004850841963  α = 8.56e-11
 13   -22.18648224072   +  -14.15       -1.88    51.5s
    ‖ρε - ρref‖ = 0.005795613459905202 ‖Δρ‖ = 0.005750556748961514  ‖vε - vref‖ = 0.9463004850835173  α = 0.0
 14   -22.18648224072      -14.45       -2.59     176s
    ‖ρε - ρref‖ = 0.0009352877305220203 ‖Δρ‖ = 0.0009411212301273579  ‖vε - vref‖ = 0.9463004850792899  α = 1.36e-13
 15   -22.18648224478       -8.39       -1.65    15.3s
    ‖ρε - ρref‖ = 0.010655020518053173 ‖Δρ‖ = 0.010684387959542001  ‖vε - vref‖ = 0.9370696298358545  α = 7.06e-5
 16   -22.18648230276       -7.24       -2.15    11.0s
    ‖ρε - ρref‖ = 0.0025169413520089337 ‖Δρ‖ = 0.0024868007963805  ‖vε - vref‖ = 0.902545147635318  α = 0.00065
 17   -22.18648230276      -13.50       -2.25    66.2s
    ‖ρε - ρref‖ = 0.0018077550119187731 ‖Δρ‖ = 0.0017863124481220425  ‖vε - vref‖ = 0.9025451457268078  α = 5.1e-11
 18   -22.18648230276   +  -14.15       -2.34    45.7s
    ‖ρε - ρref‖ = 0.001636916343281051 ‖Δρ‖ = 0.0016261191825751656  ‖vε - vref‖ = 0.9025451457267636  α = 0.0
 19   -22.18648230276      -14.15       -2.77     202s
    ‖ρε - ρref‖ = 0.0006498023518966262 ‖Δρ‖ = 0.0006661335396263881  ‖vε - vref‖ = 0.9025451457264888  α = 2.08e-14
 20   -22.18648230276   +  -13.97       -0.76    46.9s
    ‖ρε - ρref‖ = 0.07216375030056693 ‖Δρ‖ = 0.07218543173344392  ‖vε - vref‖ = 0.9025451457263911  α = 0.0
 21   -22.18648230276      -14.15       -2.77     124s
    ‖ρε - ρref‖ = 0.0006498023517293703 ‖Δρ‖ = 0.0006661335394489383  ‖vε - vref‖ = 0.9025451457261655  α = 5.27e-14
 22   -22.18648230276   +  -14.45       -1.62    47.8s
    ‖ρε - ρref‖ = 0.008171320967335556 ‖Δρ‖ = 0.008176842569575609  ‖vε - vref‖ = 0.9025451457256866  α = 0.0
 23   -22.18648230276   +    -Inf       -2.77    53.1s
    ‖ρε - ρref‖ = 0.0006498023517211831 ‖Δρ‖ = 0.0006661335394405857  ‖vε - vref‖ = 0.9025451457260357  α = 0.0
 24   -22.18648230276   +    -Inf       -2.77     128s
    ‖ρε - ρref‖ = 0.0006498023517420781 ‖Δρ‖ = 0.0006661335394738175  ‖vε - vref‖ = 0.90254514555244  α = 1.56e-11
Trying again with Newton's method ...
n     Energy            log10(ΔE)   log10(Δρ)   Δtime 
---   ---------------   ---------   ---------   ------
  1   -22.18563142371                   -4.43     513s
    ‖ρε - ρref‖ = 5.112850697114374e-5 ‖Δρ‖ = 1.0267489475524188e-5  ‖vε - vref‖ = 0.9068349154507851
  2   -22.18563385220       -5.61       -4.81     504s
    ‖ρε - ρref‖ = 5.178844917866481e-5 ‖Δρ‖ = 6.399185009742965e-6  ‖vε - vref‖ = 0.7742331846644864
  3   -22.18563278988   +   -5.97       -6.32     510s
    ‖ρε - ρref‖ = 5.179164435566725e-5 ‖Δρ‖ = 1.0683387595732058e-7  ‖vε - vref‖ = 0.7738146108974792
  4   -22.18563291498       -6.90       -7.12     507s
    ‖ρε - ρref‖ = 5.179187518909001e-5 ‖Δρ‖ = 1.3247171185414995e-8  ‖vε - vref‖ = 0.7738015979440078
    Stopping to avoid numerical instabilities.

#-- ‖ρε - ρref‖ = 5.179187518909001e-5 vs. 1.778279410038923e-7 = δ*ε ‖vε - vref‖ = 0.7738015979440078  Qε=0.9012480791503641


# --- ε=1.0e-5

n     Energy            log10(ΔE)   log10(Δρ)   Δtime 
---   ---------------   ---------   ---------   ------
  1   -22.18556687608                   -0.89    12.4s
    ‖ρε - ρref‖ = 0.08212762017164339 ‖Δρ‖ = 0.08210377066578856  ‖vε - vref‖ = 1.825905991458562  α = 0.000249
  2   -22.18556776111       -6.05       -1.97    7.94s
    ‖ρε - ρref‖ = 0.004408491055045698 ‖Δρ‖ = 0.004403212240498748  ‖vε - vref‖ = 1.5973349504105587  α = 0.002
  3   -22.18556776111      -13.55       -2.11     124s
    ‖ρε - ρref‖ = 0.0027643813128412423 ‖Δρ‖ = 0.0027530152380840687  ‖vε - vref‖ = 1.5973349461577813  α = 3.89e-11
  4   -22.18556776111   +    -Inf       -1.94    46.8s
    ‖ρε - ρref‖ = 0.004351063099075211 ‖Δρ‖ = 0.0043416670342323015  ‖vε - vref‖ = 1.5973349461578892  α = 0.0
  5   -22.18556801460       -6.60       -2.00    15.1s
    ‖ρε - ρref‖ = 0.0038573673267017646 ‖Δρ‖ = 0.003852417457639077  ‖vε - vref‖ = 1.5455969145739459  α = 0.000412
  6   -22.18556801460      -13.67       -2.17     116s
    ‖ρε - ρref‖ = 0.0030170190367999738 ‖Δρ‖ = 0.0030269583530869847  ‖vε - vref‖ = 1.54559691374605  α = 9.4e-12
  7   -22.18556801460   +  -13.97       -1.65    44.7s
    ‖ρε - ρref‖ = 0.009469746606778134 ‖Δρ‖ = 0.00944691255108216  ‖vε - vref‖ = 1.5455969137472962  α = 0.0
  8   -22.18556801460      -13.85       -2.25    92.8s
    ‖ρε - ρref‖ = 0.0021103700077060895 ‖Δρ‖ = 0.0021091973046439023  ‖vε - vref‖ = 1.5455969112080865  α = 3.49e-11
  9   -22.18556801460   +  -14.45       -2.06    50.1s
    ‖ρε - ρref‖ = 0.004025859750300272 ‖Δρ‖ = 0.00400067537305295  ‖vε - vref‖ = 1.5455969112075107  α = 0.0
 10   -22.18556801460   +    -Inf       -2.25     163s
    ‖ρε - ρref‖ = 0.0021103699393736426 ‖Δρ‖ = 0.002109197235798831  ‖vε - vref‖ = 1.5455969112081518  α = 2.95e-15
 11   -22.18556801696       -8.63       -1.18    20.7s
    ‖ρε - ρref‖ = 0.027510108115857034 ‖Δρ‖ = 0.027519084675946073  ‖vε - vref‖ = 1.527869590781958  α = 2.37e-5
 12   -22.18556801696      -13.41       -1.90    74.3s
    ‖ρε - ρref‖ = 0.0052890565413168155 ‖Δρ‖ = 0.005266610773050507  ‖vε - vref‖ = 1.527869584140578  α = 4.15e-11
 13   -22.18556801696   +  -13.85       -2.00    44.8s
    ‖ρε - ρref‖ = 0.003699434781016269 ‖Δρ‖ = 0.0036929104863742614  ‖vε - vref‖ = 1.5278695841418533  α = 0.0
 14   -22.18556801696      -14.15       -2.30     157s
    ‖ρε - ρref‖ = 0.001984726726342878 ‖Δρ‖ = 0.0019675818594367678  ‖vε - vref‖ = 1.5278695841210104  α = 3.27e-13
 15   -22.18556801696   +  -14.45       -1.93    47.2s
    ‖ρε - ρref‖ = 0.005714728294046367 ‖Δρ‖ = 0.005730772625318416  ‖vε - vref‖ = 1.5278695841193346  α = 0.0
 16   -22.18556801696      -14.15       -2.30    96.5s
    ‖ρε - ρref‖ = 0.001984726725402674 ‖Δρ‖ = 0.0019675818585011477  ‖vε - vref‖ = 1.5278695841205265  α = 9.41e-15
 17   -22.18556801696   +  -14.15       -0.86    47.0s
    ‖ρε - ρref‖ = 0.0597802159514458 ‖Δρ‖ = 0.05976004086443598  ‖vε - vref‖ = 1.5278695841190115  α = 0.0
 18   -22.18556801696      -14.45       -2.30     167s
    ‖ρε - ρref‖ = 0.001984726725387792 ‖Δρ‖ = 0.001967581858486253  ‖vε - vref‖ = 1.5278695841207144  α = 1.02e-15
 19   -22.18556801696      -14.45       -1.45    82.8s
    ‖ρε - ρref‖ = 0.01466576074137835 ‖Δρ‖ = 0.014646335363994583  ‖vε - vref‖ = 1.5278695841210286  α = 3.92e-16
 20   -22.18556801707       -9.97       -0.27    78.7s
    ‖ρε - ρref‖ = 0.21978153543143567 ‖Δρ‖ = 0.21976768550378875  ‖vε - vref‖ = 1.5268913965886615  α = 1.07e-7
 21   -22.18556801707   +    -Inf       -2.17     172s
    ‖ρε - ρref‖ = 0.0023141322547385944 ‖Δρ‖ = 0.0023130312875115876  ‖vε - vref‖ = 1.5268913965781707  α = 1.34e-13
 22   -22.18556801707   +    -Inf       -1.49    72.1s
    ‖ρε - ρref‖ = 0.0104629074605284 ‖Δρ‖ = 0.010458445527819516  ‖vε - vref‖ = 1.5268913962101127  α = 8.2e-13
Trying again with Newton's method ...
n     Energy            log10(ΔE)   log10(Δρ)   Δtime 
---   ---------------   ---------   ---------   ------
  1   -22.18285784639                   -4.31     511s
    ‖ρε - ρref‖ = 3.38222512184623e-5 ‖Δρ‖ = 1.9702079496417575e-5  ‖vε - vref‖ = 2.829809288048566
  2   -22.18288871763       -4.51       -4.32     508s
    ‖ρε - ρref‖ = 3.106388626229782e-5 ‖Δρ‖ = 1.9175102605021686e-5  ‖vε - vref‖ = 1.3320927431247878
  3   -22.18286919941   +   -4.71       -5.41     495s
    ‖ρε - ρref‖ = 3.108657419001475e-5 ‖Δρ‖ = 5.84156482300895e-7  ‖vε - vref‖ = 1.33079620300331
  4   -22.18287299626       -5.42       -6.07     499s
    ‖ρε - ρref‖ = 3.1048957721925296e-5 ‖Δρ‖ = 1.3925896804590043e-7  ‖vε - vref‖ = 1.3310116078786551
    Stopping to avoid numerical instabilities.

#-- ‖ρε - ρref‖ = 3.1048957721925296e-5 vs. 1.0000000000000001e-7 = δ*ε ‖vε - vref‖ = 1.3310116078786551  Qε=0.9108200866044728

|v-vref|h1 = [0.5255854650092691, 0.4341970035315999, 0.40642274851469723, 0.4964615440096613, 0.7738015979440079, 1.3310116078786551]
|v-vref|l2 = [0.1284589879423595, 0.09516009433873655, 0.08202372813824965, 0.09999729840450078, 0.15987252794089135, 0.2781352190169376]
──────────────────────────────────────────────────────────────────────────────────────────────
                                                     Time                    Allocations      
                                            ───────────────────────   ────────────────────────
             Tot / % measured:                   6.39h /  87.1%           23.4TiB /  73.8%    

Section                             ncalls     time    %tot     avg     alloc    %tot      avg
──────────────────────────────────────────────────────────────────────────────────────────────
solve_ΩplusK                            23    3.15h   56.5%    492s   11.7TiB   67.6%   519GiB
  apply_K                            2.24k    1.83h   32.8%   2.93s   3.11TiB   18.0%  1.42GiB
    compute_δρ                       2.24k    2407s   12.0%   1.07s   1.95TiB   11.3%   914MiB
      symmetrize_ρ                   2.24k    2060s   10.3%   918ms   1.14TiB    6.6%   531MiB
    apply_kernel                     2.24k     200s    1.0%  89.1ms    239GiB    1.4%   109MiB
  apply_Ω                            2.24k    2459s   12.3%   1.10s   2.08TiB   12.1%  0.95GiB
    DftHamiltonian multiplication     126k    1823s    9.1%  14.5ms    264GiB    1.5%  2.15MiB
      nonlocal                        126k    1284s    6.4%  10.2ms   15.1GiB    0.1%   126KiB
  compute_density                       23    22.6s    0.1%   983ms   17.6GiB    0.1%   786MiB
    symmetrize_ρ                        23    21.3s    0.1%   926ms   11.9GiB    0.1%   531MiB
  DftHamiltonian multiplication      1.29k    18.0s    0.1%  13.9ms   2.70GiB    0.0%  2.15MiB
    nonlocal                         1.29k    13.0s    0.1%  10.1ms    159MiB    0.0%   126KiB
  energy_hamiltonian                    23    14.4s    0.1%   625ms   15.1GiB    0.1%   671MiB
    ene_ops                             23    12.8s    0.1%   555ms   4.65GiB    0.0%   207MiB
      ene_ops: nonlocal                 23    6.54s    0.0%   284ms    183MiB    0.0%  7.94MiB
      ene_ops: dualmap                  23    3.75s    0.0%   163ms   2.05GiB    0.0%  91.3MiB
      ene_ops: external_Hartree         23    2.13s    0.0%  92.5ms   1.87GiB    0.0%  83.3MiB
      ene_ops: kinetic                  23    264ms    0.0%  11.5ms   4.10MiB    0.0%   183KiB
      ene_ops: hartree                  23   75.5ms    0.0%  3.28ms    461MiB    0.0%  20.0MiB
      ene_ops: local                    23   7.91ms    0.0%   344μs   92.9MiB    0.0%  4.04MiB
compute_density                      3.69k    1.06h   19.1%   1.04s   2.76TiB   16.0%   786MiB
  symmetrize_ρ                       3.69k    3513s   17.5%   953ms   1.87TiB   10.8%   531MiB
DftHamiltonian multiplication         192k    2714s   13.5%  14.2ms    403GiB    2.3%  2.15MiB
  nonlocal                            192k    1931s    9.6%  10.1ms   23.1GiB    0.1%   126KiB
energy_hamiltonian                   3.43k    1992s    9.9%   582ms   2.19TiB   12.7%   671MiB
  ene_ops                            3.43k    1741s    8.7%   508ms    692GiB    3.9%   207MiB
    ene_ops: nonlocal                3.43k     993s    5.0%   290ms   26.6GiB    0.2%  7.94MiB
    ene_ops: external_Hartree        3.43k     352s    1.8%   103ms    279GiB    1.6%  83.3MiB
    ene_ops: dualmap                 3.43k     333s    1.7%  97.3ms    306GiB    1.7%  91.3MiB
    ene_ops: kinetic                 3.43k    39.5s    0.2%  11.5ms    611MiB    0.0%   183KiB
    ene_ops: hartree                 3.43k    20.4s    0.1%  5.97ms   67.1GiB    0.4%  20.0MiB
    ene_ops: local                   3.43k    1.75s    0.0%   511μs   13.5GiB    0.1%  4.04MiB
ortho_qr                             15.8k    62.6s    0.3%  3.97ms    117GiB    0.7%  7.61MiB
compute_projected_gradient              23    56.0s    0.3%   2.44s   45.0GiB    0.3%  1.96GiB
  compute_density                       23    23.4s    0.1%   1.02s   17.6GiB    0.1%   786MiB
    symmetrize_ρ                        23    22.1s    0.1%   959ms   11.9GiB    0.1%   531MiB
  DftHamiltonian multiplication      1.29k    18.0s    0.1%  14.0ms   2.70GiB    0.0%  2.15MiB
    nonlocal                         1.29k    13.0s    0.1%  10.1ms    159MiB    0.0%   126KiB
  energy_hamiltonian                    23    12.8s    0.1%   556ms   15.1GiB    0.1%   671MiB
    ene_ops                             23    11.2s    0.1%   485ms   4.65GiB    0.0%   207MiB
      ene_ops: nonlocal                 23    6.70s    0.0%   291ms    183MiB    0.0%  7.94MiB
      ene_ops: external_Hartree         23    2.11s    0.0%  91.6ms   1.87GiB    0.0%  83.3MiB
      ene_ops: dualmap                  23    1.99s    0.0%  86.5ms   2.05GiB    0.0%  91.3MiB
      ene_ops: kinetic                  23    269ms    0.0%  11.7ms   4.10MiB    0.0%   183KiB
      ene_ops: hartree                  23   79.8ms    0.0%  3.47ms    461MiB    0.0%  20.0MiB
      ene_ops: local                    23   8.76ms    0.0%   381μs   92.9MiB    0.0%  4.04MiB
PlaneWaveBasis                          21    51.4s    0.3%   2.45s   76.8GiB    0.4%  3.66GiB
  Instantiation AtomicNonlocal          21    41.0s    0.2%   1.95s   60.2GiB    0.3%  2.87GiB
  Instantiation AtomicLocal             21    3.52s    0.0%   168ms   2.58GiB    0.0%   126MiB
    enforce_real!                       21   27.3ms    0.0%  1.30ms   7.88KiB    0.0%     384B
  Instantiation ExternalHartree         21    3.09s    0.0%   147ms   1.88GiB    0.0%  91.6MiB
  Instantiation DualMap                 21    1.83s    0.0%  87.3ms   1.64GiB    0.0%  80.1MiB
  build_kpoints                         21    1.26s    0.0%  60.1ms   8.65GiB    0.0%   422MiB
  Instantiation Kinetic                 21    225ms    0.0%  10.7ms   0.96GiB    0.0%  46.6MiB
  Instantiation Hartree                 21    211ms    0.0%  10.0ms   86.4MiB    0.0%  4.12MiB
    enforce_real!                       21   25.4ms    0.0%  1.21ms   8.86KiB    0.0%     432B
  Instantiation Ewald                   21   98.3ms    0.0%  4.68ms   61.7KiB    0.0%  2.94KiB
    precomp: Ewald                      21   97.8ms    0.0%  4.66ms   43.6KiB    0.0%  2.08KiB
  _check_kpoint_reduction               21   53.2ms    0.0%  2.53ms     0.00B    0.0%    0.00B
  Instantiation PspCorrection           21    669μs    0.0%  31.9μs   8.53KiB    0.0%     416B
load_scfres                              1    12.0s    0.1%   12.0s   5.98GiB    0.0%  5.98GiB
  energy_hamiltonian                     1    3.43s    0.0%   3.43s    739MiB    0.0%   739MiB
    ene_ops                              1    3.30s    0.0%   3.30s    383MiB    0.0%   383MiB
      ene_ops: xc                        1    2.11s    0.0%   2.11s    327MiB    0.0%   327MiB
      ene_ops: nonlocal                  1    305ms    0.0%   305ms   9.42MiB    0.0%  9.42MiB
      ene_ops: kinetic                   1   49.5ms    0.0%  49.5ms    234KiB    0.0%   234KiB
      ene_ops: hartree                   1   4.24ms    0.0%  4.24ms   20.0MiB    0.0%  20.0MiB
      ene_ops: local                     1    255μs    0.0%   255μs   4.04MiB    0.0%  4.04MiB
  Instantiation AtomicNonlocal           1    2.69s    0.0%   2.69s   2.93GiB    0.0%  2.93GiB
  Instantiation Xc                       1    1.01s    0.0%   1.01s    201MiB    0.0%   201MiB
    enforce_real!                        1   1.29ms    0.0%  1.29ms      384B    0.0%     384B
  Instantiation AtomicLocal              1    300ms    0.0%   300ms    127MiB    0.0%   127MiB
    enforce_real!                        1   1.33ms    0.0%  1.33ms      384B    0.0%     384B
  build_kpoints                          1    157ms    0.0%   157ms    422MiB    0.0%   422MiB
  Instantiation Ewald                    1   70.5ms    0.0%  70.5ms   18.4MiB    0.0%  18.4MiB
    precomp: Ewald                       1   4.63ms    0.0%  4.63ms   3.16KiB    0.0%  3.16KiB
  Instantiation PspCorrection            1   21.5ms    0.0%  21.5ms   2.76MiB    0.0%  2.76MiB
  Instantiation Kinetic                  1   19.9ms    0.0%  19.9ms   46.6MiB    0.0%  46.6MiB
  Instantiation Hartree                  1   16.6ms    0.0%  16.6ms   9.19MiB    0.0%  9.19MiB
    enforce_real!                        1   1.20ms    0.0%  1.20ms      432B    0.0%     432B
  _check_kpoint_reduction                1   2.53ms    0.0%  2.53ms     0.00B    0.0%    0.00B
save_scfres                              2    6.33s    0.0%   3.17s    656MiB    0.0%   328MiB
symmetry_operations                     21    157ms    0.0%  7.49ms   14.0MiB    0.0%   680KiB
  _check_symmetries                     21   3.21ms    0.0%   153μs   3.94MiB    0.0%   192KiB
──────────────────────────────────────────────────────────────────────────────────────────────
