
DFTK Version      0.7.20
Julia Version     1.12.4
libxc Version     7.0.0
FFTW.jl provider  fftw v3.3.10

BLAS.get_config()
  LinearAlgebra.BLAS.LBTConfig
  Libraries: 
  └ [ILP64] libopenblas64_.so

MPI.versioninfo()
  MPIPreferences:
    binary:  MPICH_jll
    abi:     MPICH
  
  Package versions
    MPI.jl:             0.20.23
    MPIPreferences.jl:  0.1.11
    MPICH_jll:          4.3.2+0
  
  Library information:
    libmpi:  /data/vebak3345/.julia/artifacts/117d9048128625bb3418b0b4cca48739c5d28740/lib/libmpi.so
    libmpi dlpath:  /data/vebak3345/.julia/artifacts/117d9048128625bb3418b0b4cca48739c5d28740/lib/libmpi.so
    MPI version:  4.1.0
    Library version:  
      MPICH Version:      4.3.1
      MPICH Release date: Fri Jun 20 09:24:41 AM CDT 2025
      MPICH ABI:          17:1:5
      MPICH Device:       ch3:nemesis
      MPICH configure:    --build=x86_64-linux-musl --disable-dependency-tracking --disable-doc --enable-fast=ndebug,O3 --enable-static=no --host=x86_64-linux-gnu --prefix=/workspace/destdir --with-device=ch3 --with-hwloc=/workspace/destdir
      MPICH CC:           cc     -DNDEBUG -DNVALGRIND -O3
      MPICH CXX:          c++   -DNDEBUG -DNVALGRIND -O3
      MPICH F77:          gfortran   -O3
      MPICH FC:           gfortran   -O3
      MPICH features:     
      
    MPI launcher: /data/vebak3345/.julia/artifacts/117d9048128625bb3418b0b4cca48739c5d28740/bin/mpiexec
    MPI launcher path: /data/vebak3345/.julia/artifacts/117d9048128625bb3418b0b4cca48739c5d28740/bin/mpiexec
  


truncated grid size:(45, 45, 45)
‖ρref - ρorig‖H-1 = 4.56055825825785e-5
‖ρref - ρorig‖L2  = 0.0002784447548053744

# --- ε=1.0

n     Energy            log10(ΔE)   log10(Δρ)   Δtime 
---   ---------------   ---------   ---------   ------
  1   -22.32323071550                   -0.78    17.2s
    ‖ρε - ρref‖ = 0.0005878177707090995 ‖Δρ‖ = 0.10656410461581291  ‖vε - vref‖ = 4.912410777606894  α = 1.0
  2   -22.36327080633       -1.40       -1.36    7.17s
    ‖ρε - ρref‖ = 0.10599229421511668 ‖Δρ‖ = 0.027470606464570196  ‖vε - vref‖ = 4.9586540491430915  α = 1.0
  3   -22.36904339616       -2.24       -1.81    9.73s
    ‖ρε - ρref‖ = 0.08316586772786821 ‖Δρ‖ = 0.00833362798480993  ‖vε - vref‖ = 4.9651037434752885  α = 0.521
  4   -22.37053189797       -2.83       -2.20    5.93s
    ‖ρε - ρref‖ = 0.07541104040550584 ‖Δρ‖ = 0.003817052779236462  ‖vε - vref‖ = 4.958594739135333  α = 1.0

#-- ‖ρε - ρref‖ = 0.08287116770195452 vs. 0.01 = δ*ε ‖vε - vref‖ = 4.952333397697711  Qε=0.0062834764703049205


# --- ε=0.5623413251903491

n     Energy            log10(ΔE)   log10(Δρ)   Δtime 
---   ---------------   ---------   ---------   ------
  1   -22.36714195216                   -2.07    15.7s
    ‖ρε - ρref‖ = 0.08598210812209109 ‖Δρ‖ = 0.005404860858795587  ‖vε - vref‖ = 4.84825453642811  α = 0.42
  2   -22.36729577558       -3.81       -2.32    8.87s
    ‖ρε - ρref‖ = 0.08215397128283534 ‖Δρ‖ = 0.003062438466675698  ‖vε - vref‖ = 4.85290804990457  α = 0.498

#-- ‖ρε - ρref‖ = 0.07881734014452259 vs. 0.005623413251903491 = δ*ε ‖vε - vref‖ = 4.85373407335933  Qε=0.010219645239305634


# --- ε=0.31622776601683794

n     Energy            log10(ΔE)   log10(Δρ)   Δtime 
---   ---------------   ---------   ---------   ------
  1   -22.35973156901                   -2.19    12.5s
    ‖ρε - ρref‖ = 0.07881737232898355 ‖Δρ‖ = 0.004070812231975767  ‖vε - vref‖ = 4.688620916743983  α = 1.0
  2   -22.35978744808       -4.25       -2.99    5.81s
    ‖ρε - ρref‖ = 0.07475193334039915 ‖Δρ‖ = 0.0006279618878979287  ‖vε - vref‖ = 4.685410487682539  α = 1.0
  3   -22.35981483417       -4.56       -2.76    6.11s
    ‖ρε - ρref‖ = 0.07531897631601527 ‖Δρ‖ = 0.0010855425306906545  ‖vε - vref‖ = 4.679583068780209  α = 1.0

#-- ‖ρε - ρref‖ = 0.07578192935356555 vs. 0.0031622776601683794 = δ*ε ‖vε - vref‖ = 4.682969607356622  Qε=0.017866202238416545


# --- ε=0.1778279410038923

n     Energy            log10(ΔE)   log10(Δρ)   Δtime 
---   ---------------   ---------   ---------   ------
  1   -22.34763557046                   -1.92    12.1s
    ‖ρε - ρref‖ = 0.07578213916371143 ‖Δρ‖ = 0.007595509307378245  ‖vε - vref‖ = 4.4372158294052175  α = 1.0
  2   -22.34790340401       -3.57       -2.46    5.85s
    ‖ρε - ρref‖ = 0.06819163017050854 ‖Δρ‖ = 0.0021943441087180398  ‖vε - vref‖ = 4.4164802741662434  α = 1.0
  3   -22.34793323488       -4.53       -2.87    9.45s
    ‖ρε - ρref‖ = 0.06985475663386896 ‖Δρ‖ = 0.0008205923346869379  ‖vε - vref‖ = 4.41361459215962  α = 0.376
  4   -22.34793995799       -5.17       -3.39    6.15s
    ‖ρε - ρref‖ = 0.07066568805415605 ‖Δρ‖ = 0.00023210212115808645  ‖vε - vref‖ = 4.415647578755083  α = 1.0

#-- ‖ρε - ρref‖ = 0.07022989456174475 vs. 0.001778279410038923 = δ*ε ‖vε - vref‖ = 4.417613475220325  Qε=0.030226990730556798


# --- ε=0.1

n     Energy            log10(ΔE)   log10(Δρ)   Δtime 
---   ---------------   ---------   ---------   ------
  1   -22.32931728723                   -1.71    11.8s
    ‖ρε - ρref‖ = 0.07023078822144828 ‖Δρ‖ = 0.01230212806669045  ‖vε - vref‖ = 4.104690555439016  α = 1.0
  2   -22.33040735714       -2.96       -2.14    5.94s
    ‖ρε - ρref‖ = 0.057941110286219864 ‖Δρ‖ = 0.004620082934666293  ‖vε - vref‖ = 4.028018068383279  α = 1.0
  3   -22.33045958369       -4.28       -2.78    9.12s
    ‖ρε - ρref‖ = 0.06207190638179236 ‖Δρ‖ = 0.0008574569478977789  ‖vε - vref‖ = 4.023463657984909  α = 0.407
  4   -22.33047139929       -4.93       -3.38    6.05s
    ‖ρε - ρref‖ = 0.06280007652094032 ‖Δρ‖ = 0.0002199675664536838  ‖vε - vref‖ = 4.026606406560256  α = 1.0

#-- ‖ρε - ρref‖ = 0.06233028131406253 vs. 0.001 = δ*ε ‖vε - vref‖ = 4.030803413621545  Qε=0.04793549795024037


# --- ε=0.05623413251903491

n     Energy            log10(ΔE)   log10(Δρ)   Δtime 
---   ---------------   ---------   ---------   ------
  1   -22.30716275565                   -1.51    16.3s
    ‖ρε - ρref‖ = 0.07234867640749222 ‖Δρ‖ = 0.019606679119817887  ‖vε - vref‖ = 3.507954572564251  α = 0.49
  2   -22.30732031783       -3.80       -2.69    5.80s
    ‖ρε - ρref‖ = 0.05276122605164885 ‖Δρ‖ = 0.0009742410618339726  ‖vε - vref‖ = 3.5224113786902427  α = 1.0
  3   -22.30740598217       -4.07       -3.12    5.88s
    ‖ρε - ρref‖ = 0.05217812058679438 ‖Δρ‖ = 0.00029494175605085344  ‖vε - vref‖ = 3.525486475477029  α = 1.0
  4   -22.30743467846       -4.54       -3.49    6.24s
    ‖ρε - ρref‖ = 0.05211620312068728 ‖Δρ‖ = 0.00014974800649334203  ‖vε - vref‖ = 3.524421409255628  α = 1.0

#-- ‖ρε - ρref‖ = 0.05213030343937988 vs. 0.0005623413251903491 = δ*ε ‖vε - vref‖ = 3.5238104714962257  Qε=0.07425523562495151


# --- ε=0.03162277660168379

n     Energy            log10(ΔE)   log10(Δρ)   Δtime 
---   ---------------   ---------   ---------   ------
  1   -22.28053455788                   -1.33    15.3s
    ‖ρε - ρref‖ = 0.0704677914401572 ‖Δρ‖ = 0.029582154083083363  ‖vε - vref‖ = 2.930664537108827  α = 0.381
  2   -22.28076811530       -3.63       -2.63    5.85s
    ‖ρε - ρref‖ = 0.040926410317057585 ‖Δρ‖ = 0.0011209662484236934  ‖vε - vref‖ = 2.9541732909500986  α = 1.0
  3   -22.28088137717       -3.95       -2.97    6.13s
    ‖ρε - ρref‖ = 0.040356636099836925 ‖Δρ‖ = 0.00042868920078499855  ‖vε - vref‖ = 2.9588673664406184  α = 1.0
  4   -22.28092603858       -4.35       -3.41    6.72s
    ‖ρε - ρref‖ = 0.04033466319973019 ‖Δρ‖ = 0.00018088712826777066  ‖vε - vref‖ = 2.956273383488225  α = 1.0
  5   -22.28094166163       -4.81       -3.30    6.38s
    ‖ρε - ρref‖ = 0.040353750600158306 ‖Δρ‖ = 0.00021192657615445862  ‖vε - vref‖ = 2.954987782566129  α = 1.0

#-- ‖ρε - ρref‖ = 0.040307809188088614 vs. 0.00031622776601683794 = δ*ε ‖vε - vref‖ = 2.9576536876960793  Qε=0.11106694623261601


# --- ε=0.01778279410038923

n     Energy            log10(ΔE)   log10(Δρ)   Δtime 
---   ---------------   ---------   ---------   ------
  1   -22.25443481663                   -1.18    15.6s
    ‖ρε - ρref‖ = 0.07008251996587893 ‖Δρ‖ = 0.04094987350156084  ‖vε - vref‖ = 2.3830894233486006  α = 0.274
  2   -22.25462839682       -3.71       -2.67    6.49s
    ‖ρε - ρref‖ = 0.029214260469659546 ‖Δρ‖ = 0.0010212985810299819  ‖vε - vref‖ = 2.409671260711206  α = 1.0
  3   -22.25474350792       -3.94       -2.90    5.84s
    ‖ρε - ρref‖ = 0.028849989209643982 ‖Δρ‖ = 0.0005435793543213544  ‖vε - vref‖ = 2.421351883930509  α = 1.0
  4   -22.25478759786       -4.36       -3.26    5.92s
    ‖ρε - ρref‖ = 0.02879621856688345 ‖Δρ‖ = 0.00023966769150343868  ‖vε - vref‖ = 2.4110559670091845  α = 1.0
  5   -22.25479839948       -4.97       -3.35    6.30s
    ‖ρε - ρref‖ = 0.02883791404447508 ‖Δρ‖ = 0.00019950962648208206  ‖vε - vref‖ = 2.4101285255231373  α = 1.0
  6   -22.25480953440       -4.95       -3.54    6.70s
    ‖ρε - ρref‖ = 0.028825740716023694 ‖Δρ‖ = 0.00011785432271538957  ‖vε - vref‖ = 2.4154503341840696  α = 1.0
  7   -22.25481061986       -5.96       -3.78    6.86s
    ‖ρε - ρref‖ = 0.028803478310426855 ‖Δρ‖ = 7.305556603467672e-5  ‖vε - vref‖ = 2.415661089628035  α = 1.0

#-- ‖ρε - ρref‖ = 0.028801309316746695 vs. 0.0001778279410038923 = δ*ε ‖vε - vref‖ = 2.4142392064264224  Qε=0.15400018325115516


# --- ε=0.01

n     Energy            log10(ΔE)   log10(Δρ)   Δtime 
---   ---------------   ---------   ---------   ------
  1   -22.23232090403                   -1.08    15.5s
    ‖ρε - ρref‖ = 0.071589717129719 ‖Δρ‖ = 0.0523394276521872  ‖vε - vref‖ = 1.9303393470718857  α = 0.183
  2   -22.23242594739       -3.98       -2.63    6.67s
    ‖ρε - ρref‖ = 0.01938943927541477 ‖Δρ‖ = 0.0011120246084880304  ‖vε - vref‖ = 1.9734660525303283  α = 1.0
  3   -22.23255125867       -3.90       -2.80    6.65s
    ‖ρε - ρref‖ = 0.01918057375760654 ‖Δρ‖ = 0.0007163184424594781  ‖vε - vref‖ = 1.97975374138735  α = 1.0
  4   -22.23256984337       -4.73       -2.89    6.39s
    ‖ρε - ρref‖ = 0.01916611391812769 ‖Δρ‖ = 0.0005202927175911888  ‖vε - vref‖ = 1.9542628549588923  α = 1.0
  5   -22.23259438968       -4.61       -3.18    6.85s
    ‖ρε - ρref‖ = 0.01917240007290287 ‖Δρ‖ = 0.0002674982261506965  ‖vε - vref‖ = 1.9638307516265778  α = 1.0
  6   -22.23259869551       -5.37       -3.40    9.78s
    ‖ρε - ρref‖ = 0.019176289459634156 ‖Δρ‖ = 0.0001642083607188645  ‖vε - vref‖ = 1.9680814591508557  α = 0.489
  7   -22.23260011721       -5.85       -3.79    6.51s
    ‖ρε - ρref‖ = 0.019165648898534473 ‖Δρ‖ = 6.133097319419463e-5  ‖vε - vref‖ = 1.9677951195853969  α = 1.0
  8   -22.23260076553       -6.19       -4.29    7.23s
    ‖ρε - ρref‖ = 0.019154749785608893 ‖Δρ‖ = 2.0726309901870422e-5  ‖vε - vref‖ = 1.9669269852957225  α = 1.0

#-- ‖ρε - ρref‖ = 0.019156536962468208 vs. 0.0001 = δ*ε ‖vε - vref‖ = 1.9675727200312259  Qε=0.20788055665429073


# --- ε=0.005623413251903491

n     Energy            log10(ΔE)   log10(Δρ)   Δtime 
---   ---------------   ---------   ---------   ------
  1   -22.21579296802                   -1.00    15.3s
    ‖ρε - ρref‖ = 0.07413214419347443 ‖Δρ‖ = 0.0621513917866362  ‖vε - vref‖ = 1.583242902631367  α = 0.116
  2   -22.21592161977       -3.89       -2.51    8.60s
    ‖ρε - ρref‖ = 0.01231871245848026 ‖Δρ‖ = 0.0013881540761237392  ‖vε - vref‖ = 1.624354517293059  α = 0.467
  3   -22.21595784071       -4.44       -3.13    6.27s
    ‖ρε - ρref‖ = 0.012106935516782071 ‖Δρ‖ = 0.0003043840381658704  ‖vε - vref‖ = 1.6456602012841117  α = 1.0
  4   -22.21597398723       -4.79       -2.92    9.46s
    ‖ρε - ρref‖ = 0.012071852483651115 ‖Δρ‖ = 0.000501640908790427  ‖vε - vref‖ = 1.6324828187787366  α = 0.515
  5   -22.21598073980       -5.17       -3.45    6.32s
    ‖ρε - ρref‖ = 0.012039642771711236 ‖Δρ‖ = 0.00012553356260022053  ‖vε - vref‖ = 1.6306509439402928  α = 1.0
  6   -22.21598338563       -5.58       -3.72    6.76s
    ‖ρε - ρref‖ = 0.01205018348572173 ‖Δρ‖ = 7.111650043282089e-5  ‖vε - vref‖ = 1.6320461583868955  α = 1.0
  7   -22.21598377056       -6.41       -4.01    6.48s
    ‖ρε - ρref‖ = 0.012049488906771454 ‖Δρ‖ = 4.105783370932354e-5  ‖vε - vref‖ = 1.632327904660078  α = 1.0
  8   -22.21598427242       -6.30       -4.23    6.13s
    ‖ρε - ρref‖ = 0.0120454637446139 ‖Δρ‖ = 2.027284132369929e-5  ‖vε - vref‖ = 1.632406440356738  α = 1.0

#-- ‖ρε - ρref‖ = 0.012045907595794709 vs. 5.6234132519034914e-5 = δ*ε ‖vε - vref‖ = 1.6327066552787624  Qε=0.27225590358924895


# --- ε=0.0031622776601683794

n     Energy            log10(ΔE)   log10(Δρ)   Δtime 
---   ---------------   ---------   ---------   ------
  1   -22.20453474324                   -0.96    15.9s
    ‖ρε - ρref‖ = 0.07666229833593029 ‖Δρ‖ = 0.06951293525578102  ‖vε - vref‖ = 1.316093363839714  α = 0.0698
  2   -22.20464507662       -3.96       -2.34    9.10s
    ‖ρε - ρref‖ = 0.007745249683063508 ‖Δρ‖ = 0.0019538485596041575  ‖vε - vref‖ = 1.3686005264349455  α = 0.298
  3   -22.20467041768       -4.60       -3.24    6.38s
    ‖ρε - ρref‖ = 0.007326375793110276 ‖Δρ‖ = 0.00019692168180431536  ‖vε - vref‖ = 1.3883859538306822  α = 1.0
  4   -22.20467278145       -5.63       -3.24    5.89s
    ‖ρε - ρref‖ = 0.0072901310750918364 ‖Δρ‖ = 0.00023458532879586946  ‖vε - vref‖ = 1.3853574648612488  α = 1.0
  5   -22.20467904598       -5.20       -3.12    9.05s
    ‖ρε - ρref‖ = 0.007291579856824374 ‖Δρ‖ = 0.00032668747523995404  ‖vε - vref‖ = 1.3746146704111826  α = 0.425
  6   -22.20468056767       -5.82       -3.52    6.36s
    ‖ρε - ρref‖ = 0.0072855550503698584 ‖Δρ‖ = 0.0001058615434001034  ‖vε - vref‖ = 1.384854677173437  α = 1.0
  7   -22.20468251224       -5.71       -3.87    6.03s
    ‖ρε - ρref‖ = 0.007291471294745524 ‖Δρ‖ = 4.9118238942840306e-5  ‖vε - vref‖ = 1.379326117481702  α = 1.0
  8   -22.20468305704       -6.26       -3.94    9.21s
    ‖ρε - ρref‖ = 0.007290998577947605 ‖Δρ‖ = 3.771203368088649e-5  ‖vε - vref‖ = 1.3791107278044832  α = 0.509
  9   -22.20468315075       -7.03       -4.47    5.91s
    ‖ρε - ρref‖ = 0.007288201642343745 ‖Δρ‖ = 1.2001891061496804e-5  ‖vε - vref‖ = 1.3805759195722869  α = 1.0
 10   -22.20468320140       -7.30       -4.72    6.44s
    ‖ρε - ρref‖ = 0.007287849469573745 ‖Δρ‖ = 6.61263565874416e-6  ‖vε - vref‖ = 1.380473929329952  α = 1.0

#-- ‖ρε - ρref‖ = 0.0072881182741003515 vs. 3.1622776601683795e-5 = δ*ε ‖vε - vref‖ = 1.3801382353344118  Qε=0.3460559587640832


# --- ε=0.0017782794100389228

n     Energy            log10(ΔE)   log10(Δρ)   Δtime 
---   ---------------   ---------   ---------   ------
  1   -22.19734523026                   -0.93    14.6s
    ‖ρε - ρref‖ = 0.07864767030283762 ‖Δρ‖ = 0.07449495133356412  ‖vε - vref‖ = 1.1031672020844485  α = 0.0411
  2   -22.19745387971       -3.96       -2.21    8.97s
    ‖ρε - ρref‖ = 0.005292908265624986 ‖Δρ‖ = 0.0026005762621560957  ‖vε - vref‖ = 1.1457310667703884  α = 0.186
  3   -22.19746464778       -4.97       -2.93    9.63s
    ‖ρε - ρref‖ = 0.004379047244276467 ‖Δρ‖ = 0.0004583941352017528  ‖vε - vref‖ = 1.1623614028536693  α = 0.31
  4   -22.19747082974       -5.21       -2.98    9.18s
    ‖ρε - ρref‖ = 0.004365712008593683 ‖Δρ‖ = 0.0004223512031941764  ‖vε - vref‖ = 1.1801529229950627  α = 0.229
  5   -22.19747359573       -5.56       -3.64    5.92s
    ‖ρε - ρref‖ = 0.004311907240183952 ‖Δρ‖ = 7.66028022583082e-5  ‖vε - vref‖ = 1.1668240363458553  α = 1.0
  6   -22.19747618243       -5.59       -3.79    6.92s
    ‖ρε - ρref‖ = 0.004302699490873391 ‖Δρ‖ = 6.010443277847865e-5  ‖vε - vref‖ = 1.1735439913208106  α = 1.0
  7   -22.19747707159       -6.05       -3.69    10.1s
    ‖ρε - ρref‖ = 0.004301623905642315 ‖Δρ‖ = 7.579795494395698e-5  ‖vε - vref‖ = 1.1732917924540704  α = 0.447
  8   -22.19747723120       -6.80       -4.17    7.13s
    ‖ρε - ρref‖ = 0.004305632802778444 ‖Δρ‖ = 2.0220654103753342e-5  ‖vε - vref‖ = 1.1713150683940403  α = 1.0
  9   -22.19747740581       -6.76       -4.27    6.74s
    ‖ρε - ρref‖ = 0.004306531832732704 ‖Δρ‖ = 1.7157029739425625e-5  ‖vε - vref‖ = 1.1720785614628604  α = 1.0
 10   -22.19747743456       -7.54       -4.66    6.73s
    ‖ρε - ρref‖ = 0.0043058883284252504 ‖Δρ‖ = 7.368168607662031e-6  ‖vε - vref‖ = 1.1716287099381455  α = 1.0

#-- ‖ρε - ρref‖ = 0.004305688498051747 vs. 1.778279410038923e-5 = δ*ε ‖vε - vref‖ = 1.1718961053066865  Qε=0.4312648940139675


# --- ε=0.001

n     Energy            log10(ΔE)   log10(Δρ)   Δtime 
---   ---------------   ---------   ---------   ------
  1   -22.19294580938                   -0.91    16.0s
    ‖ρε - ρref‖ = 0.08000274019519274 ‖Δρ‖ = 0.0776292212461965  ‖vε - vref‖ = 0.9353454279928851  α = 0.0237
  2   -22.19304530500       -4.00       -2.12    10.0s
    ‖ρε - ρref‖ = 0.0043096697480618906 ‖Δρ‖ = 0.003155571373821893  ‖vε - vref‖ = 0.9319219710265217  α = 0.116
  3   -22.19305490307       -5.02       -2.69    9.68s
    ‖ρε - ρref‖ = 0.002703885433520574 ‖Δρ‖ = 0.000777836917140114  ‖vε - vref‖ = 0.9519888031326139  α = 0.146
  4   -22.19306006431       -5.29       -2.84    10.3s
    ‖ρε - ρref‖ = 0.00262330082845801 ‖Δρ‖ = 0.0005421720781397137  ‖vε - vref‖ = 0.9807245370876249  α = 0.14
  5   -22.19306142464       -5.87       -3.78    6.62s
    ‖ρε - ρref‖ = 0.0025168755436703496 ‖Δρ‖ = 5.2759726978536595e-5  ‖vε - vref‖ = 0.9897583567960453  α = 1.0
  6   -22.19306305001       -5.79       -3.62    9.58s
    ‖ρε - ρref‖ = 0.0025114243204511994 ‖Δρ‖ = 9.43202146941153e-5  ‖vε - vref‖ = 0.987942178386228  α = 0.43
  7   -22.19306407505       -5.99       -3.64    9.32s
    ‖ρε - ρref‖ = 0.002506391277891727 ‖Δρ‖ = 7.06968250727713e-5  ‖vε - vref‖ = 0.9841095269498551  α = 0.359
  8   -22.19306435891       -6.55       -4.10    9.41s
    ‖ρε - ρref‖ = 0.002508353280378278 ‖Δρ‖ = 2.349572295373913e-5  ‖vε - vref‖ = 0.9827702949483879  α = 0.471
  9   -22.19306441843       -7.23       -4.65    7.28s
    ‖ρε - ρref‖ = 0.002510178037204768 ‖Δρ‖ = 6.1786629681771275e-6  ‖vε - vref‖ = 0.9836144736625454  α = 1.0
 10   -22.19306443859       -7.70       -4.60    10.2s
    ‖ρε - ρref‖ = 0.002510550809283764 ‖Δρ‖ = 6.745231591838813e-6  ‖vε - vref‖ = 0.9833696713271809  α = 0.347

#-- ‖ρε - ρref‖ = 0.0025104829439057132 vs. 1.0e-5 = δ*ε ‖vε - vref‖ = 0.9833099749843104  Qε=0.5400994999629843


# --- ε=0.0005623413251903491

n     Energy            log10(ΔE)   log10(Δρ)   Δtime 
---   ---------------   ---------   ---------   ------
  1   -22.19032417150                   -0.90    15.9s
    ‖ρε - ρref‖ = 0.08087680872249164 ‖Δρ‖ = 0.07953238622794646  ‖vε - vref‖ = 0.8269677727841415  α = 0.0136
  2   -22.19040560668       -4.09       -2.06    9.67s
    ‖ρε - ρref‖ = 0.004089792387045898 ‖Δρ‖ = 0.0035825106831445658  ‖vε - vref‖ = 0.7314501496114202  α = 0.0718
  3   -22.19041700757       -4.94       -2.53    9.78s
    ‖ρε - ρref‖ = 0.0019346455151302035 ‖Δρ‖ = 0.001105922882155198  ‖vε - vref‖ = 0.7520408953416513  α = 0.0875
  4   -22.19042290473       -5.23       -2.65    9.77s
    ‖ρε - ρref‖ = 0.0017610156352970204 ‖Δρ‖ = 0.0008339678042040201  ‖vε - vref‖ = 0.7880055971981329  α = 0.0795
  5   -22.19042449878       -5.80       -3.55    9.86s
    ‖ρε - ρref‖ = 0.0014675547059685183 ‖Δρ‖ = 8.48046357804677e-5  ‖vε - vref‖ = 0.8031749117376598  α = 0.306
  6   -22.19042489357       -6.40       -3.57    10.0s
    ‖ρε - ρref‖ = 0.0014661688870670805 ‖Δρ‖ = 9.990503434421309e-5  ‖vε - vref‖ = 0.8078946537819806  α = 0.162
  7   -22.19042503643       -6.85       -3.77    9.85s
    ‖ρε - ρref‖ = 0.001458960234486734 ‖Δρ‖ = 5.1617670198849194e-5  ‖vε - vref‖ = 0.8083090580943016  α = 0.17
  8   -22.19042503913       -8.57       -4.28    67.6s
    ‖ρε - ρref‖ = 0.0014566274694436919 ‖Δρ‖ = 1.652785022172064e-5  ‖vε - vref‖ = 0.8082059122139835  α = 0.0456
  9   -22.19042503913      -13.75       -4.55    90.2s
    ‖ρε - ρref‖ = 0.0014560822452152303 ‖Δρ‖ = 8.852614730546266e-6  ‖vε - vref‖ = 0.8082059122940686  α = 4.03e-8
 10   -22.19042503913      -13.85       -4.44    89.3s
    ‖ρε - ρref‖ = 0.0014556662457424537 ‖Δρ‖ = 1.1662250997861863e-5  ‖vε - vref‖ = 0.8082059122941253  α = 4.14e-10
 11   -22.19042503913   +  -14.15       -4.45    54.5s
    ‖ρε - ρref‖ = 0.001455072924057646 ‖Δρ‖ = 9.606733793811563e-6  ‖vε - vref‖ = 0.808205912294135  α = 0.0
 12   -22.19042504039       -8.90       -4.10    12.3s
    ‖ρε - ρref‖ = 0.0014934786492693131 ‖Δρ‖ = 4.5686818240049144e-5  ‖vε - vref‖ = 0.808443984644916  α = 0.0164
 13   -22.19042504110       -9.15       -3.64    80.4s
    ‖ρε - ρref‖ = 0.0014204314123911922 ‖Δρ‖ = 8.818439553506757e-5  ‖vε - vref‖ = 0.8081098621253051  α = 0.00574
 14   -22.19042504110      -13.75       -3.82     103s
    ‖ρε - ρref‖ = 0.001457588600782476 ‖Δρ‖ = 6.061067036102967e-5  ‖vε - vref‖ = 0.8081098621252218  α = 5.63e-12
 15   -22.19042504110   +    -Inf       -3.27    52.0s
    ‖ρε - ρref‖ = 0.0014902335746782521 ‖Δρ‖ = 0.00019833055377855812  ‖vε - vref‖ = 0.808109862125232  α = 0.0
 16   -22.19042504110   +  -14.45       -4.61    50.9s
    ‖ρε - ρref‖ = 0.001458901750047826 ‖Δρ‖ = 9.515513707164903e-6  ‖vε - vref‖ = 0.8081098621252308  α = 0.0
 17   -22.19042504110   +    -Inf       -4.61    75.9s
    ‖ρε - ρref‖ = 0.0014589017500408823 ‖Δρ‖ = 9.51551370633241e-6  ‖vε - vref‖ = 0.8081098621232382  α = 1.21e-9
 18   -22.19042504110   +    -Inf       -3.24    51.3s
    ‖ρε - ρref‖ = 0.0011568939228011684 ‖Δρ‖ = 0.0003332566558791736  ‖vε - vref‖ = 0.8081098621232352  α = 0.0
Trying again with Newton's method ...
n     Energy            log10(ΔE)   log10(Δρ)   Δtime 
---   ---------------   ---------   ---------   ------
  1   -22.19042431914                   -5.17     533s
    ‖ρε - ρref‖ = 0.0014532953759430192 ‖Δρ‖ = 1.9262409127010507e-6  ‖vε - vref‖ = 0.8078381105125717
  2   -22.19042431909   +  -10.36       -7.43     516s
    ‖ρε - ρref‖ = 0.0014532843876224643 ‖Δρ‖ = 1.7704219405128197e-8  ‖vε - vref‖ = 0.8078429018375718

#-- ‖ρε - ρref‖ = 0.0014532843876224643 vs. 5.623413251903491e-6 = δ*ε ‖vε - vref‖ = 0.8078429018375718  Qε=0.6309916409994506


# --- ε=0.00031622776601683794

n     Energy            log10(ΔE)   log10(Δρ)   Δtime 
---   ---------------   ---------   ---------   ------
  1   -22.18878745960                   -0.89    14.9s
    ‖ρε - ρref‖ = 0.0813832093191946 ‖Δρ‖ = 0.08062525935941701  ‖vε - vref‖ = 0.8026236664353347  α = 0.00772
  2   -22.18884788522       -4.22       -2.03    8.90s
    ‖ρε - ρref‖ = 0.004129191017012529 ‖Δρ‖ = 0.0038852483959214926  ‖vε - vref‖ = 0.5805079999950911  α = 0.0437
  3   -22.18885991308       -4.92       -2.41    9.39s
    ‖ρε - ρref‖ = 0.001756688982774459 ‖Δρ‖ = 0.0014195615430067816  ‖vε - vref‖ = 0.5807494562279644  α = 0.0543
  4   -22.18886634182       -5.19       -2.49    9.07s
    ‖ρε - ρref‖ = 0.0015561270558272792 ‖Δρ‖ = 0.001198466957078308  ‖vε - vref‖ = 0.609670410391356  α = 0.0459
  5   -22.18886756580       -5.91       -3.30    9.66s
    ‖ρε - ρref‖ = 0.0008672881860831335 ‖Δρ‖ = 0.0001425935793360391  ‖vε - vref‖ = 0.6315669168902659  α = 0.164
  6   -22.18886759355       -7.56       -3.38    10.4s
    ‖ρε - ρref‖ = 0.0008617625116066343 ‖Δρ‖ = 0.00014208421578064943  ‖vε - vref‖ = 0.6407311500708638  α = 0.09
  7   -22.18886759355      -13.50       -3.60    85.4s
    ‖ρε - ρref‖ = 0.0008483626542102583 ‖Δρ‖ = 7.101028091783154e-5  ‖vε - vref‖ = 0.6407311509397602  α = 1.91e-8
  8   -22.18886759355   +  -13.85       -4.07    47.5s
    ‖ρε - ρref‖ = 0.0008440260378525695 ‖Δρ‖ = 2.5057432390268675e-5  ‖vε - vref‖ = 0.6407311509397242  α = 0.0
  9   -22.18886760282       -8.03       -3.43    13.0s
    ‖ρε - ρref‖ = 0.0009999389041595698 ‖Δρ‖ = 0.00019256412425623274  ‖vε - vref‖ = 0.641371548060752  α = 0.007
 10   -22.18886760311       -9.53       -3.12    19.6s
    ‖ρε - ρref‖ = 0.0007945992055349773 ‖Δρ‖ = 0.00026609530770856495  ‖vε - vref‖ = 0.6410072094988711  α = 0.00496
 11   -22.18886760311      -14.45       -3.74     133s
    ‖ρε - ρref‖ = 0.0008437713845604422 ‖Δρ‖ = 5.8762584081854806e-5  ‖vε - vref‖ = 0.6410072097601432  α = 8.18e-9
 12   -22.18886760311   +  -14.45       -3.21    47.3s
    ‖ρε - ρref‖ = 0.0008854504228419393 ‖Δρ‖ = 0.00025968946276977873  ‖vε - vref‖ = 0.6410072097601481  α = 0.0
 13   -22.18886760311   +    -Inf       -3.68    60.0s
    ‖ρε - ρref‖ = 0.0009071208981575931 ‖Δρ‖ = 9.246574421677689e-5  ‖vε - vref‖ = 0.6410072108775944  α = 2.61e-8
 14   -22.18886760311      -14.45       -2.92    91.9s
    ‖ρε - ρref‖ = 0.0007287640071538945 ‖Δρ‖ = 0.0004364588377106024  ‖vε - vref‖ = 0.6410072108009562  α = 5.75e-10
 15   -22.18886760311   +  -14.45       -3.67    46.7s
    ‖ρε - ρref‖ = 0.0008471524040171019 ‖Δρ‖ = 6.931087762809036e-5  ‖vε - vref‖ = 0.6410072108009248  α = 0.0
 16   -22.18886760311      -14.15       -3.68     147s
    ‖ρε - ρref‖ = 0.000907120683220527 ‖Δρ‖ = 9.246554167749003e-5  ‖vε - vref‖ = 0.6410072108017693  α = 1.36e-11
 17   -22.18886760311      -14.15       -2.87     124s
    ‖ρε - ρref‖ = 0.0007785677896392007 ‖Δρ‖ = 0.00046841064110453014  ‖vε - vref‖ = 0.6410072107528886  α = 4.01e-10
 18   -22.18886760311   +    -Inf       -3.63    93.5s
    ‖ρε - ρref‖ = 0.000872746288037933 ‖Δρ‖ = 7.691510219089094e-5  ‖vε - vref‖ = 0.641007210752882  α = 2.52e-14
 19   -22.18886760311   +  -14.15       -2.49    46.2s
    ‖ρε - ρref‖ = 0.0014912300439454034 ‖Δρ‖ = 0.0010188519836533936  ‖vε - vref‖ = 0.6410072107527961  α = 0.0
 20   -22.18886760311      -14.45       -3.68     105s
    ‖ρε - ρref‖ = 0.0009071206926188682 ‖Δρ‖ = 9.246554844283764e-5  ‖vε - vref‖ = 0.6410072107530621  α = 3.14e-12
 21   -22.18886760311      -14.45       -2.78    71.1s
    ‖ρε - ρref‖ = 0.0008614447458318967 ‖Δρ‖ = 0.0005577515781150685  ‖vε - vref‖ = 0.6410072107532082  α = 6.13e-13
 22   -22.18886760311   +    -Inf       -3.12     101s
    ‖ρε - ρref‖ = 0.0007567103772732061 ‖Δρ‖ = 0.00025226414854760096  ‖vε - vref‖ = 0.6410072107530775  α = 3.45e-13
 23   -22.18886760311      -14.45       -2.51    51.0s
    ‖ρε - ρref‖ = 0.0009921904398947769 ‖Δρ‖ = 0.0009859187059942634  ‖vε - vref‖ = 0.6410072107529956  α = 0.0
 24   -22.18886760311   +    -Inf       -3.68     135s
    ‖ρε - ρref‖ = 0.0009071206925774668 ‖Δρ‖ = 9.246554840172365e-5  ‖vε - vref‖ = 0.6410072107531677  α = 5.79e-16
 25   -22.18886760311   +  -14.45       -2.38    54.4s
    ‖ρε - ρref‖ = 0.0019131696097147628 ‖Δρ‖ = 0.0014641961240419066  ‖vε - vref‖ = 0.6410072107531868  α = 0.0
 26   -22.18886760311   +    -Inf       -3.68     145s
    ‖ρε - ρref‖ = 0.0009071206925496575 ‖Δρ‖ = 9.246554837902469e-5  ‖vε - vref‖ = 0.6410072107538798  α = 2.2e-11
 27   -22.18886760311      -14.45       -2.94    77.8s
    ‖ρε - ρref‖ = 0.0007382400081025778 ‖Δρ‖ = 0.00041267421095179187  ‖vε - vref‖ = 0.6410072107525484  α = 1.06e-11
 28   -22.18886760311   +  -14.15       -3.60    47.8s
    ‖ρε - ρref‖ = 0.0008823125706113003 ‖Δρ‖ = 8.129750391559066e-5  ‖vε - vref‖ = 0.6410072107526182  α = 0.0
 29   -22.18886760311   +    -Inf       -3.68     147s
    ‖ρε - ρref‖ = 0.0009071206926565021 ‖Δρ‖ = 9.24655484400795e-5  ‖vε - vref‖ = 0.6410072107588397  α = 1.47e-10
 30   -22.18886760311   +  -14.15       -2.92    50.1s
    ‖ρε - ρref‖ = 0.0007284863255791484 ‖Δρ‖ = 0.0004360088564695141  ‖vε - vref‖ = 0.6410072107588388  α = 0.0
 31   -22.18886760311      -14.15       -3.68     168s
    ‖ρε - ρref‖ = 0.0009071206913638235 ‖Δρ‖ = 9.246554723769319e-5  ‖vε - vref‖ = 0.6410072107588608  α = 5.86e-14
 32   -22.18886760311   +  -13.85       -1.18    52.7s
    ‖ρε - ρref‖ = 0.02950976218385498 ‖Δρ‖ = 0.028925781942112663  ‖vε - vref‖ = 0.6410072107588495  α = 0.0
 33   -22.18886760311      -13.85       -3.68     182s
    ‖ρε - ρref‖ = 0.0009071206913345972 ‖Δρ‖ = 9.246554723581092e-5  ‖vε - vref‖ = 0.6410072107754549  α = 3.83e-10
 34   -22.18886760311      -14.15       -2.92    63.6s
    ‖ρε - ρref‖ = 0.0007290886007565875 ‖Δρ‖ = 0.00043689373955800614  ‖vε - vref‖ = 0.6410072107744729  α = 1.0e-11
 35   -22.18886760311      -14.45       -3.66    85.4s
    ‖ρε - ρref‖ = 0.000843980436849601 ‖Δρ‖ = 7.1504921184178e-5  ‖vε - vref‖ = 0.6410072107748263  α = 5.29e-12
 36   -22.18886760311   +    -Inf       -3.48    48.8s
    ‖ρε - ρref‖ = 0.0008567286261549199 ‖Δρ‖ = 0.000125428101291033  ‖vε - vref‖ = 0.6410072107747586  α = 0.0
 37   -22.18886760311   +  -14.15       -3.68    52.8s
    ‖ρε - ρref‖ = 0.000907120688139881 ‖Δρ‖ = 9.246554422486026e-5  ‖vε - vref‖ = 0.6410072107748195  α = 0.0
 38   -22.18886760311      -14.15       -3.68     205s
    ‖ρε - ρref‖ = 0.0009071206881360363 ‖Δρ‖ = 9.246554422194361e-5  ‖vε - vref‖ = 0.6410072107749507  α = 3.12e-12
 39   -22.18886760311   +  -14.45       -2.82    52.8s
    ‖ρε - ρref‖ = 0.0009296951034577411 ‖Δρ‖ = 0.0004973904891221345  ‖vε - vref‖ = 0.6410072107749514  α = 0.0
 40   -22.18886760311      -14.15       -3.68     168s
    ‖ρε - ρref‖ = 0.0009071206881149822 ‖Δρ‖ = 9.246554420263431e-5  ‖vε - vref‖ = 0.6410072107749253  α = 1.98e-12
 41   -22.18886760311   +  -14.15       -2.88    49.7s
    ‖ρε - ρref‖ = 0.0009790068838993122 ‖Δρ‖ = 0.00042766355596367977  ‖vε - vref‖ = 0.6410072107749659  α = 0.0
 42   -22.18886760311   +    -Inf       -3.68    78.6s
    ‖ρε - ρref‖ = 0.0009071206880945046 ‖Δρ‖ = 9.246554418301015e-5  ‖vε - vref‖ = 0.6410072107749353  α = 1.46e-12
 43   -22.18886760311   +    -Inf       -3.20    70.5s
    ‖ρε - ρref‖ = 0.001052870240215114 ‖Δρ‖ = 0.0002739030161012108  ‖vε - vref‖ = 0.6410072107749355  α = 4.08e-14
Trying again with Newton's method ...
n     Energy            log10(ΔE)   log10(Δρ)   Δtime 
---   ---------------   ---------   ---------   ------
  1   -22.18886209665                   -4.57     527s
    ‖ρε - ρref‖ = 0.0008377832460459957 ‖Δρ‖ = 6.26895842238372e-6  ‖vε - vref‖ = 0.6517041637401978
  2   -22.18886209610   +   -9.26       -7.07     513s
    ‖ρε - ρref‖ = 0.000837765809530439 ‖Δρ‖ = 3.986935198273986e-8  ‖vε - vref‖ = 0.6517117317902152
  3   -22.18886209608   +  -10.86       -9.90     513s
    ‖ρε - ρref‖ = 0.000837765824599032 ‖Δρ‖ = 3.162770830707156e-11  ‖vε - vref‖ = 0.6517116864379529
    Stopping to avoid numerical instabilities.

#-- ‖ρε - ρref‖ = 0.000837765824599032 vs. 3.1622776601683796e-6 = δ*ε ‖vε - vref‖ = 0.6517116864379529  Qε=0.7036351728774629


# --- ε=0.00017782794100389227

n     Energy            log10(ΔE)   log10(Δρ)   Δtime 
---   ---------------   ---------   ---------   ------
  1   -22.18789261398                   -0.89    14.2s
    ‖ρε - ρref‖ = 0.08169662688818849 ‖Δρ‖ = 0.08127023395337792  ‖vε - vref‖ = 0.8654506242669028  α = 0.00437
  2   -22.18793398840       -4.38       -2.00    10.2s
    ‖ρε - ρref‖ = 0.004216328293740598 ‖Δρ‖ = 0.004089350395588116  ‖vε - vref‖ = 0.5364823631120437  α = 0.0262
  3   -22.18794455986       -4.98       -2.33    9.61s
    ‖ρε - ρref‖ = 0.0018414123017576368 ‖Δρ‖ = 0.0016931769550987041  ‖vε - vref‖ = 0.483427767604818  α = 0.0332
  4   -22.18795035748       -5.24       -2.38    8.50s
    ‖ρε - ρref‖ = 0.0017104515320168392 ‖Δρ‖ = 0.0015671084414802061  ‖vε - vref‖ = 0.47302925529146045  α = 0.0267
  5   -22.18795128936       -6.03       -3.11    10.3s
    ‖ρε - ρref‖ = 0.0005528401513668009 ‖Δρ‖ = 0.00021522808374466556  ‖vε - vref‖ = 0.4941258241518928  α = 0.102
  6   -22.18795129172       -8.63       -3.17    80.0s
    ‖ρε - ρref‖ = 0.00055177260598728 ‖Δρ‖ = 0.0002246974313292397  ‖vε - vref‖ = 0.49451402275088313  α = 0.0035
  7   -22.18795129172      -13.67       -3.32     164s
    ‖ρε - ρref‖ = 0.0005089689351023438 ‖Δρ‖ = 0.00012660760208058  ‖vε - vref‖ = 0.49451402287800555  α = 8.69e-10
  8   -22.18795129172   +  -14.15       -3.67    45.2s
    ‖ρε - ρref‖ = 0.0004937439105820065 ‖Δρ‖ = 5.929858432556196e-5  ‖vε - vref‖ = 0.4945140228780925  α = 0.0
  9   -22.18795130592       -7.85       -3.22    13.3s
    ‖ρε - ρref‖ = 0.0007233696078489704 ‖Δρ‖ = 0.0002924212813410256  ‖vε - vref‖ = 0.4952145013312443  α = 0.00531
 10   -22.18795130623       -9.51       -2.71    77.3s
    ‖ρε - ρref‖ = 0.0007258037292608547 ‖Δρ‖ = 0.0007587741921846347  ‖vε - vref‖ = 0.49498429451416287  α = 0.000554
 11   -22.18795130623      -13.97       -3.30     118s
    ‖ρε - ρref‖ = 0.000504507234808736 ‖Δρ‖ = 0.00013476978763568592  ‖vε - vref‖ = 0.49498429453790427  α = 1.84e-10
 12   -22.18795130623   +    -Inf       -2.91    57.6s
    ‖ρε - ρref‖ = 0.0006856265019995575 ‖Δρ‖ = 0.00047330004906632686  ‖vε - vref‖ = 0.4949842945429692  α = 2.09e-11
 13   -22.18795130623   +    -Inf       -3.27    87.3s
    ‖ρε - ρref‖ = 0.0005625964359879205 ‖Δρ‖ = 0.00017290387576573355  ‖vε - vref‖ = 0.4949842945433848  α = 1.0e-12
Trying again with Newton's method ...
n     Energy            log10(ΔE)   log10(Δρ)   Δtime 
---   ---------------   ---------   ---------   ------
  1   -22.18792921645                   -4.29     507s
    ‖ρε - ρref‖ = 0.0004812451304822938 ‖Δρ‖ = 1.1819587991330469e-5  ‖vε - vref‖ = 0.5274030842291105
  2   -22.18792921589   +   -9.25       -6.22     511s
    ‖ρε - ρref‖ = 0.00048125108977401703 ‖Δρ‖ = 2.0186894120820762e-7  ‖vε - vref‖ = 0.5272333637939574
  3   -22.18792921674       -9.07       -8.20     502s
    ‖ρε - ρref‖ = 0.0004812503273605506 ‖Δρ‖ = 1.8619089495253207e-9  ‖vε - vref‖ = 0.5272329038884745

#-- ‖ρε - ρref‖ = 0.0004812503273605506 vs. 1.7782794100389227e-6 = δ*ε ‖vε - vref‖ = 0.5272329038884745  Qε=0.7720890633337633


# --- ε=0.0001

n     Energy            log10(ΔE)   log10(Δρ)   Δtime 
---   ---------------   ---------   ---------   ------
  1   -22.18735938972                   -0.89    13.9s
    ‖ρε - ρref‖ = 0.0818835256012752 ‖Δρ‖ = 0.08164386420907249  ‖vε - vref‖ = 0.9833529642126935  α = 0.00247
  2   -22.18738581234       -4.58       -1.99    7.69s
    ‖ρε - ρref‖ = 0.004290251007967237 ‖Δρ‖ = 0.004221196346894571  ‖vε - vref‖ = 0.6112037424411878  α = 0.0155
  3   -22.18739351811       -5.11       -2.27    10.5s
    ‖ρε - ρref‖ = 0.0019905032490416343 ‖Δρ‖ = 0.001918153297525106  ‖vε - vref‖ = 0.5037624889794633  α = 0.02
  4   -22.18739757090       -5.39       -2.29    8.18s
    ‖ρε - ρref‖ = 0.001977639873141854 ‖Δρ‖ = 0.0019127836081347905  ‖vε - vref‖ = 0.4309654784720404  α = 0.0156
  5   -22.18739791250       -6.47       -2.96    13.8s
    ‖ρε - ρref‖ = 0.0004447640383108827 ‖Δρ‖ = 0.00029754781048317596  ‖vε - vref‖ = 0.4192231239865239  α = 0.017
  6   -22.18739791250      -13.75       -2.96     138s
    ‖ρε - ρref‖ = 0.00047929898657794045 ‖Δρ‖ = 0.00035930908211973087  ‖vε - vref‖ = 0.41922312392425176  α = 2.86e-10
  7   -22.18739791250   +    -Inf       -2.99    59.0s
    ‖ρε - ρref‖ = 0.00040303713020038695 ‖Δρ‖ = 0.0002665422241381881  ‖vε - vref‖ = 0.4192231239266444  α = 1.21e-11
  8   -22.18739791250      -14.45       -3.30    60.2s
    ‖ρε - ρref‖ = 0.0003210615226997836 ‖Δρ‖ = 0.0001321857098740091  ‖vε - vref‖ = 0.41922312392663025  α = 3.98e-13
  9   -22.18739791250   +    -Inf       -0.61    57.0s
    ‖ρε - ρref‖ = 0.10652790773208101 ‖Δρ‖ = 0.10658682963054016  ‖vε - vref‖ = 0.41922312393018446  α = 6.1e-14
 10   -22.18739791250   +    -Inf       -3.20    91.7s
    ‖ρε - ρref‖ = 0.00034491009484825206 ‖Δρ‖ = 0.0001942231526535793  ‖vε - vref‖ = 0.41922312393009303  α = 5.29e-14
Trying again with Newton's method ...
n     Energy            log10(ΔE)   log10(Δρ)   Δtime 
---   ---------------   ---------   ---------   ------
  1   -22.18732127144                   -4.08     508s
    ‖ρε - ρref‖ = 0.0002757975501703244 ‖Δρ‖ = 1.8781995454601777e-5  ‖vε - vref‖ = 0.45533720157646285
  2   -22.18732128587       -7.84       -5.80     501s
    ‖ρε - ρref‖ = 0.00027562309217648364 ‖Δρ‖ = 5.78636650133508e-7  ‖vε - vref‖ = 0.45540589929238545
  3   -22.18732126414   +   -7.66       -7.27     510s
    ‖ρε - ρref‖ = 0.0002756193822075323 ‖Δρ‖ = 1.358747172478998e-8  ‖vε - vref‖ = 0.45543085473821265

#-- ‖ρε - ρref‖ = 0.0002756193822075323 vs. 1.0000000000000002e-6 = δ*ε ‖vε - vref‖ = 0.45543085473821265  Qε=0.8234030377392006


# --- ε=5.623413251903491e-5

n     Energy            log10(ΔE)   log10(Δρ)   Δtime 
---   ---------------   ---------   ---------   ------
  1   -22.18698855577                   -0.89    14.8s
    ‖ρε - ρref‖ = 0.08199627391264507 ‖Δρ‖ = 0.08186161064298754  ‖vε - vref‖ = 1.1298549996277356  α = 0.00139
  2   -22.18700419730       -4.81       -1.98    8.28s
    ‖ρε - ρref‖ = 0.0043417646827694275 ‖Δρ‖ = 0.00430379473628858  ‖vε - vref‖ = 0.7626363238650677  α = 0.00913
  3   -22.18700841331       -5.38       -2.23    11.0s
    ‖ρε - ρref‖ = 0.0021440696927827615 ‖Δρ‖ = 0.002107117977417543  ‖vε - vref‖ = 0.6341428146588017  α = 0.0122
  4   -22.18700973976       -5.88       -2.22    7.55s
    ‖ρε - ρref‖ = 0.0023125317368294157 ‖Δρ‖ = 0.0022818099544145787  ‖vε - vref‖ = 0.5268747514796924  α = 0.00931
  5   -22.18700973976      -13.45       -2.82     172s
    ‖ρε - ρref‖ = 0.000466645819453239 ‖Δρ‖ = 0.00040140971390434436  ‖vε - vref‖ = 0.526874750478845  α = 2.98e-10
  6   -22.18700973976   +    -Inf       -2.72    84.0s
    ‖ρε - ρref‖ = 0.000657604310215249 ‖Δρ‖ = 0.0006183155609888533  ‖vε - vref‖ = 0.526874750478588  α = 6.88e-14
  7   -22.18700973976   +  -14.45       -1.91    47.1s
    ‖ρε - ρref‖ = 0.0037524439010735064 ‖Δρ‖ = 0.003728402196810457  ‖vε - vref‖ = 0.5268747504785862  α = 0.0
  8   -22.18700983939       -7.00       -2.72    13.5s
    ‖ρε - ρref‖ = 0.0007564503130549206 ‖Δρ‖ = 0.0006827595173469199  ‖vε - vref‖ = 0.5094289920094653  α = 0.00416
  9   -22.18700984037       -9.01       -2.04    57.3s
    ‖ρε - ρref‖ = 0.0036140963803388865 ‖Δρ‖ = 0.0037143260718487483  ‖vε - vref‖ = 0.5069404955881323  α = 9.97e-5
 10   -22.18700984037      -14.45       -2.38     148s
    ‖ρε - ρref‖ = 0.0016416212872532071 ‖Δρ‖ = 0.0016054138979150112  ‖vε - vref‖ = 0.506940495200436  α = 5.75e-11
 11   -22.18700984037   +  -14.45       -2.57    50.0s
    ‖ρε - ρref‖ = 0.0009265567622172413 ‖Δρ‖ = 0.0009097720028725559  ‖vε - vref‖ = 0.5069404952002665  α = 0.0
 12   -22.18700984037   +    -Inf       -2.83    57.7s
    ‖ρε - ρref‖ = 0.0004711997727342183 ‖Δρ‖ = 0.0005423327717763949  ‖vε - vref‖ = 0.5069404952002161  α = 0.0
 13   -22.18700984037   +    -Inf       -2.83    56.7s
    ‖ρε - ρref‖ = 0.00047119977273618304 ‖Δρ‖ = 0.000542332771778711  ‖vε - vref‖ = 0.5069404952003682  α = 0.0
Trying again with Newton's method ...
n     Energy            log10(ΔE)   log10(Δρ)   Δtime 
---   ---------------   ---------   ---------   ------
  1   -22.18675693755                   -4.15     507s
    ‖ρε - ρref‖ = 0.0001582433231073324 ‖Δρ‖ = 1.611301282470621e-5  ‖vε - vref‖ = 0.48243369855462015
  2   -22.18675743637       -6.30       -5.35     508s
    ‖ρε - ρref‖ = 0.00015770398915120325 ‖Δρ‖ = 1.5521437013762035e-6  ‖vε - vref‖ = 0.48166637719691907
  3   -22.18675710107   +   -6.47       -6.49     509s
    ‖ρε - ρref‖ = 0.0001577162330422256 ‖Δρ‖ = 7.327752012888036e-8  ‖vε - vref‖ = 0.4815818949113717
  4   -22.18675709968   +   -8.86       -7.41     512s
    ‖ρε - ρref‖ = 0.0001577148653540399 ‖Δρ‖ = 7.827560415150148e-9  ‖vε - vref‖ = 0.48158792154391955
    Stopping to avoid numerical instabilities.

#-- ‖ρε - ρref‖ = 0.0001577148653540399 vs. 5.62341325190349e-7 = δ*ε ‖vε - vref‖ = 0.48158792154391955  Qε=0.8580926195624006


# --- ε=3.1622776601683795e-5

n     Energy            log10(ΔE)   log10(Δρ)   Δtime 
---   ---------------   ---------   ---------   ------
  1   -22.18656321883                   -0.89    13.4s
    ‖ρε - ρref‖ = 0.08206888071196417 ‖Δρ‖ = 0.0819932377593912  ‖vε - vref‖ = 1.322858834294697  α = 0.000784
  2   -22.18657120852       -5.10       -1.97    10.1s
    ‖ρε - ρref‖ = 0.0043761328025368595 ‖Δρ‖ = 0.004355795692998924  ‖vε - vref‖ = 0.9935634178909585  α = 0.00547
  3   -22.18657251666       -5.88       -2.18    11.2s
    ‖ρε - ρref‖ = 0.0023470432757718624 ‖Δρ‖ = 0.0023171359231733742  ‖vε - vref‖ = 0.9057004849926485  α = 0.00252
  4   -22.18657268996       -6.76       -2.12    14.3s
    ‖ρε - ρref‖ = 0.0029056993796110486 ‖Δρ‖ = 0.0028791220250168896  ‖vε - vref‖ = 0.8551782771248152  α = 0.00118
  5   -22.18657268996      -13.45       -2.65     114s
    ‖ρε - ρref‖ = 0.0006247414514955762 ‖Δρ‖ = 0.0005926505753214478  ‖vε - vref‖ = 0.8551782769699803  α = 2.13e-11
  6   -22.18657268996   +    -Inf       -2.43     147s
    ‖ρε - ρref‖ = 0.0012260254936922762 ‖Δρ‖ = 0.0012097090425396584  ‖vε - vref‖ = 0.8551782769699792  α = 1.41e-14
  7   -22.18657268996   +    -Inf       -0.20    43.7s
    ‖ρε - ρref‖ = 0.2954296361444012 ‖Δρ‖ = 0.2954632306331712  ‖vε - vref‖ = 0.8551782769699187  α = 0.0
Trying again with Newton's method ...
n     Energy            log10(ΔE)   log10(Δρ)   Δtime 
---   ---------------   ---------   ---------   ------
  1   -22.18575721322                   -4.20     512s
    ‖ρε - ρref‖ = 9.23752507458403e-5 ‖Δρ‖ = 1.6256876206501633e-5  ‖vε - vref‖ = 0.701941684877719
  2   -22.18576006766       -5.54       -4.90     506s
    ‖ρε - ρref‖ = 9.090260670936645e-5 ‖Δρ‖ = 4.60592113010903e-6  ‖vε - vref‖ = 0.6780087121652327
  3   -22.18575719708   +   -5.54       -5.70     498s
    ‖ρε - ρref‖ = 9.082058810031595e-5 ‖Δρ‖ = 3.8925709608801634e-7  ‖vε - vref‖ = 0.6768133099377297
  4   -22.18575775524       -6.25       -6.18     497s
    ‖ρε - ρref‖ = 9.078744741661074e-5 ‖Δρ‖ = 1.4160978224956795e-7  ‖vε - vref‖ = 0.6768962617819954
    Stopping to avoid numerical instabilities.

#-- ‖ρε - ρref‖ = 9.078744741661074e-5 vs. 3.1622776601683797e-7 = δ*ε ‖vε - vref‖ = 0.6768962617819954  Qε=0.8804732220509228


# --- ε=1.778279410038923e-5

n     Energy            log10(ΔE)   log10(Δρ)   Δtime 
---   ---------------   ---------   ---------   ------
  1   -22.18564333999                   -0.89    13.1s
    ‖ρε - ρref‖ = 0.08211164294506122 ‖Δρ‖ = 0.08206919834148789  ‖vε - vref‖ = 1.6583680177919928  α = 0.000442
  2   -22.18564498755       -5.78       -1.97    10.7s
    ‖ρε - ρref‖ = 0.004402030783800137 ‖Δρ‖ = 0.0043923868746578495  ‖vε - vref‖ = 1.4053490106272264  α = 0.00353
  3   -22.18564498755      -13.55       -2.11    98.8s
    ‖ρε - ρref‖ = 0.0027377593270041236 ‖Δρ‖ = 0.0027173710854531763  ‖vε - vref‖ = 1.4053490064281609  α = 6.18e-11
  4   -22.18564498755   +    -Inf       -1.94     107s
    ‖ρε - ρref‖ = 0.004339772521670347 ‖Δρ‖ = 0.004322690882072124  ‖vε - vref‖ = 1.405349006425267  α = 3.32e-14
  5   -22.18564498755   +    -Inf       -1.49    99.4s
    ‖ρε - ρref‖ = 0.01167150139894957 ‖Δρ‖ = 0.011653566415258424  ‖vε - vref‖ = 1.40534900642459  α = 1.1e-15
Trying again with Newton's method ...
n     Energy            log10(ΔE)   log10(Δρ)   Δtime 
---   ---------------   ---------   ---------   ------
  1   -22.18306100326                   -4.28     488s
    ‖ρε - ρref‖ = 5.648069453189839e-5 ‖Δρ‖ = 1.5901868620312328e-5  ‖vε - vref‖ = 1.4099509728999409
  2   -22.18307198940       -4.96       -4.51     499s
    ‖ρε - ρref‖ = 5.402729313241996e-5 ‖Δρ‖ = 1.1310193951193273e-5  ‖vε - vref‖ = 1.1296128703317814
  3   -22.18304408677   +   -4.55       -5.24     515s
    ‖ρε - ρref‖ = 5.366562154629739e-5 ‖Δρ‖ = 1.1432949287884377e-6  ‖vε - vref‖ = 1.1247795981204685
  4   -22.18306083781       -4.78       -5.46     511s
    ‖ρε - ρref‖ = 5.359804978187319e-5 ‖Δρ‖ = 7.042622156299718e-7  ‖vε - vref‖ = 1.124138694633787
  5   -22.18305330220   +   -5.12       -5.92     511s
    ‖ρε - ρref‖ = 5.3545221526202076e-5 ‖Δρ‖ = 2.8676958778904e-7  ‖vε - vref‖ = 1.1235660786450212
    Stopping to avoid numerical instabilities.

#-- ‖ρε - ρref‖ = 5.3545221526202076e-5 vs. 1.778279410038923e-7 = δ*ε ‖vε - vref‖ = 1.1235660786450212  Qε=0.895449341435359


# --- ε=1.0e-5

n     Energy            log10(ΔE)   log10(Δρ)   Δtime 
---   ---------------   ---------   ---------   ------
  1   -22.18298221293                   -0.89    12.7s
    ‖ρε - ρref‖ = 0.08207838356152115 ‖Δρ‖ = 0.08205465812098012  ‖vε - vref‖ = 2.3430377674904794  α = 0.00025
  2   -22.18298223126       -7.74       -1.97    20.2s
    ‖ρε - ρref‖ = 0.0044168995497965696 ‖Δρ‖ = 0.0044042823750686695  ‖vε - vref‖ = 2.2715137378517865  α = 0.000366
  3   -22.18298223126      -14.15       -1.97     175s
    ‖ρε - ρref‖ = 0.0038294839058575377 ‖Δρ‖ = 0.003818055725595591  ‖vε - vref‖ = 2.2715137377017  α = 1.48e-12
  4   -22.18298223126   +    -Inf       -1.68    45.4s
    ‖ρε - ρref‖ = 0.007747848920579645 ‖Δρ‖ = 0.007738542146874825  ‖vε - vref‖ = 2.2715137377000314  α = 0.0
  5   -22.18298223126   +    -Inf       -2.06     128s
    ‖ρε - ρref‖ = 0.003534398226009855 ‖Δρ‖ = 0.003530405001141016  ‖vε - vref‖ = 2.2715137364707227  α = 9.31e-12
Trying again with Newton's method ...
n     Energy            log10(ΔE)   log10(Δρ)   Δtime 
---   ---------------   ---------   ---------   ------
  1   -22.17479883232                   -4.01     500s
    ‖ρε - ρref‖ = 5.0783235880672774e-5 ‖Δρ‖ = 3.779291729910177e-5  ‖vε - vref‖ = 5.010773481049716
  2   -22.17494161348       -3.85       -4.01     503s
    ‖ρε - ρref‖ = 3.486890333293447e-5 ‖Δρ‖ = 3.648963358539657e-5  ‖vε - vref‖ = 2.0009015835965993
  3   -22.17475519970   +   -3.73       -4.66     513s
    ‖ρε - ρref‖ = 3.4472279951686695e-5 ‖Δρ‖ = 3.5166551141396556e-6  ‖vε - vref‖ = 1.98920010371594
  4   -22.17487788536       -3.91       -4.80     513s
    ‖ρε - ρref‖ = 3.4240185814033354e-5 ‖Δρ‖ = 3.096398244520591e-6  ‖vε - vref‖ = 1.9712424533706936
  5   -22.17480387661   +   -4.13       -5.07     514s
    ‖ρε - ρref‖ = 3.3937997378979025e-5 ‖Δρ‖ = 1.5672952876775594e-6  ‖vε - vref‖ = 1.9658268351934416
  6   -22.17485120207       -4.32       -5.35     518s
    ‖ρε - ρref‖ = 3.38968223626973e-5 ‖Δρ‖ = 7.421802883371714e-7  ‖vε - vref‖ = 1.9646999814932145
    Stopping to avoid numerical instabilities.

#-- ‖ρε - ρref‖ = 3.38968223626973e-5 vs. 1.0000000000000001e-7 = δ*ε ‖vε - vref‖ = 1.9646999814932145  Qε=0.9039605814337807

|v-vref|h1 = [0.5272329038884745, 0.45543085473821265, 0.48158792154391955, 0.6768962617819954, 1.1235660786450212, 1.9646999814932145]
|v-vref|l2 = [0.12884927938829785, 0.10392471720178756, 0.11452800335587573, 0.17490794876928953, 0.30121015743671387, 0.5324637751277473]
──────────────────────────────────────────────────────────────────────────────────────────────
                                                     Time                    Allocations      
                                            ───────────────────────   ────────────────────────
             Tot / % measured:                   6.44h /  91.3%           23.5TiB /  82.5%    

Section                             ncalls     time    %tot     avg     alloc    %tot      avg
──────────────────────────────────────────────────────────────────────────────────────────────
solve_ΩplusK                            30    4.20h   71.5%    504s   15.6TiB   80.5%   532GiB
  apply_K                            3.00k    2.37h   40.3%   2.84s   4.16TiB   21.5%  1.42GiB
    compute_δρ                       3.00k    3171s   15.0%   1.06s   2.61TiB   13.5%   914MiB
      symmetrize_ρ                   3.00k    2751s   13.0%   917ms   1.52TiB    7.8%   531MiB
    apply_kernel                     3.00k     288s    1.4%  96.0ms    320GiB    1.6%   109MiB
  apply_Ω                            3.00k    3408s   16.1%   1.14s   2.78TiB   14.4%  0.95GiB
    DftHamiltonian multiplication     168k    2505s   11.8%  14.9ms    353GiB    1.8%  2.15MiB
      nonlocal                        168k    1827s    8.6%  10.9ms   20.3GiB    0.1%   126KiB
  compute_density                       30    31.7s    0.2%   1.06s   23.0GiB    0.1%   786MiB
    symmetrize_ρ                        30    30.1s    0.1%   1.00s   15.6GiB    0.1%   531MiB
  DftHamiltonian multiplication      1.68k    23.9s    0.1%  14.2ms   3.53GiB    0.0%  2.15MiB
    nonlocal                         1.68k    17.9s    0.1%  10.7ms    207MiB    0.0%   126KiB
  energy_hamiltonian                    30    18.3s    0.1%   612ms   19.7GiB    0.1%   671MiB
    ene_ops                             30    17.7s    0.1%   591ms   6.06GiB    0.0%   207MiB
      ene_ops: nonlocal                 30    9.13s    0.0%   304ms    238MiB    0.0%  7.94MiB
      ene_ops: external_Hartree         30    5.55s    0.0%   185ms   2.44GiB    0.0%  83.3MiB
      ene_ops: dualmap                  30    2.57s    0.0%  85.8ms   2.68GiB    0.0%  91.3MiB
      ene_ops: kinetic                  30    364ms    0.0%  12.1ms   5.35MiB    0.0%   183KiB
      ene_ops: hartree                  30    103ms    0.0%  3.43ms    601MiB    0.0%  20.0MiB
      ene_ops: local                    30   10.8ms    0.0%   359μs    121MiB    0.0%  4.04MiB
compute_density                      2.46k    2532s   12.0%   1.03s   1.84TiB    9.5%   786MiB
  symmetrize_ρ                       2.46k    2307s   10.9%   938ms   1.25TiB    6.4%   531MiB
DftHamiltonian multiplication         127k    1852s    8.8%  14.6ms    266GiB    1.3%  2.15MiB
  nonlocal                            127k    1374s    6.5%  10.9ms   15.3GiB    0.1%   126KiB
energy_hamiltonian                   2.27k    1453s    6.9%   641ms   1.45TiB    7.5%   671MiB
  ene_ops                            2.27k    1267s    6.0%   559ms    458GiB    2.3%   207MiB
    ene_ops: nonlocal                2.27k     713s    3.4%   314ms   17.6GiB    0.1%  7.94MiB
    ene_ops: dualmap                 2.27k     255s    1.2%   113ms    202GiB    1.0%  91.3MiB
    ene_ops: external_Hartree        2.27k     255s    1.2%   112ms    185GiB    0.9%  83.3MiB
    ene_ops: kinetic                 2.27k    28.3s    0.1%  12.5ms    404MiB    0.0%   183KiB
    ene_ops: hartree                 2.27k    13.5s    0.1%  5.95ms   44.4GiB    0.2%  20.0MiB
    ene_ops: local                   2.27k    940ms    0.0%   414μs   8.95GiB    0.0%  4.04MiB
compute_projected_gradient              30    77.9s    0.4%   2.60s   58.7GiB    0.3%  1.96GiB
  compute_density                       30    27.6s    0.1%   921ms   23.0GiB    0.1%   786MiB
    symmetrize_ρ                        30    26.1s    0.1%   869ms   15.6GiB    0.1%   531MiB
  DftHamiltonian multiplication      1.68k    24.3s    0.1%  14.5ms   3.53GiB    0.0%  2.15MiB
    nonlocal                         1.68k    18.1s    0.1%  10.8ms    207MiB    0.0%   126KiB
  energy_hamiltonian                    30    23.2s    0.1%   773ms   19.7GiB    0.1%   671MiB
    ene_ops                             30    15.1s    0.1%   502ms   6.06GiB    0.0%   207MiB
      ene_ops: nonlocal                 30    9.21s    0.0%   307ms    238MiB    0.0%  7.94MiB
      ene_ops: external_Hartree         30    2.76s    0.0%  92.0ms   2.44GiB    0.0%  83.3MiB
      ene_ops: dualmap                  30    2.62s    0.0%  87.3ms   2.68GiB    0.0%  91.3MiB
      ene_ops: kinetic                  30    362ms    0.0%  12.1ms   5.35MiB    0.0%   183KiB
      ene_ops: hartree                  30    109ms    0.0%  3.64ms    601MiB    0.0%  20.0MiB
      ene_ops: local                    30   12.0ms    0.0%   401μs    121MiB    0.0%  4.04MiB
PlaneWaveBasis                          21    52.2s    0.2%   2.49s   76.8GiB    0.4%  3.66GiB
  Instantiation AtomicNonlocal          21    41.6s    0.2%   1.98s   60.2GiB    0.3%  2.87GiB
  Instantiation AtomicLocal             21    3.60s    0.0%   171ms   2.58GiB    0.0%   126MiB
    enforce_real!                       21   27.4ms    0.0%  1.30ms   7.88KiB    0.0%     384B
  Instantiation ExternalHartree         21    3.23s    0.0%   154ms   1.88GiB    0.0%  91.6MiB
  Instantiation DualMap                 21    1.77s    0.0%  84.5ms   1.64GiB    0.0%  80.1MiB
  build_kpoints                         21    1.31s    0.0%  62.6ms   8.65GiB    0.0%   422MiB
  Instantiation Kinetic                 21    233ms    0.0%  11.1ms   0.96GiB    0.0%  46.6MiB
  Instantiation Hartree                 21    215ms    0.0%  10.3ms   86.4MiB    0.0%  4.12MiB
    enforce_real!                       21   25.5ms    0.0%  1.21ms   8.86KiB    0.0%     432B
  Instantiation Ewald                   21   98.9ms    0.0%  4.71ms   61.7KiB    0.0%  2.94KiB
    precomp: Ewald                      21   98.4ms    0.0%  4.69ms   43.6KiB    0.0%  2.08KiB
  _check_kpoint_reduction               21   53.2ms    0.0%  2.53ms     0.00B    0.0%    0.00B
  Instantiation PspCorrection           21    658μs    0.0%  31.3μs   8.53KiB    0.0%     416B
ortho_qr                             12.5k    46.9s    0.2%  3.76ms   92.9GiB    0.5%  7.61MiB
load_scfres                              1    12.1s    0.1%   12.1s   5.98GiB    0.0%  5.98GiB
  energy_hamiltonian                     1    3.39s    0.0%   3.39s    739MiB    0.0%   739MiB
    ene_ops                              1    3.33s    0.0%   3.33s    383MiB    0.0%   383MiB
      ene_ops: xc                        1    2.14s    0.0%   2.14s    327MiB    0.0%   327MiB
      ene_ops: nonlocal                  1    309ms    0.0%   309ms   9.42MiB    0.0%  9.42MiB
      ene_ops: kinetic                   1   43.0ms    0.0%  43.0ms    234KiB    0.0%   234KiB
      ene_ops: hartree                   1   6.80ms    0.0%  6.80ms   20.0MiB    0.0%  20.0MiB
      ene_ops: local                     1    643μs    0.0%   643μs   4.04MiB    0.0%  4.04MiB
  Instantiation AtomicNonlocal           1    2.75s    0.0%   2.75s   2.93GiB    0.0%  2.93GiB
  Instantiation Xc                       1    1.07s    0.0%   1.07s    202MiB    0.0%   202MiB
    enforce_real!                        1   1.29ms    0.0%  1.29ms      384B    0.0%     384B
  Instantiation AtomicLocal              1    292ms    0.0%   292ms    127MiB    0.0%   127MiB
    enforce_real!                        1   1.29ms    0.0%  1.29ms      384B    0.0%     384B
  build_kpoints                          1    180ms    0.0%   180ms    422MiB    0.0%   422MiB
  Instantiation Ewald                    1   71.4ms    0.0%  71.4ms   18.4MiB    0.0%  18.4MiB
    precomp: Ewald                       1   4.73ms    0.0%  4.73ms   3.16KiB    0.0%  3.16KiB
  Instantiation PspCorrection            1   24.2ms    0.0%  24.2ms   2.76MiB    0.0%  2.76MiB
  Instantiation Kinetic                  1   21.2ms    0.0%  21.2ms   46.6MiB    0.0%  46.6MiB
  Instantiation Hartree                  1   18.0ms    0.0%  18.0ms   9.19MiB    0.0%  9.19MiB
    enforce_real!                        1   1.27ms    0.0%  1.27ms      432B    0.0%     432B
  _check_kpoint_reduction                1   2.54ms    0.0%  2.54ms     0.00B    0.0%    0.00B
save_scfres                              2    6.15s    0.0%   3.08s    656MiB    0.0%   328MiB
symmetry_operations                     21    135ms    0.0%  6.44ms   14.0MiB    0.0%   680KiB
  _check_symmetries                     21   2.98ms    0.0%   142μs   3.94MiB    0.0%   192KiB
──────────────────────────────────────────────────────────────────────────────────────────────
