
DFTK Version      0.7.20
Julia Version     1.12.4
libxc Version     7.0.0
FFTW.jl provider  fftw v3.3.10

BLAS.get_config()
  LinearAlgebra.BLAS.LBTConfig
  Libraries: 
  └ [ILP64] libopenblas64_.so

MPI.versioninfo()
  MPIPreferences:
    binary:  MPICH_jll
    abi:     MPICH
  
  Package versions
    MPI.jl:             0.20.23
    MPIPreferences.jl:  0.1.11
    MPICH_jll:          4.3.2+0
  
  Library information:
    libmpi:  /data/vebak3345/.julia/artifacts/117d9048128625bb3418b0b4cca48739c5d28740/lib/libmpi.so
    libmpi dlpath:  /data/vebak3345/.julia/artifacts/117d9048128625bb3418b0b4cca48739c5d28740/lib/libmpi.so
    MPI version:  4.1.0
    Library version:  
      MPICH Version:      4.3.1
      MPICH Release date: Fri Jun 20 09:24:41 AM CDT 2025
      MPICH ABI:          17:1:5
      MPICH Device:       ch3:nemesis
      MPICH configure:    --build=x86_64-linux-musl --disable-dependency-tracking --disable-doc --enable-fast=ndebug,O3 --enable-static=no --host=x86_64-linux-gnu --prefix=/workspace/destdir --with-device=ch3 --with-hwloc=/workspace/destdir
      MPICH CC:           cc     -DNDEBUG -DNVALGRIND -O3
      MPICH CXX:          c++   -DNDEBUG -DNVALGRIND -O3
      MPICH F77:          gfortran   -O3
      MPICH FC:           gfortran   -O3
      MPICH features:     
      
    MPI launcher: /data/vebak3345/.julia/artifacts/117d9048128625bb3418b0b4cca48739c5d28740/bin/mpiexec
    MPI launcher path: /data/vebak3345/.julia/artifacts/117d9048128625bb3418b0b4cca48739c5d28740/bin/mpiexec
  


truncated grid size:(54, 54, 54)
‖ρref - ρorig‖H-1 = 2.6614187192700163e-5
‖ρref - ρorig‖L2  = 0.00012143789508178116

# --- ε=1.0

n     Energy            log10(ΔE)   log10(Δρ)   Δtime 
---   ---------------   ---------   ---------   ------
  1   -22.32324440877                   -0.78    17.5s
    ‖ρε - ρref‖ = 0.0005824495427519958 ‖Δρ‖ = 0.10656394141365319  ‖vε - vref‖ = 4.912411034059018  α = 1.0
  2   -22.36328441770       -1.40       -1.36    7.80s
    ‖ρε - ρref‖ = 0.105996381094027 ‖Δρ‖ = 0.02747055693638571  ‖vε - vref‖ = 4.958654178936414  α = 1.0
  3   -22.36905702418       -2.24       -1.81    9.17s
    ‖ρε - ρref‖ = 0.08317077123554284 ‖Δρ‖ = 0.00833366442177235  ‖vε - vref‖ = 4.965103898228759  α = 0.521
  4   -22.37054552093       -2.83       -2.20    6.30s
    ‖ρε - ρref‖ = 0.075415455405373 ‖Δρ‖ = 0.0038170516779667926  ‖vε - vref‖ = 4.958594900698954  α = 1.0

#-- ‖ρε - ρref‖ = 0.08287550221033842 vs. 0.01 = δ*ε ‖vε - vref‖ = 4.952333578439372  Qε=0.005275399153631611


# --- ε=0.5623413251903491

n     Energy            log10(ΔE)   log10(Δρ)   Δtime 
---   ---------------   ---------   ---------   ------
  1   -22.36715519022                   -2.07    16.6s
    ‖ρε - ρref‖ = 0.08598645726449054 ‖Δρ‖ = 0.005404967721999766  ‖vε - vref‖ = 4.848255241755331  α = 0.42
  2   -22.36730901637       -3.81       -2.32    8.94s
    ‖ρε - ρref‖ = 0.08215831340233223 ‖Δρ‖ = 0.003062499847966867  ‖vε - vref‖ = 4.852908796750362  α = 0.498

#-- ‖ρε - ρref‖ = 0.07882161195173384 vs. 0.005623413251903491 = δ*ε ‖vε - vref‖ = 4.853734825801068  Qε=0.008579421180181289


# --- ε=0.31622776601683794

n     Energy            log10(ΔE)   log10(Δρ)   Δtime 
---   ---------------   ---------   ---------   ------
  1   -22.35974417232                   -2.19    12.2s
    ‖ρε - ρref‖ = 0.07882164414041976 ‖Δρ‖ = 0.004071010083705944  ‖vε - vref‖ = 4.688623842001446  α = 1.0
  2   -22.35980005347       -4.25       -2.99    5.82s
    ‖ρε - ρref‖ = 0.07475601219684541 ‖Δρ‖ = 0.0006280107542092802  ‖vε - vref‖ = 4.6854131190300405  α = 1.0
  3   -22.35982743958       -4.56       -2.76    6.01s
    ‖ρε - ρref‖ = 0.07532308772968378 ‖Δρ‖ = 0.001085556209086746  ‖vε - vref‖ = 4.679585675251454  α = 1.0

#-- ‖ρε - ρref‖ = 0.07578603167393547 vs. 0.0031622776601683794 = δ*ε ‖vε - vref‖ = 4.6829723969261225  Qε=0.015030793081706113


# --- ε=0.1778279410038923

n     Energy            log10(ΔE)   log10(Δρ)   Δtime 
---   ---------------   ---------   ---------   ------
  1   -22.34764716240                   -1.92    12.7s
    ‖ρε - ρref‖ = 0.07578624150957637 ‖Δρ‖ = 0.007595836082452517  ‖vε - vref‖ = 4.437225292559587  α = 1.0
  2   -22.34791501657       -3.57       -2.46    5.80s
    ‖ρε - ρref‖ = 0.06819538263194706 ‖Δρ‖ = 0.0021944313813888425  ‖vε - vref‖ = 4.416489105310921  α = 1.0
  3   -22.34794484858       -4.53       -2.87    9.38s
    ‖ρε - ρref‖ = 0.06985857080307245 ‖Δρ‖ = 0.0008205944745123555  ‖vε - vref‖ = 4.41362346715923  α = 0.376
  4   -22.34795157252       -5.17       -3.39    6.83s
    ‖ρε - ρref‖ = 0.07066952123469525 ‖Δρ‖ = 0.00023210909847203574  ‖vε - vref‖ = 4.4156565135873524  α = 1.0

#-- ‖ρε - ρref‖ = 0.07023370716786347 vs. 0.001778279410038923 = δ*ε ‖vε - vref‖ = 4.417622501689747  Qε=0.02561346046177393


# --- ε=0.1

n     Energy            log10(ΔE)   log10(Δρ)   Δtime 
---   ---------------   ---------   ---------   ------
  1   -22.32932738897                   -1.71    12.2s
    ‖ρε - ρref‖ = 0.0702346009374526 ‖Δρ‖ = 0.012302672686163823  ‖vε - vref‖ = 4.104718984416538  α = 1.0
  2   -22.33041753754       -2.96       -2.14    6.37s
    ‖ρε - ρref‖ = 0.05794435804299166 ‖Δρ‖ = 0.004620289250779521  ‖vε - vref‖ = 4.028044351009536  α = 1.0
  3   -22.33046976289       -4.28       -2.78    9.94s
    ‖ρε - ρref‖ = 0.062075326208566865 ‖Δρ‖ = 0.0008573923863823666  ‖vε - vref‖ = 4.023490649685554  α = 0.407
  4   -22.33048157939       -4.93       -3.38    6.61s
    ‖ρε - ρref‖ = 0.06280348490311113 ‖Δρ‖ = 0.0002199668749758959  ‖vε - vref‖ = 4.026633320001051  α = 1.0

#-- ‖ρε - ρref‖ = 0.06233369455584047 vs. 0.001 = δ*ε ‖vε - vref‖ = 4.030830110699834  Qε=0.040927231947909454


# --- ε=0.05623413251903491

n     Energy            log10(ΔE)   log10(Δρ)   Δtime 
---   ---------------   ---------   ---------   ------
  1   -22.30717108102                   -1.51    14.7s
    ‖ρε - ρref‖ = 0.07235253881092157 ‖Δρ‖ = 0.01960759543001616  ‖vε - vref‖ = 3.5080310767357497  α = 0.49
  2   -22.30732866304       -3.80       -2.69    6.19s
    ‖ρε - ρref‖ = 0.05276412951018884 ‖Δρ‖ = 0.0009742590697114666  ‖vε - vref‖ = 3.522484866221636  α = 1.0
  3   -22.30741432800       -4.07       -3.12    6.59s
    ‖ρε - ρref‖ = 0.052180949756752144 ‖Δρ‖ = 0.00029497016478273566  ‖vε - vref‖ = 3.52556134133158  α = 1.0
  4   -22.30744302814       -4.54       -3.49    6.05s
    ‖ρε - ρref‖ = 0.05211903861675606 ‖Δρ‖ = 0.00014972793888720065  ‖vε - vref‖ = 3.5244968629845137  α = 1.0

#-- ‖ρε - ρref‖ = 0.05213314036799416 vs. 0.0005623413251903491 = δ*ε ‖vε - vref‖ = 3.523885324615076  Qε=0.06440253309139107


# --- ε=0.03162277660168379

n     Energy            log10(ΔE)   log10(Δρ)   Δtime 
---   ---------------   ---------   ---------   ------
  1   -22.28054090074                   -1.33    16.1s
    ‖ρε - ρref‖ = 0.07047148782351065 ‖Δρ‖ = 0.029583519680425788  ‖vε - vref‖ = 2.9308636574595153  α = 0.381
  2   -22.28077448036       -3.63       -2.63    6.16s
    ‖ρε - ρref‖ = 0.04092864290716793 ‖Δρ‖ = 0.0011210452793267618  ‖vε - vref‖ = 2.9543623456939256  α = 1.0
  3   -22.28088775847       -3.95       -2.97    5.79s
    ‖ρε - ρref‖ = 0.04035873280155579 ‖Δρ‖ = 0.00042874195882342203  ‖vε - vref‖ = 2.9590595788521057  α = 1.0
  4   -22.28093241996       -4.35       -3.41    5.99s
    ‖ρε - ρref‖ = 0.04033680737466842 ‖Δρ‖ = 0.00018084064118243173  ‖vε - vref‖ = 2.956467632968976  α = 1.0
  5   -22.28094804730       -4.81       -3.30    7.10s
    ‖ρε - ρref‖ = 0.04035590933984216 ‖Δρ‖ = 0.0002119437791851696  ‖vε - vref‖ = 2.955180402675912  α = 1.0

#-- ‖ρε - ρref‖ = 0.04030994208403319 vs. 0.00031622776601683794 = δ*ε ‖vε - vref‖ = 2.9578458670397185  Qε=0.09882198544750487


# --- ε=0.01778279410038923

n     Energy            log10(ΔE)   log10(Δρ)   Δtime 
---   ---------------   ---------   ---------   ------
  1   -22.25443951061                   -1.18    16.3s
    ‖ρε - ρref‖ = 0.07008615459949105 ‖Δρ‖ = 0.040951778959108946  ‖vε - vref‖ = 2.3835611318483743  α = 0.274
  2   -22.25463307741       -3.71       -2.67    5.63s
    ‖ρε - ρref‖ = 0.02921573651708525 ‖Δρ‖ = 0.0010214312317995346  ‖vε - vref‖ = 2.4101121127455074  α = 1.0
  3   -22.25474824835       -3.94       -2.90    6.03s
    ‖ρε - ρref‖ = 0.028851296791799274 ‖Δρ‖ = 0.0005437069721044834  ‖vε - vref‖ = 2.4218013131788587  α = 1.0
  4   -22.25479232691       -4.36       -3.26    6.07s
    ‖ρε - ρref‖ = 0.028797609523204124 ‖Δρ‖ = 0.00023950393152030096  ‖vε - vref‖ = 2.411511587961642  α = 1.0
  5   -22.25480313793       -4.97       -3.35    6.26s
    ‖ρε - ρref‖ = 0.02883932769847614 ‖Δρ‖ = 0.00019953482206524386  ‖vε - vref‖ = 2.4105801669044222  α = 1.0
  6   -22.25481427065       -4.95       -3.54    6.47s
    ‖ρε - ρref‖ = 0.02882712197258194 ‖Δρ‖ = 0.00011780499893057382  ‖vε - vref‖ = 2.415901065238136  α = 1.0
  7   -22.25481535741       -5.96       -3.78    6.12s
    ‖ρε - ρref‖ = 0.028804849803442407 ‖Δρ‖ = 7.305326007832213e-5  ‖vε - vref‖ = 2.4161136799627676  α = 1.0

#-- ‖ρε - ρref‖ = 0.028802695092977438 vs. 0.0001778279410038923 = δ*ε ‖vε - vref‖ = 2.4146912772473055  Qε=0.1400524261170842


# --- ε=0.01

n     Energy            log10(ΔE)   log10(Δρ)   Δtime 
---   ---------------   ---------   ---------   ------
  1   -22.23232470858                   -1.08    14.5s
    ‖ρε - ρref‖ = 0.07159340173716035 ‖Δρ‖ = 0.0523418894132693  ‖vε - vref‖ = 1.9313537279388737  α = 0.183
  2   -22.23242966546       -3.98       -2.63    5.39s
    ‖ρε - ρref‖ = 0.019390154608550644 ‖Δρ‖ = 0.001111996928306977  ‖vε - vref‖ = 1.9743775571770004  α = 1.0
  3   -22.23255508248       -3.90       -2.80    6.24s
    ‖ρε - ρref‖ = 0.019181119964861895 ‖Δρ‖ = 0.0007165930592273098  ‖vε - vref‖ = 1.9807090640160574  α = 1.0
  4   -22.23257366994       -4.73       -2.89    6.26s
    ‖ρε - ρref‖ = 0.019166784539544936 ‖Δρ‖ = 0.0005201639460983233  ‖vε - vref‖ = 1.9552326466988934  α = 1.0
  5   -22.23259821671       -4.61       -3.18    5.69s
    ‖ρε - ρref‖ = 0.019173059816119522 ‖Δρ‖ = 0.00026734173717988727  ‖vε - vref‖ = 1.9647862737177866  α = 1.0
  6   -22.23260252528       -5.37       -3.40    9.46s
    ‖ρε - ρref‖ = 0.019176928356106678 ‖Δρ‖ = 0.00016431368839187784  ‖vε - vref‖ = 1.9690367281900774  α = 0.489
  7   -22.23260394674       -5.85       -3.79    6.04s
    ‖ρε - ρref‖ = 0.019166292469715983 ‖Δρ‖ = 6.131668616536137e-5  ‖vε - vref‖ = 1.968750336470694  α = 1.0
  8   -22.23260459476       -6.19       -4.29    6.03s
    ‖ρε - ρref‖ = 0.01915539485971222 ‖Δρ‖ = 2.0740574017293423e-5  ‖vε - vref‖ = 1.9678828654523144  α = 1.0

#-- ‖ρε - ρref‖ = 0.019157181549210124 vs. 0.0001 = δ*ε ‖vε - vref‖ = 1.9685293495671057  Qε=0.19390033742047733


# --- ε=0.005623413251903491

n     Energy            log10(ΔE)   log10(Δρ)   Δtime 
---   ---------------   ---------   ---------   ------
  1   -22.21579689311                   -1.00    15.0s
    ‖ρε - ρref‖ = 0.07413587852708056 ‖Δρ‖ = 0.06215428833313765  ‖vε - vref‖ = 1.5852120817893725  α = 0.116
  2   -22.21592549849       -3.89       -2.51    8.94s
    ‖ρε - ρref‖ = 0.012318665218013943 ‖Δρ‖ = 0.0013875964766507196  ‖vε - vref‖ = 1.626168282945492  α = 0.467
  3   -22.21596167519       -4.44       -3.12    6.33s
    ‖ρε - ρref‖ = 0.01210691318599952 ‖Δρ‖ = 0.0003048914897969253  ‖vε - vref‖ = 1.6474995589792483  α = 1.0
  4   -22.21597785677       -4.79       -2.92    9.25s
    ‖ρε - ρref‖ = 0.012071922449062324 ‖Δρ‖ = 0.0005022880917855164  ‖vε - vref‖ = 1.6343009740217473  α = 0.515
  5   -22.21598461450       -5.17       -3.45    6.50s
    ‖ρε - ρref‖ = 0.012039599320461565 ‖Δρ‖ = 0.00012540071245735056  ‖vε - vref‖ = 1.6324772032930304  α = 1.0
  6   -22.21598725989       -5.58       -3.72    6.61s
    ‖ρε - ρref‖ = 0.01205016213881248 ‖Δρ‖ = 7.094368280831137e-5  ‖vε - vref‖ = 1.6338611497503241  α = 1.0
  7   -22.21598764316       -6.42       -4.01    6.15s
    ‖ρε - ρref‖ = 0.012049465197237399 ‖Δρ‖ = 4.104016415994647e-5  ‖vε - vref‖ = 1.6341421945521684  α = 1.0
  8   -22.21598814530       -6.30       -4.23    5.81s
    ‖ρε - ρref‖ = 0.012045429159049525 ‖Δρ‖ = 2.028913183895167e-5  ‖vε - vref‖ = 1.6342263600946842  α = 1.0

#-- ‖ρε - ρref‖ = 0.01204588277029118 vs. 5.6234132519034914e-5 = δ*ε ‖vε - vref‖ = 1.6345241392147019  Qε=0.25905217112054035


# --- ε=0.0031622776601683794

n     Energy            log10(ΔE)   log10(Δρ)   Δtime 
---   ---------------   ---------   ---------   ------
  1   -22.20453978782                   -0.96    15.7s
    ‖ρε - ρref‖ = 0.0766660092055899 ‖Δρ‖ = 0.06951607663361764  ‖vε - vref‖ = 1.3195490333197797  α = 0.0698
  2   -22.20464999314       -3.96       -2.34    8.96s
    ‖ρε - ρref‖ = 0.007744003215258203 ‖Δρ‖ = 0.0019525588742502493  ‖vε - vref‖ = 1.3718027471259517  α = 0.298
  3   -22.20467531944       -4.60       -3.24    5.93s
    ‖ρε - ρref‖ = 0.007325752152480914 ‖Δρ‖ = 0.00019614787452927455  ‖vε - vref‖ = 1.391440801756393  α = 1.0
  4   -22.20467785099       -5.60       -3.24    5.59s
    ‖ρε - ρref‖ = 0.0072895600761813005 ‖Δρ‖ = 0.00023130899111859694  ‖vε - vref‖ = 1.388282298174918  α = 1.0
  5   -22.20468392348       -5.22       -3.12    9.33s
    ‖ρε - ρref‖ = 0.007291011584144268 ‖Δρ‖ = 0.00032605091344038267  ‖vε - vref‖ = 1.377795926779106  α = 0.419
  6   -22.20468545705       -5.81       -3.53    5.69s
    ‖ρε - ρref‖ = 0.007284919111782428 ‖Δρ‖ = 0.00010392202860772597  ‖vε - vref‖ = 1.3879229827828545  α = 1.0
  7   -22.20468733733       -5.73       -3.88    6.90s
    ‖ρε - ρref‖ = 0.007290842530514575 ‖Δρ‖ = 4.8162872550780026e-5  ‖vε - vref‖ = 1.3824225255921145  α = 1.0
  8   -22.20468787734       -6.27       -3.95    9.66s
    ‖ρε - ρref‖ = 0.007290373435719085 ‖Δρ‖ = 3.7260058115442985e-5  ‖vε - vref‖ = 1.3822238888976406  α = 0.51
  9   -22.20468796866       -7.04       -4.47    6.68s
    ‖ρε - ρref‖ = 0.007287592794818514 ‖Δρ‖ = 1.2000609393969992e-5  ‖vε - vref‖ = 1.3837067834918562  α = 1.0
 10   -22.20468801856       -7.30       -4.72    5.99s
    ‖ρε - ρref‖ = 0.00728723839831535 ‖Δρ‖ = 6.572811493066374e-6  ‖vε - vref‖ = 1.3835877369833165  α = 1.0

#-- ‖ρε - ρref‖ = 0.007287507489955546 vs. 3.1622776601683795e-5 = δ*ε ‖vε - vref‖ = 1.3832511214942718  Qε=0.33370317478900363


# --- ε=0.0017782794100389228

n     Energy            log10(ΔE)   log10(Δρ)   Δtime 
---   ---------------   ---------   ---------   ------
  1   -22.19735218253                   -0.93    15.0s
    ‖ρε - ρref‖ = 0.07864967715085577 ‖Δρ‖ = 0.07449659554827148  ‖vε - vref‖ = 1.108535067983112  α = 0.0411
  2   -22.19746060239       -3.96       -2.21    8.67s
    ‖ρε - ρref‖ = 0.005290173736696138 ‖Δρ‖ = 0.0025986869330545627  ‖vε - vref‖ = 1.150832596122048  α = 0.186
  3   -22.19747129146       -4.97       -2.93    8.95s
    ‖ρε - ρref‖ = 0.004377476158483857 ‖Δρ‖ = 0.0004560958987875556  ‖vε - vref‖ = 1.1672418848485249  α = 0.31
  4   -22.19747740053       -5.21       -2.98    9.13s
    ‖ρε - ρref‖ = 0.004364669405008286 ‖Δρ‖ = 0.00042257814474249816  ‖vε - vref‖ = 1.184856857086183  α = 0.227
  5   -22.19747997925       -5.59       -3.65    6.10s
    ‖ρε - ρref‖ = 0.004310922296373655 ‖Δρ‖ = 7.619826740034612e-5  ‖vε - vref‖ = 1.171551546431406  α = 1.0
  6   -22.19748255740       -5.59       -3.79    6.13s
    ‖ρε - ρref‖ = 0.004301567057083888 ‖Δρ‖ = 5.978197742115569e-5  ‖vε - vref‖ = 1.1785354783584752  α = 1.0
  7   -22.19748344424       -6.05       -3.69    9.55s
    ‖ρε - ρref‖ = 0.004300523173551537 ‖Δρ‖ = 7.545596449018127e-5  ‖vε - vref‖ = 1.1781803349502709  α = 0.448
  8   -22.19748359239       -6.83       -4.17    6.83s
    ‖ρε - ρref‖ = 0.00430455484546482 ‖Δρ‖ = 2.0428914426322977e-5  ‖vε - vref‖ = 1.1761211755464729  α = 1.0
  9   -22.19748375496       -6.79       -4.27    6.84s
    ‖ρε - ρref‖ = 0.004305463960698072 ‖Δρ‖ = 1.7241091907619542e-5  ‖vε - vref‖ = 1.1768985081588685  α = 1.0
 10   -22.19748377968       -7.61       -4.66    6.27s
    ‖ρε - ρref‖ = 0.004304820884815422 ‖Δρ‖ = 7.362887015418893e-6  ‖vε - vref‖ = 1.1764659497943892  α = 1.0

#-- ‖ρε - ρref‖ = 0.0043046145344382124 vs. 1.778279410038923e-5 = δ*ε ‖vε - vref‖ = 1.1767314578150465  Qε=0.4190360597747324


# --- ε=0.001

n     Energy            log10(ΔE)   log10(Δρ)   Δtime 
---   ---------------   ---------   ---------   ------
  1   -22.19295509319                   -0.91    15.2s
    ‖ρε - ρref‖ = 0.08000309099226177 ‖Δρ‖ = 0.07762934298926147  ‖vε - vref‖ = 0.9422630980068374  α = 0.0237
  2   -22.19305421334       -4.00       -2.12    9.71s
    ‖ρε - ρref‖ = 0.004305462014397183 ‖Δρ‖ = 0.003152904210527133  ‖vε - vref‖ = 0.9390933158194599  α = 0.116
  3   -22.19306362204       -5.03       -2.70    9.37s
    ‖ρε - ρref‖ = 0.002700459382427348 ‖Δρ‖ = 0.0007738125456001131  ‖vε - vref‖ = 0.958863811397052  α = 0.145
  4   -22.19306863655       -5.30       -2.84    9.66s
    ‖ρε - ρref‖ = 0.0026211260359083276 ‖Δρ‖ = 0.0005403561771291258  ‖vε - vref‖ = 0.9873535998688789  α = 0.139
  5   -22.19306942863       -6.10       -3.79    6.59s
    ‖ρε - ρref‖ = 0.00251556912571624 ‖Δρ‖ = 5.209870226281519e-5  ‖vε - vref‖ = 0.99629241878135  α = 1.0
  6   -22.19307091768       -5.83       -3.62    9.57s
    ‖ρε - ρref‖ = 0.002510203132306501 ‖Δρ‖ = 9.437032400762344e-5  ‖vε - vref‖ = 0.9947528746524806  α = 0.402
  7   -22.19307190182       -6.01       -3.64    9.91s
    ‖ρε - ρref‖ = 0.00250504570781833 ‖Δρ‖ = 6.992000023774855e-5  ‖vε - vref‖ = 0.9910811871726953  α = 0.349
  8   -22.19307216839       -6.57       -4.10    9.25s
    ‖ρε - ρref‖ = 0.002506813216125684 ‖Δρ‖ = 2.3811174728294787e-5  ‖vε - vref‖ = 0.9897052435964185  α = 0.434
  9   -22.19307219294       -7.61       -4.65    9.68s
    ‖ρε - ρref‖ = 0.0025083364727698236 ‖Δρ‖ = 6.262423686242789e-6  ‖vε - vref‖ = 0.989881848236282  α = 0.288
 10   -22.19307219313       -9.71       -4.86    21.9s
    ‖ρε - ρref‖ = 0.002508422305018229 ‖Δρ‖ = 3.908102327426522e-6  ‖vε - vref‖ = 0.9898397841821059  α = 0.102

#-- ‖ρε - ρref‖ = 0.002508905602300137 vs. 1.0e-5 = δ*ε ‖vε - vref‖ = 0.9898397847874862  Qε=0.5253896723109822


# --- ε=0.0005623413251903491

n     Energy            log10(ΔE)   log10(Δρ)   Δtime 
---   ---------------   ---------   ---------   ------
  1   -22.19033507289                   -0.90    15.0s
    ‖ρε - ρref‖ = 0.08085338792079516 ‖Δρ‖ = 0.07950872805216735  ‖vε - vref‖ = 0.8321723691587377  α = 0.0136
  2   -22.19041595595       -4.09       -2.06    9.24s
    ‖ρε - ρref‖ = 0.0040845686436918075 ‖Δρ‖ = 0.0035789103028830553  ‖vε - vref‖ = 0.7388020578735535  α = 0.0717
  3   -22.19042700785       -4.96       -2.54    9.12s
    ‖ρε - ρref‖ = 0.0019268108191605859 ‖Δρ‖ = 0.00109745141492324  ‖vε - vref‖ = 0.7597125174066508  α = 0.0873
  4   -22.19043264121       -5.25       -2.65    9.13s
    ‖ρε - ρref‖ = 0.001757217305682864 ‖Δρ‖ = 0.000830599714746113  ‖vε - vref‖ = 0.7962406280314804  α = 0.0792
  5   -22.19043377937       -5.94       -3.55    8.97s
    ‖ρε - ρref‖ = 0.001466848457234899 ‖Δρ‖ = 8.441691053245133e-5  ‖vε - vref‖ = 0.808672739458618  α = 0.251
  6   -22.19043389224       -6.95       -3.55    9.13s
    ‖ρε - ρref‖ = 0.0014665567838205332 ‖Δρ‖ = 0.00010428156694260483  ‖vε - vref‖ = 0.8132462074470322  α = 0.133
  7   -22.19043389333       -8.96       -3.72    87.1s
    ‖ρε - ρref‖ = 0.001460855041643157 ‖Δρ‖ = 5.897618770339617e-5  ‖vε - vref‖ = 0.8133099378591828  α = 0.0101
  8   -22.19043389333      -13.97       -4.22    96.1s
    ‖ρε - ρref‖ = 0.0014586264457054517 ‖Δρ‖ = 2.016520293918966e-5  ‖vε - vref‖ = 0.8133099378591149  α = 6.87e-11
  9   -22.19043389333   +    -Inf       -4.16    49.0s
    ‖ρε - ρref‖ = 0.0014643007971451927 ‖Δρ‖ = 2.3244492833529665e-5  ‖vε - vref‖ = 0.8133099378591161  α = 0.0
 10   -22.19043390509       -7.93       -3.61    12.3s
    ‖ρε - ρref‖ = 0.0015543050819136674 ‖Δρ‖ = 0.0001264300123288319  ‖vε - vref‖ = 0.8138884601891699  α = 0.0149
 11   -22.19043391134       -8.20       -3.20    11.7s
    ‖ρε - ρref‖ = 0.0013715748219909618 ‖Δρ‖ = 0.00024442977587213694  ‖vε - vref‖ = 0.8130194483052884  α = 0.00998
 12   -22.19043391134      -13.67       -3.93     124s
    ‖ρε - ρref‖ = 0.0014584622874546957 ‖Δρ‖ = 4.592407458555295e-5  ‖vε - vref‖ = 0.8130194483901674  α = 1.71e-8
 13   -22.19043391134   +    -Inf       -3.25    74.9s
    ‖ρε - ρref‖ = 0.0014823068112567452 ‖Δρ‖ = 0.00024604073532281197  ‖vε - vref‖ = 0.8130194483875491  α = 2.33e-10
 14   -22.19043391134   +    -Inf       -3.82    73.9s
    ‖ρε - ρref‖ = 0.0014713160312989364 ‖Δρ‖ = 6.108904771133086e-5  ‖vε - vref‖ = 0.813019448387539  α = 3.43e-15
Trying again with Newton's method ...
n     Energy            log10(ΔE)   log10(Δρ)   Δtime 
---   ---------------   ---------   ---------   ------
  1   -22.19043108055                   -4.82     504s
    ‖ρε - ρref‖ = 0.001451871496540568 ‖Δρ‖ = 4.170352833813393e-6  ‖vε - vref‖ = 0.8159671693607623
  2   -22.19043108046   +  -10.04       -7.00     424s
    ‖ρε - ρref‖ = 0.0014518536106599498 ‖Δρ‖ = 4.44059251181105e-8  ‖vε - vref‖ = 0.8159728472872212

#-- ‖ρε - ρref‖ = 0.0014518536106599498 vs. 5.623413251903491e-6 = δ*ε ‖vε - vref‖ = 0.8159728472872212  Qε=0.626917019388191


# --- ε=0.00031622776601683794

n     Energy            log10(ΔE)   log10(Δρ)   Δtime 
---   ---------------   ---------   ---------   ------
  1   -22.18879768025                   -0.89    13.3s
    ‖ρε - ρref‖ = 0.0813851792070492 ‖Δρ‖ = 0.08062713669869513  ‖vε - vref‖ = 0.8021625977697532  α = 0.00772
  2   -22.18885745134       -4.22       -2.03    8.96s
    ‖ρε - ρref‖ = 0.004122804163732084 ‖Δρ‖ = 0.0038803521778809818  ‖vε - vref‖ = 0.5838190835020866  α = 0.0436
  3   -22.18886891249       -4.94       -2.42    8.85s
    ‖ρε - ρref‖ = 0.0017460840853163026 ‖Δρ‖ = 0.0014102647672596844  ‖vε - vref‖ = 0.5861958081122056  α = 0.0542
  4   -22.18887481210       -5.23       -2.50    9.87s
    ‖ρε - ρref‖ = 0.0015514898506767771 ‖Δρ‖ = 0.001195855720235067  ‖vε - vref‖ = 0.6175527306606904  α = 0.0458
  5   -22.18887523376       -6.38       -3.30    9.20s
    ‖ρε - ρref‖ = 0.0008663621375937433 ‖Δρ‖ = 0.00014184844441073242  ‖vε - vref‖ = 0.6358871283493917  α = 0.137
  6   -22.18887523376      -13.85       -3.34     107s
    ‖ρε - ρref‖ = 0.0008673145404529184 ‖Δρ‖ = 0.00015608268025547593  ‖vε - vref‖ = 0.6358871285527601  α = 2.01e-9
  7   -22.18887523376   +  -14.15       -3.50    43.6s
    ‖ρε - ρref‖ = 0.0008519118829816222 ‖Δρ‖ = 8.69561296206555e-5  ‖vε - vref‖ = 0.6358871285527632  α = 0.0
  8   -22.18887523409       -9.49       -3.35    11.5s
    ‖ρε - ρref‖ = 0.001042876630282987 ‖Δρ‖ = 0.00023824099961917882  ‖vε - vref‖ = 0.6367311417547687  α = 0.00606
  9   -22.18887523409      -13.67       -2.96    83.2s
    ‖ρε - ρref‖ = 0.0008144268878032976 ‖Δρ‖ = 0.00039922325594329616  ‖vε - vref‖ = 0.6367311417496596  α = 7.4e-10
 10   -22.18887523409   +  -14.45       -3.37    46.2s
    ‖ρε - ρref‖ = 0.0008570438207939766 ‖Δρ‖ = 0.00013592826268384338  ‖vε - vref‖ = 0.6367311417497271  α = 0.0
 11   -22.18887523409   +    -Inf       -3.57     119s
    ‖ρε - ρref‖ = 0.0008851148162030334 ‖Δρ‖ = 0.00010029034356348775  ‖vε - vref‖ = 0.6367311417496071  α = 2.98e-13
 12   -22.18887523409   +    -Inf       -1.11    49.1s
    ‖ρε - ρref‖ = 0.03127226902039785 ‖Δρ‖ = 0.030826835638455622  ‖vε - vref‖ = 0.6367311417496613  α = 0.0
Trying again with Newton's method ...
n     Energy            log10(ΔE)   log10(Δρ)   Δtime 
---   ---------------   ---------   ---------   ------
  1   -22.18886004525                   -4.30     495s
    ‖ρε - ρref‖ = 0.000836439313916385 ‖Δρ‖ = 1.1999827007924648e-5  ‖vε - vref‖ = 0.659557337978593
  2   -22.18886004325   +   -8.70       -6.61     489s
    ‖ρε - ρref‖ = 0.0008364392454300036 ‖Δρ‖ = 1.0734522182209967e-7  ‖vε - vref‖ = 0.6595354611196295
  3   -22.18886004325   +  -13.02      -11.79     121s
    ‖ρε - ρref‖ = 0.000836439245344383 ‖Δρ‖ = 4.855744519302307e-13  ‖vε - vref‖ = 0.6595354609519214
    Stopping to avoid numerical instabilities.

#-- ‖ρε - ρref‖ = 0.000836439245344383 vs. 3.1622776601683796e-6 = δ*ε ‖vε - vref‖ = 0.6595354609519214  Qε=0.6890329771031491


# --- ε=0.00017782794100389227

n     Energy            log10(ΔE)   log10(Δρ)   Δtime 
---   ---------------   ---------   ---------   ------
  1   -22.18789366429                   -0.89    13.7s
    ‖ρε - ρref‖ = 0.08169783246868047 ‖Δρ‖ = 0.08127139866893333  ‖vε - vref‖ = 0.8538611018733148  α = 0.00437
  2   -22.18793424433       -4.39       -2.00    8.40s
    ‖ρε - ρref‖ = 0.0042092353620818085 ‖Δρ‖ = 0.00408353704471436  ‖vε - vref‖ = 0.5254896843429943  α = 0.0262
  3   -22.18794392436       -5.01       -2.33    8.08s
    ‖ρε - ρref‖ = 0.0018300355315779863 ‖Δρ‖ = 0.0016837304515481919  ‖vε - vref‖ = 0.4778496105537239  α = 0.0333
  4   -22.18794875723       -5.32       -2.38    8.49s
    ‖ρε - ρref‖ = 0.0017189748681024873 ‖Δρ‖ = 0.001578749358371931  ‖vε - vref‖ = 0.47527126885737253  α = 0.0268
  5   -22.18794886056       -6.99       -3.10    11.7s
    ‖ρε - ρref‖ = 0.0005612430909780026 ‖Δρ‖ = 0.00021847444363017635  ‖vε - vref‖ = 0.47700623522210484  α = 0.0199
  6   -22.18794886056      -13.85       -3.09     111s
    ‖ρε - ρref‖ = 0.0005749345096782168 ‖Δρ‖ = 0.00026676752125289523  ‖vε - vref‖ = 0.47700623525066815  α = 1.33e-10
  7   -22.18794886056   +    -Inf       -3.12    42.8s
    ‖ρε - ρref‖ = 0.0005391622241781886 ‖Δρ‖ = 0.00020030969552537915  ‖vε - vref‖ = 0.47700623525073615  α = 0.0
  8   -22.18794888187       -7.67       -3.07    12.0s
    ‖ρε - ρref‖ = 0.0007644138132734427 ‖Δρ‖ = 0.0003473201403650945  ‖vε - vref‖ = 0.47760561351482966  α = 0.00739
  9   -22.18794888207       -9.71       -2.32    74.5s
    ‖ρε - ρref‖ = 0.001421015725730055 ‖Δρ‖ = 0.0015612522962911326  ‖vε - vref‖ = 0.47737946760922056  α = 0.000153
 10   -22.18794888207      -14.45       -2.81     110s
    ‖ρε - ρref‖ = 0.0008158271449780413 ‖Δρ‖ = 0.0006094068812448258  ‖vε - vref‖ = 0.4773794676425174  α = 7.37e-11
 11   -22.18794888207   +    -Inf       -2.89    43.0s
    ‖ρε - ρref‖ = 0.0006635274568226767 ‖Δρ‖ = 0.0004241865220531144  ‖vε - vref‖ = 0.4773794676426695  α = 0.0
 12   -22.18794888207   +    -Inf       -3.17    50.7s
    ‖ρε - ρref‖ = 0.0003985766116282626 ‖Δρ‖ = 0.00023675560148951147  ‖vε - vref‖ = 0.47737946764254074  α = 0.0
Trying again with Newton's method ...
n     Energy            log10(ΔE)   log10(Δρ)   Δtime 
---   ---------------   ---------   ---------   ------
  1   -22.18789336281                   -4.04     466s
    ‖ρε - ρref‖ = 0.0004800433359666527 ‖Δρ‖ = 2.1226519196579474e-5  ‖vε - vref‖ = 0.5305222427405201
  2   -22.18789335910   +   -8.43       -6.04     481s
    ‖ρε - ρref‖ = 0.00048009507401430113 ‖Δρ‖ = 4.014016249628138e-7  ‖vε - vref‖ = 0.5303481043607814
  3   -22.18789335909   +  -11.32      -10.43     341s
    ‖ρε - ρref‖ = 0.00048009507334905203 ‖Δρ‖ = 9.183503458976671e-12  ‖vε - vref‖ = 0.5303480944784295

#-- ‖ρε - ρref‖ = 0.00048009507334905203 vs. 1.7782794100389227e-6 = δ*ε ‖vε - vref‖ = 0.5303480944784295  Qε=0.7564256560214178


# --- ε=0.0001

n     Energy            log10(ΔE)   log10(Δρ)   Δtime 
---   ---------------   ---------   ---------   ------
  1   -22.18732611101                   -0.89    13.8s
    ‖ρε - ρref‖ = 0.08188373570353746 ‖Δρ‖ = 0.08164407689008325  ‖vε - vref‖ = 0.9572482293093644  α = 0.00247
  2   -22.18735146279       -4.60       -1.99    8.53s
    ‖ρε - ρref‖ = 0.00428263365139274 ‖Δρ‖ = 0.004214830907556791  ‖vε - vref‖ = 0.5793622435429282  α = 0.0156
  3   -22.18735763865       -5.21       -2.27    8.62s
    ‖ρε - ρref‖ = 0.001988409842663523 ‖Δρ‖ = 0.0019185733438899252  ‖vε - vref‖ = 0.4780815250808666  α = 0.0205
  4   -22.18735974282       -5.68       -2.28    7.50s
    ‖ρε - ρref‖ = 0.00204172388678069 ‖Δρ‖ = 0.001981000332852908  ‖vε - vref‖ = 0.4183253129469149  α = 0.016
  5   -22.18735974282      -13.85       -2.93     142s
    ‖ρε - ρref‖ = 0.00046251433574877863 ‖Δρ‖ = 0.00031800044509505226  ‖vε - vref‖ = 0.41832531283647045  α = 1.27e-10
  6   -22.18735974282   +  -14.15       -2.82    43.0s
    ‖ρε - ρref‖ = 0.0005911392452946913 ‖Δρ‖ = 0.0004934417350412688  ‖vε - vref‖ = 0.41832531283635743  α = 0.0
  7   -22.18735975258       -8.01       -2.83    11.2s
    ‖ρε - ρref‖ = 0.0007152209357228345 ‖Δρ‖ = 0.000545502247605037  ‖vε - vref‖ = 0.40950696955886445  α = 0.00582
  8   -22.18735975258      -13.50       -2.08    87.7s
    ‖ρε - ρref‖ = 0.0030782994567610396 ‖Δρ‖ = 0.003240965215188831  ‖vε - vref‖ = 0.40950696881320153  α = 5.65e-11
  9   -22.18735975258   +  -14.45       -2.50    46.2s
    ‖ρε - ρref‖ = 0.0012922750722221342 ‖Δρ‖ = 0.0012215242866121818  ‖vε - vref‖ = 0.40950696881336895  α = 0.0
 10   -22.18735975258      -14.45       -2.89     157s
    ‖ρε - ρref‖ = 0.0003950869084847533 ‖Δρ‖ = 0.0005115369066597753  ‖vε - vref‖ = 0.40950696881315396  α = 4.17e-16
 11   -22.18735975258   +  -13.97       -1.02    48.5s
    ‖ρε - ρref‖ = 0.03484699465493472 ‖Δρ‖ = 0.03499387797312501  ‖vε - vref‖ = 0.4095069688133678  α = 0.0
 12   -22.18735975258      -13.97       -2.89     158s
    ‖ρε - ρref‖ = 0.00039508690848583913 ‖Δρ‖ = 0.0005115369066615064  ‖vε - vref‖ = 0.4095069688131676  α = 1.77e-14
 13   -22.18735975258   +  -14.45       -1.14    49.3s
    ‖ρε - ρref‖ = 0.02596919172527558 ‖Δρ‖ = 0.026111743509282193  ‖vε - vref‖ = 0.40950696881334797  α = 0.0
 14   -22.18735975258      -14.45       -2.89    51.7s
    ‖ρε - ρref‖ = 0.0003950869084856185 ‖Δρ‖ = 0.0005115369066610376  ‖vε - vref‖ = 0.40950696881314325  α = 0.0
 15   -22.18735975258   +  -14.45       -2.89    52.8s
    ‖ρε - ρref‖ = 0.0003950869084748221 ‖Δρ‖ = 0.0005115369066387258  ‖vε - vref‖ = 0.4095069688132187  α = 0.0
 16   -22.18735975258      -14.45       -2.89     177s
    ‖ρε - ρref‖ = 0.00039508690848267175 ‖Δρ‖ = 0.0005115369066551321  ‖vε - vref‖ = 0.40950696881312354  α = 7.59e-15
 17   -22.18735975258   +  -13.97       -0.21    50.3s
    ‖ρε - ρref‖ = 0.26539654260228945 ‖Δρ‖ = 0.26556616786524456  ‖vε - vref‖ = 0.40950696881330156  α = 0.0
 18   -22.18735975258      -13.97       -2.89     135s
    ‖ρε - ρref‖ = 0.00039508690848574806 ‖Δρ‖ = 0.0005115369066615249  ‖vε - vref‖ = 0.40950696881314796  α = 1.65e-15
 19   -22.18735975258   +  -13.97       -1.10    50.9s
    ‖ρε - ρref‖ = 0.02797227671578788 ‖Δρ‖ = 0.02811298915062325  ‖vε - vref‖ = 0.40950696881321047  α = 0.0
 20   -22.18735975258      -13.97       -2.89     158s
    ‖ρε - ρref‖ = 0.00039508690848286923 ‖Δρ‖ = 0.0005115369066553616  ‖vε - vref‖ = 0.4095069688131582  α = 1.87e-15
 21   -22.18735975258   +  -14.45        0.01    53.4s
    ‖ρε - ρref‖ = 0.4660296167037498 ‖Δρ‖ = 0.4661371004154573  ‖vε - vref‖ = 0.4095069688132113  α = 0.0
 22   -22.18735975258      -14.45       -2.89    53.5s
    ‖ρε - ρref‖ = 0.000395086908482465 ‖Δρ‖ = 0.0005115369066548828  ‖vε - vref‖ = 0.4095069688131267  α = 0.0
 23   -22.18735975258   +  -14.15       -2.89    53.9s
    ‖ρε - ρref‖ = 0.0003950869084750799 ‖Δρ‖ = 0.0005115369066392849  ‖vε - vref‖ = 0.40950696881311943  α = 0.0
 24   -22.18735975258      -14.15       -2.89    70.8s
    ‖ρε - ρref‖ = 0.00039508690847504384 ‖Δρ‖ = 0.000511536906639037  ‖vε - vref‖ = 0.40950696881313686  α = 2.14e-15
 25   -22.18735975258   +  -14.15       -0.98    50.7s
    ‖ρε - ρref‖ = 0.041377524692357885 ‖Δρ‖ = 0.04154958184845211  ‖vε - vref‖ = 0.40950696881310433  α = 0.0
 26   -22.18735975258      -14.15       -2.89     125s
    ‖ρε - ρref‖ = 0.00039508690846358464 ‖Δρ‖ = 0.0005115369066392966  ‖vε - vref‖ = 0.409506968758093  α = 2.7e-11
 27   -22.18735975258   +  -14.15       -2.03    51.4s
    ‖ρε - ρref‖ = 0.003176778059054836 ‖Δρ‖ = 0.0030440456745969772  ‖vε - vref‖ = 0.40950696875794845  α = 0.0
 28   -22.18735975258      -14.15       -2.89     154s
    ‖ρε - ρref‖ = 0.00039508690642601314 ‖Δρ‖ = 0.0005115369031533598  ‖vε - vref‖ = 0.40950696820798344  α = 2.69e-10
 29   -22.18735975258   +  -14.45       -2.03    51.1s
    ‖ρε - ρref‖ = 0.0031716685283343505 ‖Δρ‖ = 0.003038702555954836  ‖vε - vref‖ = 0.40950696820772126  α = 0.0
 30   -22.18735975258   +    -Inf       -2.89    53.9s
    ‖ρε - ρref‖ = 0.00039508688719988984 ‖Δρ‖ = 0.0005115368683237844  ‖vε - vref‖ = 0.4095069682077425  α = 0.0
 31   -22.18735975258   +    -Inf       -2.89    66.3s
    ‖ρε - ρref‖ = 0.00039508688709062546 ‖Δρ‖ = 0.0005115368683241506  ‖vε - vref‖ = 0.4095069676880059  α = 2.54e-10
Trying again with Newton's method ...
n     Energy            log10(ΔE)   log10(Δρ)   Δtime 
---   ---------------   ---------   ---------   ------
  1   -22.18717321194                   -4.04     479s
    ‖ρε - ρref‖ = 0.0002743866639501885 ‖Δρ‖ = 2.1268952848124706e-5  ‖vε - vref‖ = 0.4433891917466514
  2   -22.18717322382       -7.93       -5.51     474s
    ‖ρε - ρref‖ = 0.00027456813711349123 ‖Δρ‖ = 1.3501312892486259e-6  ‖vε - vref‖ = 0.44236990670798915
  3   -22.18717322351   +   -9.50       -9.20     480s
    ‖ρε - ρref‖ = 0.00027456809521239487 ‖Δρ‖ = 1.8164118611070882e-10  ‖vε - vref‖ = 0.4423700666273537
  4   -22.18717322351      -13.19      -11.71     239s
    ‖ρε - ρref‖ = 0.00027456809506586907 ‖Δρ‖ = 5.072335024299986e-13  ‖vε - vref‖ = 0.44237006727679634
    Stopping to avoid numerical instabilities.

#-- ‖ρε - ρref‖ = 0.00027456809506586907 vs. 1.0000000000000002e-6 = δ*ε ‖vε - vref‖ = 0.44237006727679634  Qε=0.8080905842703151


# --- ε=5.623413251903491e-5

n     Energy            log10(ΔE)   log10(Δρ)   Δtime 
---   ---------------   ---------   ---------   ------
  1   -22.18684267370                   -0.89    13.8s
    ‖ρε - ρref‖ = 0.0819950327916358 ‖Δρ‖ = 0.08186041704830345  ‖vε - vref‖ = 1.081676643740526  α = 0.00139
  2   -22.18685660083       -4.86       -1.98    7.67s
    ‖ρε - ρref‖ = 0.00433415262341326 ‖Δρ‖ = 0.004297734473534062  ‖vε - vref‖ = 0.7031942572538479  α = 0.00933
  3   -22.18685761832       -5.99       -2.22    9.68s
    ‖ρε - ρref‖ = 0.002182956601830282 ‖Δρ‖ = 0.0021496480711319164  ‖vε - vref‖ = 0.5866578393436971  α = 0.013
  4   -22.18685807341       -6.34       -2.17    11.9s
    ‖ρε - ρref‖ = 0.0025805851623405015 ‖Δρ‖ = 0.0025361634952426777  ‖vε - vref‖ = 0.5217757777607178  α = 0.0022
  5   -22.18685807341      -13.85       -2.74    85.5s
    ‖ρε - ρref‖ = 0.000541820122811714 ‖Δρ‖ = 0.0004815116310155387  ‖vε - vref‖ = 0.5217757776372536  α = 3.15e-11
  6   -22.18685807341   +    -Inf       -2.56    44.5s
    ‖ρε - ρref‖ = 0.000974329631364774 ‖Δρ‖ = 0.0009471846450546528  ‖vε - vref‖ = 0.5217757776375194  α = 0.0
  7   -22.18685807627       -8.54       -2.27    7.33s
    ‖ρε - ρref‖ = 0.0024791337441008384 ‖Δρ‖ = 0.0024631293371034425  ‖vε - vref‖ = 0.4567901000670974  α = 0.00623
  8   -22.18685807627      -13.41       -2.66     123s
    ‖ρε - ρref‖ = 0.0009799065846464452 ‖Δρ‖ = 0.0010799245631027464  ‖vε - vref‖ = 0.4567900998160976  α = 2.92e-11
  9   -22.18685807627   +  -14.45       -1.90    42.7s
    ‖ρε - ρref‖ = 0.0046095071244509405 ‖Δρ‖ = 0.0045393385534749165  ‖vε - vref‖ = 0.4567900998160636  α = 0.0
 10   -22.18685807644       -9.78       -2.47    60.2s
    ‖ρε - ρref‖ = 0.001543550470300807 ‖Δρ‖ = 0.0016162255093851885  ‖vε - vref‖ = 0.45383476100331593  α = 0.00022
 11   -22.18685807644   +  -14.45       -2.21    47.4s
    ‖ρε - ρref‖ = 0.0027360909882906464 ‖Δρ‖ = 0.0026388360280968646  ‖vε - vref‖ = 0.45383476100097075  α = 0.0
 12   -22.18685807644      -13.97       -2.50    78.6s
    ‖ρε - ρref‖ = 0.0014051602190871034 ‖Δρ‖ = 0.0014700309466813286  ‖vε - vref‖ = 0.4538347598846236  α = 9.34e-11
 13   -22.18685807644   +    -Inf       -2.21    60.6s
    ‖ρε - ρref‖ = 0.002770111501626612 ‖Δρ‖ = 0.0026668559047827666  ‖vε - vref‖ = 0.4538347598818656  α = 8.01e-14
 14   -22.18685807644   +  -14.45       -2.67    45.1s
    ‖ρε - ρref‖ = 0.0007105849592556521 ‖Δρ‖ = 0.000609796709890735  ‖vε - vref‖ = 0.4538347598822022  α = 0.0
 15   -22.18685807644   +    -Inf       -2.50    95.6s
    ‖ρε - ρref‖ = 0.0014051601685146967 ‖Δρ‖ = 0.0014700308932644175  ‖vε - vref‖ = 0.45383475881759594  α = 8.91e-11
 16   -22.18685807644   +    -Inf       -2.20    42.7s
    ‖ρε - ρref‖ = 0.0027874354697365964 ‖Δρ‖ = 0.0026846918990735776  ‖vε - vref‖ = 0.4538347588173202  α = 0.0
Trying again with Newton's method ...
n     Energy            log10(ΔE)   log10(Δρ)   Δtime 
---   ---------------   ---------   ---------   ------
  1   -22.18625169838                   -4.13     473s
    ‖ρε - ρref‖ = 0.0001559477421181454 ‖Δρ‖ = 1.700749463066153e-5  ‖vε - vref‖ = 0.44165866677887694
  2   -22.18624981546   +   -5.73       -4.99     493s
    ‖ρε - ρref‖ = 0.00015657917821645695 ‖Δρ‖ = 4.474848437077835e-6  ‖vε - vref‖ = 0.42649063746036603
  3   -22.18624980013   +   -7.81       -8.18     506s
    ‖ρε - ρref‖ = 0.00015658009410845507 ‖Δρ‖ = 1.6738228674302605e-9  ‖vε - vref‖ = 0.42649141484209535
  4   -22.18624980009   +  -10.42      -10.02     501s
    ‖ρε - ρref‖ = 0.00015658009667472535 ‖Δρ‖ = 2.1900932764915608e-11  ‖vε - vref‖ = 0.42649141432671084
    Stopping to avoid numerical instabilities.

#-- ‖ρε - ρref‖ = 0.00015658009667472535 vs. 5.62341325190349e-7 = δ*ε ‖vε - vref‖ = 0.42649141432671084  Qε=0.8443556444258395


# --- ε=3.1622776601683795e-5

n     Energy            log10(ΔE)   log10(Δρ)   Δtime 
---   ---------------   ---------   ---------   ------
  1   -22.18605799486                   -0.89    14.1s
    ‖ρε - ρref‖ = 0.08206639084260851 ‖Δρ‖ = 0.08199085472233132  ‖vε - vref‖ = 1.2284425620875319  α = 0.000784
  2   -22.18606259745       -5.34       -1.97    7.36s
    ‖ρε - ρref‖ = 0.004370180383229361 ‖Δρ‖ = 0.004352197038625933  ‖vε - vref‖ = 0.8881932091629233  α = 0.00589
  3   -22.18606261452       -7.77       -2.15    75.3s
    ‖ρε - ρref‖ = 0.0025377422031638204 ‖Δρ‖ = 0.0025040227319591025  ‖vε - vref‖ = 0.8696719135577977  α = 0.00038
  4   -22.18606261452      -13.97       -2.01     208s
    ‖ρε - ρref‖ = 0.003729209270233773 ‖Δρ‖ = 0.003700623061240181  ‖vε - vref‖ = 0.8696719133641589  α = 3.08e-12
  5   -22.18606261452   +  -14.15       -2.50    46.8s
    ‖ρε - ρref‖ = 0.0008762587189368497 ‖Δρ‖ = 0.0008522953880165919  ‖vε - vref‖ = 0.8696719133635493  α = 0.0
  6   -22.18606313904       -6.28       -2.09    14.1s
    ‖ρε - ρref‖ = 0.0031079441154969532 ‖Δρ‖ = 0.0030902724502007636  ‖vε - vref‖ = 0.8008988619471973  α = 0.00136
  7   -22.18606313904      -14.45       -2.17     102s
    ‖ρε - ρref‖ = 0.00293802735888355 ‖Δρ‖ = 0.0029707542466492934  ‖vε - vref‖ = 0.8008988612049655  α = 1.68e-11
  8   -22.18606313904   +  -14.15       -1.72    48.2s
    ‖ρε - ρref‖ = 0.008088618773977884 ‖Δρ‖ = 0.008017804061282389  ‖vε - vref‖ = 0.8008988612051456  α = 0.0
  9   -22.18606313904      -13.97       -2.34     179s
    ‖ρε - ρref‖ = 0.0016979304930981125 ‖Δρ‖ = 0.001694413551981339  ‖vε - vref‖ = 0.8008988605478787  α = 2.13e-11
 10   -22.18606313904   +    -Inf       -2.06    51.3s
    ‖ρε - ρref‖ = 0.004158248633234048 ‖Δρ‖ = 0.004076084163377174  ‖vε - vref‖ = 0.8008988605479203  α = 0.0
 11   -22.18606313904   +    -Inf       -2.34    56.2s
    ‖ρε - ρref‖ = 0.001697930483338044 ‖Δρ‖ = 0.001694413541851099  ‖vε - vref‖ = 0.8008988605478333  α = 0.0
Trying again with Newton's method ...
n     Energy            log10(ΔE)   log10(Δρ)   Δtime 
---   ---------------   ---------   ---------   ------
  1   -22.18410985892                   -4.15     508s
    ‖ρε - ρref‖ = 8.84259394476959e-5 ‖Δρ‖ = 2.2595400402395623e-5  ‖vε - vref‖ = 0.8203596758375803
  2   -22.18411103814       -5.93       -4.47     494s
    ‖ρε - ρref‖ = 8.92810183103322e-5 ‖Δρ‖ = 1.4793852346666497e-5  ‖vε - vref‖ = 0.5440181867953038
  3   -22.18411042077   +   -6.21       -6.77     503s
    ‖ρε - ρref‖ = 8.927586041985748e-5 ‖Δρ‖ = 2.9818074873603385e-8  ‖vε - vref‖ = 0.5440990391873741
  4   -22.18411043316       -7.91       -8.06     495s
    ‖ρε - ρref‖ = 8.92758416887472e-5 ‖Δρ‖ = 1.6531159952808103e-9  ‖vε - vref‖ = 0.5441026526319223
    Stopping to avoid numerical instabilities.

#-- ‖ρε - ρref‖ = 8.92758416887472e-5 vs. 3.1622776601683797e-7 = δ*ε ‖vε - vref‖ = 0.5441026526319223  Qε=0.870823966316388


# --- ε=1.778279410038923e-5

n     Energy            log10(ΔE)   log10(Δρ)   Δtime 
---   ---------------   ---------   ---------   ------
  1   -22.18399854090                   -0.89    12.1s
    ‖ρε - ρref‖ = 0.0821284560144815 ‖Δρ‖ = 0.0820862110951215  ‖vε - vref‖ = 1.4561945139245371  α = 0.000443
  2   -22.18399913002       -6.23       -1.97    12.4s
    ‖ρε - ρref‖ = 0.004419473940382765 ‖Δρ‖ = 0.004398887232155188  ‖vε - vref‖ = 1.3031121415585831  α = 0.000916
  3   -22.18399913002      -13.85       -2.02     160s
    ‖ρε - ρref‖ = 0.0034021364011005547 ‖Δρ‖ = 0.003383072439731854  ‖vε - vref‖ = 1.30311214149374  α = 8.22e-13
  4   -22.18399913002   +    -Inf       -1.82    55.4s
    ‖ρε - ρref‖ = 0.00575379761538589 ‖Δρ‖ = 0.005740292789791053  ‖vε - vref‖ = 1.3031121414617952  α = 2.6e-13
  5   -22.18399913002   +  -13.97       -2.22    41.8s
    ‖ρε - ρref‖ = 0.0018708948878691223 ‖Δρ‖ = 0.0018737918821075128  ‖vε - vref‖ = 1.3031121414652105  α = 0.0
  6   -22.18399913002      -14.15       -2.13     162s
    ‖ρε - ρref‖ = 0.002946726562514787 ‖Δρ‖ = 0.002938448638273689  ‖vε - vref‖ = 1.303112141175222  α = 3.02e-12
  7   -22.18399913002      -14.45       -1.58    50.0s
    ‖ρε - ρref‖ = 0.01472696706073493 ‖Δρ‖ = 0.014673363413582989  ‖vε - vref‖ = 1.303112141169535  α = 0.0
  8   -22.18399913002   +  -14.45       -2.13    51.0s
    ‖ρε - ρref‖ = 0.0029467265559084133 ‖Δρ‖ = 0.002938448631551955  ‖vε - vref‖ = 1.3031121411746969  α = 0.0
  9   -22.18399913002   +    -Inf       -2.13    55.9s
    ‖ρε - ρref‖ = 0.002946726555755978 ‖Δρ‖ = 0.0029384486313937183  ‖vε - vref‖ = 1.3031121411741466  α = 0.0
 10   -22.18399913002   +  -13.97       -2.13    53.5s
    ‖ρε - ρref‖ = 0.00294672655573569 ‖Δρ‖ = 0.002938448631372787  ‖vε - vref‖ = 1.3031121411774962  α = 0.0
 11   -22.18399913002      -14.15       -2.13     201s
    ‖ρε - ρref‖ = 0.00294672655557783 ‖Δρ‖ = 0.0029384486312091047  ‖vε - vref‖ = 1.3031121411761546  α = 1.54e-14
 12   -22.18399913002   +  -14.15       -0.47    50.8s
    ‖ρε - ρref‖ = 0.1440591545540301 ‖Δρ‖ = 0.14405216290336254  ‖vε - vref‖ = 1.3031121411775712  α = 0.0
 13   -22.18399913002      -14.15       -2.13     191s
    ‖ρε - ρref‖ = 0.002946726555535365 ‖Δρ‖ = 0.0029384486311656135  ‖vε - vref‖ = 1.303112141176033  α = 6.46e-15
 14   -22.18399913002   +    -Inf       -0.90    51.7s
    ‖ρε - ρref‖ = 0.052368390418308056 ‖Δρ‖ = 0.05237103130804969  ‖vε - vref‖ = 1.3031121411770947  α = 0.0
 15   -22.18399913002   +    -Inf       -2.13     179s
    ‖ρε - ρref‖ = 0.0029467265555316786 ‖Δρ‖ = 0.002938448631161877  ‖vε - vref‖ = 1.3031121411760542  α = 2.91e-15
Trying again with Newton's method ...
n     Energy            log10(ΔE)   log10(Δρ)   Δtime 
---   ---------------   ---------   ---------   ------
  1   -22.17771581194                   -3.94     491s
    ‖ρε - ρref‖ = 6.339069637438634e-5 ‖Δρ‖ = 5.0128950192160744e-5  ‖vε - vref‖ = 3.597893424375959
  2   -22.17781559211       -4.00       -3.97     503s
    ‖ρε - ρref‖ = 5.1207883525994357e-5 ‖Δρ‖ = 4.737178948217591e-5  ‖vε - vref‖ = 0.8707650151434491
  3   -22.17780869978   +   -5.16       -5.72     515s
    ‖ρε - ρref‖ = 5.126421826812951e-5 ‖Δρ‖ = 3.631424294843881e-7  ‖vε - vref‖ = 0.8690886713624688
  4   -22.17780989442       -5.92       -6.63     508s
    ‖ρε - ρref‖ = 5.12597661471427e-5 ‖Δρ‖ = 4.417696456288408e-8  ‖vε - vref‖ = 0.8691256353571754
    Stopping to avoid numerical instabilities.

#-- ‖ρε - ρref‖ = 5.12597661471427e-5 vs. 1.778279410038923e-7 = δ*ε ‖vε - vref‖ = 0.8691256353571754  Qε=0.8934757970084759


# --- ε=1.0e-5

n     Energy            log10(ΔE)   log10(Δρ)   Δtime 
---   ---------------   ---------   ---------   ------
  1   -22.17774249003                   -0.89    13.2s
    ‖ρε - ρref‖ = 0.0822325965253566 ‖Δρ‖ = 0.08220922759472528  ‖vε - vref‖ = 1.9173387568429119  α = 0.000253
  2   -22.17774249003   +    -Inf       -1.96     175s
    ‖ρε - ρref‖ = 0.004486179590140901 ‖Δρ‖ = 0.004472518945176474  ‖vε - vref‖ = 1.9173387550034666  α = 7.14e-12
  3   -22.17774249003   +  -14.45       -1.76    54.1s
    ‖ρε - ρref‖ = 0.006422545491492172 ‖Δρ‖ = 0.006413476251786809  ‖vε - vref‖ = 1.9173387550000136  α = 0.0
  4   -22.17774249003   +  -14.45       -1.89    51.1s
    ‖ρε - ρref‖ = 0.005395618918153765 ‖Δρ‖ = 0.005395364472646132  ‖vε - vref‖ = 1.9173387550034948  α = 0.0
  5   -22.17774249003      -13.97       -1.89     123s
    ‖ρε - ρref‖ = 0.005395618918045079 ‖Δρ‖ = 0.005395364472536619  ‖vε - vref‖ = 1.917338754987829  α = 3.72e-14
  6   -22.17774249003   +  -13.97       -0.63    54.6s
    ‖ρε - ρref‖ = 0.11246363535094298 ‖Δρ‖ = 0.11247518265001982  ‖vε - vref‖ = 1.9173387549897125  α = 0.0
  7   -22.17774249003      -13.97       -1.89     184s
    ‖ρε - ρref‖ = 0.005395618918103389 ‖Δρ‖ = 0.005395364472596365  ‖vε - vref‖ = 1.9173387549872456  α = 2.48e-15
  8   -22.17774249003   +    -Inf       -1.06    55.0s
    ‖ρε - ρref‖ = 0.035465974393655356 ‖Δρ‖ = 0.03545459148285981  ‖vε - vref‖ = 1.9173387549869707  α = 0.0
  9   -22.17774249003   +  -14.15       -1.89    51.6s
    ‖ρε - ρref‖ = 0.005395618918006937 ‖Δρ‖ = 0.005395364472499234  ‖vε - vref‖ = 1.9173387549903809  α = 0.0
 10   -22.17774249003      -14.15       -1.89     153s
    ‖ρε - ρref‖ = 0.005395618918132062 ‖Δρ‖ = 0.005395364472625332  ‖vε - vref‖ = 1.91733875498668  α = 5.21e-16
 11   -22.17774249003   +  -14.15       -1.39    57.0s
    ‖ρε - ρref‖ = 0.018096351072704308 ‖Δρ‖ = 0.018075200704584727  ‖vε - vref‖ = 1.9173387549867713  α = 0.0
 12   -22.17774249003      -14.15       -1.89     179s
    ‖ρε - ρref‖ = 0.005395618918005274 ‖Δρ‖ = 0.005395364472497595  ‖vε - vref‖ = 1.9173387549864462  α = 7.92e-16
 13   -22.17774249003   +  -14.45       -0.05    47.3s
    ‖ρε - ρref‖ = 0.4235830270366231 ‖Δρ‖ = 0.42359265732877716  ‖vε - vref‖ = 1.917338754986778  α = 0.0
 14   -22.17774249003      -14.45       -1.89     179s
    ‖ρε - ρref‖ = 0.005395618917997433 ‖Δρ‖ = 0.005395364472489736  ‖vε - vref‖ = 1.9173387549860352  α = 1.05e-15
 15   -22.17774249003   +  -14.45       -0.07    49.7s
    ‖ρε - ρref‖ = 0.40598170444495285 ‖Δρ‖ = 0.40598907901802606  ‖vε - vref‖ = 1.9173387549867682  α = 0.0
 16   -22.17774249003      -14.45       -1.89     179s
    ‖ρε - ρref‖ = 0.005395618917995399 ‖Δρ‖ = 0.005395364472487704  ‖vε - vref‖ = 1.9173387549848817  α = 1.08e-15
 17   -22.17774249003   +  -14.15       -0.90    51.4s
    ‖ρε - ρref‖ = 0.051902842215267475 ‖Δρ‖ = 0.05189550992521283  ‖vε - vref‖ = 1.9173387549861725  α = 0.0
 18   -22.17774249003      -14.15       -1.89     171s
    ‖ρε - ρref‖ = 0.005395618917976635 ‖Δρ‖ = 0.0053953644724689075  ‖vε - vref‖ = 1.9173387549846217  α = 5.99e-16
 19   -22.17774249003   +  -14.15       -0.54    54.4s
    ‖ρε - ρref‖ = 0.1216555194749681 ‖Δρ‖ = 0.12165546076713779  ‖vε - vref‖ = 1.917338754985329  α = 0.0
 20   -22.17774249003      -14.15       -1.89     161s
    ‖ρε - ρref‖ = 0.005395618917958962 ‖Δρ‖ = 0.005395364472451177  ‖vε - vref‖ = 1.9173387549859358  α = 4.07e-16
 21   -22.17774249003   +  -14.45       -0.09    47.9s
    ‖ρε - ρref‖ = 0.3933008871343103 ‖Δρ‖ = 0.39330788701051517  ‖vε - vref‖ = 1.9173387549858636  α = 0.0
 22   -22.17774249003   +  -14.45       -1.89    53.2s
    ‖ρε - ρref‖ = 0.005395618917971532 ‖Δρ‖ = 0.005395364472463778  ‖vε - vref‖ = 1.9173387549844578  α = 0.0
 23   -22.17774249003      -14.15       -1.89     169s
    ‖ρε - ρref‖ = 0.005395618917936809 ‖Δρ‖ = 0.0053953644724289394  ‖vε - vref‖ = 1.9173387549823677  α = 6.96e-16
 24   -22.17774249003   +    -Inf       -0.31    49.3s
    ‖ρε - ρref‖ = 0.22137337526535122 ‖Δρ‖ = 0.22137936735973573  ‖vε - vref‖ = 1.917338754984786  α = 0.0
 25   -22.17774249003   +    -Inf       -1.89     172s
    ‖ρε - ρref‖ = 0.0053956189179493845 ‖Δρ‖ = 0.005395364472441586  ‖vε - vref‖ = 1.9173387549823222  α = 3.04e-16
Trying again with Newton's method ...
n     Energy            log10(ΔE)   log10(Δρ)   Δtime 
---   ---------------   ---------   ---------   ------
  1   -22.15689691813                   -3.49     503s
    ‖ρε - ρref‖ = 0.00014182875776363088 ‖Δρ‖ = 0.0001451911373677507  ‖vε - vref‖ = 19.06637594610918
  2   -22.15846147661       -2.81       -3.49     488s
    ‖ρε - ρref‖ = 3.0331488256893976e-5 ‖Δρ‖ = 0.00014376420778270383  ‖vε - vref‖ = 1.5247327117538503
  3   -22.15833080347   +   -3.88       -5.04     480s
    ‖ρε - ρref‖ = 3.0128330677965408e-5 ‖Δρ‖ = 1.525733673183854e-6  ‖vε - vref‖ = 1.5175314069299792
  4   -22.15832485578   +   -5.23       -5.54     473s
    ‖ρε - ρref‖ = 3.0230128109924247e-5 ‖Δρ‖ = 5.565774014017858e-7  ‖vε - vref‖ = 1.5134789600104028
    Stopping to avoid numerical instabilities.

#-- ‖ρε - ρref‖ = 3.0230128109924247e-5 vs. 1.0000000000000001e-7 = δ*ε ‖vε - vref‖ = 1.5134789600104028  Qε=0.9191565881407666

|v-vref|h1 = [0.5303480944784295, 0.44237006727679634, 0.42649141432671084, 0.5441026526319223, 0.8691256353571752, 1.5134789600104026]
|v-vref|l2 = [0.13514262161172333, 0.11737339386162973, 0.14508233294837164, 0.23426818895641538, 0.40919348128817845, 0.7273430929826799]
──────────────────────────────────────────────────────────────────────────────────────────────
                                                     Time                    Allocations      
                                            ───────────────────────   ────────────────────────
             Tot / % measured:                   6.43h /  89.0%           24.3TiB /  76.9%    

Section                             ncalls     time    %tot     avg     alloc    %tot      avg
──────────────────────────────────────────────────────────────────────────────────────────────
solve_ΩplusK                            28    3.55h   62.1%    457s   13.7TiB   73.0%   500GiB
  apply_K                            2.63k    2.07h   36.2%   2.84s   3.65TiB   19.5%  1.42GiB
    compute_δρ                       2.63k    2784s   13.5%   1.06s   2.29TiB   12.2%   914MiB
      symmetrize_ρ                   2.63k    2392s   11.6%   910ms   1.33TiB    7.1%   531MiB
    apply_kernel                     2.63k     246s    1.2%  93.4ms    281GiB    1.5%   109MiB
  apply_Ω                            2.63k    2785s   13.5%   1.06s   2.44TiB   13.0%  0.95GiB
    DftHamiltonian multiplication     147k    2044s    9.9%  13.9ms    309GiB    1.6%  2.15MiB
      nonlocal                        147k    1456s    7.1%  9.90ms   17.7GiB    0.1%   126KiB
  compute_density                       28    25.7s    0.1%   918ms   21.5GiB    0.1%   786MiB
    symmetrize_ρ                        28    24.2s    0.1%   863ms   14.5GiB    0.1%   531MiB
  DftHamiltonian multiplication      1.57k    21.1s    0.1%  13.4ms   3.29GiB    0.0%  2.15MiB
    nonlocal                         1.57k    15.4s    0.1%  9.81ms    194MiB    0.0%   126KiB
  energy_hamiltonian                    28    14.9s    0.1%   532ms   18.4GiB    0.1%   671MiB
    ene_ops                             28    14.4s    0.1%   515ms   5.66GiB    0.0%   207MiB
      ene_ops: nonlocal                 28    7.75s    0.0%   277ms    222MiB    0.0%  7.94MiB
      ene_ops: dualmap                  28    3.71s    0.0%   132ms   2.50GiB    0.0%  91.3MiB
      ene_ops: external_Hartree         28    2.54s    0.0%  90.8ms   2.28GiB    0.0%  83.3MiB
      ene_ops: kinetic                  28    324ms    0.0%  11.6ms   4.99MiB    0.0%   183KiB
      ene_ops: hartree                  28   87.7ms    0.0%  3.13ms    561MiB    0.0%  20.0MiB
      ene_ops: local                    28   8.76ms    0.0%   313μs    113MiB    0.0%  4.04MiB
compute_density                      3.31k    3446s   16.7%   1.04s   2.48TiB   13.3%   786MiB
  symmetrize_ρ                       3.31k    3152s   15.3%   951ms   1.68TiB    9.0%   531MiB
DftHamiltonian multiplication         173k    2321s   11.3%  13.4ms    364GiB    1.9%  2.15MiB
  nonlocal                            173k    1691s    8.2%  9.77ms   20.9GiB    0.1%   126KiB
energy_hamiltonian                   3.10k    1842s    8.9%   595ms   1.98TiB   10.6%   671MiB
  ene_ops                            3.10k    1576s    7.7%   509ms    626GiB    3.3%   207MiB
    ene_ops: nonlocal                3.10k     870s    4.2%   281ms   24.0GiB    0.1%  7.94MiB
    ene_ops: dualmap                 3.10k     336s    1.6%   109ms    276GiB    1.4%  91.3MiB
    ene_ops: external_Hartree        3.10k     306s    1.5%  98.8ms    252GiB    1.3%  83.3MiB
    ene_ops: kinetic                 3.10k    35.1s    0.2%  11.3ms    552MiB    0.0%   183KiB
    ene_ops: hartree                 3.10k    22.9s    0.1%  7.40ms   60.6GiB    0.3%  20.0MiB
    ene_ops: local                   3.10k    3.87s    0.0%  1.25ms   12.2GiB    0.1%  4.04MiB
compute_projected_gradient              28    66.0s    0.3%   2.36s   54.8GiB    0.3%  1.96GiB
  compute_density                       28    25.7s    0.1%   919ms   21.5GiB    0.1%   786MiB
    symmetrize_ρ                        28    24.2s    0.1%   864ms   14.5GiB    0.1%   531MiB
  DftHamiltonian multiplication      1.57k    20.7s    0.1%  13.2ms   3.29GiB    0.0%  2.15MiB
    nonlocal                         1.57k    15.1s    0.1%  9.61ms    194MiB    0.0%   126KiB
  energy_hamiltonian                    28    13.7s    0.1%   488ms   18.4GiB    0.1%   671MiB
    ene_ops                             28    13.2s    0.1%   471ms   5.66GiB    0.0%   207MiB
      ene_ops: nonlocal                 28    7.80s    0.0%   278ms    222MiB    0.0%  7.94MiB
      ene_ops: external_Hartree         28    2.54s    0.0%  90.8ms   2.28GiB    0.0%  83.3MiB
      ene_ops: dualmap                  28    2.42s    0.0%  86.4ms   2.50GiB    0.0%  91.3MiB
      ene_ops: kinetic                  28    318ms    0.0%  11.4ms   4.99MiB    0.0%   183KiB
      ene_ops: hartree                  28   90.3ms    0.0%  3.23ms    561MiB    0.0%  20.0MiB
      ene_ops: local                    28   9.67ms    0.0%   345μs    113MiB    0.0%  4.04MiB
ortho_qr                             13.6k    53.3s    0.3%  3.92ms    101GiB    0.5%  7.61MiB
PlaneWaveBasis                          21    52.2s    0.3%   2.49s   76.8GiB    0.4%  3.66GiB
  Instantiation AtomicNonlocal          21    41.7s    0.2%   1.98s   60.2GiB    0.3%  2.87GiB
  Instantiation AtomicLocal             21    3.55s    0.0%   169ms   2.58GiB    0.0%   126MiB
    enforce_real!                       21   27.2ms    0.0%  1.29ms   7.88KiB    0.0%     384B
  Instantiation ExternalHartree         21    3.05s    0.0%   145ms   1.88GiB    0.0%  91.6MiB
  Instantiation DualMap                 21    2.02s    0.0%  96.0ms   1.64GiB    0.0%  80.1MiB
  build_kpoints                         21    1.21s    0.0%  57.6ms   8.65GiB    0.0%   422MiB
  Instantiation Hartree                 21    219ms    0.0%  10.4ms   86.4MiB    0.0%  4.12MiB
    enforce_real!                       21   25.5ms    0.0%  1.21ms   8.86KiB    0.0%     432B
  Instantiation Kinetic                 21    218ms    0.0%  10.4ms   0.96GiB    0.0%  46.6MiB
  Instantiation Ewald                   21    100ms    0.0%  4.74ms   61.7KiB    0.0%  2.94KiB
    precomp: Ewald                      21   99.0ms    0.0%  4.71ms   43.6KiB    0.0%  2.08KiB
  _check_kpoint_reduction               21   53.0ms    0.0%  2.52ms     0.00B    0.0%    0.00B
  Instantiation PspCorrection           21    677μs    0.0%  32.3μs   8.53KiB    0.0%     416B
load_scfres                              1    12.5s    0.1%   12.5s   5.98GiB    0.0%  5.98GiB
  energy_hamiltonian                     1    3.51s    0.0%   3.51s    739MiB    0.0%   739MiB
    ene_ops                              1    3.39s    0.0%   3.39s    383MiB    0.0%   383MiB
      ene_ops: xc                        1    2.18s    0.0%   2.18s    327MiB    0.0%   327MiB
      ene_ops: nonlocal                  1    301ms    0.0%   301ms   9.42MiB    0.0%  9.42MiB
      ene_ops: kinetic                   1   43.4ms    0.0%  43.4ms    234KiB    0.0%   234KiB
      ene_ops: hartree                   1   6.77ms    0.0%  6.77ms   20.0MiB    0.0%  20.0MiB
      ene_ops: local                     1    334μs    0.0%   334μs   4.04MiB    0.0%  4.04MiB
  Instantiation AtomicNonlocal           1    2.95s    0.0%   2.95s   2.93GiB    0.0%  2.93GiB
  Instantiation Xc                       1    1.15s    0.0%   1.15s    202MiB    0.0%   202MiB
    enforce_real!                        1   1.29ms    0.0%  1.29ms      384B    0.0%     384B
  Instantiation AtomicLocal              1    297ms    0.0%   297ms    127MiB    0.0%   127MiB
    enforce_real!                        1   1.28ms    0.0%  1.28ms      384B    0.0%     384B
  build_kpoints                          1    217ms    0.0%   217ms    422MiB    0.0%   422MiB
  Instantiation Ewald                    1   75.7ms    0.0%  75.7ms   18.4MiB    0.0%  18.4MiB
    precomp: Ewald                       1   4.64ms    0.0%  4.64ms   3.16KiB    0.0%  3.16KiB
  Instantiation Kinetic                  1   35.0ms    0.0%  35.0ms   46.6MiB    0.0%  46.6MiB
  Instantiation PspCorrection            1   22.8ms    0.0%  22.8ms   2.76MiB    0.0%  2.76MiB
  Instantiation Hartree                  1   18.8ms    0.0%  18.8ms   9.19MiB    0.0%  9.19MiB
    enforce_real!                        1   1.21ms    0.0%  1.21ms      432B    0.0%     432B
  _check_kpoint_reduction                1   2.53ms    0.0%  2.53ms     0.00B    0.0%    0.00B
save_scfres                              2    6.22s    0.0%   3.11s    656MiB    0.0%   328MiB
symmetry_operations                     21    193ms    0.0%  9.20ms   14.0MiB    0.0%   680KiB
  _check_symmetries                     21   3.08ms    0.0%   147μs   3.94MiB    0.0%   192KiB
──────────────────────────────────────────────────────────────────────────────────────────────
