
DFTK Version      0.7.20
Julia Version     1.12.4
libxc Version     7.0.0
FFTW.jl provider  fftw v3.3.10

BLAS.get_config()
  LinearAlgebra.BLAS.LBTConfig
  Libraries: 
  └ [ILP64] libopenblas64_.so

MPI.versioninfo()
  MPIPreferences:
    binary:  MPICH_jll
    abi:     MPICH
  
  Package versions
    MPI.jl:             0.20.23
    MPIPreferences.jl:  0.1.11
    MPICH_jll:          4.3.2+0
  
  Library information:
    libmpi:  /data/vebak3345/.julia/artifacts/117d9048128625bb3418b0b4cca48739c5d28740/lib/libmpi.so
    libmpi dlpath:  /data/vebak3345/.julia/artifacts/117d9048128625bb3418b0b4cca48739c5d28740/lib/libmpi.so
    MPI version:  4.1.0
    Library version:  
      MPICH Version:      4.3.1
      MPICH Release date: Fri Jun 20 09:24:41 AM CDT 2025
      MPICH ABI:          17:1:5
      MPICH Device:       ch3:nemesis
      MPICH configure:    --build=x86_64-linux-musl --disable-dependency-tracking --disable-doc --enable-fast=ndebug,O3 --enable-static=no --host=x86_64-linux-gnu --prefix=/workspace/destdir --with-device=ch3 --with-hwloc=/workspace/destdir
      MPICH CC:           cc     -DNDEBUG -DNVALGRIND -O3
      MPICH CXX:          c++   -DNDEBUG -DNVALGRIND -O3
      MPICH F77:          gfortran   -O3
      MPICH FC:           gfortran   -O3
      MPICH features:     
      
    MPI launcher: /data/vebak3345/.julia/artifacts/117d9048128625bb3418b0b4cca48739c5d28740/bin/mpiexec
    MPI launcher path: /data/vebak3345/.julia/artifacts/117d9048128625bb3418b0b4cca48739c5d28740/bin/mpiexec
  


truncated grid size:(54, 54, 54)
‖ρref - ρorig‖H-1 = 2.6614187192700163e-5
‖ρref - ρorig‖L2  = 0.00012143789508178116

# --- ε=1.0

n     Energy            log10(ΔE)   log10(Δρ)   Δtime 
---   ---------------   ---------   ---------   ------
  1   -20.26171255541                   -0.78    18.0s
    ‖ρε - ρref‖ = 0.00058242666802098 ‖Δρ‖ = 0.10656229495226949  ‖vε - vref‖ = 4.91241334258371  α = 1.0
  2   -20.28827452633       -1.58       -1.23    7.96s
    ‖ρε - ρref‖ = 0.10592979303347487 ‖Δρ‖ = 0.03528743744201404  ‖vε - vref‖ = 4.855257870398884  α = 1.0
  3   -20.30566707292       -1.76       -1.93    7.04s
    ‖ρε - ρref‖ = 0.13946890176740173 ‖Δρ‖ = 0.006713058944824478  ‖vε - vref‖ = 4.843722635580685  α = 1.0
  4   -20.30901050976       -2.48       -2.04    6.48s
    ‖ρε - ρref‖ = 0.14561619832028264 ‖Δρ‖ = 0.005344219875843801  ‖vε - vref‖ = 4.852402830944873  α = 1.0

#-- ‖ρε - ρref‖ = 0.1396180677369893 vs. 0.01 = δ*ε ‖vε - vref‖ = 4.85473793715556  Qε=0.0792076463556188


# --- ε=0.5623413251903491

n     Energy            log10(ΔE)   log10(Δρ)   Δtime 
---   ---------------   ---------   ---------   ------
  1   -20.29970490357                   -2.31    17.1s
    ‖ρε - ρref‖ = 0.14142087421588737 ‖Δρ‖ = 0.003095388682453748  ‖vε - vref‖ = 4.672290274749677  α = 0.41
  2   -20.29996395841       -3.59       -2.39    6.65s
    ‖ρε - ρref‖ = 0.1383595498453214 ‖Δρ‖ = 0.002548852800510546  ‖vε - vref‖ = 4.680009570539048  α = 1.0

#-- ‖ρε - ρref‖ = 0.13526560478391145 vs. 0.005623413251903491 = δ*ε ‖vε - vref‖ = 4.681810397853506  Qε=0.07763842669741179


# --- ε=0.31622776601683794

n     Energy            log10(ΔE)   log10(Δρ)   Δtime 
---   ---------------   ---------   ---------   ------
  1   -20.27838655086                   -1.99    13.4s
    ‖ρε - ρref‖ = 0.13526574131861047 ‖Δρ‖ = 0.006478145386107845  ‖vε - vref‖ = 4.398191211699145  α = 1.0
  2   -20.27863488521       -3.60       -2.14    10.0s
    ‖ρε - ρref‖ = 0.13145087653330137 ‖Δρ‖ = 0.0046341747719260435  ‖vε - vref‖ = 4.408945652295036  α = 0.428
  3   -20.27870673308       -4.14       -2.98    6.93s
    ‖ρε - ρref‖ = 0.12682249558297246 ‖Δρ‖ = 0.0006320526101655533  ‖vε - vref‖ = 4.412245188139878  α = 1.0
  4   -20.27874065848       -4.47       -3.37    6.35s
    ‖ρε - ρref‖ = 0.12621293610403733 ‖Δρ‖ = 0.0001821606060416478  ‖vε - vref‖ = 4.412365978980454  α = 1.0

#-- ‖ρε - ρref‖ = 0.12620964358434078 vs. 0.0031622776601683794 = δ*ε ‖vε - vref‖ = 4.41213245044343  Qε=0.0632345511259279


# --- ε=0.1778279410038923

n     Energy            log10(ΔE)   log10(Δρ)   Δtime 
---   ---------------   ---------   ---------   ------
  1   -20.24677765616                   -1.71    13.8s
    ‖ρε - ρref‖ = 0.12621052052841564 ‖Δρ‖ = 0.012328823927529434  ‖vε - vref‖ = 4.007833616478362  α = 1.0
  2   -20.24706011425       -3.55       -2.41    6.13s
    ‖ρε - ρref‖ = 0.11389548220502992 ‖Δρ‖ = 0.002216772600658377  ‖vε - vref‖ = 4.026364173431207  α = 1.0
  3   -20.24724543418       -3.73       -2.94    6.43s
    ‖ρε - ρref‖ = 0.11184217731011661 ‖Δρ‖ = 0.0006328798637778715  ‖vε - vref‖ = 4.03214642672551  α = 1.0
  4   -20.24731019950       -4.19       -3.12    5.98s
    ‖ρε - ρref‖ = 0.1112598642745636 ‖Δρ‖ = 0.00037697435988503765  ‖vε - vref‖ = 4.0296299642027655  α = 1.0

#-- ‖ρε - ρref‖ = 0.11162943711395422 vs. 0.001778279410038923 = δ*ε ‖vε - vref‖ = 4.028263738264001  Qε=0.043261679508956125


# --- ε=0.1

n     Energy            log10(ΔE)   log10(Δρ)   Δtime 
---   ---------------   ---------   ---------   ------
  1   -20.20519726609                   -1.51    12.8s
    ‖ρε - ρref‖ = 0.1116329935245012 ‖Δρ‖ = 0.01953101811135075  ‖vε - vref‖ = 3.548797389990983  α = 1.0
  2   -20.20575851919       -3.25       -2.50    5.97s
    ‖ρε - ρref‖ = 0.09212318562654652 ‖Δρ‖ = 0.0014705078449801128  ‖vε - vref‖ = 3.539701595605464  α = 1.0
  3   -20.20622647718       -3.33       -2.59    6.79s
    ‖ρε - ρref‖ = 0.09248877336054889 ‖Δρ‖ = 0.0014717171918638735  ‖vε - vref‖ = 3.517712509930984  α = 1.0
  4   -20.20634534819       -3.92       -2.76    6.86s
    ‖ρε - ρref‖ = 0.09390310373103092 ‖Δρ‖ = 0.0010043136428788688  ‖vε - vref‖ = 3.5326745623870184  α = 1.0
  5   -20.20645592201       -3.96       -2.80    6.58s
    ‖ρε - ρref‖ = 0.09300925733899379 ‖Δρ‖ = 0.0008677572193055983  ‖vε - vref‖ = 3.544587782597673  α = 1.0
  6   -20.20648876931       -4.48       -3.30    6.89s
    ‖ρε - ρref‖ = 0.09219407658204093 ‖Δρ‖ = 0.0002766631246077064  ‖vε - vref‖ = 3.5408049317181756  α = 1.0

#-- ‖ρε - ρref‖ = 0.09259134306822474 vs. 0.001 = δ*ε ‖vε - vref‖ = 3.5383765304378985  Qε=0.01418346750646651


# --- ε=0.05623413251903491

n     Energy            log10(ΔE)   log10(Δρ)   Δtime 
---   ---------------   ---------   ---------   ------
  1   -20.15565965820                   -1.34    13.6s
    ‖ρε - ρref‖ = 0.09260311769212513 ‖Δρ‖ = 0.029122160712949964  ‖vε - vref‖ = 3.213705024021851  α = 1.0
  2   -20.15952036047       -2.41       -1.89    6.50s
    ‖ρε - ρref‖ = 0.06351296036846658 ‖Δρ‖ = 0.008154958993694186  ‖vε - vref‖ = 2.9896422168391483  α = 1.0
  3   -20.15988478005       -3.44       -2.36    9.72s
    ‖ρε - ρref‖ = 0.07022451916803862 ‖Δρ‖ = 0.002376100413916862  ‖vε - vref‖ = 2.966668689416034  α = 0.426
  4   -20.15999272379       -3.97       -2.90    6.32s
    ‖ρε - ρref‖ = 0.0723922020570287 ‖Δρ‖ = 0.0006819595581285883  ‖vε - vref‖ = 2.9831088920016393  α = 1.0
  5   -20.16006278228       -4.15       -2.79    7.37s
    ‖ρε - ρref‖ = 0.07177393728986117 ‖Δρ‖ = 0.0009103102074549118  ‖vε - vref‖ = 3.0043731884929095  α = 1.0
  6   -20.16007656308       -4.86       -3.54    6.57s
    ‖ρε - ρref‖ = 0.07090795075513268 ‖Δρ‖ = 0.00012681272104872  ‖vε - vref‖ = 3.0041302367596208  α = 1.0
  7   -20.16009477279       -4.74       -3.28    6.88s
    ‖ρε - ρref‖ = 0.07091820196602061 ‖Δρ‖ = 0.00030105993247659757  ‖vε - vref‖ = 2.99690708667977  α = 1.0

#-- ‖ρε - ρref‖ = 0.0712335965259775 vs. 0.0005623413251903491 = δ*ε ‖vε - vref‖ = 2.996191197416419  Qε=0.023523436808355204


# --- ε=0.03162277660168379

n     Energy            log10(ΔE)   log10(Δρ)   Δtime 
---   ---------------   ---------   ---------   ------
  1   -20.11352971938                   -1.20    16.9s
    ‖ρε - ρref‖ = 0.09222695371037837 ‖Δρ‖ = 0.04020713085141716  ‖vε - vref‖ = 2.435646319147912  α = 0.48
  2   -20.11417224153       -3.19       -2.39    6.49s
    ‖ρε - ρref‖ = 0.05205416029680679 ‖Δρ‖ = 0.0019283809500812135  ‖vε - vref‖ = 2.4726930961501394  α = 1.0
  3   -20.11449979856       -3.48       -2.79    6.48s
    ‖ρε - ρref‖ = 0.05091158311603152 ‖Δρ‖ = 0.0006334204116517465  ‖vε - vref‖ = 2.4861763703077875  α = 1.0
  4   -20.11461329986       -3.94       -3.31    6.86s
    ‖ρε - ρref‖ = 0.050743787147256955 ‖Δρ‖ = 0.00023121061511359776  ‖vε - vref‖ = 2.481155369261083  α = 1.0
  5   -20.11465275745       -4.40       -3.24    6.53s
    ‖ρε - ρref‖ = 0.0508241457023572 ‖Δρ‖ = 0.00023943288095478523  ‖vε - vref‖ = 2.478863110189065  α = 1.0

#-- ‖ρε - ρref‖ = 0.050738714257154816 vs. 0.00031622776601683794 = δ*ε ‖vε - vref‖ = 2.4824919627576842  Qε=0.06855969923332826


# --- ε=0.01778279410038923

n     Energy            log10(ΔE)   log10(Δρ)   Δtime 
---   ---------------   ---------   ---------   ------
  1   -20.07546104037                   -1.09    16.4s
    ‖ρε - ρref‖ = 0.08575799648274175 ‖Δρ‖ = 0.051385304870459135  ‖vε - vref‖ = 2.0224364566069983  α = 0.321
  2   -20.07590722341       -3.35       -2.49    7.29s
    ‖ρε - ρref‖ = 0.03444207817981626 ‖Δρ‖ = 0.0015158583117976642  ‖vε - vref‖ = 2.0531897729225226  α = 1.0
  3   -20.07614087222       -3.63       -2.78    6.80s
    ‖ρε - ρref‖ = 0.03379330539719537 ‖Δρ‖ = 0.0006990864173526379  ‖vε - vref‖ = 2.0721260267324624  α = 1.0
  4   -20.07623577746       -4.02       -3.25    6.52s
    ‖ρε - ρref‖ = 0.033696252991482746 ‖Δρ‖ = 0.00026062413419984675  ‖vε - vref‖ = 2.0609930666043486  α = 1.0
  5   -20.07625960606       -4.62       -3.17    5.62s
    ‖ρε - ρref‖ = 0.033765081550612995 ‖Δρ‖ = 0.0002936339058799204  ‖vε - vref‖ = 2.0561134321867462  α = 1.0
  6   -20.07628667044       -4.57       -3.53    6.12s
    ‖ρε - ρref‖ = 0.03375832318215271 ‖Δρ‖ = 0.00012665677363249663  ‖vε - vref‖ = 2.0637277159761767  α = 1.0
  7   -20.07628870358       -5.69       -3.59    6.22s
    ‖ρε - ρref‖ = 0.03370621404186032 ‖Δρ‖ = 0.00011112671752853707  ‖vε - vref‖ = 2.06550033675577  α = 1.0

#-- ‖ρε - ρref‖ = 0.033708097715755954 vs. 0.0001778279410038923 = δ*ε ‖vε - vref‖ = 2.0633697430444657  Qε=0.12008498690911333


# --- ε=0.01

n     Energy            log10(ΔE)   log10(Δρ)   Δtime 
---   ---------------   ---------   ---------   ------
  1   -20.04714650558                   -1.01    16.6s
    ‖ρε - ρref‖ = 0.08262759912102567 ‖Δρ‖ = 0.06123363034799267  ‖vε - vref‖ = 1.7138619076292612  α = 0.203
  2   -20.04733718683       -3.72       -2.55    6.64s
    ‖ρε - ρref‖ = 0.02152418056854606 ‖Δρ‖ = 0.0013276518649031855  ‖vε - vref‖ = 1.7513903477404564  α = 1.0
  3   -20.04752332778       -3.73       -2.72    6.51s
    ‖ρε - ρref‖ = 0.0212258568483227 ‖Δρ‖ = 0.0008572595089499714  ‖vε - vref‖ = 1.7672005322147855  α = 1.0
  4   -20.04756278239       -4.40       -2.90    6.92s
    ‖ρε - ρref‖ = 0.021196931839315244 ‖Δρ‖ = 0.000511218100927592  ‖vε - vref‖ = 1.7391565087793162  α = 1.0
  5   -20.04759198961       -4.53       -3.23    7.21s
    ‖ρε - ρref‖ = 0.021212550004045982 ‖Δρ‖ = 0.0002549616700614235  ‖vε - vref‖ = 1.7448234347825515  α = 1.0
  6   -20.04759592077       -5.41       -3.25    6.63s
    ‖ρε - ρref‖ = 0.02120911923124029 ‖Δρ‖ = 0.00022751163374343112  ‖vε - vref‖ = 1.757072748724555  α = 1.0
  7   -20.04760382696       -5.10       -3.42    6.66s
    ‖ρε - ρref‖ = 0.021195821537499153 ‖Δρ‖ = 0.0001498085845715415  ‖vε - vref‖ = 1.751656428593577  α = 1.0
  8   -20.04760526002       -5.84       -3.77    10.2s
    ‖ρε - ρref‖ = 0.02118547400292014 ‖Δρ‖ = 6.90803990727406e-5  ‖vε - vref‖ = 1.749909951787327  α = 0.506
  9   -20.04760572948       -6.33       -4.02    6.69s
    ‖ρε - ρref‖ = 0.021187869139284294 ‖Δρ‖ = 3.635743769953638e-5  ‖vε - vref‖ = 1.7507983882381493  α = 1.0

#-- ‖ρε - ρref‖ = 0.021188564508697227 vs. 0.0001 = δ*ε ‖vε - vref‖ = 1.751600387658059  Qε=0.18083109151700552


# --- ε=0.005623413251903491

n     Energy            log10(ΔE)   log10(Δρ)   Δtime 
---   ---------------   ---------   ---------   ------
  1   -20.02783669404                   -0.96    16.2s
    ‖ρε - ρref‖ = 0.0815836259409253 ‖Δρ‖ = 0.06880768500955856  ‖vε - vref‖ = 1.4710500512803788  α = 0.123
  2   -20.02799952410       -3.79       -2.49    8.86s
    ‖ρε - ρref‖ = 0.013118294234059177 ‖Δρ‖ = 0.0014534210231098316  ‖vε - vref‖ = 1.5100457436867245  α = 0.493
  3   -20.02804630968       -4.33       -3.04    6.45s
    ‖ρε - ρref‖ = 0.01288535423020691 ‖Δρ‖ = 0.0003762376100634722  ‖vε - vref‖ = 1.5359047266969565  α = 1.0
  4   -20.02805500272       -5.06       -2.86    6.79s
    ‖ρε - ρref‖ = 0.012818516326754204 ‖Δρ‖ = 0.0005781681481231912  ‖vε - vref‖ = 1.504363756624809  α = 1.0
  5   -20.02807967930       -4.61       -3.05    6.60s
    ‖ρε - ρref‖ = 0.012792684951451442 ‖Δρ‖ = 0.00035361292485317067  ‖vε - vref‖ = 1.5153803021413288  α = 1.0
  6   -20.02808220201       -5.60       -3.67    6.92s
    ‖ρε - ρref‖ = 0.012817444852567694 ‖Δρ‖ = 7.42516059331386e-5  ‖vε - vref‖ = 1.5192474315633444  α = 1.0
  7   -20.02808338714       -5.93       -4.10    6.91s
    ‖ρε - ρref‖ = 0.012815417316762352 ‖Δρ‖ = 3.411912772205576e-5  ‖vε - vref‖ = 1.5175609793811322  α = 1.0
  8   -20.02808378599       -6.40       -4.08    6.44s
    ‖ρε - ρref‖ = 0.012810253676696356 ‖Δρ‖ = 2.862346266510289e-5  ‖vε - vref‖ = 1.5166013178601268  α = 1.0

#-- ‖ρε - ρref‖ = 0.012810834756371722 vs. 5.6234132519034914e-5 = δ*ε ‖vε - vref‖ = 1.517371612619829  Qε=0.24947897471070068


# --- ε=0.0031622776601683794

n     Energy            log10(ΔE)   log10(Δρ)   Δtime 
---   ---------------   ---------   ---------   ------
  1   -20.01545894221                   -0.93    15.1s
    ‖ρε - ρref‖ = 0.08143870919679685 ‖Δρ‖ = 0.07401326069771251  ‖vε - vref‖ = 1.266423093495834  α = 0.0724
  2   -20.01558383283       -3.90       -2.33    9.55s
    ‖ρε - ρref‖ = 0.008031175222975306 ‖Δρ‖ = 0.002021313440801387  ‖vε - vref‖ = 1.3160253893958473  α = 0.309
  3   -20.01561473480       -4.51       -3.22    6.37s
    ‖ρε - ρref‖ = 0.007600604804233077 ‖Δρ‖ = 0.0002042487470025203  ‖vε - vref‖ = 1.334633578066703  α = 1.0
  4   -20.01562074812       -5.22       -3.28    5.97s
    ‖ρε - ρref‖ = 0.007559589383758635 ‖Δρ‖ = 0.00020414419056551017  ‖vε - vref‖ = 1.3281124424396054  α = 1.0
  5   -20.01562539630       -5.33       -3.13    9.66s
    ‖ρε - ρref‖ = 0.007560101406217753 ‖Δρ‖ = 0.0003255263467649468  ‖vε - vref‖ = 1.3198854059939618  α = 0.376
  6   -20.01562686574       -5.83       -3.59    6.98s
    ‖ρε - ρref‖ = 0.0075542429108138714 ‖Δρ‖ = 8.812579441831801e-5  ‖vε - vref‖ = 1.3306281930649588  α = 1.0
  7   -20.01562847877       -5.79       -3.91    6.63s
    ‖ρε - ρref‖ = 0.007560461787962968 ‖Δρ‖ = 4.4931771238526094e-5  ‖vε - vref‖ = 1.324864481823473  α = 1.0
  8   -20.01562863484       -6.81       -3.98    6.19s
    ‖ρε - ρref‖ = 0.007558968754800667 ‖Δρ‖ = 3.3614436278160504e-5  ‖vε - vref‖ = 1.3242778234102328  α = 1.0
  9   -20.01562914268       -6.29       -4.26    6.27s
    ‖ρε - ρref‖ = 0.007555962011102446 ‖Δρ‖ = 1.7743984868335288e-5  ‖vε - vref‖ = 1.3261730927799606  α = 1.0
 10   -20.01562921610       -7.13       -4.35    9.46s
    ‖ρε - ρref‖ = 0.007556276957076324 ‖Δρ‖ = 1.5364597545599167e-5  ‖vε - vref‖ = 1.32591005905582  α = 0.451

#-- ‖ρε - ρref‖ = 0.007557194431417243 vs. 3.1622776601683795e-5 = δ*ε ‖vε - vref‖ = 1.3256218798063863  Qε=0.3270164481686699


# --- ε=0.0017782794100389228

n     Energy            log10(ΔE)   log10(Δρ)   Δtime 
---   ---------------   ---------   ---------   ------
  1   -20.00785994096                   -0.91    15.1s
    ‖ρε - ρref‖ = 0.08157483098493588 ‖Δρ‖ = 0.07733020696998355  ‖vε - vref‖ = 1.0896228788412057  α = 0.0419
  2   -20.00797617130       -3.93       -2.20    9.93s
    ‖ρε - ρref‖ = 0.005407265701843962 ‖Δρ‖ = 0.0026644148552431956  ‖vε - vref‖ = 1.1242553735836245  α = 0.189
  3   -20.00798792970       -4.93       -2.93    10.2s
    ‖ρε - ρref‖ = 0.004470044684989293 ‖Δρ‖ = 0.0004571293811965763  ‖vε - vref‖ = 1.1411018321105537  α = 0.325
  4   -20.00799457936       -5.18       -2.97    9.13s
    ‖ρε - ρref‖ = 0.004459158134475497 ‖Δρ‖ = 0.00043912566741719286  ‖vε - vref‖ = 1.1588307184871032  α = 0.23
  5   -20.00799733907       -5.56       -3.61    6.28s
    ‖ρε - ρref‖ = 0.004402441705607916 ‖Δρ‖ = 8.224714237201577e-5  ‖vε - vref‖ = 1.142599741327815  α = 1.0
  6   -20.00800026526       -5.53       -3.77    6.88s
    ‖ρε - ρref‖ = 0.004392397597167775 ‖Δρ‖ = 6.23693478726204e-5  ‖vε - vref‖ = 1.150938973545775  α = 1.0
  7   -20.00800120077       -6.03       -3.68    8.94s
    ‖ρε - ρref‖ = 0.004391443208050456 ‖Δρ‖ = 7.743891854871047e-5  ‖vε - vref‖ = 1.1507287421654957  α = 0.447
  8   -20.00800137032       -6.77       -4.17    6.40s
    ‖ρε - ρref‖ = 0.004395792055662489 ‖Δρ‖ = 2.05193719057082e-5  ‖vε - vref‖ = 1.1485233024925172  α = 1.0
  9   -20.00800153411       -6.79       -4.26    6.02s
    ‖ρε - ρref‖ = 0.004396749360538854 ‖Δρ‖ = 1.754831355543639e-5  ‖vε - vref‖ = 1.1492663710352027  α = 1.0
 10   -20.00800156300       -7.54       -4.65    6.60s
    ‖ρε - ρref‖ = 0.004396083279079256 ‖Δρ‖ = 7.520000985326221e-6  ‖vε - vref‖ = 1.1488059915800621  α = 1.0

#-- ‖ρε - ρref‖ = 0.004395853764151357 vs. 1.778279410038923e-5 = δ*ε ‖vε - vref‖ = 1.149106990039926  Qε=0.41549617440168923


# --- ε=0.001

n     Energy            log10(ΔE)   log10(Δρ)   Δtime 
---   ---------------   ---------   ---------   ------
  1   -20.00332015103                   -0.90    14.0s
    ‖ρε - ρref‖ = 0.08173632340981457 ‖Δρ‖ = 0.07933294915958022  ‖vε - vref‖ = 0.9407008442431013  α = 0.024
  2   -20.00342360858       -3.99       -2.11    9.39s
    ‖ρε - ρref‖ = 0.004368978030357747 ‖Δρ‖ = 0.0032064305944687196  ‖vε - vref‖ = 0.9261908929074824  α = 0.117
  3   -20.00343333389       -5.01       -2.69    9.44s
    ‖ρε - ρref‖ = 0.002732064657482192 ‖Δρ‖ = 0.000780717046993741  ‖vε - vref‖ = 0.945835970993922  α = 0.147
  4   -20.00343855258       -5.28       -2.84    10.0s
    ‖ρε - ρref‖ = 0.002652462974358328 ‖Δρ‖ = 0.0005449782873127091  ‖vε - vref‖ = 0.9749278047392413  α = 0.141
  5   -20.00343950436       -6.02       -3.79    6.00s
    ‖ρε - ρref‖ = 0.0025460088863879147 ‖Δρ‖ = 5.2850177809509064e-5  ‖vε - vref‖ = 0.9825878700640932  α = 1.0
  6   -20.00344106220       -5.81       -3.61    9.27s
    ‖ρε - ρref‖ = 0.0025402930103328304 ‖Δρ‖ = 9.534228746484667e-5  ‖vε - vref‖ = 0.9809996851740677  α = 0.408
  7   -20.00344207738       -5.99       -3.64    10.0s
    ‖ρε - ρref‖ = 0.0025350387967998907 ‖Δρ‖ = 7.052714907767945e-5  ‖vε - vref‖ = 0.977444855240645  α = 0.352
  8   -20.00344235297       -6.56       -4.09    9.88s
    ‖ρε - ρref‖ = 0.0025368833838368327 ‖Δρ‖ = 2.4123992500819146e-5  ‖vε - vref‖ = 0.976168059204539  α = 0.438
  9   -20.00344238157       -7.54       -4.65    9.92s
    ‖ρε - ρref‖ = 0.0025384898794187168 ‖Δρ‖ = 6.29241585153066e-6  ‖vε - vref‖ = 0.9763989064147998  α = 0.304
 10   -20.00344238165      -10.09       -4.85    10.6s
    ‖ρε - ρref‖ = 0.0025386307101846893 ‖Δρ‖ = 3.98976737916116e-6  ‖vε - vref‖ = 0.9763284612477282  α = 0.176

#-- ‖ρε - ρref‖ = 0.002539119251942217 vs. 1.0e-5 = δ*ε ‖vε - vref‖ = 0.9763284613630744  Qε=0.5255281476598375


# --- ε=0.0005623413251903491

n     Energy            log10(ΔE)   log10(Δρ)   Δtime 
---   ---------------   ---------   ---------   ------
  1   -20.00065275248                   -0.89    14.3s
    ‖ρε - ρref‖ = 0.08186257677870491 ‖Δρ‖ = 0.0805084776183996  ‖vε - vref‖ = 0.8384296563517896  α = 0.0137
  2   -20.00073577991       -4.08       -2.06    9.18s
    ‖ρε - ρref‖ = 0.004124854829896115 ‖Δρ‖ = 0.003617036356610341  ‖vε - vref‖ = 0.732793279620997  α = 0.0721
  3   -20.00074705232       -4.95       -2.53    8.80s
    ‖ρε - ρref‖ = 0.0019400687660436628 ‖Δρ‖ = 0.0011054675896303991  ‖vε - vref‖ = 0.7530356062061174  α = 0.0878
  4   -20.00075280605       -5.24       -2.65    9.92s
    ‖ρε - ρref‖ = 0.0017684421235041484 ‖Δρ‖ = 0.0008348874067025416  ‖vε - vref‖ = 0.7898576719886912  α = 0.0798
  5   -20.00075398910       -5.93       -3.55    9.71s
    ‖ρε - ρref‖ = 0.0014768629394545138 ‖Δρ‖ = 8.459530513320816e-5  ‖vε - vref‖ = 0.8023402631207175  α = 0.255
  6   -20.00075411762       -6.89       -3.55    9.08s
    ‖ρε - ρref‖ = 0.0014765650297348487 ‖Δρ‖ = 0.00010460345176463453  ‖vε - vref‖ = 0.8068396710464334  α = 0.134
  7   -20.00075411908       -8.83       -3.72    63.9s
    ‖ρε - ρref‖ = 0.0014706945096328282 ‖Δρ‖ = 5.9131718691708305e-5  ‖vε - vref‖ = 0.8069682519243251  α = 0.0251
  8   -20.00075411908      -13.75       -4.22     178s
    ‖ρε - ρref‖ = 0.0014683852282300145 ‖Δρ‖ = 2.027336370546521e-5  ‖vε - vref‖ = 0.8069682519249628  α = 2.57e-10
  9   -20.00075411908   +    -Inf       -4.18     145s
    ‖ρε - ρref‖ = 0.0014684513103749787 ‖Δρ‖ = 2.1218968057996e-5  ‖vε - vref‖ = 0.8069682519249864  α = 3.48e-14
 10   -20.00075411908   +    -Inf       -3.50     101s
    ‖ρε - ρref‖ = 0.001484475946861173 ‖Δρ‖ = 0.00010067611301718213  ‖vε - vref‖ = 0.8069682519249889  α = 2.04e-14
Trying again with Newton's method ...
n     Energy            log10(ΔE)   log10(Δρ)   Δtime 
---   ---------------   ---------   ---------   ------
  1   -20.00075137587                   -4.71     526s
    ‖ρε - ρref‖ = 0.001461732259007566 ‖Δρ‖ = 6.248076654981967e-6  ‖vε - vref‖ = 0.8091397188363391
  2   -20.00075137578   +  -10.06       -7.00     490s
    ‖ρε - ρref‖ = 0.0014617143087301862 ‖Δρ‖ = 4.415848810828027e-8  ‖vε - vref‖ = 0.809143265658944
  3   -20.00075137578      -13.97      -13.03    12.9s
    ‖ρε - ρref‖ = 0.0014617143086748568 ‖Δρ‖ = 5.937816178284469e-14  ‖vε - vref‖ = 0.8091432656827454
    Stopping to avoid numerical instabilities.

#-- ‖ρε - ρref‖ = 0.0014617143086748568 vs. 5.623413251903491e-6 = δ*ε ‖vε - vref‖ = 0.8091432656827454  Qε=0.6275244622161137


# --- ε=0.00031622776601683794

n     Energy            log10(ΔE)   log10(Δρ)   Δtime 
---   ---------------   ---------   ---------   ------
  1   -19.99910014397                   -0.89    14.6s
    ‖ρε - ρref‖ = 0.08196100684227202 ‖Δρ‖ = 0.08119997718247414  ‖vε - vref‖ = 0.8104136649977464  α = 0.00775
  2   -19.99916085730       -4.22       -2.02    9.02s
    ‖ρε - ρref‖ = 0.004148182338449832 ‖Δρ‖ = 0.0039051279464208913  ‖vε - vref‖ = 0.5820572293748391  α = 0.0438
  3   -19.99917246838       -4.94       -2.42    9.91s
    ‖ρε - ρref‖ = 0.0017539079606508545 ‖Δρ‖ = 0.0014170877448237268  ‖vε - vref‖ = 0.5830122814936137  α = 0.0543
  4   -19.99917845122       -5.22       -2.49    9.59s
    ‖ρε - ρref‖ = 0.001557321302582466 ‖Δρ‖ = 0.001200331911873045  ‖vε - vref‖ = 0.6141225994931422  α = 0.046
  5   -19.99917889287       -6.35       -3.30    9.03s
    ‖ρε - ρref‖ = 0.0008696554583048509 ‖Δρ‖ = 0.00014215462153535375  ‖vε - vref‖ = 0.6325671142854254  α = 0.138
  6   -19.99917889287      -13.97       -3.34     138s
    ‖ρε - ρref‖ = 0.000870635935721539 ‖Δρ‖ = 0.00015637593637534976  ‖vε - vref‖ = 0.632567115384418  α = 1.09e-8
  7   -19.99917889287   +    -Inf       -3.50    62.6s
    ‖ρε - ρref‖ = 0.0008551787286839775 ‖Δρ‖ = 8.693146343537673e-5  ‖vε - vref‖ = 0.6325671153843981  α = 4.59e-15
  8   -19.99917891826       -7.60       -3.52    14.3s
    ‖ρε - ρref‖ = 0.0008525082185010551 ‖Δρ‖ = 7.905814286773155e-5  ‖vε - vref‖ = 0.6344505976113095  α = 0.0239
  9   -19.99917891826      -13.45       -3.94     103s
    ‖ρε - ρref‖ = 0.0008477786686817713 ‖Δρ‖ = 3.526961630737921e-5  ‖vε - vref‖ = 0.6344505985381246  α = 3.1e-8
 10   -19.99917891826   +  -14.45       -3.95    56.0s
    ‖ρε - ρref‖ = 0.0008472424042945075 ‖Δρ‖ = 3.486181993204235e-5  ‖vε - vref‖ = 0.6344505985381463  α = 0.0
 11   -19.99917891828      -10.70       -3.33    12.6s
    ‖ρε - ρref‖ = 0.0010454494075675877 ‖Δρ‖ = 0.0002413960434842729  ‖vε - vref‖ = 0.6350350812605404  α = 0.00588
 12   -19.99917891828      -13.75       -2.95    88.2s
    ‖ρε - ρref‖ = 0.0008132866339429757 ‖Δρ‖ = 0.0004187763593440799  ‖vε - vref‖ = 0.6350350812552285  α = 5.62e-10
 13   -19.99917891828   +    -Inf       -3.46     234s
    ‖ρε - ρref‖ = 0.0008558963328805792 ‖Δρ‖ = 0.00010905056686107534  ‖vε - vref‖ = 0.6350350812552266  α = 1.63e-12
 14   -19.99917891828   +  -14.45       -2.61    47.1s
    ‖ρε - ρref‖ = 0.0011612880109875426 ‖Δρ‖ = 0.000695618850892719  ‖vε - vref‖ = 0.6350350812550755  α = 0.0
 15   -19.99917891828   +    -Inf       -3.54    55.9s
    ‖ρε - ρref‖ = 0.0008942302099541839 ‖Δρ‖ = 0.00011160737220510906  ‖vε - vref‖ = 0.6350350812552615  α = 0.0
 16   -19.99917891828      -14.45       -3.54    77.0s
    ‖ρε - ρref‖ = 0.0008942302098357085 ‖Δρ‖ = 0.0001116073721907508  ‖vε - vref‖ = 0.6350350813108311  α = 1.55e-9
 17   -19.99917891828   +    -Inf       -2.77     150s
    ‖ρε - ρref‖ = 0.0005764163661139773 ‖Δρ‖ = 0.0008021656590389715  ‖vε - vref‖ = 0.6350350813107777  α = 3.15e-15
 18   -19.99917891828   +    -Inf       -2.89     100s
    ‖ρε - ρref‖ = 0.0005481467477531524 ‖Δρ‖ = 0.0006062067076202961  ‖vε - vref‖ = 0.635035081310792  α = 4.0e-13
Trying again with Newton's method ...
n     Energy            log10(ΔE)   log10(Δρ)   Δtime 
---   ---------------   ---------   ---------   ------
  1   -19.99916381654                   -4.34     522s
    ‖ρε - ρref‖ = 0.0008396479330783708 ‖Δρ‖ = 1.13971504614371e-5  ‖vε - vref‖ = 0.656008784957787
  2   -19.99916381430   +   -8.65       -6.62     520s
    ‖ρε - ρref‖ = 0.0008396466667738926 ‖Δρ‖ = 1.044145455443759e-7  ‖vε - vref‖ = 0.6559890055027437
  3   -19.99916381430   +  -13.02      -11.84     220s
    ‖ρε - ρref‖ = 0.0008396466668509586 ‖Δρ‖ = 4.095347977184867e-13  ‖vε - vref‖ = 0.6559890056974803
    Stopping to avoid numerical instabilities.

#-- ‖ρε - ρref‖ = 0.0008396466668509586 vs. 3.1622776601683796e-6 = δ*ε ‖vε - vref‖ = 0.6559890056974803  Qε=0.6885029600232158


# --- ε=0.00017782794100389227

n     Energy            log10(ΔE)   log10(Δρ)   Δtime 
---   ---------------   ---------   ---------   ------
  1   -19.99819142660                   -0.89    15.8s
    ‖ρε - ρref‖ = 0.08202504386227212 ‖Δρ‖ = 0.081597668578179  ‖vε - vref‖ = 0.8608856336394467  α = 0.00438
  2   -19.99823238693       -4.39       -2.00    9.14s
    ‖ρε - ρref‖ = 0.004224702717848362 ‖Δρ‖ = 0.00409880371577077  ‖vε - vref‖ = 0.5264266319148182  α = 0.0262
  3   -19.99824215364       -5.01       -2.33    9.06s
    ‖ρε - ρref‖ = 0.0018354039767997474 ‖Δρ‖ = 0.0016888648101871827  ‖vε - vref‖ = 0.4770300356585697  α = 0.0334
  4   -19.99824703761       -5.31       -2.37    9.15s
    ‖ρε - ρref‖ = 0.0017231903963582298 ‖Δρ‖ = 0.0015826928572881208  ‖vε - vref‖ = 0.47357250926840655  α = 0.0269
  5   -19.99824714681       -6.96       -3.10    13.4s
    ‖ρε - ρref‖ = 0.0005624070227708591 ‖Δρ‖ = 0.00021882775523989422  ‖vε - vref‖ = 0.47527921452372307  α = 0.0201
  6   -19.99824714681      -13.75       -3.09    75.8s
    ‖ρε - ρref‖ = 0.0005759944880666124 ‖Δρ‖ = 0.0002669227581305703  ‖vε - vref‖ = 0.4752792146752551  α = 6.93e-10
  7   -19.99824714681      -14.45       -3.12    63.9s
    ‖ρε - ρref‖ = 0.0005402095297945479 ‖Δρ‖ = 0.0002008350037276409  ‖vε - vref‖ = 0.47527921467552614  α = 6.78e-13
  8   -19.99824714681   +    -Inf       -3.12    46.2s
    ‖ρε - ρref‖ = 0.0005339719142742257 ‖Δρ‖ = 0.00019206732293204246  ‖vε - vref‖ = 0.4752792146754473  α = 0.0
  9   -19.99824716919       -7.65       -3.07    13.8s
    ‖ρε - ρref‖ = 0.0007677906178440933 ‖Δρ‖ = 0.0003492759846841478  ‖vε - vref‖ = 0.4754548007856511  α = 0.00737
 10   -19.99824716956       -9.44       -2.32     116s
    ‖ρε - ρref‖ = 0.001411595436574163 ‖Δρ‖ = 0.0015496212099284955  ‖vε - vref‖ = 0.47520881385254443  α = 0.000192
 11   -19.99824716956      -14.15       -2.81     205s
    ‖ρε - ρref‖ = 0.0008157872031981877 ‖Δρ‖ = 0.0006087298687434084  ‖vε - vref‖ = 0.475208813885962  α = 7.33e-11
 12   -19.99824716956   +    -Inf       -2.88    48.2s
    ‖ρε - ρref‖ = 0.0006659671522101346 ‖Δρ‖ = 0.00042725795097325767  ‖vε - vref‖ = 0.4752088138861211  α = 0.0
 13   -19.99824716956      -14.15       -3.18    72.1s
    ‖ρε - ρref‖ = 0.00040375274559448205 ‖Δρ‖ = 0.00023150149011533894  ‖vε - vref‖ = 0.4752088138817387  α = 2.35e-11
 14   -19.99824716956   +  -14.45       -2.18    53.8s
    ‖ρε - ρref‖ = 0.0025320389514568464 ‖Δρ‖ = 0.002228486911998912  ‖vε - vref‖ = 0.47520881388149644  α = 0.0
 15   -19.99824716956      -13.85       -3.18     153s
    ‖ρε - ρref‖ = 0.00040375274617767884 ‖Δρ‖ = 0.0002315014894995829  ‖vε - vref‖ = 0.47520881346311317  α = 2.15e-9
 16   -19.99824716956   +    -Inf       -2.21     120s
    ‖ρε - ρref‖ = 0.002452795931001534 ‖Δρ‖ = 0.0021338574901203014  ‖vε - vref‖ = 0.47520881346300115  α = 1.43e-14
 17   -19.99824716956   +  -14.15       -1.77    52.9s
    ‖ρε - ρref‖ = 0.006188828549712503 ‖Δρ‖ = 0.0058866684093710165  ‖vε - vref‖ = 0.47520881346307603  α = 0.0
 18   -19.99824716956   +    -Inf       -3.18    57.3s
    ‖ρε - ρref‖ = 0.0004037527940179686 ‖Δρ‖ = 0.00023150143424607205  ‖vε - vref‖ = 0.4752088134630519  α = 0.0
 19   -19.99824716956   +    -Inf       -3.18    57.3s
    ‖ρε - ρref‖ = 0.0004037527940182134 ‖Δρ‖ = 0.00023150143424563566  ‖vε - vref‖ = 0.47520881346306454  α = 0.0
Trying again with Newton's method ...
n     Energy            log10(ΔE)   log10(Δρ)   Δtime 
---   ---------------   ---------   ---------   ------
  1   -19.99819183783                   -4.04     527s
    ‖ρε - ρref‖ = 0.00048108502536638116 ‖Δρ‖ = 2.125500099614222e-5  ‖vε - vref‖ = 0.5286842060867029
  2   -19.99819183330   +   -8.34       -6.04     527s
    ‖ρε - ρref‖ = 0.00048113546720848327 ‖Δρ‖ = 4.022905385358397e-7  ‖vε - vref‖ = 0.5285319185332841
  3   -19.99819183329   +  -11.32      -10.59     358s
    ‖ρε - ρref‖ = 0.00048113546821951404 ‖Δρ‖ = 6.8026410117616056e-12  ‖vε - vref‖ = 0.5285319106327256

#-- ‖ρε - ρref‖ = 0.00048113546821951404 vs. 1.7782794100389227e-6 = δ*ε ‖vε - vref‖ = 0.5285319106327256  Qε=0.7561935007677253


# --- ε=0.0001

n     Energy            log10(ΔE)   log10(Δρ)   Δtime 
---   ---------------   ---------   ---------   ------
  1   -19.99762257496                   -0.89    13.9s
    ‖ρε - ρref‖ = 0.0820688520481361 ‖Δρ‖ = 0.08182889673639857  ‖vε - vref‖ = 0.9621666999117194  α = 0.00247
  2   -19.99764807052       -4.59       -1.99    10.3s
    ‖ρε - ρref‖ = 0.004291790341202291 ‖Δρ‖ = 0.0042239172229494165  ‖vε - vref‖ = 0.581102899493842  α = 0.0156
  3   -19.99765428973       -5.21       -2.27    9.51s
    ‖ρε - ρref‖ = 0.0019919786932373015 ‖Δρ‖ = 0.0019220703343784111  ‖vε - vref‖ = 0.47854963434556014  α = 0.0205
  4   -19.99765642244       -5.67       -2.28    7.39s
    ‖ρε - ρref‖ = 0.002044642082633302 ‖Δρ‖ = 0.00198384590914855  ‖vε - vref‖ = 0.41777983878465985  α = 0.016
  5   -19.99765642244      -14.45       -2.93     116s
    ‖ρε - ρref‖ = 0.0004630194400670295 ‖Δρ‖ = 0.00031828624170663825  ‖vε - vref‖ = 0.4177798380826649  α = 7.96e-10
  6   -19.99765642244   +    -Inf       -2.83    46.2s
    ‖ρε - ρref‖ = 0.0005818946872339803 ‖Δρ‖ = 0.0004840561287298406  ‖vε - vref‖ = 0.41777983808276575  α = 0.0
  7   -19.99765643400       -7.94       -2.83    12.3s
    ‖ρε - ρref‖ = 0.0007167812056549411 ‖Δρ‖ = 0.0005464592441448529  ‖vε - vref‖ = 0.40851007310892995  α = 0.00583
  8   -19.99765643400      -13.67       -2.08     120s
    ‖ρε - ρref‖ = 0.0030819113027394504 ‖Δρ‖ = 0.0032443457748847866  ‖vε - vref‖ = 0.4085100719446186  α = 9.2e-11
  9   -19.99765643400   +  -14.15       -2.50    49.4s
    ‖ρε - ρref‖ = 0.0012903792309719414 ‖Δρ‖ = 0.0012195936744561259  ‖vε - vref‖ = 0.40851007194467637  α = 0.0
 10   -19.99765643400      -13.85       -2.89     141s
    ‖ρε - ρref‖ = 0.00039613924427541267 ‖Δρ‖ = 0.0005133855748177234  ‖vε - vref‖ = 0.40851007187001215  α = 3.86e-11
 11   -19.99765643400   +    -Inf       -2.04    85.8s
    ‖ρε - ρref‖ = 0.003135896744305532 ‖Δρ‖ = 0.003001788982827333  ‖vε - vref‖ = 0.4085100718700027  α = 1.18e-14
 12   -19.99765643400   +    -Inf       -1.25    53.7s
    ‖ρε - ρref‖ = 0.018440373246698564 ‖Δρ‖ = 0.018324300609594408  ‖vε - vref‖ = 0.4085100718699974  α = 0.0
Trying again with Newton's method ...
n     Energy            log10(ΔE)   log10(Δρ)   Δtime 
---   ---------------   ---------   ---------   ------
  1   -19.99747021674                   -4.04     518s
    ‖ρε - ρref‖ = 0.0002747100808208207 ‖Δρ‖ = 2.1314516868073938e-5  ‖vε - vref‖ = 0.4425118385254662
  2   -19.99747022533       -8.07       -5.51     523s
    ‖ρε - ρref‖ = 0.0002749044533585072 ‖Δρ‖ = 1.364196172069278e-6  ‖vε - vref‖ = 0.4415077124826854
  3   -19.99747022522   +   -9.96       -9.16     518s
    ‖ρε - ρref‖ = 0.00027490443071337997 ‖Δρ‖ = 1.5983553617964858e-10  ‖vε - vref‖ = 0.4415077236368719
  4   -19.99747022522   +  -12.62      -11.75     253s
    ‖ρε - ρref‖ = 0.00027490443071681754 ‖Δρ‖ = 3.781092780693204e-13  ‖vε - vref‖ = 0.4415077237708778
    Stopping to avoid numerical instabilities.

#-- ‖ρε - ρref‖ = 0.00027490443071681754 vs. 1.0000000000000002e-6 = δ*ε ‖vε - vref‖ = 0.4415077237708778  Qε=0.8079973942579489


# --- ε=5.623413251903491e-5

n     Energy            log10(ΔE)   log10(Δρ)   Δtime 
---   ---------------   ---------   ---------   ------
  1   -19.99713900887                   -0.89    14.9s
    ‖ρε - ρref‖ = 0.0820994910708376 ‖Δρ‖ = 0.08196478188863085  ‖vε - vref‖ = 1.084781576514583  α = 0.00139
  2   -19.99715298840       -4.85       -1.98    8.32s
    ‖ρε - ρref‖ = 0.004339465899737848 ‖Δρ‖ = 0.004303022846528581  ‖vε - vref‖ = 0.704594498014601  α = 0.00934
  3   -19.99715402765       -5.98       -2.22    10.5s
    ‖ρε - ρref‖ = 0.002185148501333859 ‖Δρ‖ = 0.002151814317438062  ‖vε - vref‖ = 0.587269518444735  α = 0.013
  4   -19.99715448927       -6.34       -2.17    12.2s
    ‖ρε - ρref‖ = 0.0025822207172024386 ‖Δρ‖ = 0.0025377642939613935  ‖vε - vref‖ = 0.522049636984457  α = 0.00221
  5   -19.99715448927      -14.45       -2.74     164s
    ‖ρε - ρref‖ = 0.0005420060002528088 ‖Δρ‖ = 0.0004816307869493143  ‖vε - vref‖ = 0.5220496368648891  α = 3.07e-11
  6   -19.99715448927      -14.45       -2.55    54.9s
    ‖ρε - ρref‖ = 0.0009756929009544936 ‖Δρ‖ = 0.0009480837084261161  ‖vε - vref‖ = 0.5220496368647691  α = 8.61e-13
  7   -19.99715448927   +  -14.45       -0.08    47.1s
    ‖ρε - ρref‖ = 0.40421462315991463 ‖Δρ‖ = 0.4042970625422983  ‖vε - vref‖ = 0.5220496368644542  α = 0.0
  8   -19.99715449428       -8.30       -2.27    7.92s
    ‖ρε - ρref‖ = 0.002479024081215729 ‖Δρ‖ = 0.0024629448066931375  ‖vε - vref‖ = 0.45667665620439474  α = 0.00623
  9   -19.99715449428      -13.50       -2.66    94.4s
    ‖ρε - ρref‖ = 0.000982171022838632 ‖Δρ‖ = 0.0010823792863732303  ‖vε - vref‖ = 0.456676655931852  α = 3.22e-11
 10   -19.99715449428   +    -Inf       -1.90    48.2s
    ‖ρε - ρref‖ = 0.004578121252333129 ‖Δρ‖ = 0.004507063100095382  ‖vε - vref‖ = 0.4566766559317837  α = 0.0
 11   -19.99715449463       -9.47       -2.47    59.5s
    ‖ρε - ρref‖ = 0.00154568063380777 ‖Δρ‖ = 0.0016185838387628643  ‖vε - vref‖ = 0.4537620592545162  α = 0.000221
 12   -19.99715449463      -13.75       -2.21     120s
    ‖ρε - ρref‖ = 0.002735739478570836 ‖Δρ‖ = 0.00263855007605386  ‖vε - vref‖ = 0.4537620592508893  α = 3.53e-13
 13   -19.99715449463   +  -14.15       -1.68    48.9s
    ‖ρε - ρref‖ = 0.0077933534777359205 ‖Δρ‖ = 0.007698896639315794  ‖vε - vref‖ = 0.45376205925066343  α = 0.0
 14   -19.99715449463      -13.97       -2.50     175s
    ‖ρε - ρref‖ = 0.0014065661797972562 ‖Δρ‖ = 0.0014716428445811017  ‖vε - vref‖ = 0.4537620592507949  α = 6.51e-15
 15   -19.99715449463   +  -13.75       -0.90    55.2s
    ‖ρε - ρref‖ = 0.057822529484589304 ‖Δρ‖ = 0.057888811330910825  ‖vε - vref‖ = 0.4537620592493885  α = 0.0
 16   -19.99715449463      -14.45       -2.50     137s
    ‖ρε - ρref‖ = 0.0014065661795803017 ‖Δρ‖ = 0.0014716428445025794  ‖vε - vref‖ = 0.4537620580551505  α = 1.01e-10
 17   -19.99715449463   +    -Inf       -2.21    48.0s
    ‖ρε - ρref‖ = 0.0027694968783279384 ‖Δρ‖ = 0.0026663202258622046  ‖vε - vref‖ = 0.4537620580551305  α = 0.0
 18   -19.99715449463      -14.45       -2.50     109s
    ‖ρε - ρref‖ = 0.001406566124616899 ‖Δρ‖ = 0.001471642786327042  ‖vε - vref‖ = 0.4537620578500031  α = 1.75e-11
 19   -19.99715449463   +  -14.15       -2.21    47.3s
    ‖ρε - ρref‖ = 0.0027361243220179127 ‖Δρ‖ = 0.002632516027688476  ‖vε - vref‖ = 0.45376205784984075  α = 0.0
 20   -19.99715449463      -14.15       -2.50    89.2s
    ‖ρε - ρref‖ = 0.0014065661150673345 ‖Δρ‖ = 0.0014716427763661174  ‖vε - vref‖ = 0.45376205674564535  α = 9.36e-11
 21   -19.99715449463   +  -14.15       -2.20    45.9s
    ‖ρε - ρref‖ = 0.0027977350047021445 ‖Δρ‖ = 0.002695012482645128  ‖vε - vref‖ = 0.4537620567449337  α = 0.0
 22   -19.99715449463      -14.15       -2.50     151s
    ‖ρε - ρref‖ = 0.0014065660641278575 ‖Δρ‖ = 0.0014716427223989235  ‖vε - vref‖ = 0.45376205674589737  α = 7.21e-16
 23   -19.99715449463   +    -Inf       -1.81    72.5s
    ‖ρε - ρref‖ = 0.006387441438985611 ‖Δρ‖ = 0.006350170999378514  ‖vε - vref‖ = 0.4537620567458909  α = 1.9e-16
 24   -19.99715449463   +  -14.15       -0.04    52.8s
    ‖ρε - ρref‖ = 0.41969781314983196 ‖Δρ‖ = 0.4197875297852206  ‖vε - vref‖ = 0.45376205674585524  α = 0.0
 25   -19.99715449463      -14.15       -2.50     158s
    ‖ρε - ρref‖ = 0.0014065660641664477 ‖Δρ‖ = 0.001471642722443307  ‖vε - vref‖ = 0.45376205674585607  α = 3.11e-16
 26   -19.99715449463   +  -14.15        0.13    54.9s
    ‖ρε - ρref‖ = 0.6305791934647704 ‖Δρ‖ = 0.630639983439018  ‖vε - vref‖ = 0.45376205674585496  α = 0.0
 27   -19.99715449463      -14.15       -2.50     171s
    ‖ρε - ρref‖ = 0.0014065660641664674 ‖Δρ‖ = 0.001471642722443239  ‖vε - vref‖ = 0.4537620567457945  α = 1.84e-15
 28   -19.99715449463   +  -14.15       -0.62    57.3s
    ‖ρε - ρref‖ = 0.11355696251116977 ‖Δρ‖ = 0.11363434092037443  ‖vε - vref‖ = 0.45376205674579606  α = 0.0
 29   -19.99715449463      -14.15       -2.50     136s
    ‖ρε - ρref‖ = 0.0014065660641656632 ‖Δρ‖ = 0.001471642722442552  ‖vε - vref‖ = 0.45376205674579806  α = 8.85e-16
 30   -19.99715449463   +  -14.15        0.08    54.0s
    ‖ρε - ρref‖ = 0.5606817273739383 ‖Δρ‖ = 0.5607386160557697  ‖vε - vref‖ = 0.4537620567457898  α = 0.0
 31   -19.99715449463      -14.15       -2.50     191s
    ‖ρε - ρref‖ = 0.0014065660641648437 ‖Δρ‖ = 0.0014716427224418628  ‖vε - vref‖ = 0.4537620567457545  α = 1.48e-14
 32   -19.99715449463   +  -14.15       -1.00    52.0s
    ‖ρε - ρref‖ = 0.04693844308581055 ‖Δρ‖ = 0.04701365350773694  ‖vε - vref‖ = 0.4537620567457267  α = 0.0
 33   -19.99715449463      -14.15       -2.50    56.7s
    ‖ρε - ρref‖ = 0.001406566064163937 ‖Δρ‖ = 0.001471642722440996  ‖vε - vref‖ = 0.45376205674574266  α = 0.0
 34   -19.99715449463   +    -Inf       -2.50     164s
    ‖ρε - ρref‖ = 0.0014065660641642685 ‖Δρ‖ = 0.0014716427224413084  ‖vε - vref‖ = 0.4537620567456879  α = 2.91e-16
 35   -19.99715449463   +  -14.15       -0.46    53.3s
    ‖ρε - ρref‖ = 0.1616533861413846 ‖Δρ‖ = 0.16172590137232393  ‖vε - vref‖ = 0.4537620567457238  α = 0.0
 36   -19.99715449463      -14.15       -2.50     230s
    ‖ρε - ρref‖ = 0.0014065660641636392 ‖Δρ‖ = 0.0014716427224407474  ‖vε - vref‖ = 0.4537620567456918  α = 1.88e-15
 37   -19.99715449463   +    -Inf       -0.36    51.8s
    ‖ρε - ρref‖ = 0.2029517629943747 ‖Δρ‖ = 0.2030246366347596  ‖vε - vref‖ = 0.4537620567456727  α = 0.0
 38   -19.99715449463   +    -Inf       -2.50     149s
    ‖ρε - ρref‖ = 0.0014065660641623652 ‖Δρ‖ = 0.0014716427224395782  ‖vε - vref‖ = 0.45376205674572584  α = 3.17e-16
Trying again with Newton's method ...
n     Energy            log10(ΔE)   log10(Δρ)   Δtime 
---   ---------------   ---------   ---------   ------
  1   -19.99654868721                   -4.13     511s
    ‖ρε - ρref‖ = 0.0001560533242105082 ‖Δρ‖ = 1.7050004092531396e-5  ‖vε - vref‖ = 0.44108159093258303
  2   -19.99654679791   +   -5.72       -4.99     507s
    ‖ρε - ρref‖ = 0.0001566878249394924 ‖Δρ‖ = 4.4758035464214865e-6  ‖vε - vref‖ = 0.42615290256462235
  3   -19.99654678395   +   -7.86       -7.93     516s
    ‖ρε - ρref‖ = 0.0001566882847250665 ‖Δρ‖ = 2.898772010677236e-9  ‖vε - vref‖ = 0.4261471649814672
  4   -19.99654678392   +  -10.47       -9.82     516s
    ‖ρε - ρref‖ = 0.00015668827767889495 ‖Δρ‖ = 3.404055439931755e-11  ‖vε - vref‖ = 0.42614715689358607
    Stopping to avoid numerical instabilities.

#-- ‖ρε - ρref‖ = 0.00015668827767889495 vs. 5.62341325190349e-7 = δ*ε ‖vε - vref‖ = 0.42614715689358607  Qε=0.8443167720189786


# --- ε=3.1622776601683795e-5

n     Energy            log10(ΔE)   log10(Δρ)   Δtime 
---   ---------------   ---------   ---------   ------
  1   -19.99635475999                   -0.89    14.7s
    ‖ρε - ρref‖ = 0.08212524279069541 ‖Δρ‖ = 0.082049677167148  ‖vε - vref‖ = 1.2302497414039157  α = 0.000785
  2   -19.99635938259       -5.34       -1.97    11.3s
    ‖ρε - ρref‖ = 0.004373221769619923 ‖Δρ‖ = 0.004355229344304484  ‖vε - vref‖ = 0.8889960213867101  α = 0.0059
  3   -19.99635940066       -7.74       -2.15    89.0s
    ‖ρε - ρref‖ = 0.0025388772495486124 ‖Δρ‖ = 0.002505184229051911  ‖vε - vref‖ = 0.8695244245268345  α = 0.0004
  4   -19.99635940066      -13.97       -2.01     105s
    ‖ρε - ρref‖ = 0.0037296229157084953 ‖Δρ‖ = 0.003701020766466349  ‖vε - vref‖ = 0.8695244241147616  α = 6.68e-12
  5   -19.99635940066   +  -14.45       -2.48    51.5s
    ‖ρε - ρref‖ = 0.0009066105518025934 ‖Δρ‖ = 0.0008791638750981131  ‖vε - vref‖ = 0.8695244241148102  α = 0.0
  6   -19.99635991932       -6.29       -2.09    15.3s
    ‖ρε - ρref‖ = 0.003096646992325939 ‖Δρ‖ = 0.0030789299351408317  ‖vε - vref‖ = 0.8009383367012862  α = 0.00136
  7   -19.99635991932      -13.97       -2.17     140s
    ‖ρε - ρref‖ = 0.0029478530836488416 ‖Δρ‖ = 0.002980748432028513  ‖vε - vref‖ = 0.8009383356365201  α = 2.44e-11
  8   -19.99635991932   +  -14.45       -1.72    51.7s
    ‖ρε - ρref‖ = 0.008023670326143224 ‖Δρ‖ = 0.0079527723026655  ‖vε - vref‖ = 0.80093833563749  α = 0.0
  9   -19.99635991932      -13.75       -2.34     212s
    ‖ρε - ρref‖ = 0.0016931539778396489 ‖Δρ‖ = 0.0016897095466843015  ‖vε - vref‖ = 0.8009383355743309  α = 2.02e-12
 10   -19.99635991932   +  -13.97       -2.10    45.8s
    ‖ρε - ρref‖ = 0.0034342758222624045 ‖Δρ‖ = 0.003462029723693411  ‖vε - vref‖ = 0.8009383355735595  α = 0.0
 11   -19.99635991932      -13.97       -2.34     135s
    ‖ρε - ρref‖ = 0.0016931539770012132 ‖Δρ‖ = 0.001689709545842411  ‖vε - vref‖ = 0.8009383355744011  α = 1.34e-14
 12   -19.99635991932   +  -14.15       -0.90    52.8s
    ‖ρε - ρref‖ = 0.046617707098841575 ‖Δρ‖ = 0.04658419369458028  ‖vε - vref‖ = 0.8009383355744968  α = 0.0
 13   -19.99635991932   +    -Inf       -2.34    57.2s
    ‖ρε - ρref‖ = 0.0016931539770267481 ‖Δρ‖ = 0.001689709545878738  ‖vε - vref‖ = 0.8009383355744744  α = 0.0
 14   -19.99635991932      -14.15       -2.34     180s
    ‖ρε - ρref‖ = 0.0016931539770261152 ‖Δρ‖ = 0.001689709545878291  ‖vε - vref‖ = 0.8009383355715167  α = 9.74e-14
 15   -19.99635991932   +  -13.85       -2.09    55.8s
    ‖ρε - ρref‖ = 0.0028066850304631656 ‖Δρ‖ = 0.002800420538545871  ‖vε - vref‖ = 0.8009383355715708  α = 0.0
 16   -19.99635991932      -14.15       -2.34     107s
    ‖ρε - ρref‖ = 0.0016931539769936034 ‖Δρ‖ = 0.0016897095458455983  ‖vε - vref‖ = 0.8009383355711089  α = 1.47e-14
 17   -19.99635991932   +    -Inf       -1.49    96.5s
    ‖ρε - ρref‖ = 0.012407877626076237 ‖Δρ‖ = 0.012421820410488919  ‖vε - vref‖ = 0.8009383355690051  α = 8.38e-15
 18   -19.99635991932   +    -Inf       -0.91    55.8s
    ‖ρε - ρref‖ = 0.043881407898343494 ‖Δρ‖ = 0.04386809029432665  ‖vε - vref‖ = 0.8009383355704167  α = 0.0
Trying again with Newton's method ...
n     Energy            log10(ΔE)   log10(Δρ)   Δtime 
---   ---------------   ---------   ---------   ------
  1   -19.99440783746                   -4.15     509s
    ‖ρε - ρref‖ = 8.799347111882938e-5 ‖Δρ‖ = 2.2575572935838502e-5  ‖vε - vref‖ = 0.8217472990521927
  2   -19.99440859968       -6.12       -4.48     513s
    ‖ρε - ρref‖ = 8.931106395232483e-5 ‖Δρ‖ = 1.4694199750629884e-5  ‖vε - vref‖ = 0.5440220577393056
  3   -19.99440821992   +   -6.42       -6.86     509s
    ‖ρε - ρref‖ = 8.931017520126923e-5 ‖Δρ‖ = 2.6305343379125025e-8  ‖vε - vref‖ = 0.5439921032976318
  4   -19.99440822764       -8.11       -8.21     502s
    ‖ρε - ρref‖ = 8.931038102743291e-5 ‖Δρ‖ = 1.1788437832788132e-9  ‖vε - vref‖ = 0.5439895365475159
    Stopping to avoid numerical instabilities.

#-- ‖ρε - ρref‖ = 8.931038102743291e-5 vs. 3.1622776601683797e-7 = δ*ε ‖vε - vref‖ = 0.5439895365475159  Qε=0.8708654723402378


# --- ε=1.778279410038923e-5

n     Energy            log10(ΔE)   log10(Δρ)   Δtime 
---   ---------------   ---------   ---------   ------
  1   -19.99429626442                   -0.89    12.3s
    ‖ρε - ρref‖ = 0.08216158853191954 ‖Δρ‖ = 0.0821193342557112  ‖vε - vref‖ = 1.4571352435419063  α = 0.000444
  2   -19.99429685704       -6.23       -1.97    13.7s
    ‖ρε - ρref‖ = 0.004421197075891127 ‖Δρ‖ = 0.004400604291134537  ‖vε - vref‖ = 1.3038149390976104  α = 0.000916
  3   -19.99429685704      -13.85       -2.02     152s
    ‖ρε - ρref‖ = 0.003402505604466846 ‖Δρ‖ = 0.0033834337276157245  ‖vε - vref‖ = 1.3038149386751263  α = 4.71e-12
  4   -19.99429685704   +  -14.45       -1.77    44.3s
    ‖ρε - ρref‖ = 0.006399348501512343 ‖Δρ‖ = 0.0063853539487803155  ‖vε - vref‖ = 1.3038149386752658  α = 0.0
  5   -19.99429685704      -14.45       -2.13     163s
    ‖ρε - ρref‖ = 0.0029467918977057273 ‖Δρ‖ = 0.002938499492669426  ‖vε - vref‖ = 1.3038149386207105  α = 5.72e-13
  6   -19.99429685704   +    -Inf       -1.64    65.6s
    ‖ρε - ρref‖ = 0.012746534957882619 ‖Δρ‖ = 0.01269239932393548  ‖vε - vref‖ = 1.303814938620012  α = 4.21e-15
  7   -19.99429685704   +  -14.45        0.03    48.2s
    ‖ρε - ρref‖ = 0.5056523486164662 ‖Δρ‖ = 0.5056609525126287  ‖vε - vref‖ = 1.3038149386191122  α = 0.0
  8   -19.99429685704      -14.45       -2.13     166s
    ‖ρε - ρref‖ = 0.002946791896667728 ‖Δρ‖ = 0.0029384994916160584  ‖vε - vref‖ = 1.3038149386200288  α = 1.65e-15
  9   -19.99429685704   +  -14.15       -1.02    52.3s
    ‖ρε - ρref‖ = 0.04139069563499387 ‖Δρ‖ = 0.04140005583955216  ‖vε - vref‖ = 1.3038149386211098  α = 0.0
 10   -19.99429685704      -14.15       -2.13     195s
    ‖ρε - ρref‖ = 0.002946791896575596 ‖Δρ‖ = 0.0029384994915206283  ‖vε - vref‖ = 1.3038149386191553  α = 3.05e-15
 11   -19.99429685704   +  -14.45       -0.92    50.3s
    ‖ρε - ρref‖ = 0.05072592525082674 ‖Δρ‖ = 0.0507314128943953  ‖vε - vref‖ = 1.3038149386200952  α = 0.0
 12   -19.99429685704   +  -14.45       -2.13    57.3s
    ‖ρε - ρref‖ = 0.0029467918965926203 ‖Δρ‖ = 0.002938499491538295  ‖vε - vref‖ = 1.3038149386195983  α = 0.0
 13   -19.99429685704      -14.15       -2.13     125s
    ‖ρε - ρref‖ = 0.0029467918966282914 ‖Δρ‖ = 0.0029384994915753956  ‖vε - vref‖ = 1.3038149386168314  α = 4.99e-14
 14   -19.99429685704   +  -14.15       -0.31    55.1s
    ‖ρε - ρref‖ = 0.22266969739428114 ‖Δρ‖ = 0.22266013461932266  ‖vε - vref‖ = 1.303814938616715  α = 0.0
 15   -19.99429685704   +  -14.15       -2.13    53.6s
    ‖ρε - ρref‖ = 0.002946791896499536 ‖Δρ‖ = 0.0029384994914436703  ‖vε - vref‖ = 1.3038149386180387  α = 0.0
 16   -19.99429685704   +    -Inf       -2.13     125s
    ‖ρε - ρref‖ = 0.002946791896236223 ‖Δρ‖ = 0.002938499491241571  ‖vε - vref‖ = 1.3038149363322569  α = 2.33e-11
 17   -19.99429685704   +  -13.75       -1.65    52.8s
    ‖ρε - ρref‖ = 0.012884778449261962 ‖Δρ‖ = 0.012831026811568474  ‖vε - vref‖ = 1.3038149363317153  α = 0.0
 18   -19.99429685704      -14.45       -2.13     165s
    ‖ρε - ρref‖ = 0.0029467918468963766 ‖Δρ‖ = 0.0029384994410745495  ‖vε - vref‖ = 1.3038149359445583  α = 3.98e-12
 19   -19.99429685704   +    -Inf       -1.62    48.3s
    ‖ρε - ρref‖ = 0.013521085465677452 ‖Δρ‖ = 0.013467257117492403  ‖vε - vref‖ = 1.3038149359453803  α = 0.0
 20   -19.99429685704   +  -14.45       -2.13    60.8s
    ‖ρε - ρref‖ = 0.0029467918384127913 ‖Δρ‖ = 0.0029384994324464556  ‖vε - vref‖ = 1.3038149359445572  α = 0.0
 21   -19.99429685704      -14.45       -2.13     191s
    ‖ρε - ρref‖ = 0.0029467918384330836 ‖Δρ‖ = 0.002938499432467542  ‖vε - vref‖ = 1.3038149359446352  α = 3.49e-14
 22   -19.99429685704   +  -14.45       -0.42    49.8s
    ‖ρε - ρref‖ = 0.16988694428248263 ‖Δρ‖ = 0.16986687036664347  ‖vε - vref‖ = 1.3038149359452322  α = 0.0
 23   -19.99429685704   +    -Inf       -2.13     181s
    ‖ρε - ρref‖ = 0.0029467918382194043 ‖Δρ‖ = 0.0029384994322472734  ‖vε - vref‖ = 1.3038149359444708  α = 3.77e-14
 24   -19.99429685704      -14.45       -0.13    85.5s
    ‖ρε - ρref‖ = 0.3543276094556919 ‖Δρ‖ = 0.35432457830966263  ‖vε - vref‖ = 1.3038149352645223  α = 3.71e-14
 25   -19.99429685704   +    -Inf       -2.00    46.9s
    ‖ρε - ρref‖ = 0.0033143154461349896 ‖Δρ‖ = 0.0032971007926502595  ‖vε - vref‖ = 1.3038149352657498  α = 0.0
 26   -19.99429685704   +  -14.45       -2.13    54.0s
    ‖ρε - ρref‖ = 0.0029467918283149473 ‖Δρ‖ = 0.0029384994222582243  ‖vε - vref‖ = 1.3038149352665573  α = 0.0
 27   -19.99429685704   +  -14.45       -2.13    60.7s
    ‖ρε - ρref‖ = 0.002946791828336258 ‖Δρ‖ = 0.0029384994222802453  ‖vε - vref‖ = 1.3038149352668638  α = 0.0
 28   -19.99429685704      -14.15       -2.13     174s
    ‖ρε - ρref‖ = 0.002946791828293862 ‖Δρ‖ = 0.002938499422236487  ‖vε - vref‖ = 1.3038149352647066  α = 1.92e-14
 29   -19.99429685704   +    -Inf       -1.40    54.1s
    ‖ρε - ρref‖ = 0.017071961916859456 ‖Δρ‖ = 0.01703652384165217  ‖vε - vref‖ = 1.3038149352635051  α = 0.0
 30   -19.99429685704   +    -Inf       -2.13     122s
    ‖ρε - ρref‖ = 0.002946791828271815 ‖Δρ‖ = 0.0029384994222141766  ‖vε - vref‖ = 1.3038149352641208  α = 3.6e-15
Trying again with Newton's method ...
n     Energy            log10(ΔE)   log10(Δρ)   Δtime 
---   ---------------   ---------   ---------   ------
  1   -19.98801726688                   -3.94     511s
    ‖ρε - ρref‖ = 6.314000293097341e-5 ‖Δρ‖ = 4.952752465146967e-5  ‖vε - vref‖ = 3.5543513972509544
  2   -19.98811613384       -4.00       -3.97     508s
    ‖ρε - ρref‖ = 5.127860264586552e-5 ‖Δρ‖ = 4.682211342377831e-5  ‖vε - vref‖ = 0.8699774151214743
  3   -19.98810812573   +   -5.10       -5.82     509s
    ‖ρε - ρref‖ = 5.127790805328926e-5 ‖Δρ‖ = 2.90542048465088e-7  ‖vε - vref‖ = 0.8691204112134036
  4   -19.98810938953       -5.90       -6.63     511s
    ‖ρε - ρref‖ = 5.12685752849057e-5 ‖Δρ‖ = 4.189833292414389e-8  ‖vε - vref‖ = 0.8691115374913084
    Stopping to avoid numerical instabilities.

#-- ‖ρε - ρref‖ = 5.12685752849057e-5 vs. 1.778279410038923e-7 = δ*ε ‖vε - vref‖ = 0.8691115374913084  Qε=0.8934898691394382


# --- ε=1.0e-5

n     Energy            log10(ΔE)   log10(Δρ)   Δtime 
---   ---------------   ---------   ---------   ------
  1   -19.98804196440                   -0.89    13.4s
    ‖ρε - ρref‖ = 0.08224434725021325 ‖Δρ‖ = 0.08222097525563321  ‖vε - vref‖ = 1.9176486660126433  α = 0.000253
  2   -19.98804196440      -13.67       -1.96    76.9s
    ‖ρε - ρref‖ = 0.004486338499113058 ‖Δρ‖ = 0.004472673335560963  ‖vε - vref‖ = 1.9176486655780651  α = 1.7e-12
  3   -19.98804196440   +  -14.15       -1.76    46.6s
    ‖ρε - ρref‖ = 0.006447675703682123 ‖Δρ‖ = 0.0064394678117763934  ‖vε - vref‖ = 1.9176486655794487  α = 0.0
  4   -19.98804196440      -14.15       -1.89     141s
    ‖ρε - ρref‖ = 0.0053956234946940795 ‖Δρ‖ = 0.005395365356293506  ‖vε - vref‖ = 1.9176486655432599  α = 1.14e-13
  5   -19.98804196440   +  -14.15       -1.68    47.1s
    ‖ρε - ρref‖ = 0.011415720642510866 ‖Δρ‖ = 0.01138733224988496  ‖vε - vref‖ = 1.9176486655450857  α = 0.0
  6   -19.98804196440      -14.15       -1.89     182s
    ‖ρε - ρref‖ = 0.0053956234937353395 ‖Δρ‖ = 0.00539536535533194  ‖vε - vref‖ = 1.9176486655398761  α = 1.4e-15
  7   -19.98804196440   +  -14.15       -1.59    50.7s
    ‖ρε - ρref‖ = 0.01418992160820415 ‖Δρ‖ = 0.014162630142421832  ‖vε - vref‖ = 1.9176486655410419  α = 0.0
  8   -19.98804196440   +    -Inf       -1.89     177s
    ‖ρε - ρref‖ = 0.0053956234935940445 ‖Δρ‖ = 0.005395365355189966  ‖vε - vref‖ = 1.917648665539485  α = 4.33e-14
  9   -19.98804196440   +  -14.45       -0.09    48.5s
    ‖ρε - ρref‖ = 0.3872801252901246 ‖Δρ‖ = 0.38728432254966183  ‖vε - vref‖ = 1.9176486655413851  α = 0.0
 10   -19.98804196440      -14.45       -1.89     141s
    ‖ρε - ρref‖ = 0.005395623492632544 ‖Δρ‖ = 0.005395365354222953  ‖vε - vref‖ = 1.9176486655375011  α = 1.99e-15
 11   -19.98804196440      -13.97       -1.40     106s
    ‖ρε - ρref‖ = 0.0179072569589834 ‖Δρ‖ = 0.01788567991693761  ‖vε - vref‖ = 1.9176486651404938  α = 3.95e-13
 12   -19.98804196440   +    -Inf       -1.69    50.1s
    ‖ρε - ρref‖ = 0.009400456456280359 ‖Δρ‖ = 0.009408439566504166  ‖vε - vref‖ = 1.9176486651406044  α = 0.0
 13   -19.98804196440   +  -14.15       -1.89    53.7s
    ‖ρε - ρref‖ = 0.005395623493745342 ‖Δρ‖ = 0.00539536535538878  ‖vε - vref‖ = 1.9176486651406583  α = 0.0
 14   -19.98804196440      -14.45       -1.89     145s
    ‖ρε - ρref‖ = 0.005395623493743467 ‖Δρ‖ = 0.005395365355387092  ‖vε - vref‖ = 1.9176486651366484  α = 3.33e-14
 15   -19.98804196440   +  -14.15       -0.86    50.0s
    ‖ρε - ρref‖ = 0.06199073029581143 ‖Δρ‖ = 0.061971577267072385  ‖vε - vref‖ = 1.9176486651325426  α = 0.0
 16   -19.98804196440      -14.45       -1.89     178s
    ‖ρε - ρref‖ = 0.00539562349307064 ‖Δρ‖ = 0.005395365354709915  ‖vε - vref‖ = 1.917648665134717  α = 4.42e-16
 17   -19.98804196440   +  -14.45       -0.92    52.8s
    ‖ρε - ρref‖ = 0.05448547987463481 ‖Δρ‖ = 0.054493893830479236  ‖vε - vref‖ = 1.9176486651345934  α = 0.0
 18   -19.98804196440   +    -Inf       -1.89    53.5s
    ‖ρε - ρref‖ = 0.0053956234930318875 ‖Δρ‖ = 0.005395365354670857  ‖vε - vref‖ = 1.9176486651346472  α = 0.0
 19   -19.98804196440   +    -Inf       -1.89    52.1s
    ‖ρε - ρref‖ = 0.005395623493031182 ‖Δρ‖ = 0.0053953653546701475  ‖vε - vref‖ = 1.9176486651345508  α = 0.0
Trying again with Newton's method ...
n     Energy            log10(ΔE)   log10(Δρ)   Δtime 
---   ---------------   ---------   ---------   ------
  1   -19.96720006626                   -3.48     514s
    ‖ρε - ρref‖ = 0.00014235476591938927 ‖Δρ‖ = 0.00014502675754921664  ‖vε - vref‖ = 18.822313838786112
  2   -19.96872929751       -2.82       -3.48     509s
    ‖ρε - ρref‖ = 3.026622322047535e-5 ‖Δρ‖ = 0.00014366249535955746  ‖vε - vref‖ = 1.5234769465795304
  3   -19.96863686114   +   -4.03       -5.05     498s
    ‖ρε - ρref‖ = 3.0355004414041608e-5 ‖Δρ‖ = 1.4619663516453611e-6  ‖vε - vref‖ = 1.5138630226250505
  4   -19.96862526299   +   -4.94       -5.44     500s
    ‖ρε - ρref‖ = 3.0234417527768902e-5 ‖Δρ‖ = 5.962195200945238e-7  ‖vε - vref‖ = 1.5135492551388168
    Stopping to avoid numerical instabilities.

#-- ‖ρε - ρref‖ = 3.0234417527768902e-5 vs. 1.0000000000000001e-7 = δ*ε ‖vε - vref‖ = 1.5135492551388168  Qε=0.9186420005459427

|v-vref|h1 = [0.5285319106327258, 0.4415077237708778, 0.4261471568935861, 0.5439895365475159, 0.8691115374913084, 1.513549255138817]
|v-vref|l2 = [0.1326547283404072, 0.11637134668004372, 0.14479781848490372, 0.23419507118704885, 0.409173941165711, 0.7273968986242222]
──────────────────────────────────────────────────────────────────────────────────────────────
                                                     Time                    Allocations      
                                            ───────────────────────   ────────────────────────
             Tot / % measured:                   7.61h /  87.1%           27.4TiB /  74.0%    

Section                             ncalls     time    %tot     avg     alloc    %tot      avg
──────────────────────────────────────────────────────────────────────────────────────────────
solve_ΩplusK                            29    3.76h   56.7%    466s   13.8TiB   68.0%   486GiB
  apply_K                            2.65k    2.09h   31.6%   2.84s   3.67TiB   18.2%  1.42GiB
    compute_δρ                       2.65k    2776s   11.6%   1.05s   2.31TiB   11.4%   914MiB
      symmetrize_ρ                   2.65k    2423s   10.2%   915ms   1.34TiB    6.6%   531MiB
    apply_kernel                     2.65k     260s    1.1%  98.2ms    283GiB    1.4%   109MiB
  apply_Ω                            2.65k    2993s   12.5%   1.13s   2.46TiB   12.1%  0.95GiB
    DftHamiltonian multiplication     148k    2203s    9.2%  14.8ms    312GiB    1.5%  2.15MiB
      nonlocal                        148k    1601s    6.7%  10.8ms   17.9GiB    0.1%   126KiB
  compute_density                       29    27.8s    0.1%   960ms   22.2GiB    0.1%   786MiB
    symmetrize_ρ                        29    26.3s    0.1%   905ms   15.0GiB    0.1%   531MiB
  DftHamiltonian multiplication      1.62k    23.8s    0.1%  14.6ms   3.41GiB    0.0%  2.15MiB
    nonlocal                         1.62k    17.7s    0.1%  10.9ms    201MiB    0.0%   126KiB
  energy_hamiltonian                    29    20.1s    0.1%   692ms   19.0GiB    0.1%   671MiB
    ene_ops                             29    16.7s    0.1%   575ms   5.86GiB    0.0%   207MiB
      ene_ops: nonlocal                 29    8.90s    0.0%   307ms    230MiB    0.0%  7.94MiB
      ene_ops: external_Hartree         29    2.66s    0.0%  91.7ms   2.36GiB    0.0%  83.3MiB
      ene_ops: dualmap                  29    2.58s    0.0%  88.8ms   2.59GiB    0.0%  91.3MiB
      ene_ops: hartree                  29    2.17s    0.0%  74.7ms    581MiB    0.0%  20.0MiB
      ene_ops: kinetic                  29    364ms    0.0%  12.6ms   5.17MiB    0.0%   183KiB
      ene_ops: local                    29   10.8ms    0.0%   371μs    117MiB    0.0%  4.04MiB
compute_density                      4.26k    1.21h   18.2%   1.02s   3.19TiB   15.8%   786MiB
  symmetrize_ρ                       4.26k    1.10h   16.6%   931ms   2.16TiB   10.7%   531MiB
DftHamiltonian multiplication         224k    3268s   13.7%  14.6ms    471GiB    2.3%  2.15MiB
  nonlocal                            224k    2405s   10.1%  10.7ms   27.0GiB    0.1%   126KiB
energy_hamiltonian                   4.01k    2514s   10.5%   627ms   2.57TiB   12.7%   671MiB
  ene_ops                            4.01k    2133s    8.9%   532ms    810GiB    3.9%   207MiB
    ene_ops: nonlocal                4.01k    1206s    5.1%   301ms   31.1GiB    0.1%  7.94MiB
    ene_ops: external_Hartree        4.01k     426s    1.8%   106ms    326GiB    1.6%  83.3MiB
    ene_ops: dualmap                 4.01k     409s    1.7%   102ms    358GiB    1.7%  91.3MiB
    ene_ops: kinetic                 4.01k    49.6s    0.2%  12.4ms    715MiB    0.0%   183KiB
    ene_ops: hartree                 4.01k    29.9s    0.1%  7.45ms   78.5GiB    0.4%  20.0MiB
    ene_ops: local                   4.01k    9.77s    0.0%  2.44ms   15.8GiB    0.1%  4.04MiB
compute_projected_gradient              29    72.1s    0.3%   2.49s   56.7GiB    0.3%  1.96GiB
  compute_density                       29    28.7s    0.1%   990ms   22.2GiB    0.1%   786MiB
    symmetrize_ρ                        29    27.0s    0.1%   932ms   15.0GiB    0.1%   531MiB
  DftHamiltonian multiplication      1.62k    23.6s    0.1%  14.5ms   3.41GiB    0.0%  2.15MiB
    nonlocal                         1.62k    17.6s    0.1%  10.9ms    201MiB    0.0%   126KiB
  energy_hamiltonian                    29    17.2s    0.1%   595ms   19.0GiB    0.1%   671MiB
    ene_ops                             29    16.6s    0.1%   574ms   5.86GiB    0.0%   207MiB
      ene_ops: nonlocal                 29    8.70s    0.0%   300ms    230MiB    0.0%  7.94MiB
      ene_ops: external_Hartree         29    2.96s    0.0%   102ms   2.36GiB    0.0%  83.3MiB
      ene_ops: dualmap                  29    2.53s    0.0%  87.2ms   2.59GiB    0.0%  91.3MiB
      ene_ops: hartree                  29    2.08s    0.0%  71.9ms    581MiB    0.0%  20.0MiB
      ene_ops: kinetic                  29    355ms    0.0%  12.2ms   5.17MiB    0.0%   183KiB
      ene_ops: local                    29   11.7ms    0.0%   404μs    117MiB    0.0%  4.04MiB
ortho_qr                             15.6k    60.6s    0.3%  3.88ms    116GiB    0.6%  7.61MiB
PlaneWaveBasis                          21    53.1s    0.2%   2.53s   76.8GiB    0.4%  3.66GiB
  Instantiation AtomicNonlocal          21    42.0s    0.2%   2.00s   60.2GiB    0.3%  2.87GiB
  Instantiation AtomicLocal             21    3.50s    0.0%   167ms   2.58GiB    0.0%   126MiB
    enforce_real!                       21   27.3ms    0.0%  1.30ms   7.88KiB    0.0%     384B
  Instantiation ExternalHartree         21    3.36s    0.0%   160ms   1.88GiB    0.0%  91.6MiB
  Instantiation DualMap                 21    2.20s    0.0%   105ms   1.64GiB    0.0%  80.1MiB
  build_kpoints                         21    1.34s    0.0%  63.7ms   8.65GiB    0.0%   422MiB
  Instantiation Kinetic                 21    220ms    0.0%  10.5ms   0.96GiB    0.0%  46.6MiB
  Instantiation Hartree                 21    214ms    0.0%  10.2ms   86.4MiB    0.0%  4.12MiB
    enforce_real!                       21   25.4ms    0.0%  1.21ms   8.86KiB    0.0%     432B
  Instantiation Ewald                   21   97.5ms    0.0%  4.64ms   61.7KiB    0.0%  2.94KiB
    precomp: Ewald                      21   97.0ms    0.0%  4.62ms   43.6KiB    0.0%  2.08KiB
  _check_kpoint_reduction               21   60.2ms    0.0%  2.87ms     0.00B    0.0%    0.00B
  Instantiation PspCorrection           21    674μs    0.0%  32.1μs   8.53KiB    0.0%     416B
load_scfres                              1    13.7s    0.1%   13.7s   5.98GiB    0.0%  5.98GiB
  energy_hamiltonian                     1    3.77s    0.0%   3.77s    739MiB    0.0%   739MiB
    ene_ops                              1    3.57s    0.0%   3.57s    383MiB    0.0%   383MiB
      ene_ops: xc                        1    2.29s    0.0%   2.29s    327MiB    0.0%   327MiB
      ene_ops: nonlocal                  1    350ms    0.0%   350ms   9.42MiB    0.0%  9.42MiB
      ene_ops: kinetic                   1   45.2ms    0.0%  45.2ms    234KiB    0.0%   234KiB
      ene_ops: hartree                   1   8.21ms    0.0%  8.21ms   20.0MiB    0.0%  20.0MiB
      ene_ops: local                     1   1.15ms    0.0%  1.15ms   4.04MiB    0.0%  4.04MiB
  Instantiation AtomicNonlocal           1    3.26s    0.0%   3.26s   2.93GiB    0.0%  2.93GiB
  Instantiation Xc                       1    1.08s    0.0%   1.08s    201MiB    0.0%   201MiB
    enforce_real!                        1   1.29ms    0.0%  1.29ms      384B    0.0%     384B
  Instantiation AtomicLocal              1    343ms    0.0%   343ms    127MiB    0.0%   127MiB
    enforce_real!                        1   1.29ms    0.0%  1.29ms      384B    0.0%     384B
  build_kpoints                          1    262ms    0.0%   262ms    422MiB    0.0%   422MiB
  Instantiation Ewald                    1   80.2ms    0.0%  80.2ms   18.4MiB    0.0%  18.4MiB
    precomp: Ewald                       1   4.67ms    0.0%  4.67ms   3.16KiB    0.0%  3.16KiB
  Instantiation Kinetic                  1   38.1ms    0.0%  38.1ms   46.6MiB    0.0%  46.6MiB
  Instantiation PspCorrection            1   22.5ms    0.0%  22.5ms   2.76MiB    0.0%  2.76MiB
  Instantiation Hartree                  1   18.5ms    0.0%  18.5ms   9.19MiB    0.0%  9.19MiB
    enforce_real!                        1   1.21ms    0.0%  1.21ms      432B    0.0%     432B
  _check_kpoint_reduction                1   2.82ms    0.0%  2.82ms     0.00B    0.0%    0.00B
save_scfres                              2    6.14s    0.0%   3.07s    656MiB    0.0%   328MiB
symmetry_operations                     21    210ms    0.0%  10.0ms   14.0MiB    0.0%   680KiB
  _check_symmetries                     21   2.99ms    0.0%   142μs   3.94MiB    0.0%   192KiB
──────────────────────────────────────────────────────────────────────────────────────────────
