
DFTK Version      0.7.20
Julia Version     1.12.4
libxc Version     7.0.0
FFTW.jl provider  fftw v3.3.10

BLAS.get_config()
  LinearAlgebra.BLAS.LBTConfig
  Libraries: 
  └ [ILP64] libopenblas64_.so

MPI.versioninfo()
  MPIPreferences:
    binary:  MPICH_jll
    abi:     MPICH
  
  Package versions
    MPI.jl:             0.20.23
    MPIPreferences.jl:  0.1.11
    MPICH_jll:          4.3.2+0
  
  Library information:
    libmpi:  /data/vebak3345/.julia/artifacts/117d9048128625bb3418b0b4cca48739c5d28740/lib/libmpi.so
    libmpi dlpath:  /data/vebak3345/.julia/artifacts/117d9048128625bb3418b0b4cca48739c5d28740/lib/libmpi.so
    MPI version:  4.1.0
    Library version:  
      MPICH Version:      4.3.1
      MPICH Release date: Fri Jun 20 09:24:41 AM CDT 2025
      MPICH ABI:          17:1:5
      MPICH Device:       ch3:nemesis
      MPICH configure:    --build=x86_64-linux-musl --disable-dependency-tracking --disable-doc --enable-fast=ndebug,O3 --enable-static=no --host=x86_64-linux-gnu --prefix=/workspace/destdir --with-device=ch3 --with-hwloc=/workspace/destdir
      MPICH CC:           cc     -DNDEBUG -DNVALGRIND -O3
      MPICH CXX:          c++   -DNDEBUG -DNVALGRIND -O3
      MPICH F77:          gfortran   -O3
      MPICH FC:           gfortran   -O3
      MPICH features:     
      
    MPI launcher: /data/vebak3345/.julia/artifacts/117d9048128625bb3418b0b4cca48739c5d28740/bin/mpiexec
    MPI launcher path: /data/vebak3345/.julia/artifacts/117d9048128625bb3418b0b4cca48739c5d28740/bin/mpiexec
  


truncated grid size:(45, 45, 45)
‖ρref - ρorig‖H-1 = 4.56055825825785e-5
‖ρref - ρorig‖L2  = 0.0002784447548053744

# --- ε=1.778279410038923e-5

n     Energy            log10(ΔE)   log10(Δρ)   Δtime 
---   ---------------   ---------   ---------   ------
  1   -22.18684205833                   -0.72    21.6s
    ‖ρε - ρref‖ = 0.113271349821689 ‖Δρ‖ = 0.11331179799544659  ‖vε - vref‖ = 2.0088038934180443  α = 0.000428
  2   -22.18684740941       -5.27       -1.91    9.87s
    ‖ρε - ρref‖ = 0.0049859309365079315 ‖Δρ‖ = 0.004994620100023059  ‖vε - vref‖ = 1.840647306329461  α = 0.00586
  3   -22.18685089111       -5.46       -1.69    11.5s
    ‖ρε - ρref‖ = 0.00736058078843652 ‖Δρ‖ = 0.0073552708735571464  ‖vε - vref‖ = 1.7033437820628539  α = 0.0011
  4   -22.18685311404       -5.65       -1.67    12.7s
    ‖ρε - ρref‖ = 0.006372960127490425 ‖Δρ‖ = 0.006364469423125658  ‖vε - vref‖ = 1.6026788339502416  α = 0.00177
  5   -22.18685362450       -6.29       -1.63    74.0s
    ‖ρε - ρref‖ = 0.0077891616372122215 ‖Δρ‖ = 0.007789913545235575  ‖vε - vref‖ = 1.5703313718046101  α = 0.000555
  6   -22.18685365851       -7.47       -1.59    91.9s
    ‖ρε - ρref‖ = 0.009167645216259446 ‖Δρ‖ = 0.009163413030908774  ‖vε - vref‖ = 1.558329855850545  α = 0.00015
  7   -22.18685365851      -13.97       -1.51     116s
    ‖ρε - ρref‖ = 0.01098920095976917 ‖Δρ‖ = 0.010993848545712902  ‖vε - vref‖ = 1.558329855754617  α = 9.47e-12
  8   -22.18685365851   +  -14.15       -1.69    66.3s
    ‖ρε - ρref‖ = 0.005476404530856282 ‖Δρ‖ = 0.005481501987702668  ‖vε - vref‖ = 1.5583298557543526  α = 0.0
  9   -22.18685581623       -5.67       -1.75    9.45s
    ‖ρε - ρref‖ = 0.008581746544355652 ‖Δρ‖ = 0.008609445976248287  ‖vε - vref‖ = 1.4897190570233447  α = 0.00188
 10   -22.18685670999       -6.05       -1.65    11.8s
    ‖ρε - ρref‖ = 0.011469570966004086 ‖Δρ‖ = 0.011437046788417938  ‖vε - vref‖ = 1.4121321766601054  α = 0.000314
 11   -22.18685702311       -6.50       -1.88    18.8s
    ‖ρε - ρref‖ = 0.005075911331717561 ‖Δρ‖ = 0.00508116765550009  ‖vε - vref‖ = 1.3754721593932469  α = 0.00129
 12   -22.18685702740       -8.37       -1.68     119s
    ‖ρε - ρref‖ = 0.006683538873956154 ‖Δρ‖ = 0.006694681253350782  ‖vε - vref‖ = 1.3723476911682375  α = 5.28e-5
 13   -22.18685702740      -13.97       -1.15     149s
    ‖ρε - ρref‖ = 0.03209721876227796 ‖Δρ‖ = 0.03211078272712331  ‖vε - vref‖ = 1.3723476904980887  α = 6.61e-12
 14   -22.18685702740   +    -Inf       -1.14    70.0s
    ‖ρε - ρref‖ = 0.029864386600310534 ‖Δρ‖ = 0.029881316503497884  ‖vε - vref‖ = 1.3723476904976086  α = 0.0
 15   -22.18685747214       -6.35       -1.75    10.1s
    ‖ρε - ρref‖ = 0.010453383081628386 ‖Δρ‖ = 0.010416966947703537  ‖vε - vref‖ = 1.3618443773089497  α = 0.000911
 16   -22.18685760616       -6.87       -2.01    11.8s
    ‖ρε - ρref‖ = 0.004252648076201308 ‖Δρ‖ = 0.004265828856507007  ‖vε - vref‖ = 1.3258091323632015  α = 0.00125
 17   -22.18685760616      -13.85       -1.76    92.9s
    ‖ρε - ρref‖ = 0.0068667722664413145 ‖Δρ‖ = 0.006869901398357959  ‖vε - vref‖ = 1.3258091066589925  α = 4.22e-10
 18   -22.18685760616   +    -Inf       -1.13     131s
    ‖ρε - ρref‖ = 0.03450139062345356 ‖Δρ‖ = 0.03450843720179574  ‖vε - vref‖ = 1.3258091066579987  α = 1.9e-16
 19   -22.18685760616   +  -14.45       -0.26    66.7s
    ‖ρε - ρref‖ = 0.25849341540210835 ‖Δρ‖ = 0.25850767894407045  ‖vε - vref‖ = 1.3258091066578666  α = 0.0
 20   -22.18685835913       -6.12       -1.85    12.7s
    ‖ρε - ρref‖ = 0.008475286137032035 ‖Δρ‖ = 0.008514411402171955  ‖vε - vref‖ = 1.2664804534147711  α = 0.000327
 21   -22.18685844506       -7.07       -2.01    79.6s
    ‖ρε - ρref‖ = 0.004400474736171335 ‖Δρ‖ = 0.004390936864128996  ‖vε - vref‖ = 1.25640856417018  α = 0.000376
 22   -22.18685844506      -13.75       -1.95     134s
    ‖ρε - ρref‖ = 0.004466015062946702 ‖Δρ‖ = 0.004470979647374358  ‖vε - vref‖ = 1.256408564087437  α = 2.98e-12
 23   -22.18685844506   +  -14.45       -0.79    70.6s
    ‖ρε - ρref‖ = 0.07381775486561834 ‖Δρ‖ = 0.0738342287795959  ‖vε - vref‖ = 1.256408564087706  α = 0.0
 24   -22.18685846564       -7.69       -2.31    18.1s
    ‖ρε - ρref‖ = 0.002944101704662271 ‖Δρ‖ = 0.002985472208345636  ‖vε - vref‖ = 1.2483601473608235  α = 0.000689
 25   -22.18685846564      -13.60       -1.72     111s
    ‖ρε - ρref‖ = 0.008406530635382898 ‖Δρ‖ = 0.008401661539724634  ‖vε - vref‖ = 1.2483601467716454  α = 1.49e-11
 26   -22.18685846564   +    -Inf       -0.73    88.2s
    ‖ρε - ρref‖ = 0.08830030016256979 ‖Δρ‖ = 0.08831804540276886  ‖vε - vref‖ = 1.2483601467716234  α = 3.12e-16
 27   -22.18685846564   +  -14.45       -0.24    61.5s
    ‖ρε - ρref‖ = 0.2728403182454589 ‖Δρ‖ = 0.2728589271073482  ‖vε - vref‖ = 1.2483601467716239  α = 0.0
 28   -22.18685846889       -8.49       -2.53    73.9s
    ‖ρε - ρref‖ = 0.0017672883236395864 ‖Δρ‖ = 0.0017251181606959883  ‖vε - vref‖ = 1.2468317098885484  α = 0.000154
 29   -22.18685846889      -13.67       -1.29     104s
    ‖ρε - ρref‖ = 0.023506423123395355 ‖Δρ‖ = 0.02351703725130611  ‖vε - vref‖ = 1.2468317098503487  α = 6.62e-13
 30   -22.18685846889   +  -14.15       -0.55    63.5s
    ‖ρε - ρref‖ = 0.13600119335443311 ‖Δρ‖ = 0.1360212106963879  ‖vε - vref‖ = 1.2468317098503885  α = 0.0
 31   -22.18685846889      -14.15       -2.70     122s
    ‖ρε - ρref‖ = 0.0011826844064145295 ‖Δρ‖ = 0.0011412606613293893  ‖vε - vref‖ = 1.246831709845115  α = 8.77e-13
 32   -22.18685846889   +    -Inf       -0.84    90.8s
    ‖ρε - ρref‖ = 0.06806244518438989 ‖Δρ‖ = 0.06807515031426657  ‖vε - vref‖ = 1.246831709844597  α = 3.44e-15
 33   -22.18685846889   +  -14.15       -0.28    64.1s
    ‖ρε - ρref‖ = 0.24452341162275607 ‖Δρ‖ = 0.24454230467650942  ‖vε - vref‖ = 1.246831709844745  α = 0.0
 34   -22.18685846889      -14.45       -2.70     184s
    ‖ρε - ρref‖ = 0.0011826844042669919 ‖Δρ‖ = 0.0011412606591853923  ‖vε - vref‖ = 1.2468317098405255  α = 8.25e-13
 35   -22.18685846889      -14.45       -0.91    84.5s
    ‖ρε - ρref‖ = 0.05849123689519924 ‖Δρ‖ = 0.05850593725568827  ‖vε - vref‖ = 1.246831709835423  α = 4.54e-14
 36   -22.18685846889   +  -14.15       -0.55    61.9s
    ‖ρε - ρref‖ = 0.13495147872295551 ‖Δρ‖ = 0.13497186128446345  ‖vε - vref‖ = 1.2468317098354404  α = 0.0
 37   -22.18685846889      -14.15       -2.70     111s
    ‖ρε - ρref‖ = 0.0011826844030541838 ‖Δρ‖ = 0.0011412606579703389  ‖vε - vref‖ = 1.2468317098349824  α = 1.81e-13
 38   -22.18685846889   +  -14.15       -0.56    63.9s
    ‖ρε - ρref‖ = 0.12401892589069298 ‖Δρ‖ = 0.12401925149154927  ‖vε - vref‖ = 1.2468317098349029  α = 0.0
 39   -22.18685846889   +    -Inf       -2.70    64.8s
    ‖ρε - ρref‖ = 0.0011826844029617868 ‖Δρ‖ = 0.0011412606578774227  ‖vε - vref‖ = 1.246831709834912  α = 0.0
 40   -22.18685846889   +    -Inf       -2.70     172s
    ‖ρε - ρref‖ = 0.001182684402955512 ‖Δρ‖ = 0.0011412606578711198  ‖vε - vref‖ = 1.2468317098348638  α = 1.87e-14
Trying again without preconditioner ...
n     Energy            log10(ΔE)   log10(Δρ)   Δtime 
---   ---------------   ---------   ---------   ------
  1   -22.18685856809                   -1.73    87.2s
    ‖ρε - ρref‖ = 0.005229734697641693 ‖Δρ‖ = 0.005202398844250543  ‖vε - vref‖ = 1.230833284055794  α = 0.000321
  2   -22.18685861154       -7.36       -0.02    91.0s
    ‖ρε - ρref‖ = 0.4767462051382811 ‖Δρ‖ = 0.4767759436698545  ‖vε - vref‖ = 1.2155203695465198  α = 5.4e-6
  3   -22.18685861154      -13.60       -0.25     106s
    ‖ρε - ρref‖ = 0.2809318800235452 ‖Δρ‖ = 0.28096370393146136  ‖vε - vref‖ = 1.2155203691752563  α = 4.87e-13
  4   -22.18685861154   +  -13.85       -0.07    60.4s
    ‖ρε - ρref‖ = 0.41397036795844483 ‖Δρ‖ = 0.41399974203291245  ‖vε - vref‖ = 1.215520369175312  α = 0.0
  5   -22.18685861154      -14.45       -1.96     103s
    ‖ρε - ρref‖ = 0.0030391300978798268 ‖Δρ‖ = 0.0030672536550441004  ‖vε - vref‖ = 1.2155203691669239  α = 2.25e-13
  6   -22.18685861154      -14.45        0.03     113s
    ‖ρε - ρref‖ = 0.5344594889267957 ‖Δρ‖ = 0.5344879680202559  ‖vε - vref‖ = 1.215520369160377  α = 2.26e-15
  7   -22.18685861154      -14.45       -0.04     138s
    ‖ρε - ρref‖ = 0.4491088928162084 ‖Δρ‖ = 0.4491372836960141  ‖vε - vref‖ = 1.215520369148564  α = 1.83e-14
  8   -22.18685861154   +    -Inf       -0.07    60.0s
    ‖ρε - ρref‖ = 0.42550330252900376 ‖Δρ‖ = 0.4255330919490334  ‖vε - vref‖ = 1.2155203691486156  α = 0.0
  9   -22.18685861154   +    -Inf       -1.96     219s
    ‖ρε - ρref‖ = 0.0030391300964810685 ‖Δρ‖ = 0.0030672536535610584  ‖vε - vref‖ = 1.2155203691483318  α = 7.85e-15

#-- ‖ρε - ρref‖ = 5.301988055176488e-5 vs. 1.778279410038923e-7 = δ*ε ‖vε - vref‖ = 1.2155203691483318  Qε=0.8980918378437128


# --- ε=1.0e-5

n     Energy            log10(ΔE)   log10(Δρ)   Δtime 
---   ---------------   ---------   ---------   ------
  1   -22.18678940426                   -0.89    15.9s
    ‖ρε - ρref‖ = 0.08118535567146527 ‖Δρ‖ = 0.08116232255995821  ‖vε - vref‖ = 2.370886414002429  α = 0.00026
  2   -22.18679222117       -5.55       -1.94    13.1s
    ‖ρε - ρref‖ = 0.004694075071555671 ‖Δρ‖ = 0.0046867604639746025  ‖vε - vref‖ = 2.199757404526022  α = 0.00139
  3   -22.18679288665       -6.18       -1.50    76.7s
    ‖ρε - ρref‖ = 0.011600363842031478 ‖Δρ‖ = 0.011595117437154063  ‖vε - vref‖ = 2.1370021944713335  α = 0.000375
  4   -22.18679306493       -6.75       -1.08    93.4s
    ‖ρε - ρref‖ = 0.029843028836599648 ‖Δρ‖ = 0.029847038915543453  ‖vε - vref‖ = 2.1014786867975017  α = 5.1e-5
  5   -22.18679306493      -13.67       -1.07     173s
    ‖ρε - ρref‖ = 0.036852438890347165 ‖Δρ‖ = 0.0368586655926917  ‖vε - vref‖ = 2.1014786861209935  α = 3.97e-12
  6   -22.18679306493   +  -14.45       -0.85    69.6s
    ‖ρε - ρref‖ = 0.06727881477753889 ‖Δρ‖ = 0.06728795833341043  ‖vε - vref‖ = 2.1014786861202994  α = 0.0
  7   -22.18679311819       -7.27       -2.18    72.0s
    ‖ρε - ρref‖ = 0.0037795539580522466 ‖Δρ‖ = 0.003800913407892888  ‖vε - vref‖ = 2.0933721070121796  α = 0.000207
  8   -22.18679311819      -13.85       -1.42     100s
    ‖ρε - ρref‖ = 0.013448118625834032 ‖Δρ‖ = 0.013449014945646076  ‖vε - vref‖ = 2.0933721051677288  α = 7.67e-12
  9   -22.18679311819   +    -Inf       -0.36     107s
    ‖ρε - ρref‖ = 0.2062283913142736 ‖Δρ‖ = 0.206239235217367  ‖vε - vref‖ = 2.0933721051659036  α = 1.56e-15
 10   -22.18679311819   +  -14.15       -0.30    67.5s
    ‖ρε - ρref‖ = 0.23597954452368636 ‖Δρ‖ = 0.23599020465320822  ‖vε - vref‖ = 2.093372105165932  α = 0.0
 11   -22.18679311819      -14.15       -2.70     138s
    ‖ρε - ρref‖ = 0.0008595234019221318 ‖Δρ‖ = 0.0008686574719511879  ‖vε - vref‖ = 2.093372105165447  α = 2.5e-15
 12   -22.18679311819   +  -13.85       -0.22    60.4s
    ‖ρε - ρref‖ = 0.28537065314425974 ‖Δρ‖ = 0.2853824810138461  ‖vε - vref‖ = 2.0933721051652694  α = 0.0
 13   -22.18679311819      -14.45       -2.70     137s
    ‖ρε - ρref‖ = 0.0008595234013488071 ‖Δρ‖ = 0.0008686574714789696  ‖vε - vref‖ = 2.0933721036660464  α = 1.26e-10
 14   -22.18679311819   +  -14.45       -0.33    63.2s
    ‖ρε - ρref‖ = 0.21858543351353202 ‖Δρ‖ = 0.21859651180258083  ‖vε - vref‖ = 2.093372103666193  α = 0.0
 15   -22.18679311819      -14.45       -2.70     202s
    ‖ρε - ρref‖ = 0.0008595231427114299 ‖Δρ‖ = 0.0008686572078431035  ‖vε - vref‖ = 2.093372103666144  α = 3.34e-16
 16   -22.18679311819   +  -13.97       -0.23    65.7s
    ‖ρε - ρref‖ = 0.2807393712782289 ‖Δρ‖ = 0.28075141463282555  ‖vε - vref‖ = 2.093372103666094  α = 0.0
 17   -22.18679311819      -14.45       -2.70     102s
    ‖ρε - ρref‖ = 0.0008595231423157664 ‖Δρ‖ = 0.0008686572074351556  ‖vε - vref‖ = 2.093372103664945  α = 9.82e-14
 18   -22.18679311819   +  -14.45       -0.26    66.3s
    ‖ρε - ρref‖ = 0.2634370198539675 ‖Δρ‖ = 0.2634491673488332  ‖vε - vref‖ = 2.093372103664787  α = 0.0
 19   -22.18679311819      -14.15       -2.70     145s
    ‖ρε - ρref‖ = 0.0008595231422217732 ‖Δρ‖ = 0.0008686572073408401  ‖vε - vref‖ = 2.093372103663686  α = 1.12e-13
 20   -22.18679311819   +  -14.15       -0.27    65.8s
    ‖ρε - ρref‖ = 0.2597242822587538 ‖Δρ‖ = 0.2597365888141762  ‖vε - vref‖ = 2.0933721036635626  α = 0.0
 21   -22.18679311819      -14.45       -2.70     167s
    ‖ρε - ρref‖ = 0.000859523142059126 ‖Δρ‖ = 0.0008686572071755789  ‖vε - vref‖ = 2.093372103663071  α = 4.13e-14
 22   -22.18679311819   +  -14.15       -0.23    63.8s
    ‖ρε - ρref‖ = 0.2826945549762245 ‖Δρ‖ = 0.28270639418511967  ‖vε - vref‖ = 2.0933721036626403  α = 0.0
 23   -22.18679311819      -14.45       -2.70     154s
    ‖ρε - ρref‖ = 0.000859523141278691 ‖Δρ‖ = 0.0008686572063713778  ‖vε - vref‖ = 2.0933721036573685  α = 5.0e-13
 24   -22.18679311819   +    -Inf       -0.24    98.3s
    ‖ρε - ρref‖ = 0.2783503610901035 ‖Δρ‖ = 0.27836247309342355  ‖vε - vref‖ = 2.093372103401746  α = 1.58e-14
 25   -22.18679311819   +  -14.45       -0.44    66.8s
    ‖ρε - ρref‖ = 0.16820388454560942 ‖Δρ‖ = 0.1682134282743015  ‖vε - vref‖ = 2.093372103401782  α = 0.0
 26   -22.18679311819      -14.45       -2.70     166s
    ‖ρε - ρref‖ = 0.0008595231163832634 ‖Δρ‖ = 0.0008686571811890403  ‖vε - vref‖ = 2.093372103393319  α = 6.2e-13
 27   -22.18679311819   +  -14.45       -0.30    62.5s
    ‖ρε - ρref‖ = 0.23726429348778144 ‖Δρ‖ = 0.2372759575581082  ‖vε - vref‖ = 2.093372103393511  α = 0.0
 28   -22.18679311819      -14.15       -2.70     203s
    ‖ρε - ρref‖ = 0.0008595231142893542 ‖Δρ‖ = 0.0008686571790500184  ‖vε - vref‖ = 2.0933721033879045  α = 4.62e-13
 29   -22.18679311819   +  -14.15       -0.36    61.4s
    ‖ρε - ρref‖ = 0.20683774127972665 ‖Δρ‖ = 0.20684875012395726  ‖vε - vref‖ = 2.0933721033879067  α = 0.0
 30   -22.18679311819      -14.45       -2.70     187s
    ‖ρε - ρref‖ = 0.0008595231135273175 ‖Δρ‖ = 0.0008686571782761172  ‖vε - vref‖ = 2.0933721033874684  α = 2.37e-14
 31   -22.18679311819   +  -13.97       -0.27    64.9s
    ‖ρε - ρref‖ = 0.256648163452478 ‖Δρ‖ = 0.2566603132544505  ‖vε - vref‖ = 2.0933721033873587  α = 0.0
 32   -22.18679311819   +    -Inf       -2.70     154s
    ‖ρε - ρref‖ = 0.0008595231129183023 ‖Δρ‖ = 0.0008686571776603888  ‖vε - vref‖ = 2.0933721032318013  α = 1.31e-11
 33   -22.18679311819   +  -14.45       -0.33    68.9s
    ‖ρε - ρref‖ = 0.22029892237988222 ‖Δρ‖ = 0.22031005892373412  ‖vε - vref‖ = 2.093372103231932  α = 0.0
 34   -22.18679311819      -13.97       -2.70     167s
    ‖ρε - ρref‖ = 0.0008595230853723016 ‖Δρ‖ = 0.0008686571496776621  ‖vε - vref‖ = 2.09337210184045  α = 1.17e-10
 35   -22.18679311819   +  -14.45       -0.33    63.9s
    ‖ρε - ρref‖ = 0.2181709047463678 ‖Δρ‖ = 0.21818196853436203  ‖vε - vref‖ = 2.093372101840475  α = 0.0
 36   -22.18679311819   +    -Inf       -2.70     203s
    ‖ρε - ρref‖ = 0.0008595228459432313 ‖Δρ‖ = 0.0008686569056305737  ‖vε - vref‖ = 2.093372101840383  α = 1.5e-15
 37   -22.18679311819   +    -Inf       -0.27    64.4s
    ‖ρε - ρref‖ = 0.2554938053788664 ‖Δρ‖ = 0.2555060879417572  ‖vε - vref‖ = 2.0933721018404534  α = 0.0
Trying again without preconditioner ...
n     Energy            log10(ΔE)   log10(Δρ)   Δtime 
---   ---------------   ---------   ---------   ------
  1   -22.18679357356                   -1.43     102s
    ‖ρε - ρref‖ = 0.009049797416568544 ‖Δρ‖ = 0.009050387945295063  ‖vε - vref‖ = 2.036973503019241  α = 0.000313
  2   -22.18679357652       -8.53       -0.04    67.7s
    ‖ρε - ρref‖ = 0.4298681991069863 ‖Δρ‖ = 0.4298822958214044  ‖vε - vref‖ = 2.0304984997664293  α = 1.76e-6
  3   -22.18679357652      -13.67        0.01     167s
    ‖ρε - ρref‖ = 0.5011320341757227 ‖Δρ‖ = 0.5011481394830392  ‖vε - vref‖ = 2.03049849975209  α = 1.73e-14
  4   -22.18679357652   +  -14.15        0.06    64.7s
    ‖ρε - ρref‖ = 0.5694909050746487 ‖Δρ‖ = 0.5695071229066145  ‖vε - vref‖ = 2.030498499752345  α = 0.0
  5   -22.18679357652   +    -Inf       -1.67     122s
    ‖ρε - ρref‖ = 0.005734585999351961 ‖Δρ‖ = 0.005725473868157122  ‖vε - vref‖ = 2.030498499746802  α = 7.66e-14
  6   -22.18679357652   +    -Inf        0.05    63.1s
    ‖ρε - ρref‖ = 0.5609097834522235 ‖Δρ‖ = 0.5609262088818834  ‖vε - vref‖ = 2.030498499746828  α = 0.0

#-- ‖ρε - ρref‖ = 3.455448669176787e-5 vs. 1.0000000000000001e-7 = δ*ε ‖vε - vref‖ = 2.030498499746828  Qε=0.880393803435793


# --- ε=5.623413251903491e-6

n     Energy            log10(ΔE)   log10(Δρ)   Δtime 
---   ---------------   ---------   ---------   ------
  1   -22.18674225469                   -0.88    15.3s
    ‖ρε - ρref‖ = 0.08338151354935694 ‖Δρ‖ = 0.08336968537123404  ‖vε - vref‖ = 3.8811043163340364  α = 0.00016
  2   -22.18674330630       -5.98       -1.91    18.2s
    ‖ρε - ρref‖ = 0.004995079153929786 ‖Δρ‖ = 0.004992551955503589  ‖vε - vref‖ = 3.794666968602453  α = 0.00127
  3   -22.18674364257       -6.47       -0.93    77.4s
    ‖ρε - ρref‖ = 0.04745867659165787 ‖Δρ‖ = 0.04745928152921366  ‖vε - vref‖ = 3.7313839340396284  α = 9.08e-5
  4   -22.18674365440       -7.93       -0.45    65.8s
    ‖ρε - ρref‖ = 0.1685656997353577 ‖Δρ‖ = 0.16857187595120257  ‖vε - vref‖ = 3.708269859119448  α = 6.83e-6
  5   -22.18674365440      -13.67       -0.48     127s
    ‖ρε - ρref‖ = 0.15459978648910636 ‖Δρ‖ = 0.15460513258948147  ‖vε - vref‖ = 3.708269858944861  α = 8.61e-14
  6   -22.18674365440   +  -14.45       -0.44    63.4s
    ‖ρε - ρref‖ = 0.17133218559668872 ‖Δρ‖ = 0.17133794032466804  ‖vε - vref‖ = 3.7082698589573724  α = 0.0
  7   -22.18674408995       -6.36       -1.77    14.3s
    ‖ρε - ρref‖ = 0.011064032870768374 ‖Δρ‖ = 0.011078523143395712  ‖vε - vref‖ = 3.6555481346405694  α = 0.000234
  8   -22.18674421037       -6.92       -1.21    69.1s
    ‖ρε - ρref‖ = 0.024206085122789284 ‖Δρ‖ = 0.024206381575122518  ‖vε - vref‖ = 3.6215249647710865  α = 7.78e-5
  9   -22.18674421037      -13.85       -0.72     167s
    ‖ρε - ρref‖ = 0.08816319197655767 ‖Δρ‖ = 0.08816890350871831  ‖vε - vref‖ = 3.621524964375115  α = 7.55e-13
 10   -22.18674421037   +  -14.15       -0.25    64.6s
    ‖ρε - ρref‖ = 0.2643123381836545 ‖Δρ‖ = 0.26431901365523947  ‖vε - vref‖ = 3.6215249643756304  α = 0.0
 11   -22.18674423694       -7.58       -2.11    88.9s
    ‖ρε - ρref‖ = 0.0048848861848609345 ‖Δρ‖ = 0.0048705117729830015  ‖vε - vref‖ = 3.6142759404908733  α = 8.34e-5
 12   -22.18674423694      -13.97       -0.67     129s
    ‖ρε - ρref‖ = 0.10164177484970151 ‖Δρ‖ = 0.10164741897647564  ‖vε - vref‖ = 3.614275940043361  α = 7.97e-13
 13   -22.18674423694   +    -Inf       -0.25    68.6s
    ‖ρε - ρref‖ = 0.265091582872218 ‖Δρ‖ = 0.2650980222327116  ‖vε - vref‖ = 3.6142759400434614  α = 0.0
 14   -22.18674423694   +    -Inf       -2.48     156s
    ‖ρε - ρref‖ = 0.0019448192301999034 ‖Δρ‖ = 0.0019296671751049157  ‖vε - vref‖ = 3.6142759400028246  α = 1.38e-12
Trying again without preconditioner ...
n     Energy            log10(ΔE)   log10(Δρ)   Δtime 
---   ---------------   ---------   ---------   ------
  1   -22.18674447220                   -1.29     114s
    ‖ρε - ρref‖ = 0.011700555156470437 ‖Δρ‖ = 0.011693936095374686  ‖vε - vref‖ = 3.5749754848684985  α = 0.000115
  2   -22.18674449554       -7.63        0.07    75.4s
    ‖ρε - ρref‖ = 0.5863166998741751 ‖Δρ‖ = 0.5863259099266915  ‖vε - vref‖ = 3.559957872922905  α = 6.3e-7
  3   -22.18674449554      -13.85        0.05    96.3s
    ‖ρε - ρref‖ = 0.5571815672211873 ‖Δρ‖ = 0.5571906688869784  ‖vε - vref‖ = 3.5599578728700396  α = 1.47e-14
  4   -22.18674449554   +    -Inf        0.07    91.8s
    ‖ρε - ρref‖ = 0.5756928395014493 ‖Δρ‖ = 0.5757018546647727  ‖vε - vref‖ = 3.5599578728673786  α = 1.03e-14
  5   -22.18674449554   +  -13.97        0.07    64.8s
    ‖ρε - ρref‖ = 0.5772051473400328 ‖Δρ‖ = 0.577214079824827  ‖vε - vref‖ = 3.55995787286739  α = 0.0
  6   -22.18674449554   +    -Inf       -1.43     204s
    ‖ρε - ρref‖ = 0.011959570212415052 ‖Δρ‖ = 0.011964593607144965  ‖vε - vref‖ = 3.5599578728426757  α = 1.36e-13
  7   -22.18674449554   +  -14.15        0.07    65.8s
    ‖ρε - ρref‖ = 0.5881274554601009 ‖Δρ‖ = 0.5881366091983877  ‖vε - vref‖ = 3.5599578728425736  α = 0.0
  8   -22.18674449554      -13.97       -1.43     169s
    ‖ρε - ρref‖ = 0.011959570198263648 ‖Δρ‖ = 0.011964593593005467  ‖vε - vref‖ = 3.5599578719350005  α = 5.08e-12
  9   -22.18674449554   +    -Inf        0.07    91.2s
    ‖ρε - ρref‖ = 0.5790453762536266 ‖Δρ‖ = 0.5790544425707521  ‖vε - vref‖ = 3.5599578718688782  α = 4.54e-15
 10   -22.18674449554   +    -Inf        0.06    67.5s
    ‖ρε - ρref‖ = 0.5692908372403512 ‖Δρ‖ = 0.5692998840173438  ‖vε - vref‖ = 3.559957871869111  α = 0.0

#-- ‖ρε - ρref‖ = 2.5030007012473822e-5 vs. 5.623413251903491e-8 = δ*ε ‖vε - vref‖ = 3.559957871869111  Qε=0.8843189040888076


# --- ε=3.162277660168379e-6

n     Energy            log10(ΔE)   log10(Δρ)   Δtime 
---   ---------------   ---------   ---------   ------
  1   -22.18669470693                   -0.90    14.7s
    ‖ρε - ρref‖ = 0.08045103970926695 ‖Δρ‖ = 0.08044648426914884  ‖vε - vref‖ = 6.727855918199806  α = 0.000117
  2   -22.18669532555       -6.21       -1.80    62.1s
    ‖ρε - ρref‖ = 0.006367222680440705 ‖Δρ‖ = 0.006364489091584203  ‖vε - vref‖ = 6.67367712005768  α = 0.000429
  3   -22.18669537787       -7.28       -0.38    76.8s
    ‖ρε - ρref‖ = 0.19237802418484046 ‖Δρ‖ = 0.19237980165845497  ‖vε - vref‖ = 6.646122328449352  α = 7.21e-6
  4   -22.18669537787      -13.97       -0.26     179s
    ‖ρε - ρref‖ = 0.26404901653696666 ‖Δρ‖ = 0.264051545259223  ‖vε - vref‖ = 6.646122323473711  α = 3.89e-13
  5   -22.18669537787   +  -14.15       -0.28    69.5s
    ‖ρε - ρref‖ = 0.2468473144772288 ‖Δρ‖ = 0.24684955368679695  ‖vε - vref‖ = 6.646122323474053  α = 0.0
  6   -22.18669778597       -5.62       -1.21    11.1s
    ‖ρε - ρref‖ = 0.03823851372028422 ‖Δρ‖ = 0.038245266944336984  ‖vε - vref‖ = 6.426742324510187  α = 5.85e-5
  7   -22.18669779020       -8.37       -1.60    74.4s
    ‖ρε - ρref‖ = 0.009710933263565692 ‖Δρ‖ = 0.009710417627094401  ‖vε - vref‖ = 6.417319080565356  α = 3.41e-5
  8   -22.18669779020      -13.75       -0.27     113s
    ‖ρε - ρref‖ = 0.25422332032794853 ‖Δρ‖ = 0.25422677395571547  ‖vε - vref‖ = 6.417319079960333  α = 9.31e-14
  9   -22.18669779020   +    -Inf       -0.24     107s
    ‖ρε - ρref‖ = 0.2741425582882938 ‖Δρ‖ = 0.27414582449399066  ‖vε - vref‖ = 6.417319079963907  α = 2.46e-16
 10   -22.18669779020   +  -14.45       -0.23    63.8s
    ‖ρε - ρref‖ = 0.27978362642597243 ‖Δρ‖ = 0.27978688519080464  ‖vε - vref‖ = 6.417319079963919  α = 0.0
 11   -22.18669790715       -6.93       -1.80    68.0s
    ‖ρε - ρref‖ = 0.009766201979933008 ‖Δρ‖ = 0.009773488905484047  ‖vε - vref‖ = 6.398193701992036  α = 9.3e-5
 12   -22.18669790715      -13.50       -0.50    93.3s
    ‖ρε - ρref‖ = 0.14600140777895487 ‖Δρ‖ = 0.1460044140193168  ‖vε - vref‖ = 6.398193701053472  α = 4.62e-13
 13   -22.18669790715      -14.45       -0.25    85.2s
    ‖ρε - ρref‖ = 0.2685694851186645 ‖Δρ‖ = 0.26857327148889487  ‖vε - vref‖ = 6.398193701046547  α = 7.24e-16
 14   -22.18669790715   +    -Inf       -0.24    71.7s
    ‖ρε - ρref‖ = 0.2719332260197101 ‖Δρ‖ = 0.27193681487571975  ‖vε - vref‖ = 6.39819370104681  α = 0.0
 15   -22.18669790715   +    -Inf       -2.22     175s
    ‖ρε - ρref‖ = 0.0025757173053780956 ‖Δρ‖ = 0.0025686623890617643  ‖vε - vref‖ = 6.398193701045649  α = 6.07e-15
Trying again without preconditioner ...
n     Energy            log10(ΔE)   log10(Δρ)   Δtime 
---   ---------------   ---------   ---------   ------
  1   -22.18669851024                   -0.99    76.3s
    ‖ρε - ρref‖ = 0.03236050027835623 ‖Δρ‖ = 0.032360695539670796  ‖vε - vref‖ = 6.319611550129472  α = 9.83e-5
  2   -22.18669870319       -6.71        0.07    64.0s
    ‖ρε - ρref‖ = 0.5927791658176286 ‖Δρ‖ = 0.5927846291599694  ‖vε - vref‖ = 6.267626131626125  α = 7.98e-7
  3   -22.18669870319      -13.67        0.06     135s
    ‖ρε - ρref‖ = 0.5748500283017751 ‖Δρ‖ = 0.5748553672119764  ‖vε - vref‖ = 6.267626130923754  α = 2.64e-14
  4   -22.18669870319   +    -Inf        0.07    67.9s
    ‖ρε - ρref‖ = 0.5800061059291605 ‖Δρ‖ = 0.5800113613838089  ‖vε - vref‖ = 6.267626130923747  α = 0.0
  5   -22.18669870319   +  -14.45       -1.21    74.4s
    ‖ρε - ρref‖ = 0.024086447001282898 ‖Δρ‖ = 0.02409013934826731  ‖vε - vref‖ = 6.267626130923748  α = 0.0
  6   -22.18669870319   +    -Inf       -1.21     139s
    ‖ρε - ρref‖ = 0.024086447001263195 ‖Δρ‖ = 0.024090139348247743  ‖vε - vref‖ = 6.267626130907197  α = 4.4e-14
  7   -22.18669870319      -14.45        0.07     172s
    ‖ρε - ρref‖ = 0.5828035786280565 ‖Δρ‖ = 0.5828088735072691  ‖vε - vref‖ = 6.267626130766612  α = 3.17e-15
  8   -22.18669870319   +  -14.15        0.07    69.4s
    ‖ρε - ρref‖ = 0.5819395437881624 ‖Δρ‖ = 0.58194482854754  ‖vε - vref‖ = 6.2676261307659535  α = 0.0
  9   -22.18669870319      -14.45       -1.21     116s
    ‖ρε - ρref‖ = 0.024086447121097285 ‖Δρ‖ = 0.02409013946811317  ‖vε - vref‖ = 6.267626130761133  α = 1.05e-14
 10   -22.18669870319   +  -14.45        0.07    67.2s
    ‖ρε - ρref‖ = 0.5825038065154966 ‖Δρ‖ = 0.5825091165828818  ‖vε - vref‖ = 6.267626130760933  α = 0.0
 11   -22.18669870319   +    -Inf       -1.21     140s
    ‖ρε - ρref‖ = 0.024086447118907235 ‖Δρ‖ = 0.02409013946592339  ‖vε - vref‖ = 6.26762613074278  α = 5.2e-14
 12   -22.18669870319      -14.45        0.07     116s
    ‖ρε - ρref‖ = 0.5835504978865104 ‖Δρ‖ = 0.5835558135770417  ‖vε - vref‖ = 6.267626130580079  α = 1.01e-15
 13   -22.18669870319   +  -14.45        0.07    66.2s
    ‖ρε - ρref‖ = 0.5830384927776653 ‖Δρ‖ = 0.5830437827725651  ‖vε - vref‖ = 6.267626130580907  α = 0.0
 14   -22.18669870319   +    -Inf       -1.21     161s
    ‖ρε - ρref‖ = 0.024086447259340255 ‖Δρ‖ = 0.024090139606389477  ‖vε - vref‖ = 6.2676261305781  α = 9.2e-15
 15   -22.18669870319   +    -Inf        0.07    63.9s
    ‖ρε - ρref‖ = 0.5832599269934451 ‖Δρ‖ = 0.5832652605368343  ‖vε - vref‖ = 6.267626130578129  α = 0.0

#-- ‖ρε - ρref‖ = 2.089308416465451e-5 vs. 3.162277660168379e-8 = δ*ε ‖vε - vref‖ = 6.267626130578129  Qε=0.8964390417170165


# --- ε=1.778279410038923e-6

n     Energy            log10(ΔE)   log10(Δρ)   Δtime 
---   ---------------   ---------   ---------   ------
  1   -22.18664074282                   -0.90    16.2s
    ‖ρε - ρref‖ = 0.08148169424323504 ‖Δρ‖ = 0.0814762912659387  ‖vε - vref‖ = 11.359568119262683  α = 3.09e-5
  2   -22.18664110355       -6.44       -1.42    76.1s
    ‖ρε - ρref‖ = 0.015684023672881412 ‖Δρ‖ = 0.01568334633567855  ‖vε - vref‖ = 11.298801639381956  α = 6.95e-5
  3   -22.18664110355      -13.75       -0.26     127s
    ‖ρε - ρref‖ = 0.25518323989463 ‖Δρ‖ = 0.25518544646084573  ‖vε - vref‖ = 11.298801636738727  α = 2.73e-13
  4   -22.18664110355   +  -14.45       -0.23    66.4s
    ‖ρε - ρref‖ = 0.2803954129701391 ‖Δρ‖ = 0.2803977349009139  ‖vε - vref‖ = 11.298801636734957  α = 0.0
  5   -22.18664135457       -6.60       -1.39    25.0s
    ‖ρε - ρref‖ = 0.02502725657985944 ‖Δρ‖ = 0.025023640171481794  ‖vε - vref‖ = 11.24923038497779  α = 7.73e-5
  6   -22.18664135457      -13.60       -0.53     170s
    ‖ρε - ρref‖ = 0.1365195971193444 ‖Δρ‖ = 0.13652059278263076  ‖vε - vref‖ = 11.24923038405418  α = 4.94e-13
  7   -22.18664135457   +    -Inf       -0.23    66.6s
    ‖ρε - ρref‖ = 0.27966193590052596 ‖Δρ‖ = 0.27966358885341164  ‖vε - vref‖ = 11.249230384060475  α = 0.0
  8   -22.18664163928       -6.55       -1.46    63.3s
    ‖ρε - ρref‖ = 0.020189236992741055 ‖Δρ‖ = 0.02019302835109515  ‖vε - vref‖ = 11.219603496945751  α = 4.2e-5
  9   -22.18664163928      -14.15       -0.41     143s
    ‖ρε - ρref‖ = 0.1804452327455158 ‖Δρ‖ = 0.18044687113143834  ‖vε - vref‖ = 11.219603495452013  α = 6.22e-13
 10   -22.18664163928   +  -14.15       -0.23    67.4s
    ‖ρε - ρref‖ = 0.27878449285386725 ‖Δρ‖ = 0.27878644698825944  ‖vε - vref‖ = 11.219603495452937  α = 0.0
 11   -22.18664163928      -14.45       -2.16     143s
    ‖ρε - ρref‖ = 0.0027667356010956648 ‖Δρ‖ = 0.002766155216673477  ‖vε - vref‖ = 11.219603495442378  α = 1.52e-13
 12   -22.18664163928   +    -Inf       -0.22    64.4s
    ‖ρε - ρref‖ = 0.2831440953349236 ‖Δρ‖ = 0.28314607095830624  ‖vε - vref‖ = 11.219603495440285  α = 0.0
 13   -22.18664163928      -14.15       -2.16     167s
    ‖ρε - ρref‖ = 0.0027667355993755307 ‖Δρ‖ = 0.002766155214947196  ‖vε - vref‖ = 11.219603495439936  α = 4.66e-16
 14   -22.18664163928   +  -13.85       -0.22    64.7s
    ‖ρε - ρref‖ = 0.282633940386186 ‖Δρ‖ = 0.2826358999111854  ‖vε - vref‖ = 11.219603495446185  α = 0.0
 15   -22.18664163928   +    -Inf       -2.16     177s
    ‖ρε - ρref‖ = 0.0027667355961986557 ‖Δρ‖ = 0.002766155211756904  ‖vε - vref‖ = 11.219603495440934  α = 6.11e-14
 16   -22.18664163928      -13.67       -0.22    96.9s
    ‖ρε - ρref‖ = 0.280605684572522 ‖Δρ‖ = 0.2806076113017887  ‖vε - vref‖ = 11.219603495345364  α = 1.4e-15
 17   -22.18664163928   +  -14.15       -0.23    74.3s
    ‖ρε - ρref‖ = 0.2803844001049778 ‖Δρ‖ = 0.2803863191303852  ‖vε - vref‖ = 11.219603495344721  α = 0.0
 18   -22.18664163928      -14.15       -2.16     109s
    ‖ρε - ρref‖ = 0.002766735614751159 ‖Δρ‖ = 0.00276615523038984  ‖vε - vref‖ = 11.219603495344499  α = 1.3e-14
 19   -22.18664163928   +  -14.15       -0.23    71.0s
    ‖ρε - ρref‖ = 0.2760344030341281 ‖Δρ‖ = 0.27603628048401413  ‖vε - vref‖ = 11.219603495343387  α = 0.0
 20   -22.18664163928      -14.15       -2.16     210s
    ‖ρε - ρref‖ = 0.002766735614900171 ‖Δρ‖ = 0.0027661552305394722  ‖vε - vref‖ = 11.219603495343355  α = 3.89e-15
 21   -22.18664163928   +  -13.97       -0.22    74.1s
    ‖ρε - ρref‖ = 0.28203301906861117 ‖Δρ‖ = 0.28203497426944096  ‖vε - vref‖ = 11.219603495343392  α = 0.0
 22   -22.18664163928      -14.15       -2.16     181s
    ‖ρε - ρref‖ = 0.00276673561451426 ‖Δρ‖ = 0.0027661552301520716  ‖vε - vref‖ = 11.21960349534205  α = 1.7e-14
 23   -22.18664163928   +    -Inf       -0.22    71.5s
    ‖ρε - ρref‖ = 0.2822057390123423 ‖Δρ‖ = 0.2822076754109539  ‖vε - vref‖ = 11.219603495343511  α = 0.0
 24   -22.18664163928   +    -Inf       -2.16    77.0s
    ‖ρε - ρref‖ = 0.002766735613880738 ‖Δρ‖ = 0.002766155229516156  ‖vε - vref‖ = 11.219603495342378  α = 0.0
Trying again without preconditioner ...
n     Energy            log10(ΔE)   log10(Δρ)   Δtime 
---   ---------------   ---------   ---------   ------
  1   -22.18664215777                   -0.71    84.3s
    ‖ρε - ρref‖ = 0.08378846119850573 ‖Δρ‖ = 0.08379059973788712  ‖vε - vref‖ = 11.13375025849033  α = 5.68e-5
  2   -22.18664215957       -8.75        0.07    89.7s
    ‖ρε - ρref‖ = 0.5853945820781317 ‖Δρ‖ = 0.5853977272076022  ‖vε - vref‖ = 11.12917455676836  α = 2.78e-8
  3   -22.18664215957      -13.97        0.07     106s
    ‖ρε - ρref‖ = 0.5783165809864811 ‖Δρ‖ = 0.5783196611940831  ‖vε - vref‖ = 11.129174556740683  α = 5.11e-16
  4   -22.18664215957   +    -Inf        0.07    74.5s
    ‖ρε - ρref‖ = 0.5803252063255218 ‖Δρ‖ = 0.5803282617786136  ‖vε - vref‖ = 11.129174556740058  α = 0.0
  5   -22.18664215957   +  -14.15       -0.86    76.4s
    ‖ρε - ρref‖ = 0.060585477983460784 ‖Δρ‖ = 0.06058789126689243  ‖vε - vref‖ = 11.129174556741107  α = 0.0
  6   -22.18664215957      -14.45       -0.86     160s
    ‖ρε - ρref‖ = 0.06058547798082318 ‖Δρ‖ = 0.060587891264254595  ‖vε - vref‖ = 11.129174556732265  α = 1.02e-14
  7   -22.18664215957   +  -13.97        0.07    71.6s
    ‖ρε - ρref‖ = 0.5843791868334273 ‖Δρ‖ = 0.584382296561615  ‖vε - vref‖ = 11.1291745567322  α = 0.0
  8   -22.18664215957      -13.85       -0.86     126s
    ‖ρε - ρref‖ = 0.060585477982450175 ‖Δρ‖ = 0.0605878912658699  ‖vε - vref‖ = 11.129174555888527  α = 8.04e-13
  9   -22.18664215957   +  -14.45        0.07    65.0s
    ‖ρε - ρref‖ = 0.5839623108085817 ‖Δρ‖ = 0.5839654215098358  ‖vε - vref‖ = 11.129174555888326  α = 0.0
 10   -22.18664215957      -14.45       -0.86     176s
    ‖ρε - ρref‖ = 0.06058547878208976 ‖Δρ‖ = 0.060587892065510116  ‖vε - vref‖ = 11.129174554459789  α = 1.37e-12
 11   -22.18664215957   +  -14.15        0.07    64.8s
    ‖ρε - ρref‖ = 0.5839681486767235 ‖Δρ‖ = 0.5839712580951699  ‖vε - vref‖ = 11.129174554459693  α = 0.0
 12   -22.18664215957      -13.97       -0.86     190s
    ‖ρε - ρref‖ = 0.06058548010026235 ‖Δρ‖ = 0.060587893383712906  ‖vε - vref‖ = 11.129174554421455  α = 3.59e-14
 13   -22.18664215957   +  -13.97        0.07    69.0s
    ‖ρε - ρref‖ = 0.582792046917556 ‖Δρ‖ = 0.5827951519874673  ‖vε - vref‖ = 11.129174554423427  α = 0.0
 14   -22.18664215957      -14.45       -0.86     191s
    ‖ρε - ρref‖ = 0.060585480125074614 ‖Δρ‖ = 0.06058789340852554  ‖vε - vref‖ = 11.129174554413662  α = 1.17e-14
 15   -22.18664215957   +  -14.15        0.07    63.4s
    ‖ρε - ρref‖ = 0.5865408323023161 ‖Δρ‖ = 0.5865439632248929  ‖vε - vref‖ = 11.12917455441386  α = 0.0
 16   -22.18664215957      -13.97       -0.86     186s
    ‖ρε - ρref‖ = 0.06058548012865934 ‖Δρ‖ = 0.0605878934120951  ‖vε - vref‖ = 11.129174553306646  α = 1.06e-12
 17   -22.18664215957   +  -14.15        0.07    72.7s
    ‖ρε - ρref‖ = 0.583991398991229 ‖Δρ‖ = 0.5839945093173261  ‖vε - vref‖ = 11.129174553306736  α = 0.0
 18   -22.18664215957      -14.45       -0.86     119s
    ‖ρε - ρref‖ = 0.06058548116345641 ‖Δρ‖ = 0.06058789444691685  ‖vε - vref‖ = 11.12917455329149  α = 1.63e-14
 19   -22.18664215957   +    -Inf        0.07    65.4s
    ‖ρε - ρref‖ = 0.5844057831148707 ‖Δρ‖ = 0.5844088966484334  ‖vε - vref‖ = 11.129174553291495  α = 0.0
 20   -22.18664215957   +    -Inf       -0.86     112s
    ‖ρε - ρref‖ = 0.06058548117342255 ‖Δρ‖ = 0.06058789445688313  ‖vε - vref‖ = 11.129174553291445  α = 1.71e-16

#-- ‖ρε - ρref‖ = 1.9423519241790132e-5 vs. 1.7782794100389228e-8 = δ*ε ‖vε - vref‖ = 11.129174553291445  Qε=0.8992634180757335


# --- ε=1.0e-6

n     Energy            log10(ΔE)   log10(Δρ)   Δtime 
---   ---------------   ---------   ---------   ------
  1   -22.18655490373                   -0.89    15.7s
    ‖ρε - ρref‖ = 0.08186883620488794 ‖Δρ‖ = 0.08186661743591621  ‖vε - vref‖ = 19.90305407350175  α = 2.75e-5
  2   -22.18655495279       -7.31       -0.80    74.1s
    ‖ρε - ρref‖ = 0.07383998401598765 ‖Δρ‖ = 0.07384036082575009  ‖vε - vref‖ = 19.883456587202176  α = 9.33e-6
  3   -22.18655495279      -13.97       -0.22     168s
    ‖ρε - ρref‖ = 0.27991253872075605 ‖Δρ‖ = 0.27991358497375185  ‖vε - vref‖ = 19.883456585217374  α = 2.82e-14
  4   -22.18655495279   +    -Inf       -0.22    73.8s
    ‖ρε - ρref‖ = 0.2812441001705828 ‖Δρ‖ = 0.2812451469766969  ‖vε - vref‖ = 19.88345658521803  α = 0.0
  5   -22.18655496749       -7.83       -1.62    81.3s
    ‖ρε - ρref‖ = 0.012688786009606429 ‖Δρ‖ = 0.012690208703196166  ‖vε - vref‖ = 19.879017704175162  α = 1.26e-5
  6   -22.18655496749      -14.15       -0.23     146s
    ‖ρε - ρref‖ = 0.28000087520765116 ‖Δρ‖ = 0.28000198113892055  ‖vε - vref‖ = 19.879017699118915  α = 7.82e-14
  7   -22.18655496749   +  -14.15       -0.22    78.7s
    ‖ρε - ρref‖ = 0.2805959585383835 ‖Δρ‖ = 0.28059703473737657  ‖vε - vref‖ = 19.87901769911858  α = 0.0
  8   -22.18655496749      -14.15       -1.76     154s
    ‖ρε - ρref‖ = 0.008366497854703425 ‖Δρ‖ = 0.00836730027981064  ‖vε - vref‖ = 19.87901769911647  α = 2.45e-14
  9   -22.18655496749   +    -Inf       -0.22    69.0s
    ‖ρε - ρref‖ = 0.28173848575487864 ‖Δρ‖ = 0.2817396034613577  ‖vε - vref‖ = 19.879017699116517  α = 0.0
 10   -22.18655496749   +    -Inf       -1.76     108s
    ‖ρε - ρref‖ = 0.008366497849565543 ‖Δρ‖ = 0.008367300274671413  ‖vε - vref‖ = 19.879017699115757  α = 1.63e-15
Trying again without preconditioner ...
n     Energy            log10(ΔE)   log10(Δρ)   Δtime 
---   ---------------   ---------   ---------   ------
  1   -22.18655587016                   -0.39    76.6s
    ‖ρε - ρref‖ = 0.19334482240720519 ‖Δρ‖ = 0.19334669739494512  ‖vε - vref‖ = 19.76414103407951  α = 3.84e-5
  2   -22.18655611251       -6.62        0.07    76.2s
    ‖ρε - ρref‖ = 0.588641201834195 ‖Δρ‖ = 0.5886429657245461  ‖vε - vref‖ = 19.69980215421614  α = 7.08e-8
  3   -22.18655611251      -14.45        0.07     139s
    ‖ρε - ρref‖ = 0.579477842638426 ‖Δρ‖ = 0.579479565371533  ‖vε - vref‖ = 19.69980215325009  α = 5.14e-15
  4   -22.18655611251   +    -Inf        0.07    58.3s
    ‖ρε - ρref‖ = 0.5806547241712978 ‖Δρ‖ = 0.5806564346581219  ‖vε - vref‖ = 19.69980215324888  α = 0.0
  5   -22.18655611251   +    -Inf       -0.46     180s
    ‖ρε - ρref‖ = 0.16836243296418157 ‖Δρ‖ = 0.16836405990666362  ‖vε - vref‖ = 19.699802153246896  α = 2.78e-15

#-- ‖ρε - ρref‖ = 1.874474762893265e-5 vs. 1.0e-8 = δ*ε ‖vε - vref‖ = 19.699802153246896  Qε=0.9106873871346193

|v-vref|h1 = [1.2155203691483318, 2.030498499746828, 3.5599578718691114, 6.26762613057813, 11.129174553291447, 19.699802153246896]
|v-vref|l2 = [0.31506152157737766, 0.5395508450571257, 0.9536527730018576, 1.6896548663349178, 3.003854449957951, 5.324781310580591]
────────────────────────────────────────────────────────────────────────────────────────────
                                                   Time                    Allocations      
                                          ───────────────────────   ────────────────────────
            Tot / % measured:                  5.40h /  75.6%           18.5TiB /  49.0%    

Section                           ncalls     time    %tot     avg     alloc    %tot      avg
────────────────────────────────────────────────────────────────────────────────────────────
compute_density                    6.04k    1.73h   42.5%   1.03s   4.53TiB   50.0%   786MiB
  symmetrize_ρ                     6.04k    1.58h   38.8%   944ms   3.06TiB   33.8%   531MiB
DftHamiltonian multiplication       328k    1.33h   32.5%  14.6ms    688GiB    7.4%  2.15MiB
  nonlocal                          328k    3452s   23.5%  10.5ms   39.5GiB    0.4%   126KiB
energy_hamiltonian                 5.84k    3598s   24.5%   616ms   3.74TiB   41.3%   671MiB
  ene_ops                          5.84k    3088s   21.0%   529ms   1.15TiB   12.7%   207MiB
    ene_ops: nonlocal              5.84k    1764s   12.0%   302ms   45.3GiB    0.5%  7.94MiB
    ene_ops: external_Hartree      5.84k     618s    4.2%   106ms    475GiB    5.1%  83.3MiB
    ene_ops: dualmap               5.84k     584s    4.0%   100ms    521GiB    5.6%  91.3MiB
    ene_ops: kinetic               5.84k    70.3s    0.5%  12.0ms   1.02GiB    0.0%   183KiB
    ene_ops: hartree               5.84k    42.9s    0.3%  7.34ms    114GiB    1.2%  20.0MiB
    ene_ops: local                 5.84k    6.90s    0.0%  1.18ms   23.0GiB    0.2%  4.04MiB
ortho_qr                           11.5k    44.4s    0.3%  3.87ms   85.4GiB    0.9%  7.61MiB
PlaneWaveBasis                         6    16.5s    0.1%   2.75s   22.1GiB    0.2%  3.69GiB
  Instantiation AtomicNonlocal         6    12.1s    0.1%   2.02s   17.2GiB    0.2%  2.87GiB
  Instantiation ExternalHartree        6    1.91s    0.0%   318ms    732MiB    0.0%   122MiB
  Instantiation AtomicLocal            6    1.12s    0.0%   187ms    770MiB    0.0%   128MiB
    enforce_real!                      6   8.21ms    0.0%  1.37ms   2.25KiB    0.0%     384B
  Instantiation DualMap                6    592ms    0.0%  98.6ms    492MiB    0.0%  82.0MiB
  build_kpoints                        6    457ms    0.0%  76.1ms   2.47GiB    0.0%   422MiB
  Instantiation Hartree                6    172ms    0.0%  28.6ms   26.4MiB    0.0%  4.40MiB
    enforce_real!                      6   7.25ms    0.0%  1.21ms   2.53KiB    0.0%     432B
  Instantiation Kinetic                6   65.3ms    0.0%  10.9ms    280MiB    0.0%  46.6MiB
  Instantiation Ewald                  6   28.7ms    0.0%  4.79ms   18.1KiB    0.0%  3.02KiB
    precomp: Ewald                     6   28.6ms    0.0%  4.76ms   12.5KiB    0.0%  2.08KiB
  _check_kpoint_reduction              6   15.2ms    0.0%  2.53ms     0.00B    0.0%    0.00B
  Instantiation PspCorrection          6    229μs    0.0%  38.2μs   2.44KiB    0.0%     416B
load_scfres                            1    12.3s    0.1%   12.3s   5.98GiB    0.1%  5.98GiB
  energy_hamiltonian                   1    3.49s    0.0%   3.49s    739MiB    0.0%   739MiB
    ene_ops                            1    3.33s    0.0%   3.33s    383MiB    0.0%   383MiB
      ene_ops: xc                      1    2.12s    0.0%   2.12s    327MiB    0.0%   327MiB
      ene_ops: nonlocal                1    300ms    0.0%   300ms   9.42MiB    0.0%  9.42MiB
      ene_ops: kinetic                 1   43.1ms    0.0%  43.1ms    234KiB    0.0%   234KiB
      ene_ops: hartree                 1   25.3ms    0.0%  25.3ms   20.0MiB    0.0%  20.0MiB
      ene_ops: local                   1    250μs    0.0%   250μs   4.04MiB    0.0%  4.04MiB
  Instantiation AtomicNonlocal         1    2.84s    0.0%   2.84s   2.93GiB    0.0%  2.93GiB
  Instantiation Xc                     1    1.03s    0.0%   1.03s    201MiB    0.0%   201MiB
    enforce_real!                      1   1.30ms    0.0%  1.30ms      384B    0.0%     384B
  Instantiation AtomicLocal            1    334ms    0.0%   334ms    127MiB    0.0%   127MiB
    enforce_real!                      1   1.30ms    0.0%  1.30ms      384B    0.0%     384B
  build_kpoints                        1    174ms    0.0%   174ms    422MiB    0.0%   422MiB
  Instantiation Ewald                  1   71.9ms    0.0%  71.9ms   18.4MiB    0.0%  18.4MiB
    precomp: Ewald                     1   4.64ms    0.0%  4.64ms   3.16KiB    0.0%  3.16KiB
  Instantiation Kinetic                1   22.3ms    0.0%  22.3ms   46.6MiB    0.0%  46.6MiB
  Instantiation PspCorrection          1   21.7ms    0.0%  21.7ms   2.76MiB    0.0%  2.76MiB
  Instantiation Hartree                1   17.4ms    0.0%  17.4ms   9.19MiB    0.0%  9.19MiB
    enforce_real!                      1   1.21ms    0.0%  1.21ms      432B    0.0%     432B
  _check_kpoint_reduction              1   2.53ms    0.0%  2.53ms     0.00B    0.0%    0.00B
save_scfres                            2    6.51s    0.0%   3.25s    656MiB    0.0%   328MiB
symmetry_operations                    6   59.9ms    0.0%  10.0ms   9.83MiB    0.0%  1.64MiB
  _check_symmetries                    6    807μs    0.0%   134μs   1.12MiB    0.0%   192KiB
────────────────────────────────────────────────────────────────────────────────────────────
