
DFTK Version      0.7.20
Julia Version     1.12.4
libxc Version     7.0.0
FFTW.jl provider  fftw v3.3.10

BLAS.get_config()
  LinearAlgebra.BLAS.LBTConfig
  Libraries: 
  └ [ILP64] libopenblas64_.so

MPI.versioninfo()
  MPIPreferences:
    binary:  MPICH_jll
    abi:     MPICH
  
  Package versions
    MPI.jl:             0.20.23
    MPIPreferences.jl:  0.1.11
    MPICH_jll:          4.3.2+0
  
  Library information:
    libmpi:  /data/vebak3345/.julia/artifacts/117d9048128625bb3418b0b4cca48739c5d28740/lib/libmpi.so
    libmpi dlpath:  /data/vebak3345/.julia/artifacts/117d9048128625bb3418b0b4cca48739c5d28740/lib/libmpi.so
    MPI version:  4.1.0
    Library version:  
      MPICH Version:      4.3.1
      MPICH Release date: Fri Jun 20 09:24:41 AM CDT 2025
      MPICH ABI:          17:1:5
      MPICH Device:       ch3:nemesis
      MPICH configure:    --build=x86_64-linux-musl --disable-dependency-tracking --disable-doc --enable-fast=ndebug,O3 --enable-static=no --host=x86_64-linux-gnu --prefix=/workspace/destdir --with-device=ch3 --with-hwloc=/workspace/destdir
      MPICH CC:           cc     -DNDEBUG -DNVALGRIND -O3
      MPICH CXX:          c++   -DNDEBUG -DNVALGRIND -O3
      MPICH F77:          gfortran   -O3
      MPICH FC:           gfortran   -O3
      MPICH features:     
      
    MPI launcher: /data/vebak3345/.julia/artifacts/117d9048128625bb3418b0b4cca48739c5d28740/bin/mpiexec
    MPI launcher path: /data/vebak3345/.julia/artifacts/117d9048128625bb3418b0b4cca48739c5d28740/bin/mpiexec
  


truncated grid size:(45, 45, 45)
‖ρref - ρorig‖H-1 = 4.56055825825785e-5
‖ρref - ρorig‖L2  = 0.0002784447548053744

# --- ε=1.0

n     Energy            log10(ΔE)   log10(Δρ)   Δtime 
---   ---------------   ---------   ---------   ------
  1   -20.26172806880                   -0.78    18.0s
    ‖ρε - ρref‖ = 0.000587765048740578 ‖Δρ‖ = 0.10656040730820188  ‖vε - vref‖ = 4.912416210244792  α = 1.0
  2   -20.28828823733       -1.58       -1.23    7.21s
    ‖ρε - ρref‖ = 0.10592368650297025 ‖Δρ‖ = 0.0352873625591129  ‖vε - vref‖ = 4.855260982002603  α = 1.0
  3   -20.30568166091       -1.76       -1.93    5.79s
    ‖ρε - ρref‖ = 0.13946208116538422 ‖Δρ‖ = 0.006711905897294079  ‖vε - vref‖ = 4.843727928599148  α = 1.0
  4   -20.30902460995       -2.48       -2.04    6.09s
    ‖ρε - ρref‖ = 0.14560836687565284 ‖Δρ‖ = 0.00534408768853336  ‖vε - vref‖ = 4.852407748966003  α = 1.0

#-- ‖ρε - ρref‖ = 0.1396110661113422 vs. 0.01 = δ*ε ‖vε - vref‖ = 4.854741739154584  Qε=0.10093261269277014


# --- ε=0.5623413251903491

n     Energy            log10(ΔE)   log10(Δρ)   Δtime 
---   ---------------   ---------   ---------   ------
  1   -20.29972041449                   -2.31    15.6s
    ‖ρε - ρref‖ = 0.1414138685152999 ‖Δρ‖ = 0.003095399502280914  ‖vε - vref‖ = 4.6722966620603215  α = 0.41
  2   -20.29997946090       -3.59       -2.39    6.80s
    ‖ρε - ρref‖ = 0.1383525331043218 ‖Δρ‖ = 0.0025488334374603656  ‖vε - vref‖ = 4.680015972483683  α = 1.0

#-- ‖ρε - ρref‖ = 0.13525865482800797 vs. 0.005623413251903491 = δ*ε ‖vε - vref‖ = 4.681816600783078  Qε=0.09795957372596054


# --- ε=0.31622776601683794

n     Energy            log10(ΔE)   log10(Δρ)   Δtime 
---   ---------------   ---------   ---------   ------
  1   -20.27840397025                   -1.99    12.0s
    ‖ρε - ρref‖ = 0.13525879134460558 ‖Δρ‖ = 0.006477860057285887  ‖vε - vref‖ = 4.398199404266203  α = 1.0
  2   -20.27865227823       -3.61       -2.14    8.88s
    ‖ρε - ρref‖ = 0.13144404136195856 ‖Δρ‖ = 0.004633865052296186  ‖vε - vref‖ = 4.408953215864233  α = 0.428
  3   -20.27872411861       -4.14       -2.98    5.92s
    ‖ρε - ρref‖ = 0.12681596532678086 ‖Δρ‖ = 0.0006320128453363327  ‖vε - vref‖ = 4.412252518105645  α = 1.0
  4   -20.27875804084       -4.47       -3.37    6.08s
    ‖ρε - ρref‖ = 0.12620644748354512 ‖Δρ‖ = 0.0001821377949603994  ‖vε - vref‖ = 4.41237326243566  α = 1.0

#-- ‖ρε - ρref‖ = 0.1262031631066666 vs. 0.0031622776601683794 = δ*ε ‖vε - vref‖ = 4.412139769102537  Qε=0.0795426023663444


# --- ε=0.1778279410038923

n     Energy            log10(ΔE)   log10(Δρ)   Δtime 
---   ---------------   ---------   ---------   ------
  1   -20.24679780126                   -1.71    12.6s
    ‖ρε - ρref‖ = 0.1262040399464365 ‖Δρ‖ = 0.01232830760803649  ‖vε - vref‖ = 4.007837949039332  α = 1.0
  2   -20.24708021463       -3.55       -2.41    5.53s
    ‖ρε - ρref‖ = 0.11388950119329708 ‖Δρ‖ = 0.0022167140238757974  ‖vε - vref‖ = 4.026368117203122  α = 1.0
  3   -20.24726554574       -3.73       -2.94    6.04s
    ‖ρε - ρref‖ = 0.11183631240516803 ‖Δρ‖ = 0.0006327313882870659  ‖vε - vref‖ = 4.03214895995909  α = 1.0
  4   -20.24733029725       -4.19       -3.12    6.11s
    ‖ρε - ρref‖ = 0.11125413513629466 ‖Δρ‖ = 0.00037696493807237757  ‖vε - vref‖ = 4.029632762581355  α = 1.0

#-- ‖ρε - ρref‖ = 0.11162360777195572 vs. 0.001778279410038923 = δ*ε ‖vε - vref‖ = 4.028267230197449  Qε=0.0537155596082259


# --- ε=0.1

n     Energy            log10(ΔE)   log10(Δρ)   Δtime 
---   ---------------   ---------   ---------   ------
  1   -20.20522097724                   -1.51    12.0s
    ‖ρε - ρref‖ = 0.11162716374964858 ‖Δρ‖ = 0.019530173813429006  ‖vε - vref‖ = 3.548780223901913  α = 1.0
  2   -20.20578218488       -3.25       -2.50    6.50s
    ‖ρε - ρref‖ = 0.09211816889056797 ‖Δρ‖ = 0.0014704931883132157  ‖vε - vref‖ = 3.539684683677755  α = 1.0
  3   -20.20625011128       -3.33       -2.59    7.18s
    ‖ρε - ρref‖ = 0.09248386482687146 ‖Δρ‖ = 0.0014716961459823727  ‖vε - vref‖ = 3.5176950863970213  α = 1.0
  4   -20.20636896776       -3.92       -2.76    6.60s
    ‖ρε - ρref‖ = 0.09389814113381494 ‖Δρ‖ = 0.0010042746174549573  ‖vε - vref‖ = 3.532656738415387  α = 1.0
  5   -20.20647953574       -3.96       -2.80    6.97s
    ‖ρε - ρref‖ = 0.09300429804747652 ‖Δρ‖ = 0.00086773159868992  ‖vε - vref‖ = 3.5445701146104356  α = 1.0
  6   -20.20651237944       -4.48       -3.30    7.25s
    ‖ρε - ρref‖ = 0.09218917225967099 ‖Δρ‖ = 0.00027665270883154035  ‖vε - vref‖ = 3.540787398098387  α = 1.0

#-- ‖ρε - ρref‖ = 0.09258641677798651 vs. 0.001 = δ*ε ‖vε - vref‖ = 3.5383589729078273  Qε=0.017222257699502894


# --- ε=0.05623413251903491

n     Energy            log10(ΔE)   log10(Δρ)   Δtime 
---   ---------------   ---------   ---------   ------
  1   -20.15568748186                   -1.34    13.3s
    ‖ρε - ρref‖ = 0.09259818996198596 ‖Δρ‖ = 0.02912089561761539  ‖vε - vref‖ = 3.2136277166694773  α = 1.0
  2   -20.15954789915       -2.41       -1.89    6.63s
    ‖ρε - ρref‖ = 0.06350929011911283 ‖Δρ‖ = 0.008154618789408248  ‖vε - vref‖ = 2.9895633931685337  α = 1.0
  3   -20.15991232600       -3.44       -2.36    9.87s
    ‖ρε - ρref‖ = 0.0702206120132589 ‖Δρ‖ = 0.00237624711618084  ‖vε - vref‖ = 2.9665856859623245  α = 0.426
  4   -20.16002025983       -3.97       -2.90    6.28s
    ‖ρε - ρref‖ = 0.07238832993759223 ‖Δρ‖ = 0.0006819698575077823  ‖vε - vref‖ = 2.9830270720592056  α = 1.0
  5   -20.16009031477       -4.15       -2.79    6.57s
    ‖ρε - ρref‖ = 0.07177002836743558 ‖Δρ‖ = 0.0009102874380003628  ‖vε - vref‖ = 3.0042929439694643  α = 1.0
  6   -20.16010409540       -4.86       -3.54    6.10s
    ‖ρε - ρref‖ = 0.07090408029830017 ‖Δρ‖ = 0.00012682709465103366  ‖vε - vref‖ = 3.0040496550329  α = 1.0
  7   -20.16012230367       -4.74       -3.28    6.20s
    ‖ρε - ρref‖ = 0.07091435188677435 ‖Δρ‖ = 0.00030105902364853306  ‖vε - vref‖ = 2.996825809578535  α = 1.0

#-- ‖ρε - ρref‖ = 0.07122972989565471 vs. 0.0005623413251903491 = δ*ε ‖vε - vref‖ = 2.9961101044472813  Qε=0.02783695714035011


# --- ε=0.03162277660168379

n     Energy            log10(ΔE)   log10(Δρ)   Δtime 
---   ---------------   ---------   ---------   ------
  1   -20.11356101721                   -1.20    15.2s
    ‖ρε - ρref‖ = 0.09222222271259643 ‖Δρ‖ = 0.04020535037767639  ‖vε - vref‖ = 2.4353997061741866  α = 0.48
  2   -20.11420345330       -3.19       -2.39    6.62s
    ‖ρε - ρref‖ = 0.05205125622993141 ‖Δρ‖ = 0.0019283206035676055  ‖vε - vref‖ = 2.472464252064691  α = 1.0
  3   -20.11453100072       -3.48       -2.79    6.72s
    ‖ρε - ρref‖ = 0.05090885114206904 ‖Δρ‖ = 0.0006333547470582506  ‖vε - vref‖ = 2.4859428855837904  α = 1.0
  4   -20.11464448613       -3.95       -3.31    6.43s
    ‖ρε - ρref‖ = 0.05074102943988621 ‖Δρ‖ = 0.00023125589500596868  ‖vε - vref‖ = 2.480919595097284  α = 1.0
  5   -20.11468394564       -4.40       -3.24    6.50s
    ‖ρε - ρref‖ = 0.050821371626896726 ‖Δρ‖ = 0.0002394305303603034  ‖vε - vref‖ = 2.478629173271789  α = 1.0

#-- ‖ρε - ρref‖ = 0.050735960098259786 vs. 0.00031622776601683794 = δ*ε ‖vε - vref‖ = 2.4822590566166896  Qε=0.07863965294408642


# --- ε=0.01778279410038923

n     Energy            log10(ΔE)   log10(Δρ)   Δtime 
---   ---------------   ---------   ---------   ------
  1   -20.07549504430                   -1.09    15.2s
    ‖ρε - ρref‖ = 0.08575358603668498 ‖Δρ‖ = 0.051382937912872705  ‖vε - vref‖ = 2.021860136949906  α = 0.321
  2   -20.07594120653       -3.35       -2.49    6.69s
    ‖ρε - ρref‖ = 0.03444022010196446 ‖Δρ‖ = 0.001515669524074444  ‖vε - vref‖ = 2.0526593991895035  α = 1.0
  3   -20.07617478245       -3.63       -2.78    6.32s
    ‖ρε - ρref‖ = 0.03379167995888185 ‖Δρ‖ = 0.0006989615277511545  ‖vε - vref‖ = 2.0715862799390434  α = 1.0
  4   -20.07626969820       -4.02       -3.25    5.88s
    ‖ρε - ρref‖ = 0.033694526161887915 ‖Δρ‖ = 0.00026075145069154657  ‖vε - vref‖ = 2.060443595932269  α = 1.0
  5   -20.07629351129       -4.62       -3.17    5.62s
    ‖ρε - ρref‖ = 0.03376332489554686 ‖Δρ‖ = 0.0002936050867217717  ‖vε - vref‖ = 2.0555684584684037  α = 1.0
  6   -20.07632057969       -4.57       -3.53    6.19s
    ‖ρε - ρref‖ = 0.03375660673381221 ‖Δρ‖ = 0.0001267207554083619  ‖vε - vref‖ = 2.0631858874128737  α = 1.0
  7   -20.07632260935       -5.69       -3.59    6.57s
    ‖ρε - ρref‖ = 0.03370451185942443 ‖Δρ‖ = 0.00011111382000583658  ‖vε - vref‖ = 2.0649564372009683  α = 1.0

#-- ‖ρε - ρref‖ = 0.033706375831808154 vs. 0.0001778279410038923 = δ*ε ‖vε - vref‖ = 2.0628256645945027  Qε=0.13353596716371774


# --- ε=0.01

n     Energy            log10(ΔE)   log10(Δρ)   Δtime 
---   ---------------   ---------   ---------   ------
  1   -20.04718190088                   -1.01    15.7s
    ‖ρε - ρref‖ = 0.0826233628240275 ‖Δρ‖ = 0.061230769306189044  ‖vε - vref‖ = 1.712692439830566  α = 0.203
  2   -20.04737268038       -3.72       -2.55    5.83s
    ‖ρε - ρref‖ = 0.021523264804404967 ‖Δρ‖ = 0.0013275408474130383  ‖vε - vref‖ = 1.7503495600886463  α = 1.0
  3   -20.04755866673       -3.73       -2.72    5.64s
    ‖ρε - ρref‖ = 0.02122517103460887 ‖Δρ‖ = 0.0008569617066075079  ‖vε - vref‖ = 1.7661157086268897  α = 1.0
  4   -20.04759813412       -4.40       -2.90    5.96s
    ‖ρε - ρref‖ = 0.02119609253783143 ‖Δρ‖ = 0.000511460926388513  ‖vε - vref‖ = 1.7380438632921589  α = 1.0
  5   -20.04762733230       -4.53       -3.23    6.28s
    ‖ρε - ρref‖ = 0.021211705941681668 ‖Δρ‖ = 0.0002550708526648484  ‖vε - vref‖ = 1.7437299521306584  α = 1.0
  6   -20.04763126197       -5.41       -3.25    6.81s
    ‖ρε - ρref‖ = 0.02120831295823508 ‖Δρ‖ = 0.00022748698097358518  ‖vε - vref‖ = 1.755984877157454  α = 1.0
  7   -20.04763916658       -5.10       -3.42    7.10s
    ‖ρε - ρref‖ = 0.021195015231152425 ‖Δρ‖ = 0.00014985720686698774  ‖vε - vref‖ = 1.7505630777522847  α = 1.0
  8   -20.04764059901       -5.84       -3.77    10.4s
    ‖ρε - ρref‖ = 0.021184659550469498 ‖Δρ‖ = 6.903602717194932e-5  ‖vε - vref‖ = 1.74881605963866  α = 0.506
  9   -20.04764106842       -6.33       -4.02    5.83s
    ‖ρε - ρref‖ = 0.021187056966983146 ‖Δρ‖ = 3.6365632663392136e-5  ‖vε - vref‖ = 1.749704777573967  α = 1.0

#-- ‖ρε - ρref‖ = 0.021187753769528396 vs. 0.0001 = δ*ε ‖vε - vref‖ = 1.7505073146136951  Qε=0.1949536945142446


# --- ε=0.005623413251903491

n     Energy            log10(ΔE)   log10(Δρ)   Δtime 
---   ---------------   ---------   ---------   ------
  1   -20.02787214704                   -0.96    16.2s
    ‖ρε - ρref‖ = 0.08157965322128179 ‖Δρ‖ = 0.06880461717652131  ‖vε - vref‖ = 1.4689080131574166  α = 0.123
  2   -20.02803501647       -3.79       -2.49    9.57s
    ‖ρε - ρref‖ = 0.0131181942114855 ‖Δρ‖ = 0.0014538692396601782  ‖vε - vref‖ = 1.5080849837438224  α = 0.493
  3   -20.02808184483       -4.33       -3.04    6.28s
    ‖ρε - ρref‖ = 0.0128852955181805 ‖Δρ‖ = 0.00037570772603645993  ‖vε - vref‖ = 1.5339111957501184  α = 1.0
  4   -20.02809048833       -5.06       -2.86    5.50s
    ‖ρε - ρref‖ = 0.012818418972842199 ‖Δρ‖ = 0.0005776589941450468  ‖vε - vref‖ = 1.5023942064152134  α = 1.0
  5   -20.02811516431       -4.61       -3.05    5.98s
    ‖ρε - ρref‖ = 0.012792673165947817 ‖Δρ‖ = 0.00035366433667339566  ‖vε - vref‖ = 1.5133974354668884  α = 1.0
  6   -20.02811768447       -5.60       -3.67    6.42s
    ‖ρε - ρref‖ = 0.01281738260971752 ‖Δρ‖ = 7.443562980033832e-5  ‖vε - vref‖ = 1.5172803474272543  α = 1.0
  7   -20.02811887282       -5.93       -4.10    7.22s
    ‖ρε - ρref‖ = 0.012815357302086374 ‖Δρ‖ = 3.420317436902848e-5  ‖vε - vref‖ = 1.5155903523010759  α = 1.0
  8   -20.02811927077       -6.40       -4.08    6.28s
    ‖ρε - ρref‖ = 0.012810206873933364 ‖Δρ‖ = 2.863806551647066e-5  ‖vε - vref‖ = 1.514623006795571  α = 1.0

#-- ‖ρε - ρref‖ = 0.012810777742676844 vs. 5.6234132519034914e-5 = δ*ε ‖vε - vref‖ = 1.5153972694462823  Qε=0.26282491968216054


# --- ε=0.0031622776601683794

n     Energy            log10(ΔE)   log10(Δρ)   Δtime 
---   ---------------   ---------   ---------   ------
  1   -20.01549329173                   -0.93    15.3s
    ‖ρε - ρref‖ = 0.0814347306514779 ‖Δρ‖ = 0.07400988265568374  ‖vε - vref‖ = 1.2628099762787415  α = 0.0724
  2   -20.01561831412       -3.90       -2.33    9.31s
    ‖ρε - ρref‖ = 0.00803237517364613 ‖Δρ‖ = 0.002022659855155425  ‖vε - vref‖ = 1.3126776635717483  α = 0.309
  3   -20.01564923230       -4.51       -3.22    5.63s
    ‖ρε - ρref‖ = 0.007601187752662843 ‖Δρ‖ = 0.00020494004499682547  ‖vε - vref‖ = 1.3314349257384241  α = 1.0
  4   -20.01565510327       -5.23       -3.28    5.74s
    ‖ρε - ρref‖ = 0.007560123775124332 ‖Δρ‖ = 0.00020747891895689838  ‖vε - vref‖ = 1.3250359272233834  α = 1.0
  5   -20.01565990362       -5.32       -3.12    9.37s
    ‖ρε - ρref‖ = 0.007560750182300683 ‖Δρ‖ = 0.0003275975446562352  ‖vε - vref‖ = 1.3165542143985782  α = 0.38
  6   -20.01566140529       -5.82       -3.59    6.55s
    ‖ρε - ρref‖ = 0.007554823848798565 ‖Δρ‖ = 8.962994511053297e-5  ‖vε - vref‖ = 1.3273731577123353  α = 1.0
  7   -20.01566304398       -5.79       -3.91    6.57s
    ‖ρε - ρref‖ = 0.007561032548042471 ‖Δρ‖ = 4.5390978297583883e-5  ‖vε - vref‖ = 1.3216178311626092  α = 1.0
  8   -20.01566320124       -6.80       -3.98    6.37s
    ‖ρε - ρref‖ = 0.007559542120294036 ‖Δρ‖ = 3.392088516353482e-5  ‖vε - vref‖ = 1.3210064953065905  α = 1.0
  9   -20.01566371445       -6.29       -4.26    6.39s
    ‖ρε - ρref‖ = 0.007556529265946681 ‖Δρ‖ = 1.788064981175675e-5  ‖vε - vref‖ = 1.3228988579661232  α = 1.0
 10   -20.01566378831       -7.13       -4.35    10.3s
    ‖ρε - ρref‖ = 0.007556842504500677 ‖Δρ‖ = 1.5496498042104914e-5  ‖vε - vref‖ = 1.322645819016502  α = 0.45

#-- ‖ρε - ρref‖ = 0.007557767453837527 vs. 3.1622776601683795e-5 = δ*ε ‖vε - vref‖ = 1.322361293217732  Qε=0.33966797228838796


# --- ε=0.0017782794100389228

n     Energy            log10(ΔE)   log10(Δρ)   Δtime 
---   ---------------   ---------   ---------   ------
  1   -20.00789232015                   -0.91    14.9s
    ‖ρε - ρref‖ = 0.08157133608096354 ‖Δρ‖ = 0.07732710591576829  ‖vε - vref‖ = 1.0841680293619624  α = 0.0419
  2   -20.00800881425       -3.93       -2.20    9.46s
    ‖ρε - ρref‖ = 0.005410135041107581 ‖Δρ‖ = 0.0026665100942066056  ‖vε - vref‖ = 1.1190234961388361  α = 0.189
  3   -20.00802065353       -4.93       -2.92    9.56s
    ‖ρε - ρref‖ = 0.004471591412099709 ‖Δρ‖ = 0.0004594475730361914  ‖vε - vref‖ = 1.1361066498608068  α = 0.325
  4   -20.00802737685       -5.17       -2.97    8.89s
    ‖ρε - ρref‖ = 0.004460181847459341 ‖Δρ‖ = 0.0004389259453161566  ‖vε - vref‖ = 1.154015383908399  α = 0.232
  5   -20.00803031943       -5.53       -3.61    6.01s
    ‖ρε - ρref‖ = 0.00440341248991011 ‖Δρ‖ = 8.263952925237603e-5  ‖vε - vref‖ = 1.1377573069127151  α = 1.0
  6   -20.00803325269       -5.53       -3.77    6.32s
    ‖ρε - ρref‖ = 0.004393516510265407 ‖Δρ‖ = 6.268842954053908e-5  ‖vε - vref‖ = 1.1458299104498257  α = 1.0
  7   -20.00803419149       -6.03       -3.67    9.12s
    ‖ρε - ρref‖ = 0.004392524476171838 ‖Δρ‖ = 7.780718175211841e-5  ‖vε - vref‖ = 1.1457280533136824  α = 0.447
  8   -20.00803437227       -6.74       -4.17    6.02s
    ‖ρε - ρref‖ = 0.004396854140302227 ‖Δρ‖ = 2.032597303953524e-5  ‖vε - vref‖ = 1.1435983511288805  α = 1.0
  9   -20.00803454795       -6.76       -4.26    6.87s
    ‖ρε - ρref‖ = 0.004397802627743466 ‖Δρ‖ = 1.7482681146363376e-5  ‖vε - vref‖ = 1.144329150417981  α = 1.0
 10   -20.00803458063       -7.49       -4.65    7.61s
    ‖ρε - ρref‖ = 0.004397135406413899 ‖Δρ‖ = 7.529947533955433e-6  ‖vε - vref‖ = 1.1438519415797141  α = 1.0

#-- ‖ρε - ρref‖ = 0.004396912479056462 vs. 1.778279410038923e-5 = δ*ε ‖vε - vref‖ = 1.1441552226933902  Qε=0.4277553110359155


# --- ε=0.001

n     Energy            log10(ΔE)   log10(Δρ)   Δtime 
---   ---------------   ---------   ---------   ------
  1   -20.00335019200                   -0.90    15.5s
    ‖ρε - ρref‖ = 0.08173601936574647 ‖Δρ‖ = 0.07933287913761325  ‖vε - vref‖ = 0.9338102652317121  α = 0.024
  2   -20.00345403130       -3.98       -2.11    8.76s
    ‖ρε - ρref‖ = 0.00437319627599361 ‖Δρ‖ = 0.0032091164651266366  ‖vε - vref‖ = 0.9189316719302772  α = 0.118
  3   -20.00346394683       -5.00       -2.69    10.0s
    ‖ρε - ρref‖ = 0.002735481788997629 ‖Δρ‖ = 0.0007847515262591516  ‖vε - vref‖ = 0.9388735169879066  α = 0.147
  4   -20.00346931208       -5.27       -2.84    9.10s
    ‖ρε - ρref‖ = 0.0026546238713740615 ‖Δρ‖ = 0.000546769107119079  ‖vε - vref‖ = 0.9682180066481995  α = 0.142
  5   -20.00347082403       -5.82       -3.78    6.85s
    ‖ρε - ρref‖ = 0.00254731052594129 ‖Δρ‖ = 5.351169329740806e-5  ‖vε - vref‖ = 0.9759910583448994  α = 1.0
  6   -20.00347251489       -5.77       -3.61    10.0s
    ‖ρε - ρref‖ = 0.0025415222855886227 ‖Δρ‖ = 9.534981667800571e-5  ‖vε - vref‖ = 0.9741178321361486  α = 0.434
  7   -20.00347356975       -5.98       -3.64    9.30s
    ‖ρε - ρref‖ = 0.002536386732533927 ‖Δρ‖ = 7.128118852234653e-5  ‖vε - vref‖ = 0.9704087471916141  α = 0.362
  8   -20.00347386266       -6.53       -4.10    9.51s
    ‖ρε - ρref‖ = 0.002538420011097412 ‖Δρ‖ = 2.3817695526970818e-5  ‖vε - vref‖ = 0.9691749732052093  α = 0.474
  9   -20.00347392823       -7.18       -4.64    6.18s
    ‖ρε - ρref‖ = 0.002540334842184207 ‖Δρ‖ = 6.245525140373371e-6  ‖vε - vref‖ = 0.970141268402712  α = 1.0
 10   -20.00347395036       -7.66       -4.60    9.69s
    ‖ρε - ρref‖ = 0.002540732865483715 ‖Δρ‖ = 6.823226326227031e-6  ‖vε - vref‖ = 0.9698554035674989  α = 0.36

#-- ‖ρε - ρref‖ = 0.002540651706209693 vs. 1.0e-5 = δ*ε ‖vε - vref‖ = 0.9697757386124831  Qε=0.5380169015836115


# --- ε=0.0005623413251903491

n     Energy            log10(ΔE)   log10(Δρ)   Δtime 
---   ---------------   ---------   ---------   ------
  1   -20.00068113536                   -0.89    15.4s
    ‖ρε - ρref‖ = 0.08188285445663028 ‖Δρ‖ = 0.08052899124244457  ‖vε - vref‖ = 0.8333710739483431  α = 0.0137
  2   -20.00076471725       -4.08       -2.06    9.39s
    ‖ρε - ρref‖ = 0.004130026245461545 ‖Δρ‖ = 0.003620595948857054  ‖vε - vref‖ = 0.7254299464978463  α = 0.0723
  3   -20.00077633560       -4.93       -2.53    9.75s
    ‖ρε - ρref‖ = 0.0019478802525629859 ‖Δρ‖ = 0.0011139372471126506  ‖vε - vref‖ = 0.745315034914614  α = 0.088
  4   -20.00078235016       -5.22       -2.65    8.99s
    ‖ρε - ρref‖ = 0.001772136775924676 ‖Δρ‖ = 0.0008381085064893468  ‖vε - vref‖ = 0.7815702708500563  α = 0.0801
  5   -20.00078399189       -5.78       -3.55    9.13s
    ‖ρε - ρref‖ = 0.0014775845341643992 ‖Δρ‖ = 8.505636066332082e-5  ‖vε - vref‖ = 0.796806804765212  α = 0.309
  6   -20.00078440366       -6.39       -3.57    10.0s
    ‖ρε - ρref‖ = 0.0014762171330212491 ‖Δρ‖ = 0.00010072506293504687  ‖vε - vref‖ = 0.8014592176577052  α = 0.164
  7   -20.00078455756       -6.81       -3.77    9.38s
    ‖ρε - ρref‖ = 0.0014688924411378316 ‖Δρ‖ = 5.193607402860035e-5  ‖vε - vref‖ = 0.8016989094372657  α = 0.173
  8   -20.00078455936       -8.75       -4.28    23.0s
    ‖ρε - ρref‖ = 0.0014663887568858356 ‖Δρ‖ = 1.6608239053269358e-5  ‖vε - vref‖ = 0.8014401948990222  α = 0.0951
  9   -20.00078455936      -14.15       -4.53    78.9s
    ‖ρε - ρref‖ = 0.0014657237747251772 ‖Δρ‖ = 9.264728899642624e-6  ‖vε - vref‖ = 0.8014401951786854  α = 1.59e-7
 10   -20.00078455936      -14.45       -4.49    94.7s
    ‖ρε - ρref‖ = 0.001465259674535324 ‖Δρ‖ = 1.0241842119325508e-5  ‖vε - vref‖ = 0.8014401951730947  α = 3.39e-8
 11   -20.00078455936      -14.15       -4.48     114s
    ‖ρε - ρref‖ = 0.0014649480561079464 ‖Δρ‖ = 9.127760743240013e-6  ‖vε - vref‖ = 0.801440195172769  α = 5.16e-10
 12   -20.00078455936   +    -Inf       -4.26    62.3s
    ‖ρε - ρref‖ = 0.0014389879331169475 ‖Δρ‖ = 2.8769570041696577e-5  ‖vε - vref‖ = 0.801440195172161  α = 5.96e-11
 13   -20.00078455936   +  -14.15       -3.20    52.6s
    ‖ρε - ρref‖ = 0.0017409691186463987 ‖Δρ‖ = 0.00031571400832686245  ‖vε - vref‖ = 0.8014401951721688  α = 0.0
 14   -20.00078455959       -9.62       -4.18    11.2s
    ‖ρε - ρref‖ = 0.0014968260237406186 ‖Δρ‖ = 3.8315721664245637e-5  ‖vε - vref‖ = 0.8015567456060378  α = 0.0159
 15   -20.00078455959      -13.55       -3.67    94.4s
    ‖ρε - ρref‖ = 0.0014284216479541428 ‖Δρ‖ = 8.538015460846676e-5  ‖vε - vref‖ = 0.8015567436815371  α = 3.45e-8
 16   -20.00078455959      -14.45       -3.80     112s
    ‖ρε - ρref‖ = 0.0014676460636765414 ‖Δρ‖ = 6.362797095556627e-5  ‖vε - vref‖ = 0.8015567436815584  α = 3.41e-11
 17   -20.00078455959   +    -Inf       -3.63     130s
    ‖ρε - ρref‖ = 0.0014696030171014046 ‖Δρ‖ = 0.00010070308671298509  ‖vε - vref‖ = 0.8015567436815084  α = 3.71e-14
 18   -20.00078455959   +    -Inf       -0.55    61.7s
    ‖ρε - ρref‖ = 0.1276246260295835 ‖Δρ‖ = 0.1279971454426005  ‖vε - vref‖ = 0.8015567436814767  α = 2.96e-15
Trying again with Newton's method ...
n     Energy            log10(ΔE)   log10(Δρ)   Δtime 
---   ---------------   ---------   ---------   ------
  1   -20.00078387201                   -5.22     513s
    ‖ρε - ρref‖ = 0.001463156972438001 ‖Δρ‖ = 1.7306754408874797e-6  ‖vε - vref‖ = 0.8009718295099728
  2   -20.00078387198   +  -10.54       -7.38     509s
    ‖ρε - ρref‖ = 0.0014631454293870037 ‖Δρ‖ = 1.9528082693550257e-8  ‖vε - vref‖ = 0.800974536116781

#-- ‖ρε - ρref‖ = 0.0014631454293870037 vs. 5.623413251903491e-6 = δ*ε ‖vε - vref‖ = 0.800974536116781  Qε=0.6311080636077063


# --- ε=0.00031622776601683794

n     Energy            log10(ΔE)   log10(Δρ)   Δtime 
---   ---------------   ---------   ---------   ------
  1   -19.99912915435                   -0.89    14.1s
    ‖ρε - ρref‖ = 0.0819590131755143 ‖Δρ‖ = 0.08119807716015374  ‖vε - vref‖ = 0.8110181184975958  α = 0.00775
  2   -19.99919052682       -4.21       -2.02    8.91s
    ‖ρε - ρref‖ = 0.00415459286390246 ‖Δρ‖ = 0.003910047051006786  ‖vε - vref‖ = 0.578863636330482  α = 0.0439
  3   -19.99920270616       -4.91       -2.41    7.88s
    ‖ρε - ρref‖ = 0.001764555270316889 ‖Δρ‖ = 0.0014264275828787918  ‖vε - vref‖ = 0.5776300872730991  α = 0.0544
  4   -19.99920921818       -5.19       -2.49    9.03s
    ‖ρε - ρref‖ = 0.0015620371389397638 ‖Δρ‖ = 0.0012030333910926165  ‖vε - vref‖ = 0.6062636671327637  α = 0.0461
  5   -19.99921046265       -5.91       -3.30    8.27s
    ‖ρε - ρref‖ = 0.0008705843622380773 ‖Δρ‖ = 0.0001429227066437871  ‖vε - vref‖ = 0.6282809645834831  α = 0.165
  6   -19.99921049756       -7.46       -3.38    8.90s
    ‖ρε - ρref‖ = 0.000865073242299461 ‖Δρ‖ = 0.00014245958959384114  ‖vε - vref‖ = 0.6375018864273968  α = 0.0905
  7   -19.99921049756      -13.97       -3.60     111s
    ‖ρε - ρref‖ = 0.0008516403325527803 ‖Δρ‖ = 7.111806103155784e-5  ‖vε - vref‖ = 0.6375018873622923  α = 2.09e-8
  8   -19.99921049756   +    -Inf       -4.07    77.3s
    ‖ρε - ρref‖ = 0.000847295606328788 ‖Δρ‖ = 2.504462693527317e-5  ‖vε - vref‖ = 0.6375018873623118  α = 7.94e-12
  9   -19.99921049756   +    -Inf       -3.52    43.5s
    ‖ρε - ρref‖ = 0.0008688347006578617 ‖Δρ‖ = 8.355605793877548e-5  ‖vε - vref‖ = 0.6375018873623597  α = 0.0
Trying again with Newton's method ...
n     Energy            log10(ΔE)   log10(Δρ)   Δtime 
---   ---------------   ---------   ---------   ------
  1   -19.99920505056                   -4.51     497s
    ‖ρε - ρref‖ = 0.0008409918989785186 ‖Δρ‖ = 7.745664748314662e-6  ‖vε - vref‖ = 0.6481590393994071
  2   -19.99920505043   +   -9.91       -7.06     499s
    ‖ρε - ρref‖ = 0.00084097434126833 ‖Δρ‖ = 3.591405527169127e-8  ‖vε - vref‖ = 0.6481717085039446
  3   -19.99920505042   +  -11.07       -9.61     505s
    ‖ρε - ρref‖ = 0.0008409743512273551 ‖Δρ‖ = 7.352388167682326e-11  ‖vε - vref‖ = 0.648171711245589
    Stopping to avoid numerical instabilities.

#-- ‖ρε - ρref‖ = 0.0008409743512273551 vs. 3.1622776601683796e-6 = δ*ε ‖vε - vref‖ = 0.648171711245589  Qε=0.7030975581865301


# --- ε=0.00017782794100389227

n     Energy            log10(ΔE)   log10(Δρ)   Δtime 
---   ---------------   ---------   ---------   ------
  1   -19.99822954396                   -0.89    14.2s
    ‖ρε - ρref‖ = 0.08202382666241896 ‖Δρ‖ = 0.08159649269089159  ‖vε - vref‖ = 0.8725415112674632  α = 0.00438
  2   -19.99827130085       -4.38       -2.00    9.42s
    ‖ρε - ρref‖ = 0.004231814002712695 ‖Δρ‖ = 0.004104634965993589  ‖vε - vref‖ = 0.5375824932736978  α = 0.0262
  3   -19.99828195949       -4.97       -2.33    9.40s
    ‖ρε - ρref‖ = 0.0018468388334032543 ‖Δρ‖ = 0.0016983698299011705  ‖vε - vref‖ = 0.4827755267350568  α = 0.0333
  4   -19.99828780743       -5.23       -2.38    9.59s
    ‖ρε - ρref‖ = 0.00171481006808608 ‖Δρ‖ = 0.0015711998072546647  ‖vε - vref‖ = 0.4714530123161036  α = 0.0267
  5   -19.99828875509       -6.02       -3.11    9.17s
    ‖ρε - ρref‖ = 0.0005540038459358238 ‖Δρ‖ = 0.00021562368225860808  ‖vε - vref‖ = 0.49249496095755546  α = 0.103
  6   -19.99828875801       -8.54       -3.17    82.4s
    ‖ρε - ρref‖ = 0.0005528420360269923 ‖Δρ‖ = 0.0002249824391027725  ‖vε - vref‖ = 0.4929419539870762  α = 0.00403
  7   -19.99828875801      -14.15       -3.32     115s
    ‖ρε - ρref‖ = 0.0005100022034312115 ‖Δρ‖ = 0.00012660687846748913  ‖vε - vref‖ = 0.49294195405936686  α = 5.02e-10
  8   -19.99828875801      -14.45       -3.67    70.9s
    ‖ρε - ρref‖ = 0.0004951109441622391 ‖Δρ‖ = 5.9172356972955477e-5  ‖vε - vref‖ = 0.4929419540800878  α = 2.24e-10
  9   -19.99828875801   +    -Inf       -3.64    44.8s
    ‖ρε - ρref‖ = 0.0004952562983972416 ‖Δρ‖ = 7.480428147541626e-5  ‖vε - vref‖ = 0.4929419540801356  α = 0.0
 10   -19.99828877150       -7.87       -3.22    12.0s
    ‖ρε - ρref‖ = 0.0007257242989183213 ‖Δρ‖ = 0.0002927944248864705  ‖vε - vref‖ = 0.49337867382447925  α = 0.00523
 11   -19.99828877155      -10.25       -2.72    73.5s
    ‖ρε - ρref‖ = 0.0007172102121786428 ‖Δρ‖ = 0.0007432125928708418  ‖vε - vref‖ = 0.49319524184979624  α = 0.000562
 12   -19.99828877155      -13.97       -3.30    95.4s
    ‖ρε - ρref‖ = 0.0005058247694545026 ‖Δρ‖ = 0.00013593057745446224  ‖vε - vref‖ = 0.4931952419328444  α = 6.16e-10
 13   -19.99828877155   +    -Inf       -2.91    74.5s
    ‖ρε - ρref‖ = 0.0006814685506039074 ‖Δρ‖ = 0.0004680988783363973  ‖vε - vref‖ = 0.4931952419329416  α = 6.48e-14
 14   -19.99828877155   +    -Inf       -0.86    56.9s
    ‖ρε - ρref‖ = 0.05500721928557445 ‖Δρ‖ = 0.05501976401415372  ‖vε - vref‖ = 0.4931952419368201  α = 1.64e-13
Trying again with Newton's method ...
n     Energy            log10(ΔE)   log10(Δρ)   Δtime 
---   ---------------   ---------   ---------   ------
  1   -19.99826675860                   -4.29     517s
    ‖ρε - ρref‖ = 0.00048229369603066953 ‖Δρ‖ = 1.1793335183576597e-5  ‖vε - vref‖ = 0.5255181640847522
  2   -19.99826676420       -8.25       -6.48     530s
    ‖ρε - ρref‖ = 0.0004822917436695321 ‖Δρ‖ = 1.1559385416228797e-7  ‖vε - vref‖ = 0.5254728358119087
  3   -19.99826676214   +   -8.69       -8.00     536s
    ‖ρε - ρref‖ = 0.0004822913107759512 ‖Δρ‖ = 2.9135359866649918e-9  ‖vε - vref‖ = 0.5254687176774209
    Stopping to avoid numerical instabilities.

#-- ‖ρε - ρref‖ = 0.0004822913107759512 vs. 1.7782794100389227e-6 = δ*ε ‖vε - vref‖ = 0.5254687176774209  Qε=0.7718536132310307


# --- ε=0.0001

n     Energy            log10(ΔE)   log10(Δρ)   Δtime 
---   ---------------   ---------   ---------   ------
  1   -19.99769491708                   -0.89    14.4s
    ‖ρε - ρref‖ = 0.08206862209188108 ‖Δρ‖ = 0.08182866439335072  ‖vε - vref‖ = 0.9882767378808139  α = 0.00247
  2   -19.99772148399       -4.58       -1.99    7.49s
    ‖ρε - ρref‖ = 0.004299418195581186 ‖Δρ‖ = 0.0042302931953697226  ‖vε - vref‖ = 0.6130297730746274  α = 0.0155
  3   -19.99772923221       -5.11       -2.27    9.80s
    ‖ρε - ρref‖ = 0.0019941462207808017 ‖Δρ‖ = 0.0019217254099855342  ‖vε - vref‖ = 0.5043925061618318  α = 0.02
  4   -19.99773331111       -5.39       -2.29    10.0s
    ‖ρε - ρref‖ = 0.001980787636372844 ‖Δρ‖ = 0.0019158618730916843  ‖vε - vref‖ = 0.4306422297345483  α = 0.0156
  5   -19.99773365857       -6.46       -2.96    13.1s
    ‖ρε - ρref‖ = 0.00044530317571632227 ‖Δρ‖ = 0.0002979055440665618  ‖vε - vref‖ = 0.41872397458878235  α = 0.0171
  6   -19.99773365857      -13.34       -2.96     119s
    ‖ρε - ρref‖ = 0.00047970024646028074 ‖Δρ‖ = 0.00035950085884263623  ‖vε - vref‖ = 0.41872397451348903  α = 3.48e-10
  7   -19.99773365857   +  -14.15       -2.99    46.7s
    ‖ρε - ρref‖ = 0.00040322451949683166 ‖Δρ‖ = 0.0002666023079227426  ‖vε - vref‖ = 0.4187239745134583  α = 0.0
  8   -19.99773371295       -7.26       -2.98    12.3s
    ‖ρε - ρref‖ = 0.0006149507971333992 ‖Δρ‖ = 0.00040439613572761606  ‖vε - vref‖ = 0.41558841660087026  α = 0.00587
  9   -19.99773372436       -7.94       -2.17    12.7s
    ‖ρε - ρref‖ = 0.0021146602099263337 ‖Δρ‖ = 0.0022330835070784308  ‖vε - vref‖ = 0.40906468614061503  α = 0.00126
 10   -19.99773372436      -14.45       -2.67    83.1s
    ‖ρε - ρref‖ = 0.0009040723799563504 ‖Δρ‖ = 0.0008272825829552472  ‖vε - vref‖ = 0.40906468530516255  α = 1.65e-9
 11   -19.99773372436   +  -14.15       -2.77    46.7s
    ‖ρε - ρref‖ = 0.0006218196515158625 ‖Δρ‖ = 0.0005351756832848171  ‖vε - vref‖ = 0.4090646853051255  α = 0.0
 12   -19.99773372436      -14.45       -3.12     168s
    ‖ρε - ρref‖ = 0.0005622328012489447 ‖Δρ‖ = 0.0003222498853557028  ‖vε - vref‖ = 0.40906468530505935  α = 4.43e-13
 13   -19.99773372436   +  -14.45       -1.79    53.1s
    ‖ρε - ρref‖ = 0.00597649444601127 ‖Δρ‖ = 0.005793789336809142  ‖vε - vref‖ = 0.40906468530501033  α = 0.0
 14   -19.99773372436   +    -Inf       -3.12     159s
    ‖ρε - ρref‖ = 0.0005622328012439794 ‖Δρ‖ = 0.0003222498853505141  ‖vε - vref‖ = 0.4090646853048224  α = 5.44e-13
 15   -19.99773372436      -13.97       -2.14    76.9s
    ‖ρε - ρref‖ = 0.001979606853751748 ‖Δρ‖ = 0.0019298499201608336  ‖vε - vref‖ = 0.4090646852917109  α = 4.11e-12
 16   -19.99773372436   +  -14.15       -2.77    49.4s
    ‖ρε - ρref‖ = 0.0006515621703296075 ‖Δρ‖ = 0.0005900403383211756  ‖vε - vref‖ = 0.4090646852917015  α = 0.0
 17   -19.99773372436   +  -14.15       -3.12    53.9s
    ‖ρε - ρref‖ = 0.0005622328009219867 ‖Δρ‖ = 0.0003222498850065707  ‖vε - vref‖ = 0.40906468529170487  α = 0.0
 18   -19.99773372436      -13.85       -3.12    87.7s
    ‖ρε - ρref‖ = 0.0005622328009143514 ‖Δρ‖ = 0.00032224988499960933  ‖vε - vref‖ = 0.4090646852916176  α = 1.34e-13
 19   -19.99773372436   +    -Inf       -0.46    52.9s
    ‖ρε - ρref‖ = 0.15174209498377472 ‖Δρ‖ = 0.1515365689649509  ‖vε - vref‖ = 0.4090646852916648  α = 0.0
 20   -19.99773372436   +  -14.45       -3.12    52.5s
    ‖ρε - ρref‖ = 0.000562232800910357 ‖Δρ‖ = 0.0003222498849954111  ‖vε - vref‖ = 0.4090646852916068  α = 0.0
 21   -19.99773372436      -14.45       -3.12     115s
    ‖ρε - ρref‖ = 0.0005622328009154444 ‖Δρ‖ = 0.00032224988499988364  ‖vε - vref‖ = 0.4090646852916941  α = 1.09e-13
 22   -19.99773372436   +    -Inf       -1.76    54.3s
    ‖ρε - ρref‖ = 0.005851000057117546 ‖Δρ‖ = 0.005700434876998425  ‖vε - vref‖ = 0.40906468529166684  α = 0.0
 23   -19.99773372436   +    -Inf       -3.12     196s
    ‖ρε - ρref‖ = 0.0005622328008886005 ‖Δρ‖ = 0.000322249884975133  ‖vε - vref‖ = 0.4090646852916839  α = 8.24e-14
Trying again with Newton's method ...
n     Energy            log10(ΔE)   log10(Δρ)   Δtime 
---   ---------------   ---------   ---------   ------
  1   -19.99765713125                   -4.14     521s
    ‖ρε - ρref‖ = 0.00027604971910734816 ‖Δρ‖ = 1.630959274465967e-5  ‖vε - vref‖ = 0.4548426616610412
  2   -19.99765718277       -7.29       -5.81     521s
    ‖ρε - ρref‖ = 0.000275957435022211 ‖Δρ‖ = 5.174845329202772e-7  ‖vε - vref‖ = 0.4546175169151087
  3   -19.99765714923   +   -7.47       -7.27     523s
    ‖ρε - ρref‖ = 0.0002759560938433168 ‖Δρ‖ = 1.3439529743674392e-8  ‖vε - vref‖ = 0.45465857175239743
    Stopping to avoid numerical instabilities.

#-- ‖ρε - ρref‖ = 0.0002759560938433168 vs. 1.0000000000000002e-6 = δ*ε ‖vε - vref‖ = 0.45465857175239743  Qε=0.8233152432341154


# --- ε=5.623413251903491e-5

n     Energy            log10(ΔE)   log10(Δρ)   Δtime 
---   ---------------   ---------   ---------   ------
  1   -19.99732377094                   -0.89    15.6s
    ‖ρε - ρref‖ = 0.08210103487057056 ‖Δρ‖ = 0.08196627826426618  ‖vε - vref‖ = 1.1329272868273565  α = 0.00139
  2   -19.99733946438       -4.80       -1.98    8.07s
    ‖ρε - ρref‖ = 0.004347083366733514 ‖Δρ‖ = 0.004309088826211608  ‖vε - vref‖ = 0.7640708666325058  α = 0.00914
  3   -19.99734369911       -5.37       -2.23    10.2s
    ‖ρε - ρref‖ = 0.0021463354946195364 ‖Δρ‖ = 0.0021093594530743236  ‖vε - vref‖ = 0.6348921931697359  α = 0.0122
  4   -19.99734503857       -5.87       -2.22    10.9s
    ‖ρε - ρref‖ = 0.002314545556686355 ‖Δρ‖ = 0.0022838013933229213  ‖vε - vref‖ = 0.5270243215440888  α = 0.00931
  5   -19.99734503857      -13.55       -2.82     163s
    ‖ρε - ρref‖ = 0.0004669472817375142 ‖Δρ‖ = 0.0004016524036317586  ‖vε - vref‖ = 0.5270243207636102  α = 2.31e-10
  6   -19.99734503857   +    -Inf       -2.72    47.3s
    ‖ρε - ρref‖ = 0.0006563773012370664 ‖Δρ‖ = 0.0006169558214489784  ‖vε - vref‖ = 0.5270243207635905  α = 0.0
  7   -19.99734513933       -7.00       -2.72    10.7s
    ‖ρε - ρref‖ = 0.0007571290555888333 ‖Δρ‖ = 0.000683240989748709  ‖vε - vref‖ = 0.5092997226455681  α = 0.00416
  8   -19.99734514049       -8.93       -2.04    61.3s
    ‖ρε - ρref‖ = 0.003619583284157807 ‖Δρ‖ = 0.0037197842573364615  ‖vε - vref‖ = 0.506853360114681  α = 0.0001
  9   -19.99734514049      -13.85       -2.38     109s
    ‖ρε - ρref‖ = 0.0016398704049624272 ‖Δρ‖ = 0.0016036835997351642  ‖vε - vref‖ = 0.5068533600890391  α = 3.49e-12
 10   -19.99734514049   +  -14.15       -2.61    46.6s
    ‖ρε - ρref‖ = 0.0008259076571413469 ‖Δρ‖ = 0.0008030865349252683  ‖vε - vref‖ = 0.5068533600890018  α = 0.0
 11   -19.99734514049   +    -Inf       -2.83    78.3s
    ‖ρε - ρref‖ = 0.0004718976030330942 ‖Δρ‖ = 0.0005432852453786075  ‖vε - vref‖ = 0.5068533598608284  α = 6.0e-11
 12   -19.99734514049   +  -14.45       -1.88    56.5s
    ‖ρε - ρref‖ = 0.004472321414800209 ‖Δρ‖ = 0.0043917389637968055  ‖vε - vref‖ = 0.5068533598607968  α = 0.0
 13   -19.99734514049      -13.97       -2.83     149s
    ‖ρε - ρref‖ = 0.00047189759346844337 ‖Δρ‖ = 0.0005432852330293295  ‖vε - vref‖ = 0.50685335965866  α = 5.34e-11
 14   -19.99734514049   +    -Inf       -1.89     102s
    ‖ρε - ρref‖ = 0.004422159046116631 ‖Δρ‖ = 0.004340731684051018  ‖vε - vref‖ = 0.5068533596586389  α = 3.39e-16
 15   -19.99734514049   +    -Inf       -0.26    83.6s
    ‖ρε - ρref‖ = 0.21496656413920895 ‖Δρ‖ = 0.21493063430817688  ‖vε - vref‖ = 0.5068533595148076  α = 2.66e-14
Trying again with Newton's method ...
n     Energy            log10(ΔE)   log10(Δρ)   Δtime 
---   ---------------   ---------   ---------   ------
  1   -19.99709244486                   -4.15     513s
    ‖ρε - ρref‖ = 0.00015817178319355051 ‖Δρ‖ = 1.5991806103012886e-5  ‖vε - vref‖ = 0.4824745323447059
  2   -19.99709295251       -6.29       -5.35     507s
    ‖ρε - ρref‖ = 0.00015781878807040968 ‖Δρ‖ = 1.5908832227530023e-6  ‖vε - vref‖ = 0.4811731391136336
  3   -19.99709263770   +   -6.50       -6.69     507s
    ‖ρε - ρref‖ = 0.0001578226780592308 ‖Δρ‖ = 5.2998863858088034e-8  ‖vε - vref‖ = 0.481332398358473
    Stopping to avoid numerical instabilities.

#-- ‖ρε - ρref‖ = 0.0001578226780592308 vs. 5.62341325190349e-7 = δ*ε ‖vε - vref‖ = 0.481332398358473  Qε=0.8580156710311726


# --- ε=3.1622776601683795e-5

n     Energy            log10(ΔE)   log10(Δρ)   Δtime 
---   ---------------   ---------   ---------   ------
  1   -19.99689853542                   -0.89    14.5s
    ‖ρε - ρref‖ = 0.08212668269111179 ‖Δρ‖ = 0.08205101033406215  ‖vε - vref‖ = 1.3246394304339366  α = 0.000784
  2   -19.99690654401       -5.10       -1.97    8.05s
    ‖ρε - ρref‖ = 0.004379045860686242 ‖Δρ‖ = 0.00435869900429653  ‖vε - vref‖ = 0.9944304163379473  α = 0.00547
  3   -19.99690785809       -5.88       -2.18    12.2s
    ‖ρε - ρref‖ = 0.002348739081493093 ‖Δρ‖ = 0.0023188223963568383  ‖vε - vref‖ = 0.9062880888120886  α = 0.00252
  4   -19.99690803398       -6.75       -2.12    10.2s
    ‖ρε - ρref‖ = 0.002906678340576006 ‖Δρ‖ = 0.002880091874070221  ‖vε - vref‖ = 0.8556268250421354  α = 0.00118
  5   -19.99690803398      -13.45       -2.65     134s
    ‖ρε - ρref‖ = 0.00062487247819062 ‖Δρ‖ = 0.0005927623012004078  ‖vε - vref‖ = 0.8556268249026041  α = 1.9e-11
  6   -19.99690803398   +    -Inf       -2.44    87.1s
    ‖ρε - ρref‖ = 0.0012143697088373398 ‖Δρ‖ = 0.0011979264801802044  ‖vε - vref‖ = 0.855626824902732  α = 6.21e-15
  7   -19.99690803398   +    -Inf       -0.39    44.5s
    ‖ρε - ρref‖ = 0.1910237233129405 ‖Δρ‖ = 0.19105449377298325  ‖vε - vref‖ = 0.8556268249026336  α = 0.0
Trying again with Newton's method ...
n     Energy            log10(ΔE)   log10(Δρ)   Δtime 
---   ---------------   ---------   ---------   ------
  1   -19.99609290696                   -4.20     515s
    ‖ρε - ρref‖ = 9.171291788238118e-5 ‖Δρ‖ = 1.6310711368832436e-5  ‖vε - vref‖ = 0.6981801532935815
  2   -19.99609625733       -5.47       -4.88     513s
    ‖ρε - ρref‖ = 9.080170131471184e-5 ‖Δρ‖ = 4.466168762948046e-6  ‖vε - vref‖ = 0.6781197940274515
  3   -19.99609350665   +   -5.56       -5.68     514s
    ‖ρε - ρref‖ = 9.081656320925525e-5 ‖Δρ‖ = 4.039948793384597e-7  ‖vε - vref‖ = 0.6767444761285487
    Stopping to avoid numerical instabilities.

#-- ‖ρε - ρref‖ = 9.081656320925525e-5 vs. 3.1622776601683797e-7 = δ*ε ‖vε - vref‖ = 0.6767444761285487  Qε=0.8798979605426022


# --- ε=1.778279410038923e-5

n     Energy            log10(ΔE)   log10(Δρ)   Δtime 
---   ---------------   ---------   ---------   ------
  1   -19.99597901885                   -0.89    14.6s
    ‖ρε - ρref‖ = 0.08212090543898327 ‖Δρ‖ = 0.08207845227709881  ‖vε - vref‖ = 1.6590409982074417  α = 0.000442
  2   -19.99598065273       -5.79       -1.97    7.45s
    ‖ρε - ρref‖ = 0.004398918270199665 ‖Δρ‖ = 0.004389280033544655  ‖vε - vref‖ = 1.4065602170764224  α = 0.00353
  3   -19.99598065273      -13.67       -2.11     127s
    ‖ρε - ρref‖ = 0.0027543341692983915 ‖Δρ‖ = 0.0027339285316475143  ‖vε - vref‖ = 1.4065602162027386  α = 1.27e-11
  4   -19.99598065273   +    -Inf       -1.95     173s
    ‖ρε - ρref‖ = 0.004277952413574243 ‖Δρ‖ = 0.004260904252184463  ‖vε - vref‖ = 1.4065602162030648  α = 9.71e-16
  5   -19.99598065273   +  -14.15        0.07    51.7s
    ‖ρε - ρref‖ = 0.5230430630886919 ‖Δρ‖ = 0.5230733655211832  ‖vε - vref‖ = 1.4065602162026218  α = 0.0
  6   -19.99598107445       -6.37       -2.01    15.2s
    ‖ρε - ρref‖ = 0.0038072653031288937 ‖Δρ‖ = 0.003798240507938814  ‖vε - vref‖ = 1.350234478354009  α = 0.000722
  7   -19.99598107445      -13.75       -2.17     137s
    ‖ρε - ρref‖ = 0.0029684549792687045 ‖Δρ‖ = 0.0029856417940853437  ‖vε - vref‖ = 1.350234477550147  α = 1.46e-11
  8   -19.99598107445   +  -14.15       -1.64    51.1s
    ‖ρε - ρref‖ = 0.00981070938489855 ‖Δρ‖ = 0.009769877732340605  ‖vε - vref‖ = 1.3502344775502595  α = 0.0
  9   -19.99598107445      -13.85       -2.25     167s
    ‖ρε - ρref‖ = 0.0020959118993813335 ‖Δρ‖ = 0.002093237624454648  ‖vε - vref‖ = 1.3502344769640788  α = 1.29e-11
 10   -19.99598107445   +    -Inf       -2.09    80.2s
    ‖ρε - ρref‖ = 0.0036587781025870813 ‖Δρ‖ = 0.0036159333186765613  ‖vε - vref‖ = 1.3502344769589225  α = 9.0e-14
 11   -19.99598107445   +  -14.45       -1.36    46.7s
    ‖ρε - ρref‖ = 0.015273936860928755 ‖Δρ‖ = 0.015252869854314892  ‖vε - vref‖ = 1.3502344769590906  α = 0.0
 12   -19.99598107445   +    -Inf       -2.25     152s
    ‖ρε - ρref‖ = 0.002095911885409355 ‖Δρ‖ = 0.0020932376103254503  ‖vε - vref‖ = 1.35023447693379  α = 5.23e-13
 13   -19.99598107445      -14.45       -1.45    78.9s
    ‖ρε - ρref‖ = 0.01541215544990238 ‖Δρ‖ = 0.015372992835045493  ‖vε - vref‖ = 1.3502344769304466  α = 1.68e-14
 14   -19.99598107445   +  -14.45       -2.02    47.4s
    ‖ρε - ρref‖ = 0.003427589222141312 ‖Δρ‖ = 0.003400791740301428  ‖vε - vref‖ = 1.3502344769301233  α = 0.0
 15   -19.99598107445      -14.45       -2.25     159s
    ‖ρε - ρref‖ = 0.002095911884792161 ‖Δρ‖ = 0.002093237609704979  ‖vε - vref‖ = 1.350234476876603  α = 1.2e-12
 16   -19.99598107445   +    -Inf       -1.98    48.3s
    ‖ρε - ρref‖ = 0.004738743898320558 ‖Δρ‖ = 0.004694509207357093  ‖vε - vref‖ = 1.3502344768768708  α = 0.0
 17   -19.99598107445   +    -Inf       -2.25     163s
    ‖ρε - ρref‖ = 0.002095911883480625 ‖Δρ‖ = 0.0020932376083765804  ‖vε - vref‖ = 1.3502344768761885  α = 1.4e-14
Trying again with Newton's method ...
n     Energy            log10(ΔE)   log10(Δρ)   Δtime 
---   ---------------   ---------   ---------   ------
  1   -19.99339018270                   -4.30     515s
    ‖ρε - ρref‖ = 5.591812704221266e-5 ‖Δρ‖ = 1.6789269199428318e-5  ‖vε - vref‖ = 1.4560315249940117
  2   -19.99341651633       -4.58       -4.50     512s
    ‖ρε - ρref‖ = 5.365712586985877e-5 ‖Δρ‖ = 1.249914641163686e-5  ‖vε - vref‖ = 1.1238894345027408
  3   -19.99338639985   +   -4.52       -5.26     516s
    ‖ρε - ρref‖ = 5.3555856388962543e-5 ‖Δρ‖ = 9.298770748515138e-7  ‖vε - vref‖ = 1.1240670313783478
  4   -19.99339735909       -4.96       -5.50     517s
    ‖ρε - ρref‖ = 5.355204206910045e-5 ‖Δρ‖ = 5.794859097712071e-7  ‖vε - vref‖ = 1.1237735772533075
    Stopping to avoid numerical instabilities.

#-- ‖ρε - ρref‖ = 5.355204206910045e-5 vs. 1.778279410038923e-7 = δ*ε ‖vε - vref‖ = 1.1237735772533075  Qε=0.8949473543959986


# --- ε=1.0e-5

n     Energy            log10(ΔE)   log10(Δρ)   Δtime 
---   ---------------   ---------   ---------   ------
  1   -19.99332627428                   -0.89    14.6s
    ‖ρε - ρref‖ = 0.08211347601299253 ‖Δρ‖ = 0.08208974694230016  ‖vε - vref‖ = 2.342046716002807  α = 0.00025
  2   -19.99332629219       -7.75       -1.96    18.6s
    ‖ρε - ρref‖ = 0.004439274129697865 ‖Δρ‖ = 0.004426735647173676  ‖vε - vref‖ = 2.2711072063649724  α = 0.000363
  3   -19.99332629219      -13.75       -1.96    72.2s
    ‖ρε - ρref‖ = 0.0038752815659151745 ‖Δρ‖ = 0.0038638459856441478  ‖vε - vref‖ = 2.271107206078819  α = 2.53e-12
  4   -19.99332629219   +  -13.97       -1.67    49.1s
    ‖ρε - ρref‖ = 0.007866626551232799 ‖Δρ‖ = 0.007857130359288702  ‖vε - vref‖ = 2.2711072060800572  α = 0.0
  5   -19.99332629219      -14.15       -2.06     141s
    ‖ρε - ρref‖ = 0.003546833544407192 ‖Δρ‖ = 0.003542859702785964  ‖vε - vref‖ = 2.2711072059255533  α = 1.17e-12
  6   -19.99332629219   +  -14.15       -1.69    50.6s
    ‖ρε - ρref‖ = 0.011880884651985446 ‖Δρ‖ = 0.011850166427712043  ‖vε - vref‖ = 2.271107205926045  α = 0.0
  7   -19.99332629219      -14.45       -2.06     153s
    ‖ρε - ρref‖ = 0.0035468335390961055 ‖Δρ‖ = 0.0035428596974388165  ‖vε - vref‖ = 2.271107205924607  α = 2.13e-14
  8   -19.99332629219      -14.45       -0.49    88.0s
    ‖ρε - ρref‖ = 0.13248686654038175 ‖Δρ‖ = 0.13247621727868467  ‖vε - vref‖ = 2.2711072056670423  α = 4.5e-14
  9   -19.99332629219   +    -Inf       -1.82     107s
    ‖ρε - ρref‖ = 0.0077545733372335925 ‖Δρ‖ = 0.007724658509936672  ‖vε - vref‖ = 2.2711072056657278  α = 1.5e-14
 10   -19.99332629219   +  -14.45       -0.59    45.7s
    ‖ρε - ρref‖ = 0.12880456832351841 ‖Δρ‖ = 0.12877991456240953  ‖vε - vref‖ = 2.271107205665935  α = 0.0
 11   -19.99332629219      -14.45       -2.06     151s
    ‖ρε - ρref‖ = 0.0035468335322132293 ‖Δρ‖ = 0.003542859690527218  ‖vε - vref‖ = 2.2711072056354618  α = 2.56e-13
 12   -19.99332629219   +    -Inf       -1.69     123s
    ‖ρε - ρref‖ = 0.011574400822204676 ‖Δρ‖ = 0.011543283584926737  ‖vε - vref‖ = 2.271107205623982  α = 4.07e-14
 13   -19.99332629219   +    -Inf       -1.58    95.5s
    ‖ρε - ρref‖ = 0.008442410676625546 ‖Δρ‖ = 0.008422926899113722  ‖vε - vref‖ = 2.2711072056229287  α = 2.61e-15
Trying again with Newton's method ...
n     Energy            log10(ΔE)   log10(Δρ)   Δtime 
---   ---------------   ---------   ---------   ------
  1   -19.98517827487                   -4.05     508s
    ‖ρε - ρref‖ = 4.6920098543399804e-5 ‖Δρ‖ = 3.549270969159755e-5  ‖vε - vref‖ = 4.809883615650531
  2   -19.98531215522       -3.87       -4.06     502s
    ‖ρε - ρref‖ = 3.546370082505823e-5 ‖Δρ‖ = 3.423425911196067e-5  ‖vε - vref‖ = 2.0095614642371573
  3   -19.98508674406   +   -3.65       -4.70     494s
    ‖ρε - ρref‖ = 3.4071194856873875e-5 ‖Δρ‖ = 3.5736726837632575e-6  ‖vε - vref‖ = 1.9731168913219257
  4   -19.98522119426       -3.87       -4.82     481s
    ‖ρε - ρref‖ = 3.3791444674953146e-5 ‖Δρ‖ = 2.3118499881234166e-6  ‖vε - vref‖ = 1.966157457246347
    Stopping to avoid numerical instabilities.

#-- ‖ρε - ρref‖ = 3.3791444674953146e-5 vs. 1.0000000000000001e-7 = δ*ε ‖vε - vref‖ = 1.966157457246347  Qε=0.9079597454992492

|v-vref|h1 = [0.5254687176774208, 0.45465857175239743, 0.48133239835847297, 0.6767444761285488, 1.1237735772533075, 1.966157457246347]
|v-vref|l2 = [0.12631010254945613, 0.1028595649486148, 0.11421956233351388, 0.17482058366318529, 0.30119146944573355, 0.5326626589287191]
──────────────────────────────────────────────────────────────────────────────────────────────
                                                     Time                    Allocations      
                                            ───────────────────────   ────────────────────────
             Tot / % measured:                   5.82h /  90.0%           21.2TiB /  79.8%    

Section                             ncalls     time    %tot     avg     alloc    %tot      avg
──────────────────────────────────────────────────────────────────────────────────────────────
solve_ΩplusK                            25    3.52h   67.1%    506s   13.0TiB   76.9%   532GiB
  apply_K                            2.50k    2.01h   38.3%   2.89s   3.47TiB   20.5%  1.42GiB
    compute_δρ                       2.50k    2699s   14.3%   1.08s   2.18TiB   12.9%   914MiB
      symmetrize_ρ                   2.50k    2324s   12.3%   930ms   1.27TiB    7.5%   531MiB
    apply_kernel                     2.50k     237s    1.3%  94.8ms    267GiB    1.5%   109MiB
  apply_Ω                            2.50k    2826s   15.0%   1.13s   2.32TiB   13.7%  0.95GiB
    DftHamiltonian multiplication     140k    2083s   11.0%  14.9ms    294GiB    1.7%  2.15MiB
      nonlocal                        140k    1472s    7.8%  10.5ms   16.9GiB    0.1%   126KiB
  compute_density                       25    26.1s    0.1%   1.05s   19.2GiB    0.1%   786MiB
    symmetrize_ρ                        25    22.9s    0.1%   914ms   13.0GiB    0.1%   531MiB
  DftHamiltonian multiplication      1.40k    19.9s    0.1%  14.2ms   2.94GiB    0.0%  2.15MiB
    nonlocal                         1.40k    14.6s    0.1%  10.4ms    173MiB    0.0%   126KiB
  energy_hamiltonian                    25    17.9s    0.1%   716ms   16.4GiB    0.1%   671MiB
    ene_ops                             25    16.3s    0.1%   651ms   5.05GiB    0.0%   207MiB
      ene_ops: nonlocal                 25    7.65s    0.0%   306ms    198MiB    0.0%  7.94MiB
      ene_ops: external_Hartree         25    6.00s    0.0%   240ms   2.03GiB    0.0%  83.3MiB
      ene_ops: dualmap                  25    2.23s    0.0%  89.3ms   2.23GiB    0.0%  91.3MiB
      ene_ops: kinetic                  25    295ms    0.0%  11.8ms   4.46MiB    0.0%   183KiB
      ene_ops: hartree                  25   89.5ms    0.0%  3.58ms    501MiB    0.0%  20.0MiB
      ene_ops: local                    25   9.47ms    0.0%   379μs    101MiB    0.0%  4.04MiB
compute_density                      2.55k    2634s   14.0%   1.03s   1.91TiB   11.3%   786MiB
  symmetrize_ρ                       2.55k    2421s   12.8%   949ms   1.29TiB    7.6%   531MiB
DftHamiltonian multiplication         131k    1921s   10.2%  14.6ms    276GiB    1.6%  2.15MiB
  nonlocal                            131k    1386s    7.3%  10.6ms   15.8GiB    0.1%   126KiB
energy_hamiltonian                   2.35k    1477s    7.8%   629ms   1.50TiB    8.9%   671MiB
  ene_ops                            2.35k    1242s    6.6%   529ms    475GiB    2.7%   207MiB
    ene_ops: nonlocal                2.35k     703s    3.7%   299ms   18.2GiB    0.1%  7.94MiB
    ene_ops: external_Hartree        2.35k     265s    1.4%   113ms    191GiB    1.1%  83.3MiB
    ene_ops: dualmap                 2.35k     234s    1.2%   100ms    209GiB    1.2%  91.3MiB
    ene_ops: kinetic                 2.35k    27.7s    0.1%  11.8ms    419MiB    0.0%   183KiB
    ene_ops: hartree                 2.35k    10.0s    0.1%  4.25ms   46.0GiB    0.3%  20.0MiB
    ene_ops: local                   2.35k    881ms    0.0%   375μs   9.27GiB    0.1%  4.04MiB
compute_projected_gradient              25    60.4s    0.3%   2.42s   48.9GiB    0.3%  1.96GiB
  compute_density                       25    23.4s    0.1%   937ms   19.2GiB    0.1%   786MiB
    symmetrize_ρ                        25    22.0s    0.1%   882ms   13.0GiB    0.1%   531MiB
  DftHamiltonian multiplication      1.40k    20.5s    0.1%  14.7ms   2.94GiB    0.0%  2.15MiB
    nonlocal                         1.40k    15.0s    0.1%  10.7ms    173MiB    0.0%   126KiB
  energy_hamiltonian                    25    14.2s    0.1%   569ms   16.4GiB    0.1%   671MiB
    ene_ops                             25    12.5s    0.1%   500ms   5.05GiB    0.0%   207MiB
      ene_ops: nonlocal                 25    7.56s    0.0%   303ms    198MiB    0.0%  7.94MiB
      ene_ops: external_Hartree         25    2.33s    0.0%  93.4ms   2.03GiB    0.0%  83.3MiB
      ene_ops: dualmap                  25    2.20s    0.0%  88.2ms   2.23GiB    0.0%  91.3MiB
      ene_ops: kinetic                  25    298ms    0.0%  11.9ms   4.46MiB    0.0%   183KiB
      ene_ops: hartree                  25   89.3ms    0.0%  3.57ms    501MiB    0.0%  20.0MiB
      ene_ops: local                    25   10.3ms    0.0%   413μs    101MiB    0.0%  4.04MiB
PlaneWaveBasis                          21    52.4s    0.3%   2.49s   76.8GiB    0.4%  3.66GiB
  Instantiation AtomicNonlocal          21    41.5s    0.2%   1.98s   60.2GiB    0.3%  2.87GiB
  Instantiation AtomicLocal             21    3.53s    0.0%   168ms   2.58GiB    0.0%   126MiB
    enforce_real!                       21   27.3ms    0.0%  1.30ms   7.88KiB    0.0%     384B
  Instantiation ExternalHartree         21    3.06s    0.0%   146ms   1.88GiB    0.0%  91.6MiB
  Instantiation DualMap                 21    2.21s    0.0%   105ms   1.64GiB    0.0%  80.1MiB
  build_kpoints                         21    1.36s    0.0%  64.6ms   8.65GiB    0.1%   422MiB
  Instantiation Kinetic                 21    217ms    0.0%  10.3ms   0.96GiB    0.0%  46.6MiB
  Instantiation Hartree                 21    214ms    0.0%  10.2ms   86.4MiB    0.0%  4.12MiB
    enforce_real!                       21   25.3ms    0.0%  1.21ms   8.86KiB    0.0%     432B
  Instantiation Ewald                   21   97.4ms    0.0%  4.64ms   61.7KiB    0.0%  2.94KiB
    precomp: Ewald                      21   96.9ms    0.0%  4.61ms   43.6KiB    0.0%  2.08KiB
  _check_kpoint_reduction               21   53.2ms    0.0%  2.53ms     0.00B    0.0%    0.00B
  Instantiation PspCorrection           21    719μs    0.0%  34.2μs   8.53KiB    0.0%     416B
ortho_qr                             12.7k    47.6s    0.3%  3.75ms   94.5GiB    0.5%  7.61MiB
load_scfres                              1    13.3s    0.1%   13.3s   5.98GiB    0.0%  5.98GiB
  energy_hamiltonian                     1    3.81s    0.0%   3.81s    739MiB    0.0%   739MiB
    ene_ops                              1    3.68s    0.0%   3.68s    383MiB    0.0%   383MiB
      ene_ops: xc                        1    2.31s    0.0%   2.31s    327MiB    0.0%   327MiB
      ene_ops: nonlocal                  1    368ms    0.0%   368ms   9.42MiB    0.0%  9.42MiB
      ene_ops: kinetic                   1   46.6ms    0.0%  46.6ms    234KiB    0.0%   234KiB
      ene_ops: hartree                   1   7.64ms    0.0%  7.64ms   20.0MiB    0.0%  20.0MiB
      ene_ops: local                     1    409μs    0.0%   409μs   4.04MiB    0.0%  4.04MiB
  Instantiation AtomicNonlocal           1    3.10s    0.0%   3.10s   2.93GiB    0.0%  2.93GiB
  Instantiation Xc                       1    1.06s    0.0%   1.06s    201MiB    0.0%   201MiB
    enforce_real!                        1   1.31ms    0.0%  1.31ms      384B    0.0%     384B
  Instantiation AtomicLocal              1    339ms    0.0%   339ms    127MiB    0.0%   127MiB
    enforce_real!                        1   1.30ms    0.0%  1.30ms      384B    0.0%     384B
  build_kpoints                          1    210ms    0.0%   210ms    422MiB    0.0%   422MiB
  Instantiation Ewald                    1   76.5ms    0.0%  76.5ms   18.4MiB    0.0%  18.4MiB
    precomp: Ewald                       1   4.66ms    0.0%  4.66ms   3.16KiB    0.0%  3.16KiB
  Instantiation Kinetic                  1   25.5ms    0.0%  25.5ms   46.6MiB    0.0%  46.6MiB
  Instantiation PspCorrection            1   22.0ms    0.0%  22.0ms   2.76MiB    0.0%  2.76MiB
  Instantiation Hartree                  1   17.8ms    0.0%  17.8ms   9.19MiB    0.0%  9.19MiB
    enforce_real!                        1   1.21ms    0.0%  1.21ms      432B    0.0%     432B
  _check_kpoint_reduction                1   2.53ms    0.0%  2.53ms     0.00B    0.0%    0.00B
save_scfres                              2    6.22s    0.0%   3.11s    656MiB    0.0%   328MiB
symmetry_operations                     21    230ms    0.0%  10.9ms   14.0MiB    0.0%   680KiB
  _check_symmetries                     21   3.08ms    0.0%   147μs   3.94MiB    0.0%   192KiB
──────────────────────────────────────────────────────────────────────────────────────────────
