
DFTK Version      0.7.20
Julia Version     1.12.4
libxc Version     7.0.0
FFTW.jl provider  fftw v3.3.10

BLAS.get_config()
  LinearAlgebra.BLAS.LBTConfig
  Libraries: 
  └ [ILP64] libopenblas64_.so

MPI.versioninfo()
  MPIPreferences:
    binary:  MPICH_jll
    abi:     MPICH
  
  Package versions
    MPI.jl:             0.20.23
    MPIPreferences.jl:  0.1.11
    MPICH_jll:          4.3.2+0
  
  Library information:
    libmpi:  /data/vebak3345/.julia/artifacts/117d9048128625bb3418b0b4cca48739c5d28740/lib/libmpi.so
    libmpi dlpath:  /data/vebak3345/.julia/artifacts/117d9048128625bb3418b0b4cca48739c5d28740/lib/libmpi.so
    MPI version:  4.1.0
    Library version:  
      MPICH Version:      4.3.1
      MPICH Release date: Fri Jun 20 09:24:41 AM CDT 2025
      MPICH ABI:          17:1:5
      MPICH Device:       ch3:nemesis
      MPICH configure:    --build=x86_64-linux-musl --disable-dependency-tracking --disable-doc --enable-fast=ndebug,O3 --enable-static=no --host=x86_64-linux-gnu --prefix=/workspace/destdir --with-device=ch3 --with-hwloc=/workspace/destdir
      MPICH CC:           cc     -DNDEBUG -DNVALGRIND -O3
      MPICH CXX:          c++   -DNDEBUG -DNVALGRIND -O3
      MPICH F77:          gfortran   -O3
      MPICH FC:           gfortran   -O3
      MPICH features:     
      
    MPI launcher: /data/vebak3345/.julia/artifacts/117d9048128625bb3418b0b4cca48739c5d28740/bin/mpiexec
    MPI launcher path: /data/vebak3345/.julia/artifacts/117d9048128625bb3418b0b4cca48739c5d28740/bin/mpiexec
  


truncated grid size:(54, 54, 54)
‖ρref - ρorig‖H-1 = 2.6614187192700163e-5
‖ρref - ρorig‖L2  = 0.00012143789508178116

# --- ε=1.778279410038923e-5

n     Energy            log10(ΔE)   log10(Δρ)   Δtime 
---   ---------------   ---------   ---------   ------
  1   -19.99717355311                   -0.76    20.3s
    ‖ρε - ρref‖ = 0.1048942759398594 ‖Δρ‖ = 0.1049371956909843  ‖vε - vref‖ = 1.457313250941107  α = 0.000432
  2   -19.99717843188       -5.31       -2.05    13.5s
    ‖ρε - ρref‖ = 0.00388581992187874 ‖Δρ‖ = 0.0038904283359244016  ‖vε - vref‖ = 1.185675689477704  α = 0.0026
  3   -19.99717958708       -5.94       -1.67    78.4s
    ‖ρε - ρref‖ = 0.00800326402177909 ‖Δρ‖ = 0.008012073176375067  ‖vε - vref‖ = 1.112884558175262  α = 0.000885
  4   -19.99717987536       -6.54       -0.77    63.1s
    ‖ρε - ρref‖ = 0.08182338148913995 ‖Δρ‖ = 0.08184945018318066  ‖vε - vref‖ = 1.0797427880957557  α = 0.000121
  5   -19.99717987914       -8.42       -0.54    84.5s
    ‖ρε - ρref‖ = 0.13844568816121258 ‖Δρ‖ = 0.13846880420165655  ‖vε - vref‖ = 1.0762074396802865  α = 1.32e-5
  6   -19.99717987914      -13.67       -0.46     141s
    ‖ρε - ρref‖ = 0.17145520168465647 ‖Δρ‖ = 0.1714779642368315  ‖vε - vref‖ = 1.0762074396547114  α = 1.79e-12
  7   -19.99717987914   +  -14.15       -1.45    64.7s
    ‖ρε - ρref‖ = 0.011537288271223349 ‖Δρ‖ = 0.011555931715005595  ‖vε - vref‖ = 1.076207439654616  α = 0.0
  8   -19.99717990517       -7.58       -2.53    76.5s
    ‖ρε - ρref‖ = 0.0017622724994591124 ‖Δρ‖ = 0.0018055901695214467  ‖vε - vref‖ = 1.0655205649942832  α = 0.00101
  9   -19.99717991220       -8.15       -0.33    93.0s
    ‖ρε - ρref‖ = 0.2263686054306662 ‖Δρ‖ = 0.22639209864187337  ‖vε - vref‖ = 1.0613742899413574  α = 8.64e-6
 10   -19.99717991220      -13.85       -0.15     108s
    ‖ρε - ρref‖ = 0.3495333592902646 ‖Δρ‖ = 0.3495589603043144  ‖vε - vref‖ = 1.0613742898578586  α = 2.93e-13
 11   -19.99717991220   +    -Inf       -0.09    74.2s
    ‖ρε - ρref‖ = 0.4009756289701919 ‖Δρ‖ = 0.4009989200269239  ‖vε - vref‖ = 1.0613742898523408  α = 3.4e-14
 12   -19.99717991220   +    -Inf       -1.14    68.3s
    ‖ρε - ρref‖ = 0.03070559397554998 ‖Δρ‖ = 0.030725639480924348  ‖vε - vref‖ = 1.0613742898530365  α = 0.0
Trying again without preconditioner ...
n     Energy            log10(ΔE)   log10(Δρ)   Δtime 
---   ---------------   ---------   ---------   ------
  1   -19.99718025149                   -1.56    81.4s
    ‖ρε - ρref‖ = 0.008271286763925379 ‖Δρ‖ = 0.008246109732717529  ‖vε - vref‖ = 1.036575357566489  α = 0.000316
  2   -19.99718065268       -6.40        0.18    84.1s
    ‖ρε - ρref‖ = 0.7427642550509298 ‖Δρ‖ = 0.7427935418935293  ‖vε - vref‖ = 0.9743546001870458  α = 1.61e-5
  3   -19.99718065268   +    -Inf        0.09     102s
    ‖ρε - ρref‖ = 0.5982471163650522 ‖Δρ‖ = 0.5982753799386307  ‖vε - vref‖ = 0.9743545891824238  α = 8.78e-12
  4   -19.99718065268   +  -14.15        0.13    58.6s
    ‖ρε - ρref‖ = 0.6622295893923892 ‖Δρ‖ = 0.6622588038811461  ‖vε - vref‖ = 0.9743545891823804  α = 0.0
  5   -19.99718065268      -14.15       -1.89     178s
    ‖ρε - ρref‖ = 0.004509509339221427 ‖Δρ‖ = 0.004532963837208628  ‖vε - vref‖ = 0.9743545891844831  α = 1.01e-15
  6   -19.99718065268      -11.55       -1.04    86.6s
    ‖ρε - ρref‖ = 0.049338563311113054 ‖Δρ‖ = 0.04929942112083529  ‖vε - vref‖ = 0.9743433408134051  α = 1.4e-7
  7   -19.99718065394       -8.90       -0.99    68.7s
    ‖ρε - ρref‖ = 0.03880494993300047 ‖Δρ‖ = 0.03882108741561097  ‖vε - vref‖ = 0.9675842605290462  α = 3.34e-5
  8   -19.99718065394      -13.85       -0.04     100s
    ‖ρε - ρref‖ = 0.40158904198483397 ‖Δρ‖ = 0.4016119161438121  ‖vε - vref‖ = 0.967584253110167  α = 6.13e-12
  9   -19.99718065394   +    -Inf        0.03     139s
    ‖ρε - ρref‖ = 0.4728263721938602 ‖Δρ‖ = 0.47285135081336543  ‖vε - vref‖ = 0.967584253106582  α = 8.77e-16
 10   -19.99718065394   +    -Inf       -0.13    77.8s
    ‖ρε - ρref‖ = 0.3192278913223991 ‖Δρ‖ = 0.3192541170675177  ‖vε - vref‖ = 0.9675842530947579  α = 1.5e-14

#-- ‖ρε - ρref‖ = 5.073807753830573e-5 vs. 1.778279410038923e-7 = δ*ε ‖vε - vref‖ = 0.9675842530947579  Qε=0.9317896077633366


# --- ε=1.0e-5

n     Energy            log10(ΔE)   log10(Δρ)   Δtime 
---   ---------------   ---------   ---------   ------
  1   -19.99711670199                   -0.89    14.8s
    ‖ρε - ρref‖ = 0.08214124826702564 ‖Δρ‖ = 0.08211951884089286  ‖vε - vref‖ = 1.9199654733363425  α = 0.000275
  2   -19.99711843846       -5.76       -1.96    18.6s
    ‖ρε - ρref‖ = 0.004491338716845351 ‖Δρ‖ = 0.004487765818491764  ‖vε - vref‖ = 1.7842487781653245  α = 0.00201
  3   -19.99711874308       -6.52       -0.88    80.3s
    ‖ρε - ρref‖ = 0.061288881114145856 ‖Δρ‖ = 0.06129752828527336  ‖vε - vref‖ = 1.7337908944031744  α = 0.000111
  4   -19.99711875138       -8.08       -0.06    73.4s
    ‖ρε - ρref‖ = 0.4304908182533188 ‖Δρ‖ = 0.43050477964614753  ‖vε - vref‖ = 1.724795305558029  α = 3.88e-6
  5   -19.99711875138      -13.97       -0.12     168s
    ‖ρε - ρref‖ = 0.3752182708929512 ‖Δρ‖ = 0.37523180192240235  ‖vε - vref‖ = 1.7247953054833338  α = 1.92e-13
  6   -19.99711875138   +    -Inf       -0.39    74.7s
    ‖ρε - ρref‖ = 0.20235868261267603 ‖Δρ‖ = 0.20237213570017926  ‖vε - vref‖ = 1.7247953054835066  α = 0.0
  7   -19.99711903829       -6.54       -1.87    12.9s
    ‖ρε - ρref‖ = 0.008646099293226477 ‖Δρ‖ = 0.008672020614420123  ‖vε - vref‖ = 1.6772918514064086  α = 0.000501
  8   -19.99711911397       -7.12       -1.07    69.5s
    ‖ρε - ρref‖ = 0.03649952565981585 ‖Δρ‖ = 0.036510443662783984  ‖vε - vref‖ = 1.6334015140576457  α = 0.000126
  9   -19.99711911397      -14.45       -0.28    96.3s
    ‖ρε - ρref‖ = 0.262997752741322 ‖Δρ‖ = 0.26301301632523566  ‖vε - vref‖ = 1.633401513045939  α = 2.28e-12
 10   -19.99711911397   +  -14.45        0.06    62.4s
    ‖ρε - ρref‖ = 0.5661278823915586 ‖Δρ‖ = 0.5661434061656744  ‖vε - vref‖ = 1.6334015130483723  α = 0.0
 11   -19.99711926721       -6.81       -2.03    91.4s
    ‖ρε - ρref‖ = 0.00601059141818571 ‖Δρ‖ = 0.005985355766982722  ‖vε - vref‖ = 1.6048311922607794  α = 0.000211
 12   -19.99711926721      -13.75       -0.71     174s
    ‖ρε - ρref‖ = 0.09585069740605079 ‖Δρ‖ = 0.09586469108087657  ‖vε - vref‖ = 1.6048311922681031  α = 3.29e-14
 13   -19.99711926721   +    -Inf       -0.72     112s
    ‖ρε - ρref‖ = 0.0999492703998165 ‖Δρ‖ = 0.09996888101452842  ‖vε - vref‖ = 1.6048311917453835  α = 7.08e-13
 14   -19.99711926721   +  -14.45       -1.75    69.5s
    ‖ρε - ρref‖ = 0.006278542402682944 ‖Δρ‖ = 0.006279825343257004  ‖vε - vref‖ = 1.6048311917443492  α = 0.0
 15   -19.99711926721      -13.97       -2.78     147s
    ‖ρε - ρref‖ = 0.0009046779538404493 ‖Δρ‖ = 0.0008786358153902757  ‖vε - vref‖ = 1.6048311916516549  α = 4.75e-12
 16   -19.99711926721   +  -14.15        0.06    61.3s
    ‖ρε - ρref‖ = 0.5679959231091782 ‖Δρ‖ = 0.5680109824958248  ‖vε - vref‖ = 1.6048311916499112  α = 0.0
 17   -19.99711926721      -14.15       -2.78     125s
    ‖ρε - ρref‖ = 0.0009046779388103491 ‖Δρ‖ = 0.0008786358004282998  ‖vε - vref‖ = 1.6048311916550915  α = 1.0e-14
 18   -19.99711926721   +    -Inf       -1.76     125s
    ‖ρε - ρref‖ = 0.010991907898506877 ‖Δρ‖ = 0.010966756507933453  ‖vε - vref‖ = 1.6048311916542188  α = 1.32e-16
 19   -19.99711926721   +    -Inf       -0.13     129s
    ‖ρε - ρref‖ = 0.3515846439726207 ‖Δρ‖ = 0.3515955571323172  ‖vε - vref‖ = 1.6048311916382945  α = 5.49e-15
Trying again without preconditioner ...
n     Energy            log10(ΔE)   log10(Δρ)   Δtime 
---   ---------------   ---------   ---------   ------
  1   -19.99711930707                   -1.52    71.7s
    ‖ρε - ρref‖ = 0.008022381656896983 ‖Δρ‖ = 0.00802160861654668  ‖vε - vref‖ = 1.5738034550723532  α = 0.000169
  2   -19.99711930707      -13.85        0.24     112s
    ‖ρε - ρref‖ = 0.8540720131998537 ‖Δρ‖ = 0.8540885399858369  ‖vε - vref‖ = 1.5738034533737564  α = 2.16e-13
  3   -19.99711930707   +  -14.45        0.24    62.5s
    ‖ρε - ρref‖ = 0.8451726604239744 ‖Δρ‖ = 0.8451892459462608  ‖vε - vref‖ = 1.5738034533711909  α = 0.0
  4   -19.99711930707   +    -Inf       -1.51     190s
    ‖ρε - ρref‖ = 0.011641737086810629 ‖Δρ‖ = 0.011652008944476135  ‖vε - vref‖ = 1.5738034533728307  α = 4.39e-16
  5   -19.99711930707   +    -Inf        0.09    60.8s
    ‖ρε - ρref‖ = 0.6050273126964485 ‖Δρ‖ = 0.6050441044224504  ‖vε - vref‖ = 1.5738034533713325  α = 0.0

#-- ‖ρε - ρref‖ = 3.1493682896966424e-5 vs. 1.0000000000000001e-7 = δ*ε ‖vε - vref‖ = 1.5738034533713325  Qε=0.8284364905466567


# --- ε=5.623413251903491e-6

n     Energy            log10(ΔE)   log10(Δρ)   Δtime 
---   ---------------   ---------   ---------   ------
  1   -19.99707257807                   -0.90    15.0s
    ‖ρε - ρref‖ = 0.08058550931869653 ‖Δρ‖ = 0.08057610805551935  ‖vε - vref‖ = 3.3593936986623967  α = 0.000191
  2   -19.99707437418       -5.75       -1.82    63.1s
    ‖ρε - ρref‖ = 0.006272527988134777 ‖Δρ‖ = 0.006269069948808896  ‖vε - vref‖ = 3.2295538298679176  α = 0.000685
  3   -19.99707455778       -6.74       -0.14    65.5s
    ‖ρε - ρref‖ = 0.355680815339902 ‖Δρ‖ = 0.35568741469671594  ‖vε - vref‖ = 3.1565325753886735  α = 3.38e-5
  4   -19.99707455778      -13.85        0.05    90.8s
    ‖ρε - ρref‖ = 0.5589853234379681 ‖Δρ‖ = 0.5589926080121579  ‖vε - vref‖ = 3.156532538924468  α = 4.17e-12
  5   -19.99707455778   +  -14.15        0.04    61.9s
    ‖ρε - ρref‖ = 0.5464832457448885 ‖Δρ‖ = 0.546490451536732  ‖vε - vref‖ = 3.156532538925151  α = 0.0
  6   -19.99707705610       -5.60       -1.32    11.9s
    ‖ρε - ρref‖ = 0.02950742185471828 ‖Δρ‖ = 0.02951998491612695  ‖vε - vref‖ = 2.886167223230775  α = 0.000117
  7   -19.99707705610      -14.15       -1.64    97.6s
    ‖ρε - ρref‖ = 0.010743183781495604 ‖Δρ‖ = 0.010751065442927891  ‖vε - vref‖ = 2.886167215564363  α = 3.62e-11
  8   -19.99707705610   +  -14.45        0.07    64.9s
    ‖ρε - ρref‖ = 0.5783860741495261 ‖Δρ‖ = 0.5783948047313888  ‖vε - vref‖ = 2.886167215567434  α = 0.0
  9   -19.99707708513       -7.54       -2.09    67.8s
    ‖ρε - ρref‖ = 0.004923277380815573 ‖Δρ‖ = 0.004935539231542727  ‖vε - vref‖ = 2.8749278700343646  α = 0.000107
 10   -19.99707708513      -13.67        0.04     111s
    ‖ρε - ρref‖ = 0.5456109813073395 ‖Δρ‖ = 0.5456198485253986  ‖vε - vref‖ = 2.874927869474817  α = 1.07e-13
 11   -19.99707708513   +  -14.45        0.07    64.0s
    ‖ρε - ρref‖ = 0.5804427731273478 ‖Δρ‖ = 0.5804516457274959  ‖vε - vref‖ = 2.874927869469529  α = 0.0
 12   -19.99707708513      -13.75       -2.47     111s
    ‖ρε - ρref‖ = 0.0016184970756738316 ‖Δρ‖ = 0.0016276895948175339  ‖vε - vref‖ = 2.8749278693533418  α = 2.46e-12
 13   -19.99707708513   +  -14.15        0.07    61.2s
    ‖ρε - ρref‖ = 0.5842267969867816 ‖Δρ‖ = 0.5842357112032861  ‖vε - vref‖ = 2.8749278693568865  α = 0.0
 14   -19.99707708513      -14.15       -2.47     195s
    ‖ρε - ρref‖ = 0.0016184970619426222 ‖Δρ‖ = 0.0016276895810377475  ‖vε - vref‖ = 2.8749278693568012  α = 1.67e-15
 15   -19.99707708513   +  -14.15        0.07    67.2s
    ‖ρε - ρref‖ = 0.5838396927188083 ‖Δρ‖ = 0.5838486060543511  ‖vε - vref‖ = 2.87492786935588  α = 0.0
 16   -19.99707708513      -14.45       -2.47     145s
    ‖ρε - ρref‖ = 0.0016184970619775114 ‖Δρ‖ = 0.001627689581072986  ‖vε - vref‖ = 2.8749278693382485  α = 2.15e-13
 17   -19.99707708513   +  -14.45       -0.24    62.3s
    ‖ρε - ρref‖ = 0.26825651416757584 ‖Δρ‖ = 0.26826095062167954  ‖vε - vref‖ = 2.8749278693503424  α = 0.0
 18   -19.99707708513      -14.45       -2.47     132s
    ‖ρε - ρref‖ = 0.001618497061162016 ‖Δρ‖ = 0.0016276895802557639  ‖vε - vref‖ = 2.874927869283962  α = 1.07e-12
 19   -19.99707708513   +    -Inf        0.01     132s
    ‖ρε - ρref‖ = 0.49375160090378517 ‖Δρ‖ = 0.4937595180943087  ‖vε - vref‖ = 2.8749278692764055  α = 2.78e-15
 20   -19.99707708513   +  -14.45       -0.39    69.3s
    ‖ρε - ρref‖ = 0.19393102236802867 ‖Δρ‖ = 0.19393714391987588  ‖vε - vref‖ = 2.874927869282096  α = 0.0
 21   -19.99707708513   +    -Inf       -2.47     128s
    ‖ρε - ρref‖ = 0.0016184970595272223 ‖Δρ‖ = 0.0016276895786161987  ‖vε - vref‖ = 2.87492786928362  α = 2.75e-14
 22   -19.99707708513   +    -Inf        0.00    61.3s
    ‖ρε - ρref‖ = 0.5049860324333003 ‖Δρ‖ = 0.504995369866291  ‖vε - vref‖ = 2.874927869283032  α = 0.0
Trying again without preconditioner ...
n     Energy            log10(ΔE)   log10(Δρ)   Δtime 
---   ---------------   ---------   ---------   ------
  1   -19.99707791268                   -1.14    70.9s
    ‖ρε - ρref‖ = 0.025704993461332704 ‖Δρ‖ = 0.025711810685378072  ‖vε - vref‖ = 2.7308369518108617  α = 0.000227
  2   -19.99707791268      -13.37        0.25    92.5s
    ‖ρε - ρref‖ = 0.8489572650317917 ‖Δρ‖ = 0.8489664575309883  ‖vε - vref‖ = 2.7308369458819075  α = 3.21e-13
  3   -19.99707791268   +  -14.45        0.25    66.0s
    ‖ρε - ρref‖ = 0.8681556773170593 ‖Δρ‖ = 0.8681650410187592  ‖vε - vref‖ = 2.7308369458853927  α = 0.0
  4   -19.99707791268      -14.45       -1.17     190s
    ‖ρε - ρref‖ = 0.027191394780593358 ‖Δρ‖ = 0.027192860888996317  ‖vε - vref‖ = 2.7308369458840174  α = 2.77e-16
  5   -19.99707791268   +  -13.85       -0.02    60.2s
    ‖ρε - ρref‖ = 0.44759734247693383 ‖Δρ‖ = 0.4476057861899788  ‖vε - vref‖ = 2.730836945873101  α = 0.0
  6   -19.99707791268      -13.75       -1.17     110s
    ‖ρε - ρref‖ = 0.027191394779755795 ‖Δρ‖ = 0.02719286088816353  ‖vε - vref‖ = 2.730836945494554  α = 8.57e-13
  7   -19.99707791268   +    -Inf        0.25    65.8s
    ‖ρε - ρref‖ = 0.870534353618012 ‖Δρ‖ = 0.8705437209282831  ‖vε - vref‖ = 2.7308369454979435  α = 0.0
  8   -19.99707791268   +    -Inf       -1.17     158s
    ‖ρε - ρref‖ = 0.027191394725830265 ‖Δρ‖ = 0.027192860834357912  ‖vε - vref‖ = 2.730836945494985  α = 1.77e-16

#-- ‖ρε - ρref‖ = 2.0950262016738084e-5 vs. 5.623413251903491e-8 = δ*ε ‖vε - vref‖ = 2.730836945494985  Qε=0.8607654390346489


# --- ε=3.162277660168379e-6

n     Energy            log10(ΔE)   log10(Δρ)   Δtime 
---   ---------------   ---------   ---------   ------
  1   -19.99703139007                   -0.86    14.0s
    ‖ρε - ρref‖ = 0.08617543535930104 ‖Δρ‖ = 0.08617453390774599  ‖vε - vref‖ = 6.281612955691893  α = 0.000156
  2   -19.99703168078       -6.54       -1.42    68.0s
    ‖ρε - ρref‖ = 0.017372177316791144 ‖Δρ‖ = 0.017372245058852636  ‖vε - vref‖ = 6.269089227752661  α = 0.000302
  3   -19.99703168078      -13.41        0.05     160s
    ‖ρε - ρref‖ = 0.5587224393107304 ‖Δρ‖ = 0.55872464611081  ‖vε - vref‖ = 6.2690892268905065  α = 1.2e-13
  4   -19.99703168078   +  -14.45        0.07    57.1s
    ‖ρε - ρref‖ = 0.5858205455621857 ‖Δρ‖ = 0.5858227800771824  ‖vε - vref‖ = 6.269089226902957  α = 0.0
  5   -19.99704257864       -4.96       -0.87    13.2s
    ‖ρε - ρref‖ = 0.08341424110801698 ‖Δρ‖ = 0.08341958142372412  ‖vε - vref‖ = 5.157371487608351  α = 5.1e-5
  6   -19.99704258399       -8.27       -1.57    72.8s
    ‖ρε - ρref‖ = 0.012486708633929365 ‖Δρ‖ = 0.012489964462479495  ‖vε - vref‖ = 5.147017710654676  α = 2.61e-5
  7   -19.99704258399      -13.67        0.07    97.2s
    ‖ρε - ρref‖ = 0.5803503778207134 ‖Δρ‖ = 0.5803546314339496  ‖vε - vref‖ = 5.1470177102908305  α = 3.8e-14
  8   -19.99704258399   +  -14.45        0.06    65.2s
    ‖ρε - ρref‖ = 0.5733626222038963 ‖Δρ‖ = 0.5733668664826553  ‖vε - vref‖ = 5.147017710346689  α = 0.0
  9   -19.99704293921       -6.45       -1.32    10.6s
    ‖ρε - ρref‖ = 0.030081256095170796 ‖Δρ‖ = 0.030090685580552418  ‖vε - vref‖ = 5.079533934770268  α = 0.00014
 10   -19.99704293921      -13.60       -0.42     126s
    ‖ρε - ρref‖ = 0.185106487272553 ‖Δρ‖ = 0.1851122751601318  ‖vε - vref‖ = 5.079533931903523  α = 2.5e-12
 11   -19.99704293921   +  -14.15        0.07    66.1s
    ‖ρε - ρref‖ = 0.5828585284328769 ‖Δρ‖ = 0.5828646764179418  ‖vε - vref‖ = 5.079533931884723  α = 0.0
 12   -19.99704321573       -6.56       -1.41    18.1s
    ‖ρε - ρref‖ = 0.02279032071882216 ‖Δρ‖ = 0.02278442113001865  ‖vε - vref‖ = 5.01840009049651  α = 0.000141
 13   -19.99704321573      -13.75       -0.24     109s
    ‖ρε - ρref‖ = 0.28666286570721017 ‖Δρ‖ = 0.2866671531046292  ‖vε - vref‖ = 5.018400090423399  α = 3.5e-16
 14   -19.99704323957       -7.62       -0.17    72.3s
    ‖ρε - ρref‖ = 0.33376251930756834 ‖Δρ‖ = 0.33376705903284126  ‖vε - vref‖ = 5.004474864963188  α = 2.54e-6
 15   -19.99704323957      -13.75       -0.37    92.3s
    ‖ρε - ρref‖ = 0.2044034184881317 ‖Δρ‖ = 0.2044068069047666  ‖vε - vref‖ = 5.004474863895966  α = 1.03e-12
 16   -19.99704323957   +  -14.45        0.01    64.1s
    ‖ρε - ρref‖ = 0.5012905379607548 ‖Δρ‖ = 0.501294588182678  ‖vε - vref‖ = 5.004474863908087  α = 0.0
 17   -19.99704371481       -6.32       -1.47    71.8s
    ‖ρε - ρref‖ = 0.02061486634513192 ‖Δρ‖ = 0.020622071604483212  ‖vε - vref‖ = 4.938681345163029  α = 6.86e-5
 18   -19.99704371481      -13.85       -0.10     115s
    ‖ρε - ρref‖ = 0.3971630368384653 ‖Δρ‖ = 0.3971677413475916  ‖vε - vref‖ = 4.93868134488608  α = 2.48e-13
 19   -19.99704371481   +  -14.15        0.07    69.4s
    ‖ρε - ρref‖ = 0.5832994758045256 ‖Δρ‖ = 0.5833044019243224  ‖vε - vref‖ = 4.938681344885832  α = 0.0
 20   -19.99704371481   +    -Inf       -2.04    68.9s
    ‖ρε - ρref‖ = 0.004744699442197305 ‖Δρ‖ = 0.004750078148479411  ‖vε - vref‖ = 4.938681344885724  α = 0.0
 21   -19.99704371481   +    -Inf       -2.04    71.8s
    ‖ρε - ρref‖ = 0.004744699442543523 ‖Δρ‖ = 0.004750078148825969  ‖vε - vref‖ = 4.938681344887921  α = 0.0
Trying again without preconditioner ...
n     Energy            log10(ΔE)   log10(Δρ)   Δtime 
---   ---------------   ---------   ---------   ------
  1   -19.99704402473                   -0.77    88.9s
    ‖ρε - ρref‖ = 0.07736959442892634 ‖Δρ‖ = 0.07737465667558042  ‖vε - vref‖ = 4.854128191620379  α = 7.52e-5
  2   -19.99704402563       -9.04        0.26    87.4s
    ‖ρε - ρref‖ = 0.8759118461132743 ‖Δρ‖ = 0.8759176422186279  ‖vε - vref‖ = 4.849315244697346  α = 2.59e-8
  3   -19.99704402563      -13.67        0.25     168s
    ‖ρε - ρref‖ = 0.8711862090654057 ‖Δρ‖ = 0.8711919817328779  ‖vε - vref‖ = 4.849315244642349  α = 2.7e-15
  4   -19.99704402563   +  -14.15        0.25    63.2s
    ‖ρε - ρref‖ = 0.8623703789035028 ‖Δρ‖ = 0.8623761874461325  ‖vε - vref‖ = 4.8493152446367205  α = 0.0
  5   -19.99704402563   +  -14.45       -0.84    72.1s
    ‖ρε - ρref‖ = 0.06371983808562158 ‖Δρ‖ = 0.06372399375953638  ‖vε - vref‖ = 4.849315244649793  α = 0.0
  6   -19.99704402563      -14.45       -0.84    75.0s
    ‖ρε - ρref‖ = 0.06371983808541187 ‖Δρ‖ = 0.06372399375932655  ‖vε - vref‖ = 4.849315244636659  α = 0.0
  7   -19.99704402563   +  -14.45       -0.84    70.9s
    ‖ρε - ρref‖ = 0.06371983808562089 ‖Δρ‖ = 0.06372399375953569  ‖vε - vref‖ = 4.849315244643627  α = 0.0
  8   -19.99704402563      -13.97       -0.84    70.8s
    ‖ρε - ρref‖ = 0.06371983808559536 ‖Δρ‖ = 0.06372399375951009  ‖vε - vref‖ = 4.849315244654469  α = 0.0
  9   -19.99704402563   +  -13.97       -0.84    71.5s
    ‖ρε - ρref‖ = 0.06371983808669765 ‖Δρ‖ = 0.06372399376061255  ‖vε - vref‖ = 4.849315244636099  α = 0.0
 10   -19.99704402563      -14.45       -0.84     111s
    ‖ρε - ρref‖ = 0.06371983808542428 ‖Δρ‖ = 0.06372399375932553  ‖vε - vref‖ = 4.849315243100032  α = 1.57e-12
 11   -19.99704402563   +    -Inf        0.26    69.3s
    ‖ρε - ρref‖ = 0.8766559249219419 ‖Δρ‖ = 0.8766617153527024  ‖vε - vref‖ = 4.849315243100019  α = 0.0
 12   -19.99704402563   +  -14.45       -0.84    71.3s
    ‖ρε - ρref‖ = 0.06371983863645378 ‖Δρ‖ = 0.06372399431044058  ‖vε - vref‖ = 4.849315243096441  α = 0.0
 13   -19.99704402563   +    -Inf       -0.84    71.9s
    ‖ρε - ρref‖ = 0.06371983863517879 ‖Δρ‖ = 0.06372399430916541  ‖vε - vref‖ = 4.849315243088846  α = 0.0
 14   -19.99704402563      -14.45       -0.84    71.6s
    ‖ρε - ρref‖ = 0.06371983863517622 ‖Δρ‖ = 0.06372399430916285  ‖vε - vref‖ = 4.849315243099389  α = 0.0
 15   -19.99704402563   +    -Inf       -0.84    72.3s
    ‖ρε - ρref‖ = 0.0637198386370244 ‖Δρ‖ = 0.06372399431101104  ‖vε - vref‖ = 4.849315243104668  α = 0.0
 16   -19.99704402563   +  -14.45       -0.84    72.7s
    ‖ρε - ρref‖ = 0.06371983863724452 ‖Δρ‖ = 0.06372399431123141  ‖vε - vref‖ = 4.849315243088884  α = 0.0
 17   -19.99704402563   +    -Inf       -0.84     167s
    ‖ρε - ρref‖ = 0.06371983863560592 ‖Δρ‖ = 0.06372399430958978  ‖vε - vref‖ = 4.849315242801632  α = 3.21e-13
 18   -19.99704402563   +    -Inf        0.26    69.3s
    ‖ρε - ρref‖ = 0.8767750529585097 ‖Δρ‖ = 0.8767808469349684  ‖vε - vref‖ = 4.849315242808867  α = 0.0

#-- ‖ρε - ρref‖ = 1.591747257203484e-5 vs. 3.162277660168379e-8 = δ*ε ‖vε - vref‖ = 4.849315242808867  Qε=0.8528062037339995


# --- ε=1.778279410038923e-6

n     Energy            log10(ΔE)   log10(Δρ)   Δtime 
---   ---------------   ---------   ---------   ------
  1   -19.99700810320                   -0.88    18.3s
    ‖ρε - ρref‖ = 0.08268445704108132 ‖Δρ‖ = 0.0826799560210653  ‖vε - vref‖ = 8.87710561116587  α = 4.0e-5
  2   -19.99700821609       -6.95       -0.57    80.1s
    ‖ρε - ρref‖ = 0.13137281528871403 ‖Δρ‖ = 0.13137561950215962  ‖vε - vref‖ = 8.822115263661413  α = 3.2e-5
  3   -19.99700821609      -13.55        0.07    98.0s
    ‖ρε - ρref‖ = 0.5855385208805176 ‖Δρ‖ = 0.5855418567817232  ‖vε - vref‖ = 8.822115263461658  α = 4.96e-15
  4   -19.99700821609   +    -Inf        0.04    63.9s
    ‖ρε - ρref‖ = 0.5487818841234156 ‖Δρ‖ = 0.5487852999482575  ‖vε - vref‖ = 8.822115263429906  α = 0.0
  5   -19.99700824502       -7.54       -1.69    68.2s
    ‖ρε - ρref‖ = 0.009419400075985544 ‖Δρ‖ = 0.009418208235353748  ‖vε - vref‖ = 8.799322592348819  α = 4.24e-5
  6   -19.99700824502      -13.75        0.07     157s
    ‖ρε - ρref‖ = 0.5856421673592811 ‖Δρ‖ = 0.585645351534674  ‖vε - vref‖ = 8.799322592305208  α = 3.9e-16
  7   -19.99700824502      -13.97       -0.27     158s
    ‖ρε - ρref‖ = 0.24957396961968237 ‖Δρ‖ = 0.24957669302827476  ‖vε - vref‖ = 8.799322592249503  α = 5.2e-16
  8   -19.99700824502   +    -Inf       -1.36    63.1s
    ‖ρε - ρref‖ = 0.01735274814160292 ‖Δρ‖ = 0.017353383852285187  ‖vε - vref‖ = 8.799322592239804  α = 0.0
  9   -19.99700824502   +  -13.85       -1.68    75.1s
    ‖ρε - ρref‖ = 0.009908670493096424 ‖Δρ‖ = 0.009910599988036131  ‖vε - vref‖ = 8.799322592256912  α = 0.0
 10   -19.99700824502      -14.45       -1.68    74.8s
    ‖ρε - ρref‖ = 0.009908670489504948 ‖Δρ‖ = 0.009910599984441734  ‖vε - vref‖ = 8.799322592273235  α = 0.0
 11   -19.99700824502   +    -Inf       -1.68    93.6s
    ‖ρε - ρref‖ = 0.009908670490645338 ‖Δρ‖ = 0.009910599985583782  ‖vε - vref‖ = 8.799322591807028  α = 2.08e-12
 12   -19.99700824502   +  -14.45        0.07    58.2s
    ‖ρε - ρref‖ = 0.5866171360558409 ‖Δρ‖ = 0.5866203244157634  ‖vε - vref‖ = 8.799322591807835  α = 0.0
 13   -19.99700824502   +    -Inf       -1.68     222s
    ‖ρε - ρref‖ = 0.009908670491431666 ‖Δρ‖ = 0.009910599986377328  ‖vε - vref‖ = 8.799322591795018  α = 2.65e-15
 14   -19.99700824550       -9.31        0.04    73.9s
    ‖ρε - ρref‖ = 0.5329731420680509 ‖Δρ‖ = 0.5329759364668283  ‖vε - vref‖ = 8.79706520621776  α = 9.08e-8
 15   -19.99700825045       -8.31       -0.19     102s
    ‖ρε - ρref‖ = 0.3120221921147401 ‖Δρ‖ = 0.3120249705312028  ‖vε - vref‖ = 8.791505186614254  α = 1.59e-6
 16   -19.99700825045      -13.97        0.03     102s
    ‖ρε - ρref‖ = 0.5204046565990883 ‖Δρ‖ = 0.5204077565730145  ‖vε - vref‖ = 8.791505184934605  α = 9.27e-14
 17   -19.99700825045   +  -14.15        0.03    65.8s
    ‖ρε - ρref‖ = 0.5245782621910655 ‖Δρ‖ = 0.5245813783053026  ‖vε - vref‖ = 8.791505184936632  α = 0.0
 18   -19.99700825045   +    -Inf       -1.66     137s
    ‖ρε - ρref‖ = 0.010721740863920706 ‖Δρ‖ = 0.010724146793257418  ‖vε - vref‖ = 8.791505184511818  α = 2.28e-12
 19   -19.99700825045   +    -Inf        0.07    71.0s
    ‖ρε - ρref‖ = 0.5861657995219237 ‖Δρ‖ = 0.5861689400232476  ‖vε - vref‖ = 8.791505184499542  α = 0.0
Trying again without preconditioner ...
n     Energy            log10(ΔE)   log10(Δρ)   Δtime 
---   ---------------   ---------   ---------   ------
  1   -19.99700976143                   -0.39    86.2s
    ‖ρε - ρref‖ = 0.1945079651119608 ‖Δρ‖ = 0.19451066920295304  ‖vε - vref‖ = 8.561453779416995  α = 6.87e-5
  2   -19.99700976605       -8.34        0.26    82.3s
    ‖ρε - ρref‖ = 0.8754336700353749 ‖Δρ‖ = 0.8754366733121586  ‖vε - vref‖ = 8.55196273451428  α = 4.3e-8
  3   -19.99700976605      -13.67        0.26     182s
    ‖ρε - ρref‖ = 0.8757950637319772 ‖Δρ‖ = 0.8757980586290641  ‖vε - vref‖ = 8.551962734355468  α = 1.33e-15
  4   -19.99700976605   +  -14.45        0.26    56.6s
    ‖ρε - ρref‖ = 0.8748806028405909 ‖Δρ‖ = 0.8748835992779807  ‖vε - vref‖ = 8.551962734343151  α = 0.0
  5   -19.99700976605      -14.45       -0.37    76.9s
    ‖ρε - ρref‖ = 0.19877610358204742 ‖Δρ‖ = 0.1987786423449098  ‖vε - vref‖ = 8.551962734355435  α = 0.0
  6   -19.99700976605   +  -14.45       -0.37    73.1s
    ‖ρε - ρref‖ = 0.19877610358172682 ‖Δρ‖ = 0.1987786423445892  ‖vε - vref‖ = 8.551962734379828  α = 0.0
  7   -19.99700976605   +    -Inf       -0.37    78.5s
    ‖ρε - ρref‖ = 0.19877610358810402 ‖Δρ‖ = 0.19877864235096657  ‖vε - vref‖ = 8.551962734345688  α = 0.0
  8   -19.99700976605      -14.45       -0.37    73.5s
    ‖ρε - ρref‖ = 0.19877610358222422 ‖Δρ‖ = 0.19877864234508663  ‖vε - vref‖ = 8.551962734354925  α = 0.0
  9   -19.99700976605   +  -14.45       -0.37    73.1s
    ‖ρε - ρref‖ = 0.19877610358188472 ‖Δρ‖ = 0.19877864234474704  ‖vε - vref‖ = 8.551962734346539  α = 0.0
 10   -19.99700976605      -13.97       -0.37     167s
    ‖ρε - ρref‖ = 0.19877610358401418 ‖Δρ‖ = 0.1987786423468798  ‖vε - vref‖ = 8.551962733464832  α = 5.48e-13
 11   -19.99700976605   +  -14.45        0.26    68.4s
    ‖ρε - ρref‖ = 0.8772277373356187 ‖Δρ‖ = 0.877230740358424  ‖vε - vref‖ = 8.551962733464705  α = 0.0
 12   -19.99700976605      -14.15       -0.37     135s
    ‖ρε - ρref‖ = 0.19877610355226683 ‖Δρ‖ = 0.1987786423151459  ‖vε - vref‖ = 8.551962732587437  α = 5.34e-13
 13   -19.99700976605   +  -14.15        0.26    68.1s
    ‖ρε - ρref‖ = 0.8772179152498211 ‖Δρ‖ = 0.8772209183023766  ‖vε - vref‖ = 8.551962732585693  α = 0.0
 14   -19.99700976605      -14.45       -0.37     199s
    ‖ρε - ρref‖ = 0.1987761035241831 ‖Δρ‖ = 0.19877864228707282  ‖vε - vref‖ = 8.551962732556575  α = 2.95e-16
 15   -19.99700976874       -8.57        0.24    87.9s
    ‖ρε - ρref‖ = 0.8391309608289522 ‖Δρ‖ = 0.8391338401850531  ‖vε - vref‖ = 8.549646326797458  α = 3.17e-8
 16   -19.99700976874   +    -Inf        0.21    64.7s
    ‖ρε - ρref‖ = 0.7719082580733209 ‖Δρ‖ = 0.7719111486684471  ‖vε - vref‖ = 8.549646326807435  α = 0.0
 17   -19.99700976874      -14.45       -0.37    78.6s
    ‖ρε - ρref‖ = 0.2020808369496135 ‖Δρ‖ = 0.20208341846222602  ‖vε - vref‖ = 8.54964632680735  α = 0.0
 18   -19.99700976874   +    -Inf       -0.37     141s
    ‖ρε - ρref‖ = 0.20208083694827375 ‖Δρ‖ = 0.20208341846088784  ‖vε - vref‖ = 8.54964632659043  α = 1.86e-13
 19   -19.99700976874   +  -14.45        0.26    60.8s
    ‖ρε - ρref‖ = 0.8773202421600121 ‖Δρ‖ = 0.8773231943913904  ‖vε - vref‖ = 8.549646326563778  α = 0.0
 20   -19.99700976874      -13.97       -0.37     119s
    ‖ρε - ρref‖ = 0.20208083689065012 ‖Δρ‖ = 0.20208341840326824  ‖vε - vref‖ = 8.54964632626411  α = 1.87e-13
 21   -19.99700976874   +  -14.15        0.26    64.5s
    ‖ρε - ρref‖ = 0.8761886783044233 ‖Δρ‖ = 0.8761916343806642  ‖vε - vref‖ = 8.549646326263032  α = 0.0
 22   -19.99700976874   +    -Inf       -0.37     121s
    ‖ρε - ρref‖ = 0.20208083682716027 ‖Δρ‖ = 0.20208341833978252  ‖vε - vref‖ = 8.54964632599676  α = 1.86e-13
 23   -19.99700976874   +  -14.45        0.26    68.0s
    ‖ρε - ρref‖ = 0.8769988173350252 ‖Δρ‖ = 0.8770017698979505  ‖vε - vref‖ = 8.549646325986563  α = 0.0
 24   -19.99700976874      -14.45       -0.37     187s
    ‖ρε - ρref‖ = 0.20208083674947394 ‖Δρ‖ = 0.20208341826209802  ‖vε - vref‖ = 8.549646325986583  α = 7.4e-16
 25   -19.99700976874   +  -14.45        0.26    60.7s
    ‖ρε - ρref‖ = 0.8773990014656539 ‖Δρ‖ = 0.8774019533847588  ‖vε - vref‖ = 8.549646325995722  α = 0.0
 26   -19.99700976874   +    -Inf       -0.37    75.9s
    ‖ρε - ρref‖ = 0.2020808367452228 ‖Δρ‖ = 0.2020834182578468  ‖vε - vref‖ = 8.549646325997747  α = 0.0
 27   -19.99700976874      -14.45       -0.37    75.1s
    ‖ρε - ρref‖ = 0.20208083674531122 ‖Δρ‖ = 0.20208341825793524  ‖vε - vref‖ = 8.549646325985524  α = 0.0
 28   -19.99700976874   +    -Inf       -0.37    73.4s
    ‖ρε - ρref‖ = 0.20208083674532676 ‖Δρ‖ = 0.20208341825795076  ‖vε - vref‖ = 8.549646325973983  α = 0.0
 29   -19.99700976874   +  -14.45       -0.37    74.7s
    ‖ρε - ρref‖ = 0.20208083674523655 ‖Δρ‖ = 0.2020834182578605  ‖vε - vref‖ = 8.549646325997834  α = 0.0
 30   -19.99700976874      -14.45       -0.37    80.4s
    ‖ρε - ρref‖ = 0.20208083674560806 ‖Δρ‖ = 0.20208341825823203  ‖vε - vref‖ = 8.549646325986963  α = 0.0
 31   -19.99700976874   +  -14.45       -0.37    75.1s
    ‖ρε - ρref‖ = 0.20208083674562574 ‖Δρ‖ = 0.20208341825824971  ‖vε - vref‖ = 8.549646325996799  α = 0.0
 32   -19.99700976874   +    -Inf       -0.37    75.5s
    ‖ρε - ρref‖ = 0.20208083674535887 ‖Δρ‖ = 0.20208341825798284  ‖vε - vref‖ = 8.549646325995987  α = 0.0
 33   -19.99700976874      -14.45       -0.37    75.8s
    ‖ρε - ρref‖ = 0.20208083674519928 ‖Δρ‖ = 0.2020834182578233  ‖vε - vref‖ = 8.549646325976273  α = 0.0
 34   -19.99700976874      -14.45       -0.37    74.3s
    ‖ρε - ρref‖ = 0.20208083674415306 ‖Δρ‖ = 0.2020834182567771  ‖vε - vref‖ = 8.549646326007238  α = 0.0
 35   -19.99700976874   +  -14.15       -0.37    75.1s
    ‖ρε - ρref‖ = 0.2020808367466911 ‖Δρ‖ = 0.20208341825931508  ‖vε - vref‖ = 8.549646325985927  α = 0.0
 36   -19.99700976874   +    -Inf       -0.37    74.9s
    ‖ρε - ρref‖ = 0.2020808367441996 ‖Δρ‖ = 0.20208341825682355  ‖vε - vref‖ = 8.549646325996873  α = 0.0
 37   -19.99700976874      -14.45       -0.37    74.9s
    ‖ρε - ρref‖ = 0.2020808367454994 ‖Δρ‖ = 0.20208341825812332  ‖vε - vref‖ = 8.549646325987291  α = 0.0
 38   -19.99700976874   +    -Inf       -0.37    74.3s
    ‖ρε - ρref‖ = 0.20208083674555996 ‖Δρ‖ = 0.20208341825818393  ‖vε - vref‖ = 8.54964632598662  α = 0.0
 39   -19.99700976874      -14.45       -0.37    75.9s
    ‖ρε - ρref‖ = 0.20208083674538269 ‖Δρ‖ = 0.2020834182580067  ‖vε - vref‖ = 8.549646325986362  α = 0.0
 40   -19.99700976874   +  -14.15       -0.37    76.1s
    ‖ρε - ρref‖ = 0.2020808367442104 ‖Δρ‖ = 0.20208341825683435  ‖vε - vref‖ = 8.549646325987009  α = 0.0
 41   -19.99700976874      -14.45       -0.37     187s
    ‖ρε - ρref‖ = 0.20208083674411548 ‖Δρ‖ = 0.2020834182567396  ‖vε - vref‖ = 8.54964632596359  α = 7.39e-16
 42   -19.99700976874   +    -Inf        0.25    67.4s
    ‖ρε - ρref‖ = 0.8588222536750523 ‖Δρ‖ = 0.8588251762501662  ‖vε - vref‖ = 8.549646325986927  α = 0.0
 43   -19.99700976874   +  -14.45       -0.37    74.4s
    ‖ρε - ρref‖ = 0.2020808367344888 ‖Δρ‖ = 0.20208341824711273  ‖vε - vref‖ = 8.54964632597997  α = 0.0
 44   -19.99700976874   +  -14.45       -0.37    70.4s
    ‖ρε - ρref‖ = 0.20208083673501107 ‖Δρ‖ = 0.20208341824763498  ‖vε - vref‖ = 8.549646325960339  α = 0.0
 45   -19.99700976874   +    -Inf       -0.37    76.2s
    ‖ρε - ρref‖ = 0.2020808367325292 ‖Δρ‖ = 0.20208341824515308  ‖vε - vref‖ = 8.549646325959321  α = 0.0
 46   -19.99700976874   +    -Inf       -0.37    76.9s
    ‖ρε - ρref‖ = 0.2020808367324898 ‖Δρ‖ = 0.2020834182451137  ‖vε - vref‖ = 8.54964632596465  α = 0.0

#-- ‖ρε - ρref‖ = 1.3466382004831336e-5 vs. 1.7782794100389228e-8 = δ*ε ‖vε - vref‖ = 8.54964632596465  Qε=0.8751704480943806


# --- ε=1.0e-6

n     Energy            log10(ΔE)   log10(Δρ)   Δtime 
---   ---------------   ---------   ---------   ------
  1   -19.99696140837                   -0.89    22.1s
    ‖ρε - ρref‖ = 0.07119049198027522 ‖Δρ‖ = 0.07118963844877564  ‖vε - vref‖ = 15.481780784915356  α = 4.02e-5
  2   -19.99696140837      -14.15        0.02     137s
    ‖ρε - ρref‖ = 0.5138668010459565 ‖Δρ‖ = 0.5138679653315745  ‖vε - vref‖ = 15.481780783008766  α = 3.69e-13
  3   -19.99696140837   +  -14.45        0.07    70.9s
    ‖ρε - ρref‖ = 0.5866866006532054 ‖Δρ‖ = 0.586687806876262  ‖vε - vref‖ = 15.481780783025526  α = 0.0
  4   -19.99696220373       -6.10       -0.94    63.9s
    ‖ρε - ρref‖ = 0.06789186140639238 ‖Δρ‖ = 0.06789462024690276  ‖vε - vref‖ = 15.389873628464933  α = 3.32e-5
  5   -19.99696220373      -14.15        0.06     164s
    ‖ρε - ρref‖ = 0.5671405051626416 ‖Δρ‖ = 0.5671426074219444  ‖vε - vref‖ = 15.38987362698767  α = 1.56e-13
  6   -19.99696220373   +  -14.15        0.07    72.3s
    ‖ρε - ρref‖ = 0.5868743246800865 ‖Δρ‖ = 0.5868764503224871  ‖vε - vref‖ = 15.389873626968006  α = 0.0
  7   -19.99696233522       -6.88       -1.20    77.8s
    ‖ρε - ρref‖ = 0.028545603911238598 ‖Δρ‖ = 0.028545826842713073  ‖vε - vref‖ = 15.345780685547133  α = 2.51e-5
  8   -19.99696233522      -13.97        0.07     132s
    ‖ρε - ρref‖ = 0.5857217405514837 ‖Δρ‖ = 0.5857236726691127  ‖vε - vref‖ = 15.345780685195173  α = 7.15e-15
  9   -19.99696233522   +    -Inf        0.07    69.5s
    ‖ρε - ρref‖ = 0.5859354355486937 ‖Δρ‖ = 0.5859373713770272  ‖vε - vref‖ = 15.345780685194205  α = 0.0
 10   -19.99696233522   +    -Inf       -1.20     191s
    ‖ρε - ρref‖ = 0.030844901923073403 ‖Δρ‖ = 0.030846519380032324  ‖vε - vref‖ = 15.345780685278907  α = 3.02e-15
Trying again without preconditioner ...
n     Energy            log10(ΔE)   log10(Δρ)   Δtime 
---   ---------------   ---------   ---------   ------
  1   -19.99696305148                   -0.07    65.6s
    ‖ρε - ρref‖ = 0.4108231808900754 ‖Δρ‖ = 0.410824429720145  ‖vε - vref‖ = 15.167362563554708  α = 3.55e-5
  2   -19.99696308195       -7.52        0.26    75.5s
    ‖ρε - ρref‖ = 0.8798232025511551 ‖Δρ‖ = 0.8798249105629168  ‖vε - vref‖ = 15.098048192835895  α = 5.16e-8
  3   -19.99696308195      -13.67        0.26     123s
    ‖ρε - ρref‖ = 0.876280099145929 ‖Δρ‖ = 0.8762818022850836  ‖vε - vref‖ = 15.098048192756476  α = 3.66e-16
  4   -19.99696308195   +  -14.15        0.26    58.4s
    ‖ρε - ρref‖ = 0.8762215705169653 ‖Δρ‖ = 0.8762232755006459  ‖vε - vref‖ = 15.098048192776863  α = 0.0
  5   -19.99696308195      -14.45       -0.06    68.0s
    ‖ρε - ρref‖ = 0.4187177690974417 ‖Δρ‖ = 0.4187193913005342  ‖vε - vref‖ = 15.098048192778059  α = 0.0
  6   -19.99696308195      -14.45       -0.06    67.7s
    ‖ρε - ρref‖ = 0.4187177690977363 ‖Δρ‖ = 0.41871939130082886  ‖vε - vref‖ = 15.09804819279711  α = 0.0
  7   -19.99696308195   +    -Inf       -0.06    62.5s
    ‖ρε - ρref‖ = 0.41871776909900255 ‖Δρ‖ = 0.41871939130209507  ‖vε - vref‖ = 15.098048192797519  α = 0.0
  8   -19.99696308195   +  -14.45       -0.06    68.4s
    ‖ρε - ρref‖ = 0.41871776909884484 ‖Δρ‖ = 0.4187193913019374  ‖vε - vref‖ = 15.098048192776032  α = 0.0
  9   -19.99696308195      -14.45       -0.06    60.9s
    ‖ρε - ρref‖ = 0.41871776909765646 ‖Δρ‖ = 0.41871939130074903  ‖vε - vref‖ = 15.098048192776812  α = 0.0
 10   -19.99696308195   +  -14.45       -0.06    68.2s
    ‖ρε - ρref‖ = 0.41871776909768665 ‖Δρ‖ = 0.41871939130077923  ‖vε - vref‖ = 15.098048192776613  α = 0.0
 11   -19.99696308195   +    -Inf       -0.06     172s
    ‖ρε - ρref‖ = 0.4187177690975138 ‖Δρ‖ = 0.4187193913006064  ‖vε - vref‖ = 15.098048192737505  α = 2.03e-16
 12   -19.99696308195      -13.97        0.24     153s
    ‖ρε - ρref‖ = 0.8318946295806764 ‖Δρ‖ = 0.8318963035250211  ‖vε - vref‖ = 15.098048192566662  α = 3.9e-15
 13   -19.99696308195   +    -Inf        0.24    65.6s
    ‖ρε - ρref‖ = 0.8287945505956412 ‖Δρ‖ = 0.8287962542479138  ‖vε - vref‖ = 15.098048192586335  α = 0.0
 14   -19.99696308195   +    -Inf       -0.06    68.2s
    ‖ρε - ρref‖ = 0.4187177694854736 ‖Δρ‖ = 0.41871939168856365  ‖vε - vref‖ = 15.098048192604026  α = 0.0

#-- ‖ρε - ρref‖ = 1.2517817870896058e-5 vs. 1.0e-8 = δ*ε ‖vε - vref‖ = 15.098048192604026  Qε=0.8847385581982475

|v-vref|h1 = [0.9675842530947579, 1.5738034533713328, 2.7308369454949846, 4.849315242808867, 8.54964632596465, 15.098048192604026]
|v-vref|l2 = [0.419012101455207, 0.7290045108947582, 1.2967726144011047, 2.302537646179254, 4.077811241283097, 7.241778661031373]
────────────────────────────────────────────────────────────────────────────────────────────
                                                   Time                    Allocations      
                                          ───────────────────────   ────────────────────────
            Tot / % measured:                  5.00h /  75.1%           17.4TiB /  49.1%    

Section                           ncalls     time    %tot     avg     alloc    %tot      avg
────────────────────────────────────────────────────────────────────────────────────────────
compute_density                    5.70k    1.58h   42.0%   995ms   4.27TiB   50.0%   786MiB
  symmetrize_ρ                     5.70k    1.46h   38.8%   919ms   2.89TiB   33.8%   531MiB
DftHamiltonian multiplication       309k    1.22h   32.6%  14.3ms    648GiB    7.4%  2.15MiB
  nonlocal                          309k    3195s   23.7%  10.4ms   37.2GiB    0.4%   126KiB
energy_hamiltonian                 5.50k    3341s   24.7%   608ms   3.52TiB   41.2%   671MiB
  ene_ops                          5.50k    2830s   20.9%   514ms   1.09TiB   12.7%   207MiB
    ene_ops: nonlocal              5.50k    1585s   11.7%   288ms   42.6GiB    0.5%  7.94MiB
    ene_ops: dualmap               5.50k     576s    4.3%   105ms    491GiB    5.6%  91.3MiB
    ene_ops: external_Hartree      5.50k     569s    4.2%   103ms    448GiB    5.1%  83.3MiB
    ene_ops: kinetic               5.50k    71.6s    0.5%  13.0ms   0.96GiB    0.0%   183KiB
    ene_ops: hartree               5.50k    21.7s    0.2%  3.94ms    108GiB    1.2%  20.0MiB
    ene_ops: local                 5.50k    3.54s    0.0%   643μs   21.7GiB    0.2%  4.04MiB
ortho_qr                           11.4k    49.0s    0.4%  4.29ms   85.0GiB    1.0%  7.61MiB
PlaneWaveBasis                         6    16.7s    0.1%   2.78s   22.1GiB    0.3%  3.69GiB
  Instantiation AtomicNonlocal         6    12.2s    0.1%   2.04s   17.2GiB    0.2%  2.87GiB
  Instantiation ExternalHartree        6    1.92s    0.0%   320ms    732MiB    0.0%   122MiB
  Instantiation AtomicLocal            6    1.13s    0.0%   188ms    770MiB    0.0%   128MiB
    enforce_real!                      6   7.78ms    0.0%  1.30ms   2.25KiB    0.0%     384B
  Instantiation DualMap                6    608ms    0.0%   101ms    492MiB    0.0%  82.0MiB
  build_kpoints                        6    479ms    0.0%  79.8ms   2.47GiB    0.0%   422MiB
  Instantiation Hartree                6    173ms    0.0%  28.8ms   26.4MiB    0.0%  4.40MiB
    enforce_real!                      6   7.24ms    0.0%  1.21ms   2.53KiB    0.0%     432B
  Instantiation Kinetic                6   64.5ms    0.0%  10.8ms    280MiB    0.0%  46.6MiB
  Instantiation Ewald                  6   27.9ms    0.0%  4.65ms   18.1KiB    0.0%  3.02KiB
    precomp: Ewald                     6   27.7ms    0.0%  4.62ms   12.5KiB    0.0%  2.08KiB
  _check_kpoint_reduction              6   15.2ms    0.0%  2.54ms     0.00B    0.0%    0.00B
  Instantiation PspCorrection          6    248μs    0.0%  41.4μs   2.44KiB    0.0%     416B
load_scfres                            1    12.4s    0.1%   12.4s   5.98GiB    0.1%  5.98GiB
  energy_hamiltonian                   1    3.45s    0.0%   3.45s    739MiB    0.0%   739MiB
    ene_ops                            1    3.34s    0.0%   3.34s    383MiB    0.0%   383MiB
      ene_ops: xc                      1    2.16s    0.0%   2.16s    327MiB    0.0%   327MiB
      ene_ops: nonlocal                1    294ms    0.0%   294ms   9.42MiB    0.0%  9.42MiB
      ene_ops: kinetic                 1   43.2ms    0.0%  43.2ms    234KiB    0.0%   234KiB
      ene_ops: hartree                 1   5.41ms    0.0%  5.41ms   20.0MiB    0.0%  20.0MiB
      ene_ops: local                   1    267μs    0.0%   267μs   4.04MiB    0.0%  4.04MiB
  Instantiation AtomicNonlocal         1    2.77s    0.0%   2.77s   2.93GiB    0.0%  2.93GiB
  Instantiation Xc                     1    1.06s    0.0%   1.06s    201MiB    0.0%   201MiB
    enforce_real!                      1   1.28ms    0.0%  1.28ms      384B    0.0%     384B
  Instantiation AtomicLocal            1    339ms    0.0%   339ms    127MiB    0.0%   127MiB
    enforce_real!                      1   1.28ms    0.0%  1.28ms      384B    0.0%     384B
  build_kpoints                        1    189ms    0.0%   189ms    422MiB    0.0%   422MiB
  Instantiation Ewald                  1   74.9ms    0.0%  74.9ms   18.4MiB    0.0%  18.4MiB
    precomp: Ewald                     1   4.64ms    0.0%  4.64ms   3.16KiB    0.0%  3.16KiB
  Instantiation Kinetic                1   28.7ms    0.0%  28.7ms   46.6MiB    0.0%  46.6MiB
  Instantiation PspCorrection          1   22.6ms    0.0%  22.6ms   2.76MiB    0.0%  2.76MiB
  Instantiation Hartree                1   18.7ms    0.0%  18.7ms   9.19MiB    0.0%  9.19MiB
    enforce_real!                      1   1.20ms    0.0%  1.20ms      432B    0.0%     432B
  _check_kpoint_reduction              1   2.53ms    0.0%  2.53ms     0.00B    0.0%    0.00B
save_scfres                            2    6.15s    0.0%   3.08s    656MiB    0.0%   328MiB
symmetry_operations                    6    665ms    0.0%   111ms   9.83MiB    0.0%  1.64MiB
  _check_symmetries                    6   1.02ms    0.0%   170μs   1.12MiB    0.0%   192KiB
────────────────────────────────────────────────────────────────────────────────────────────
