
DFTK Version      0.7.20
Julia Version     1.12.4
libxc Version     7.0.0
FFTW.jl provider  fftw v3.3.10

BLAS.get_config()
  LinearAlgebra.BLAS.LBTConfig
  Libraries: 
  └ [ILP64] libopenblas64_.so

MPI.versioninfo()
  MPIPreferences:
    binary:  MPICH_jll
    abi:     MPICH
  
  Package versions
    MPI.jl:             0.20.23
    MPIPreferences.jl:  0.1.11
    MPICH_jll:          4.3.2+0
  
  Library information:
    libmpi:  /data/vebak3345/.julia/artifacts/117d9048128625bb3418b0b4cca48739c5d28740/lib/libmpi.so
    libmpi dlpath:  /data/vebak3345/.julia/artifacts/117d9048128625bb3418b0b4cca48739c5d28740/lib/libmpi.so
    MPI version:  4.1.0
    Library version:  
      MPICH Version:      4.3.1
      MPICH Release date: Fri Jun 20 09:24:41 AM CDT 2025
      MPICH ABI:          17:1:5
      MPICH Device:       ch3:nemesis
      MPICH configure:    --build=x86_64-linux-musl --disable-dependency-tracking --disable-doc --enable-fast=ndebug,O3 --enable-static=no --host=x86_64-linux-gnu --prefix=/workspace/destdir --with-device=ch3 --with-hwloc=/workspace/destdir
      MPICH CC:           cc     -DNDEBUG -DNVALGRIND -O3
      MPICH CXX:          c++   -DNDEBUG -DNVALGRIND -O3
      MPICH F77:          gfortran   -O3
      MPICH FC:           gfortran   -O3
      MPICH features:     
      
    MPI launcher: /data/vebak3345/.julia/artifacts/117d9048128625bb3418b0b4cca48739c5d28740/bin/mpiexec
    MPI launcher path: /data/vebak3345/.julia/artifacts/117d9048128625bb3418b0b4cca48739c5d28740/bin/mpiexec
  


truncated grid size:(54, 54, 54)
‖ρref - ρorig‖H-1 = 2.6614187192700163e-5
‖ρref - ρorig‖L2  = 0.00012143789508178116

# --- ε=1.778279410038923e-5

n     Energy            log10(ΔE)   log10(Δρ)   Δtime 
---   ---------------   ---------   ---------   ------
  1   -22.18687810366                   -0.76    20.4s
    ‖ρε - ρref‖ = 0.10489586942455761 ‖Δρ‖ = 0.10493877948401362  ‖vε - vref‖ = 1.4574180109885886  α = 0.000431
  2   -22.18688298199       -5.31       -2.05    13.0s
    ‖ρε - ρref‖ = 0.003885883377515489 ‖Δρ‖ = 0.003890490034491962  ‖vε - vref‖ = 1.1857434044518143  α = 0.0026
  3   -22.18688413690       -5.94       -1.67    83.1s
    ‖ρε - ρref‖ = 0.008009788612700297 ‖Δρ‖ = 0.008018597526540583  ‖vε - vref‖ = 1.1129673354376726  α = 0.000885
  4   -22.18688442533       -6.54       -0.77    63.0s
    ‖ρε - ρref‖ = 0.08189370740017957 ‖Δρ‖ = 0.08191976654361524  ‖vε - vref‖ = 1.0798480722977293  α = 0.000121
  5   -22.18688442911       -8.42       -0.54    75.4s
    ‖ρε - ρref‖ = 0.13849288630507553 ‖Δρ‖ = 0.13851599822505473  ‖vε - vref‖ = 1.0763117604835666  α = 1.32e-5
  6   -22.18688442911      -13.97       -0.46     101s
    ‖ρε - ρref‖ = 0.17154232368377947 ‖Δρ‖ = 0.17156508230492742  ‖vε - vref‖ = 1.0763117604442443  α = 1.72e-12
  7   -22.18688442911   +  -14.15       -1.48    61.9s
    ‖ρε - ρref‖ = 0.010383124306363073 ‖Δρ‖ = 0.010400746843804097  ‖vε - vref‖ = 1.0763117604443158  α = 0.0
  8   -22.18688445486       -7.59       -2.53    59.0s
    ‖ρε - ρref‖ = 0.0017614461782513877 ‖Δρ‖ = 0.0018047555985954969  ‖vε - vref‖ = 1.0654598629568774  α = 0.00101
  9   -22.18688446179       -8.16       -0.33    82.0s
    ‖ρε - ρref‖ = 0.22677903555079465 ‖Δρ‖ = 0.22680253121454558  ‖vε - vref‖ = 1.0610499805875517  α = 9.26e-6
 10   -22.18688446179      -13.75       -0.15    72.4s
    ‖ρε - ρref‖ = 0.34979316366490704 ‖Δρ‖ = 0.3498187567189006  ‖vε - vref‖ = 1.0610499803092706  α = 9.31e-13
 11   -22.18688446179   +  -14.15       -0.06    57.4s
    ‖ρε - ρref‖ = 0.42460573398847196 ‖Δρ‖ = 0.4246293575102865  ‖vε - vref‖ = 1.0610499803083178  α = 0.0
 12   -22.18688447481       -7.89       -2.51    68.3s
    ‖ρε - ρref‖ = 0.0017814017314571437 ‖Δρ‖ = 0.0017411349885286852  ‖vε - vref‖ = 1.0578985024942544  α = 0.000324
 13   -22.18688447481      -14.15       -0.27     114s
    ‖ρε - ρref‖ = 0.2669544785760471 ‖Δρ‖ = 0.26697979533362043  ‖vε - vref‖ = 1.0578985013640692  α = 3.92e-12
 14   -22.18688447481   +  -14.45       -0.12    57.6s
    ‖ρε - ρref‖ = 0.3703259058571507 ‖Δρ‖ = 0.3703492633364933  ‖vε - vref‖ = 1.0578985013631899  α = 0.0
 15   -22.18688447481      -14.15       -2.92     187s
    ‖ρε - ρref‖ = 0.0005316926276393285 ‖Δρ‖ = 0.0005004740651614231  ‖vε - vref‖ = 1.0578985013640374  α = 7.88e-15
 16   -22.18688447481      -14.45       -1.44    69.2s
    ‖ρε - ρref‖ = 0.01706743375215723 ‖Δρ‖ = 0.017041655341640226  ‖vε - vref‖ = 1.0578985002046213  α = 1.92e-11
 17   -22.18688447481   +  -14.45       -0.21    56.8s
    ‖ρε - ρref‖ = 0.302418056259091 ‖Δρ‖ = 0.30244246381114476  ‖vε - vref‖ = 1.0578985002020043  α = 0.0
 18   -22.18688447481      -14.45       -2.92     161s
    ‖ρε - ρref‖ = 0.0005316918969840099 ‖Δρ‖ = 0.0005004733603352241  ‖vε - vref‖ = 1.0578985002046217  α = 1.4e-15
 19   -22.18688447481   +    -Inf       -1.70    66.3s
    ‖ρε - ρref‖ = 0.01273005704058456 ‖Δρ‖ = 0.012774408246330155  ‖vε - vref‖ = 1.0578985002026395  α = 5.44e-15
 20   -22.18688447481   +  -14.15       -0.68    56.4s
    ‖ρε - ρref‖ = 0.11664170698696376 ‖Δρ‖ = 0.1166794212326728  ‖vε - vref‖ = 1.0578985002026993  α = 0.0
 21   -22.18688447481      -14.15       -2.92     180s
    ‖ρε - ρref‖ = 0.0005316918974492154 ‖Δρ‖ = 0.0005004733607815382  ‖vε - vref‖ = 1.057898500202045  α = 7.9e-16
 22   -22.18688447481   +  -14.15       -0.27    59.0s
    ‖ρε - ρref‖ = 0.27097467875726045 ‖Δρ‖ = 0.2710034174950675  ‖vε - vref‖ = 1.0578985002025936  α = 0.0
 23   -22.18688447481      -14.15       -2.92     121s
    ‖ρε - ρref‖ = 0.0005316918974515297 ‖Δρ‖ = 0.0005004733607836441  ‖vε - vref‖ = 1.0578985002027192  α = 1.71e-15
 24   -22.18688447481   +    -Inf        0.07    81.4s
    ‖ρε - ρref‖ = 0.5791152992568647 ‖Δρ‖ = 0.5791407843985577  ‖vε - vref‖ = 1.0578985001947654  α = 1.25e-15
 25   -22.18688447481   +  -14.15       -1.47    57.9s
    ‖ρε - ρref‖ = 0.01573943346568317 ‖Δρ‖ = 0.01573087054103033  ‖vε - vref‖ = 1.0578985001938248  α = 0.0
 26   -22.18688447481      -14.15       -2.92     162s
    ‖ρε - ρref‖ = 0.0005316918970587461 ‖Δρ‖ = 0.0005004733603980005  ‖vε - vref‖ = 1.0578985001937384  α = 8.56e-16
 27   -22.18688447481   +    -Inf       -0.18    56.6s
    ‖ρε - ρref‖ = 0.3242035616786038 ‖Δρ‖ = 0.32422655341953044  ‖vε - vref‖ = 1.057898500193971  α = 0.0
 28   -22.18688447481   +    -Inf       -2.92    61.6s
    ‖ρε - ρref‖ = 0.0005316918970610044 ‖Δρ‖ = 0.0005004733604003158  ‖vε - vref‖ = 1.0578985001946566  α = 0.0
Trying again without preconditioner ...
n     Energy            log10(ΔE)   log10(Δρ)   Δtime 
---   ---------------   ---------   ---------   ------
  1   -22.18688501921                   -1.61    72.5s
    ‖ρε - ρref‖ = 0.005194370995324503 ‖Δρ‖ = 0.005192584994550956  ‖vε - vref‖ = 1.0046227390453968  α = 0.000663
  2   -22.18688513337       -6.94        0.21    54.2s
    ‖ρε - ρref‖ = 0.8026315019460177 ‖Δρ‖ = 0.8026613836826124  ‖vε - vref‖ = 0.971570511975949  α = 7.07e-6
  3   -22.18688513337      -13.55        0.14     123s
    ‖ρε - ρref‖ = 0.6635731383763398 ‖Δρ‖ = 0.6636016988954571  ‖vε - vref‖ = 0.9715705091710496  α = 1.7e-12
  4   -22.18688513337   +  -13.97        0.12    53.9s
    ‖ρε - ρref‖ = 0.6578211142242186 ‖Δρ‖ = 0.6578509004147098  ‖vε - vref‖ = 0.9715705091702707  α = 0.0
  5   -22.18688513410       -9.14       -1.87    86.3s
    ‖ρε - ρref‖ = 0.004928923855235174 ‖Δρ‖ = 0.004906789056110355  ‖vε - vref‖ = 0.970091483345786  α = 2.31e-5
  6   -22.18688513410      -14.45        0.24    54.0s
    ‖ρε - ρref‖ = 0.8438877962278107 ‖Δρ‖ = 0.84391707097581  ‖vε - vref‖ = 0.970091483345892  α = 0.0
  7   -22.18688513410      -14.45       -1.91    60.0s
    ‖ρε - ρref‖ = 0.004289967006058858 ‖Δρ‖ = 0.00427330831164557  ‖vε - vref‖ = 0.9700914833448787  α = 0.0
  8   -22.18688513410   +  -13.97       -1.91    59.9s
    ‖ρε - ρref‖ = 0.004289967004733282 ‖Δρ‖ = 0.004273308310338544  ‖vε - vref‖ = 0.9700914833448389  α = 0.0
  9   -22.18688513410      -14.15       -1.91     139s
    ‖ρε - ρref‖ = 0.0042899670057929586 ‖Δρ‖ = 0.004273308311383714  ‖vε - vref‖ = 0.9700914833426589  α = 1.29e-13
 10   -22.18688513763       -8.45        0.22    77.0s
    ‖ρε - ρref‖ = 0.8061163705122069 ‖Δρ‖ = 0.806143951806035  ‖vε - vref‖ = 0.968198745407413  α = 2.84e-7
 11   -22.18688513783       -9.70       -0.62    68.8s
    ‖ρε - ρref‖ = 0.10570041995142791 ‖Δρ‖ = 0.10572405291589604  ‖vε - vref‖ = 0.9669059419737753  α = 3.48e-6
 12   -22.18688513783   +    -Inf        0.06    92.2s
    ‖ρε - ρref‖ = 0.5472868603523622 ‖Δρ‖ = 0.5473158534996352  ‖vε - vref‖ = 0.9669059416062229  α = 3.62e-13
 13   -22.18688513783   +  -14.45        0.11    57.2s
    ‖ρε - ρref‖ = 0.6239718785160562 ‖Δρ‖ = 0.6239995876381121  ‖vε - vref‖ = 0.966905941605399  α = 0.0
 14   -22.18688513783      -13.85       -1.97    87.2s
    ‖ρε - ρref‖ = 0.0032998542459117624 ‖Δρ‖ = 0.0033025363466588956  ‖vε - vref‖ = 0.9669059411852006  α = 1.02e-11
 15   -22.18688513783   +    -Inf        0.24    57.8s
    ‖ρε - ρref‖ = 0.8591016107770281 ‖Δρ‖ = 0.8591308367997252  ‖vε - vref‖ = 0.9669059411840103  α = 0.0
 16   -22.18688513783      -14.45       -1.97     146s
    ‖ρε - ρref‖ = 0.003299854203546575 ‖Δρ‖ = 0.0033025363063039345  ‖vε - vref‖ = 0.9669059410956988  α = 2.14e-12
 17   -22.18688513783   +    -Inf        0.24    58.6s
    ‖ρε - ρref‖ = 0.8601963014036433 ‖Δρ‖ = 0.860225515839043  ‖vε - vref‖ = 0.9669059410956052  α = 0.0
 18   -22.18688513783      -14.45       -1.97     100s
    ‖ρε - ρref‖ = 0.003299854194432109 ‖Δρ‖ = 0.0033025362976264426  ‖vε - vref‖ = 0.966905941082356  α = 3.29e-13
 19   -22.18688513783   +  -13.97        0.25    59.9s
    ‖ρε - ρref‖ = 0.8638243570810311 ‖Δρ‖ = 0.8638535245652106  ‖vε - vref‖ = 0.9669059410823628  α = 0.0
 20   -22.18688513783      -14.15       -1.97    85.4s
    ‖ρε - ρref‖ = 0.0032998541933219913 ‖Δρ‖ = 0.003302536296585037  ‖vε - vref‖ = 0.9669059410673797  α = 3.54e-13
 21   -22.18688513783   +  -14.45        0.23    55.0s
    ‖ρε - ρref‖ = 0.8401111886485892 ‖Δρ‖ = 0.8401405882648446  ‖vε - vref‖ = 0.9669059410695925  α = 0.0
 22   -22.18688513783   +    -Inf       -1.97    63.9s
    ‖ρε - ρref‖ = 0.003299854192067052 ‖Δρ‖ = 0.003302536295391555  ‖vε - vref‖ = 0.9669059410696496  α = 0.0
 23   -22.18688513783      -14.45       -1.97     132s
    ‖ρε - ρref‖ = 0.0032998541920548187 ‖Δρ‖ = 0.0033025362953794904  ‖vε - vref‖ = 0.9669059410675402  α = 5.36e-16
 24   -22.18688513805       -9.65       -0.56    68.2s
    ‖ρε - ρref‖ = 0.11553727693569454 ‖Δρ‖ = 0.11552722797993069  ‖vε - vref‖ = 0.9665331375391155  α = 8.34e-7
 25   -22.18688513805      -14.15       -0.59    94.5s
    ‖ρε - ρref‖ = 0.1178635704831465 ‖Δρ‖ = 0.11788719111386106  ‖vε - vref‖ = 0.9665331374866993  α = 1.66e-13
 26   -22.18688513805   +  -13.97        0.10    54.8s
    ‖ρε - ρref‖ = 0.5974739810953318 ‖Δρ‖ = 0.5975015338422481  ‖vε - vref‖ = 0.9665331374884997  α = 0.0
 27   -22.18688513805   +    -Inf       -1.97     135s
    ‖ρε - ρref‖ = 0.003320265177816344 ‖Δρ‖ = 0.0033341573944846875  ‖vε - vref‖ = 0.9665331374666465  α = 5.4e-13
 28   -22.18688513805      -13.97        0.16     123s
    ‖ρε - ρref‖ = 0.7116911231590619 ‖Δρ‖ = 0.7117210738708688  ‖vε - vref‖ = 0.9665331374677592  α = 7.98e-15
 29   -22.18688513805   +    -Inf        0.24    57.9s
    ‖ρε - ρref‖ = 0.849721735825259 ‖Δρ‖ = 0.8497509321155036  ‖vε - vref‖ = 0.9665331374639796  α = 0.0
 30   -22.18688513805   +  -14.45       -1.97    63.2s
    ‖ρε - ρref‖ = 0.003320265177228977 ‖Δρ‖ = 0.0033341573938367964  ‖vε - vref‖ = 0.9665331374632732  α = 0.0
 31   -22.18688513805   +    -Inf       -1.97     164s
    ‖ρε - ρref‖ = 0.0033202651767807343 ‖Δρ‖ = 0.0033341573933584855  ‖vε - vref‖ = 0.9665331374594136  α = 2.21e-14
 32   -22.18688513805   +    -Inf       -0.32    64.0s
    ‖ρε - ρref‖ = 0.2114261950326896 ‖Δρ‖ = 0.21144113282203478  ‖vε - vref‖ = 0.9665331370616242  α = 8.21e-13

#-- ‖ρε - ρref‖ = 5.088437836022786e-5 vs. 1.778279410038923e-7 = δ*ε ‖vε - vref‖ = 0.9665331370616242  Qε=0.9216609351902886


# --- ε=1.0e-5

n     Energy            log10(ΔE)   log10(Δρ)   Δtime 
---   ---------------   ---------   ---------   ------
  1   -22.18682086356                   -0.89    12.8s
    ‖ρε - ρref‖ = 0.0823336172110857 ‖Δρ‖ = 0.08231187884507611  ‖vε - vref‖ = 1.9402433484444188  α = 0.000275
  2   -22.18682169118       -6.08       -1.92    12.6s
    ‖ρε - ρref‖ = 0.004891741120254773 ‖Δρ‖ = 0.0048906499155841445  ‖vε - vref‖ = 1.865541529555028  α = 0.00237
  3   -22.18682200806       -6.50       -0.96    87.2s
    ‖ρε - ρref‖ = 0.05085134371305809 ‖Δρ‖ = 0.05085885129091857  ‖vε - vref‖ = 1.8176528535392615  α = 0.000121
  4   -22.18682202135       -7.88       -0.07    64.8s
    ‖ρε - ρref‖ = 0.42247885310428795 ‖Δρ‖ = 0.42249242062922693  ‖vε - vref‖ = 1.8049397274115115  α = 5.61e-6
  5   -22.18682202135      -14.45       -0.13     118s
    ‖ρε - ρref‖ = 0.36462725388934925 ‖Δρ‖ = 0.36464042963017224  ‖vε - vref‖ = 1.8049397272792982  α = 1.87e-13
  6   -22.18682202135   +  -14.15       -0.32    60.0s
    ‖ρε - ρref‖ = 0.23854178028749956 ‖Δρ‖ = 0.23855491657881722  ‖vε - vref‖ = 1.804939727281901  α = 0.0
  7   -22.18682299029       -6.01       -1.84    11.1s
    ‖ρε - ρref‖ = 0.00876470369569661 ‖Δρ‖ = 0.0087890879930685  ‖vε - vref‖ = 1.697695879744478  α = 0.000534
  8   -22.18682365528       -6.18       -0.99    65.3s
    ‖ρε - ρref‖ = 0.041961540104568894 ‖Δρ‖ = 0.04196590945384879  ‖vε - vref‖ = 1.6171800162878043  α = 9.15e-5
  9   -22.18682365528      -13.50       -0.80    92.2s
    ‖ρε - ρref‖ = 0.0787586170673725 ‖Δρ‖ = 0.07877531924326892  ‖vε - vref‖ = 1.6171800162032341  α = 3.46e-13
 10   -22.18682365528   +  -14.15        0.04    56.1s
    ‖ρε - ρref‖ = 0.5470564455790167 ‖Δρ‖ = 0.547072025369725  ‖vε - vref‖ = 1.6171800162052523  α = 0.0
 11   -22.18682367505       -7.70       -2.15    60.2s
    ‖ρε - ρref‖ = 0.004310625121609165 ‖Δρ‖ = 0.0042867117897018876  ‖vε - vref‖ = 1.6011569231536271  α = 0.000313
 12   -22.18682367505      -13.85       -0.34     104s
    ‖ρε - ρref‖ = 0.2266684485949618 ‖Δρ‖ = 0.22668344512294225  ‖vε - vref‖ = 1.6011569226762856  α = 1.09e-12
 13   -22.18682367505      -14.15        0.05    89.3s
    ‖ρε - ρref‖ = 0.558711222987685 ‖Δρ‖ = 0.5587259163344721  ‖vε - vref‖ = 1.6011569226223705  α = 1.04e-13
 14   -22.18682367505   +  -14.15       -0.21    56.2s
    ‖ρε - ρref‖ = 0.3028656263538711 ‖Δρ‖ = 0.30287902229504604  ‖vε - vref‖ = 1.6011569226225408  α = 0.0
 15   -22.18682367505      -13.97       -2.59     119s
    ‖ρε - ρref‖ = 0.001394102664055991 ‖Δρ‖ = 0.0014146074866628116  ‖vε - vref‖ = 1.601156922609375  α = 3.73e-13
 16   -22.18682367505   +    -Inf       -0.65    56.0s
    ‖ρε - ρref‖ = 0.10164969805463712 ‖Δρ‖ = 0.10164720935491578  ‖vε - vref‖ = 1.601156922605568  α = 0.0
 17   -22.18682367505   +  -14.45       -2.59    61.8s
    ‖ρε - ρref‖ = 0.0013941026621876423 ‖Δρ‖ = 0.0014146074847903847  ‖vε - vref‖ = 1.6011569226136237  α = 0.0
 18   -22.18682367505      -14.45       -2.59     140s
    ‖ρε - ρref‖ = 0.0013941026624923313 ‖Δρ‖ = 0.0014146074850960614  ‖vε - vref‖ = 1.6011569226113478  α = 1.17e-15
 19   -22.18682367505   +    -Inf       -1.28    62.1s
    ‖ρε - ρref‖ = 0.023659486910207854 ‖Δρ‖ = 0.02366346564273993  ‖vε - vref‖ = 1.6011569226107676  α = 0.0
 20   -22.18682367505   +    -Inf       -2.59    62.4s
    ‖ρε - ρref‖ = 0.0013941026624165694 ‖Δρ‖ = 0.001414607485020093  ‖vε - vref‖ = 1.6011569226094777  α = 0.0
Trying again without preconditioner ...
n     Energy            log10(ΔE)   log10(Δρ)   Δtime 
---   ---------------   ---------   ---------   ------
  1   -22.18682369564                   -1.49    72.1s
    ‖ρε - ρref‖ = 0.010891318342470703 ‖Δρ‖ = 0.010905648841347218  ‖vε - vref‖ = 1.580409521206986  α = 0.000118
  2   -22.18682369564      -13.85        0.25    85.4s
    ‖ρε - ρref‖ = 0.8556970216376042 ‖Δρ‖ = 0.8557139613921955  ‖vε - vref‖ = 1.580409520056427  α = 8.01e-14
  3   -22.18682369564   +  -14.15        0.24    58.2s
    ‖ρε - ρref‖ = 0.8483953056366826 ‖Δρ‖ = 0.8484122509325832  ‖vε - vref‖ = 1.5804095200597397  α = 0.0
  4   -22.18682369564      -14.15       -1.57     107s
    ‖ρε - ρref‖ = 0.007666689429790698 ‖Δρ‖ = 0.007666804249088297  ‖vε - vref‖ = 1.5804095197812875  α = 2.08e-12
  5   -22.18682369564   +  -14.45        0.25    60.9s
    ‖ρε - ρref‖ = 0.864863590040663 ‖Δρ‖ = 0.8648806401050145  ‖vε - vref‖ = 1.580409519774164  α = 0.0
  6   -22.18682369564      -14.15       -1.57     165s
    ‖ρε - ρref‖ = 0.007666689427340103 ‖Δρ‖ = 0.00766680424696216  ‖vε - vref‖ = 1.580409519765473  α = 7.97e-14
  7   -22.18682369564   +  -14.15        0.25    53.9s
    ‖ρε - ρref‖ = 0.8685548298035749 ‖Δρ‖ = 0.868571914392074  ‖vε - vref‖ = 1.5804095197656944  α = 0.0
  8   -22.18682369564      -14.15       -1.57    82.1s
    ‖ρε - ρref‖ = 0.007666689427873551 ‖Δρ‖ = 0.007666804247517376  ‖vε - vref‖ = 1.5804095197655121  α = 5.98e-15
  9   -22.18682369564   +  -14.15        0.25    58.6s
    ‖ρε - ρref‖ = 0.866684179127684 ‖Δρ‖ = 0.8667012378767568  ‖vε - vref‖ = 1.5804095197633325  α = 0.0
 10   -22.18682369564      -14.15       -1.57     101s
    ‖ρε - ρref‖ = 0.007666689428001892 ‖Δρ‖ = 0.007666804247647926  ‖vε - vref‖ = 1.580409519677024  α = 6.05e-13
 11   -22.18682369564   +  -14.15        0.25    56.3s
    ‖ρε - ρref‖ = 0.8638330281493019 ‖Δρ‖ = 0.8638500865282324  ‖vε - vref‖ = 1.5804095196768364  α = 0.0
 12   -22.18682369564      -14.45       -1.57     121s
    ‖ρε - ρref‖ = 0.007666689428210632 ‖Δρ‖ = 0.007666804247975307  ‖vε - vref‖ = 1.5804095193711973  α = 2.26e-12
 13   -22.18682369564   +  -14.15        0.25    59.5s
    ‖ρε - ρref‖ = 0.8642110271512142 ‖Δρ‖ = 0.864228081314634  ‖vε - vref‖ = 1.5804095193710277  α = 0.0
 14   -22.18682369564      -13.97       -1.57     148s
    ‖ρε - ρref‖ = 0.007666689425758561 ‖Δρ‖ = 0.007666804245877991  ‖vε - vref‖ = 1.580409519354442  α = 8.12e-14
 15   -22.18682369564   +  -14.45        0.23    54.5s
    ‖ρε - ρref‖ = 0.824289791308111 ‖Δρ‖ = 0.8243070643036906  ‖vε - vref‖ = 1.5804095193544268  α = 0.0
 16   -22.18682369564      -14.15       -1.57     107s
    ‖ρε - ρref‖ = 0.0076666894265805235 ‖Δρ‖ = 0.0076668042467203  ‖vε - vref‖ = 1.5804095193514378  α = 4.62e-15
 17   -22.18682369564   +  -13.97        0.24    59.0s
    ‖ρε - ρref‖ = 0.8382060504904812 ‖Δρ‖ = 0.8382231347482135  ‖vε - vref‖ = 1.5804095193481862  α = 0.0
 18   -22.18682369564      -14.45       -1.57    64.8s
    ‖ρε - ρref‖ = 0.007666689426603243 ‖Δρ‖ = 0.007666804246745621  ‖vε - vref‖ = 1.580409519350058  α = 0.0
 19   -22.18682369564   +  -14.45       -1.57    66.2s
    ‖ρε - ρref‖ = 0.007666689426462357 ‖Δρ‖ = 0.007666804246600646  ‖vε - vref‖ = 1.5804095193490197  α = 0.0
 20   -22.18682369564   +    -Inf       -1.57    84.2s
    ‖ρε - ρref‖ = 0.007666689427055029 ‖Δρ‖ = 0.0076668042472032814  ‖vε - vref‖ = 1.5804095193396588  α = 8.06e-14
 21   -22.18682369564      -14.15        0.25    85.6s
    ‖ρε - ρref‖ = 0.859218399161188 ‖Δρ‖ = 0.8592353754867257  ‖vε - vref‖ = 1.580409519272284  α = 3.16e-15
 22   -22.18682369564   +  -14.15        0.25    58.3s
    ‖ρε - ρref‖ = 0.8604795600567419 ‖Δρ‖ = 0.860496607214641  ‖vε - vref‖ = 1.5804095192760135  α = 0.0
 23   -22.18682369564   +  -14.15       -1.57    65.0s
    ‖ρε - ρref‖ = 0.007666689438168855 ‖Δρ‖ = 0.007666804258452477  ‖vε - vref‖ = 1.5804095192760472  α = 0.0
 24   -22.18682369564      -14.45       -1.57     111s
    ‖ρε - ρref‖ = 0.007666689437951039 ‖Δρ‖ = 0.007666804258252097  ‖vε - vref‖ = 1.5804095182726352  α = 7.29e-12
 25   -22.18682369564      -14.45        0.25    84.5s
    ‖ρε - ρref‖ = 0.8635479292620023 ‖Δρ‖ = 0.863564987909159  ‖vε - vref‖ = 1.5804095182647833  α = 7.56e-16
 26   -22.18682369564   +    -Inf        0.25    59.2s
    ‖ρε - ρref‖ = 0.8654626888123162 ‖Δρ‖ = 0.8654797528047917  ‖vε - vref‖ = 1.5804095182685434  α = 0.0
 27   -22.18682369564   +    -Inf       -1.57    64.9s
    ‖ρε - ρref‖ = 0.007666689432964936 ‖Δρ‖ = 0.0076668042544391374  ‖vε - vref‖ = 1.5804095182666744  α = 0.0

#-- ‖ρε - ρref‖ = 3.174686683033938e-5 vs. 1.0000000000000001e-7 = δ*ε ‖vε - vref‖ = 1.5804095182666744  Qε=0.828762175679302


# --- ε=5.623413251903491e-6

n     Energy            log10(ΔE)   log10(Δρ)   Δtime 
---   ---------------   ---------   ---------   ------
  1   -22.18677716602                   -0.88    13.7s
    ‖ρε - ρref‖ = 0.08294241549835227 ‖Δρ‖ = 0.08293290522208782  ‖vε - vref‖ = 3.348034463430472  α = 0.000188
  2   -22.18677877950       -5.79       -1.85    67.0s
    ‖ρε - ρref‖ = 0.0057252406747006065 ‖Δρ‖ = 0.0057214451839943375  ‖vε - vref‖ = 3.2277118069476645  α = 0.000665
  3   -22.18677898957       -6.68       -0.10    61.6s
    ‖ρε - ρref‖ = 0.39340561069619223 ‖Δρ‖ = 0.393412256470486  ‖vε - vref‖ = 3.1614804531280916  α = 2.63e-5
  4   -22.18677898957      -13.60        0.05    85.8s
    ‖ρε - ρref‖ = 0.5603978116111339 ‖Δρ‖ = 0.5604051254346373  ‖vε - vref‖ = 3.161480325746967  α = 1.34e-11
  5   -22.18677898957   +  -14.45        0.04    56.8s
    ‖ρε - ρref‖ = 0.5398761088346938 ‖Δρ‖ = 0.539883347599145  ‖vε - vref‖ = 3.1614803257526845  α = 0.0
  6   -22.18678136960       -5.62       -1.33    13.1s
    ‖ρε - ρref‖ = 0.02869856062008619 ‖Δρ‖ = 0.02871120151916657  ‖vε - vref‖ = 2.9053967101769245  α = 0.00012
  7   -22.18678136960      -14.45       -1.59     128s
    ‖ρε - ρref‖ = 0.012109829445552134 ‖Δρ‖ = 0.012117381877157534  ‖vε - vref‖ = 2.9053967057201957  α = 1.9e-11
  8   -22.18678136960   +  -14.45        0.07    60.0s
    ‖ρε - ρref‖ = 0.5789675468051666 ‖Δρ‖ = 0.5789763257942958  ‖vε - vref‖ = 2.9053967057232546  α = 0.0
  9   -22.18678137841       -8.05       -2.15    68.9s
    ‖ρε - ρref‖ = 0.0041275620674448244 ‖Δρ‖ = 0.004139585714738112  ‖vε - vref‖ = 2.8934900343690835  α = 0.000152
 10   -22.18678137841      -13.67        0.05     133s
    ‖ρε - ρref‖ = 0.5641559638375602 ‖Δρ‖ = 0.5641649059197801  ‖vε - vref‖ = 2.8934900314447902  α = 3.62e-13
 11   -22.18678137841   +    -Inf        0.07    59.1s
    ‖ρε - ρref‖ = 0.5784776273385006 ‖Δρ‖ = 0.578486535186944  ‖vε - vref‖ = 2.893490031438073  α = 0.0
 12   -22.18678137841   +    -Inf       -2.55     122s
    ‖ρε - ρref‖ = 0.0008772973702981562 ‖Δρ‖ = 0.0008728834619837522  ‖vε - vref‖ = 2.8934900314379317  α = 1.3e-15
Trying again without preconditioner ...
n     Energy            log10(ΔE)   log10(Δρ)   Δtime 
---   ---------------   ---------   ---------   ------
  1   -22.18678246151                   -1.13    65.4s
    ‖ρε - ρref‖ = 0.024099937369121725 ‖Δρ‖ = 0.024103984535683406  ‖vε - vref‖ = 2.7389288762117734  α = 0.000208
  2   -22.18678246172       -9.68        0.25    67.9s
    ‖ρε - ρref‖ = 0.8596355021116194 ‖Δρ‖ = 0.8596446117619189  ‖vε - vref‖ = 2.7374558318623876  α = 8.01e-8
  3   -22.18678246172   +    -Inf        0.25    59.2s
    ‖ρε - ρref‖ = 0.8647647929528817 ‖Δρ‖ = 0.864773858259024  ‖vε - vref‖ = 2.737455831862491  α = 0.0
  4   -22.18678246172      -14.45       -1.10     150s
    ‖ρε - ρref‖ = 0.03597055058538822 ‖Δρ‖ = 0.035978827049815774  ‖vε - vref‖ = 2.7374558318628184  α = 7.32e-16
  5   -22.18678246172   +  -14.45        0.25    57.8s
    ‖ρε - ρref‖ = 0.8712544631092229 ‖Δρ‖ = 0.8712635793187269  ‖vε - vref‖ = 2.7374558318621114  α = 0.0
  6   -22.18678246172      -14.15       -1.10     189s
    ‖ρε - ρref‖ = 0.03597055058527312 ‖Δρ‖ = 0.035978827049700915  ‖vε - vref‖ = 2.7374558318644575  α = 4.17e-15
  7   -22.18678246955       -8.11        0.25    65.5s
    ‖ρε - ρref‖ = 0.8674094252030745 ‖Δρ‖ = 0.8674187165098436  ‖vε - vref‖ = 2.733450984796819  α = 6.65e-8
  8   -22.18678246955      -13.67        0.11    90.2s
    ‖ρε - ρref‖ = 0.6233142650053513 ‖Δρ‖ = 0.6233237596379808  ‖vε - vref‖ = 2.733450984784684  α = 1.48e-14
  9   -22.18678246955   +  -13.85        0.23    55.6s
    ‖ρε - ρref‖ = 0.8094117523576415 ‖Δρ‖ = 0.8094208552683784  ‖vε - vref‖ = 2.733450984784675  α = 0.0
 10   -22.18678246955      -14.45       -1.15    63.0s
    ‖ρε - ρref‖ = 0.031246617418873867 ‖Δρ‖ = 0.031254174542730766  ‖vε - vref‖ = 2.733450984785089  α = 0.0
 11   -22.18678246955      -14.15       -1.15     134s
    ‖ρε - ρref‖ = 0.031246617422627458 ‖Δρ‖ = 0.03125417454649126  ‖vε - vref‖ = 2.733450984598637  α = 6.57e-13
 12   -22.18678246955   +  -14.15        0.25    58.0s
    ‖ρε - ρref‖ = 0.870640820107268 ‖Δρ‖ = 0.8706500735526074  ‖vε - vref‖ = 2.7334509845984765  α = 0.0
 13   -22.18678246955      -14.15       -1.15    66.4s
    ‖ρε - ρref‖ = 0.031246617309780303 ‖Δρ‖ = 0.03125417443363092  ‖vε - vref‖ = 2.7334509846007897  α = 0.0
 14   -22.18678246955   +  -14.45       -1.15    63.6s
    ‖ρε - ρref‖ = 0.031246617309463553 ‖Δρ‖ = 0.03125417443331407  ‖vε - vref‖ = 2.7334509846046116  α = 0.0
 15   -22.18678246955      -14.45       -1.15     181s
    ‖ρε - ρref‖ = 0.031246617309821527 ‖Δρ‖ = 0.031254174433677895  ‖vε - vref‖ = 2.733450984384463  α = 7.16e-13
 16   -22.18678246955      -14.15        0.25    90.1s
    ‖ρε - ρref‖ = 0.8683574955894655 ‖Δρ‖ = 0.8683667424494287  ‖vε - vref‖ = 2.733450984308403  α = 5.3e-15
 17   -22.18678246955      -14.45        0.25     140s
    ‖ρε - ρref‖ = 0.8605940853136003 ‖Δρ‖ = 0.860603362118956  ‖vε - vref‖ = 2.7334509843214367  α = 5.97e-16
 18   -22.18678246955   +    -Inf        0.25    56.7s
    ‖ρε - ρref‖ = 0.8499053357320878 ‖Δρ‖ = 0.8499148311011833  ‖vε - vref‖ = 2.733450984320833  α = 0.0
 19   -22.18678246955   +    -Inf       -1.15     174s
    ‖ρε - ρref‖ = 0.031246617331609473 ‖Δρ‖ = 0.03125417445548346  ‖vε - vref‖ = 2.733450984324234  α = 5.86e-16

#-- ‖ρε - ρref‖ = 2.0669004734817198e-5 vs. 5.623413251903491e-8 = δ*ε ‖vε - vref‖ = 2.733450984324234  Qε=0.8473654425101298


# --- ε=3.162277660168379e-6

n     Energy            log10(ΔE)   log10(Δρ)   Δtime 
---   ---------------   ---------   ---------   ------
  1   -22.18674686221                   -0.91    16.6s
    ‖ρε - ρref‖ = 0.07796717238974471 ‖Δρ‖ = 0.07795760910971895  ‖vε - vref‖ = 5.311964248172191  α = 5.31e-5
  2   -22.18674715117       -6.54       -1.38    60.1s
    ‖ρε - ρref‖ = 0.019274881223403616 ‖Δρ‖ = 0.019278476909271605  ‖vε - vref‖ = 5.160147669961088  α = 0.000297
  3   -22.18674715117      -13.41        0.05    82.1s
    ‖ρε - ρref‖ = 0.5606979848256329 ‖Δρ‖ = 0.5607040879812747  ‖vε - vref‖ = 5.160147669098482  α = 1.25e-13
  4   -22.18674715117   +  -14.45        0.07    61.3s
    ‖ρε - ρref‖ = 0.5847354319547814 ‖Δρ‖ = 0.5847416011602855  ‖vε - vref‖ = 5.160147669103311  α = 0.0
  5   -22.18674721772       -7.18       -1.34    13.1s
    ‖ρε - ρref‖ = 0.02621996215509106 ‖Δρ‖ = 0.026214695056020084  ‖vε - vref‖ = 5.130163058296839  α = 0.000156
  6   -22.18674721772      -13.67       -0.33     102s
    ‖ρε - ρref‖ = 0.22791405637707848 ‖Δρ‖ = 0.22791796361289848  ‖vε - vref‖ = 5.130163048992685  α = 4.83e-12
  7   -22.18674721772   +    -Inf        0.07    62.3s
    ‖ρε - ρref‖ = 0.5827150474291518 ‖Δρ‖ = 0.5827192417219612  ‖vε - vref‖ = 5.130163048984921  α = 0.0
  8   -22.18674799792       -6.11       -1.34    14.6s
    ‖ρε - ρref‖ = 0.02838338840725536 ‖Δρ‖ = 0.028391939917320506  ‖vε - vref‖ = 5.024430372289966  α = 0.000116
  9   -22.18674799792      -13.67       -0.35    82.2s
    ‖ρε - ρref‖ = 0.21896074091084552 ‖Δρ‖ = 0.2189660689685408  ‖vε - vref‖ = 5.024430371112337  α = 1.21e-12
 10   -22.18674799792   +    -Inf        0.07    61.1s
    ‖ρε - ρref‖ = 0.5851729663466728 ‖Δρ‖ = 0.585178684650609  ‖vε - vref‖ = 5.024430371108177  α = 0.0
 11   -22.18674821038       -6.67       -1.65    56.8s
    ‖ρε - ρref‖ = 0.012768806872172517 ‖Δρ‖ = 0.012761883790388515  ‖vε - vref‖ = 4.976642102550822  α = 0.000104
 12   -22.18674821038      -13.97        0.01     147s
    ‖ρε - ρref‖ = 0.5110933527355415 ‖Δρ‖ = 0.5110982925117884  ‖vε - vref‖ = 4.976642101972017  α = 1.72e-13
 13   -22.18674821038   +  -14.15        0.07    64.3s
    ‖ρε - ρref‖ = 0.5856970266813959 ‖Δρ‖ = 0.5857020344892999  ‖vε - vref‖ = 4.976642101965256  α = 0.0
 14   -22.18674821038      -14.15       -1.94     105s
    ‖ρε - ρref‖ = 0.006646158286932613 ‖Δρ‖ = 0.006652642586011166  ‖vε - vref‖ = 4.976642096186752  α = 3.49e-11
 15   -22.18674821038   +    -Inf        0.07    59.4s
    ‖ρε - ρref‖ = 0.5835596504210434 ‖Δρ‖ = 0.5835646542674642  ‖vε - vref‖ = 4.976642096192416  α = 0.0
 16   -22.18674821038   +  -14.45       -1.94    61.9s
    ‖ρε - ρref‖ = 0.006646156375139639 ‖Δρ‖ = 0.006652640673813992  ‖vε - vref‖ = 4.976642096180941  α = 0.0
 17   -22.18674821038      -14.45       -1.94     179s
    ‖ρε - ρref‖ = 0.006646156374687693 ‖Δρ‖ = 0.0066526406733619795  ‖vε - vref‖ = 4.976642096175328  α = 2.6e-16
 18   -22.18674821038   +    -Inf       -0.22    58.6s
    ‖ρε - ρref‖ = 0.2956616562500066 ‖Δρ‖ = 0.2956663256009734  ‖vε - vref‖ = 4.976642096174628  α = 0.0
 19   -22.18674821038   +    -Inf       -1.94    64.0s
    ‖ρε - ρref‖ = 0.006646156374461922 ‖Δρ‖ = 0.006652640673136175  ‖vε - vref‖ = 4.976642096174959  α = 0.0
Trying again without preconditioner ...
n     Energy            log10(ΔE)   log10(Δρ)   Δtime 
---   ---------------   ---------   ---------   ------
  1   -22.18674874464                   -0.77    87.2s
    ‖ρε - ρref‖ = 0.08060693042703093 ‖Δρ‖ = 0.08061257013275909  ‖vε - vref‖ = 4.889507232469364  α = 6.5e-5
  2   -22.18674886639       -6.91        0.26    72.7s
    ‖ρε - ρref‖ = 0.8805710581037174 ‖Δρ‖ = 0.8805766415328077  ‖vε - vref‖ = 4.837652357783977  α = 2.84e-7
  3   -22.18674886639   +    -Inf        0.25     131s
    ‖ρε - ρref‖ = 0.8713716804988081 ‖Δρ‖ = 0.8713772153727523  ‖vε - vref‖ = 4.837652357483618  α = 1.15e-14
  4   -22.18674886639   +    -Inf        0.25    63.1s
    ‖ρε - ρref‖ = 0.8715621613741781 ‖Δρ‖ = 0.8715677025043018  ‖vε - vref‖ = 4.837652357477675  α = 0.0

#-- ‖ρε - ρref‖ = 1.5771695825083467e-5 vs. 3.162277660168379e-8 = δ*ε ‖vε - vref‖ = 4.837652357477675  Qε=0.8532520579409768


# --- ε=1.778279410038923e-6

n     Energy            log10(ΔE)   log10(Δρ)   Δtime 
---   ---------------   ---------   ---------   ------
  1   -22.18671316812                   -0.90    14.4s
    ‖ρε - ρref‖ = 0.07800944670697071 ‖Δρ‖ = 0.07800515579940118  ‖vε - vref‖ = 8.84467078437048  α = 4.26e-5
  2   -22.18671329650       -6.89       -0.51    82.1s
    ‖ρε - ρref‖ = 0.15040419460375723 ‖Δρ‖ = 0.15040686473225037  ‖vε - vref‖ = 8.79288841636977  α = 2.72e-5
  3   -22.18671329650      -13.50        0.07    88.5s
    ‖ρε - ρref‖ = 0.5852190175792917 ‖Δρ‖ = 0.5852222164584254  ‖vε - vref‖ = 8.792888416159922  α = 7.95e-15
  4   -22.18671330799       -7.94        0.07    69.7s
    ‖ρε - ρref‖ = 0.5850374724421677 ‖Δρ‖ = 0.5850407608974644  ‖vε - vref‖ = 8.785009210769017  α = 3.1e-7
  5   -22.18671335586       -7.32        0.06    60.0s
    ‖ρε - ρref‖ = 0.5728875289127642 ‖Δρ‖ = 0.572889874601468  ‖vε - vref‖ = 8.740900001345794  α = 2.78e-6
  6   -22.18671358454       -6.64       -0.43    70.5s
    ‖ρε - ρref‖ = 0.16588294711163887 ‖Δρ‖ = 0.16588448267340833  ‖vε - vref‖ = 8.709457355058644  α = 1.21e-5
  7   -22.18671380507       -6.66       -0.19    99.1s
    ‖ρε - ρref‖ = 0.30083972914972945 ‖Δρ‖ = 0.30084146925438027  ‖vε - vref‖ = 8.672245220704765  α = 7.88e-6
  8   -22.18671380779       -8.57       -0.23    71.9s
    ‖ρε - ρref‖ = 0.26704957047710054 ‖Δρ‖ = 0.2670508754264901  ‖vε - vref‖ = 8.666629772297686  α = 1.87e-6
  9   -22.18671380779      -14.45       -0.08    84.9s
    ‖ρε - ρref‖ = 0.38260426477082365 ‖Δρ‖ = 0.38260565300680666  ‖vε - vref‖ = 8.666629772313145  α = 3.41e-14
 10   -22.18671380779   +  -14.15       -0.03    65.0s
    ‖ρε - ρref‖ = 0.4292986142221949 ‖Δρ‖ = 0.4293001042912504  ‖vε - vref‖ = 8.666629772317338  α = 0.0
 11   -22.18671383978       -7.49       -1.46    67.3s
    ‖ρε - ρref‖ = 0.015939258873475682 ‖Δρ‖ = 0.015939657295963777  ‖vε - vref‖ = 8.628640103419004  α = 8.64e-5
 12   -22.18671383978      -13.85        0.07     150s
    ‖ρε - ρref‖ = 0.5835051038495548 ‖Δρ‖ = 0.5835077502162379  ‖vε - vref‖ = 8.628640103111604  α = 1.4e-14
 13   -22.18671383978   +    -Inf        0.07    62.8s
    ‖ρε - ρref‖ = 0.5854431134529219 ‖Δρ‖ = 0.5854457541264437  ‖vε - vref‖ = 8.628640103107877  α = 0.0
 14   -22.18671383978      -14.15       -1.57     137s
    ‖ρε - ρref‖ = 0.013175519778077955 ‖Δρ‖ = 0.013177506026821656  ‖vε - vref‖ = 8.628640103132035  α = 7.25e-14
 15   -22.18671384255       -8.56       -0.14    64.4s
    ‖ρε - ρref‖ = 0.36065836888575387 ‖Δρ‖ = 0.3606608935747026  ‖vε - vref‖ = 8.62662883596257  α = 1.35e-6
 16   -22.18671384591       -8.47       -0.10    60.4s
    ‖ρε - ρref‖ = 0.3726086317770748 ‖Δρ‖ = 0.3726098883124948  ‖vε - vref‖ = 8.620594244660372  α = 7.88e-7
 17   -22.18671384625       -9.48       -0.19    70.1s
    ‖ρε - ρref‖ = 0.3176816968628781 ‖Δρ‖ = 0.3176844005205081  ‖vε - vref‖ = 8.619476823284193  α = 2.43e-7
 18   -22.18671384625      -13.97       -0.01     135s
    ‖ρε - ρref‖ = 0.47049374013171785 ‖Δρ‖ = 0.470496528253949  ‖vε - vref‖ = 8.61947682326963  α = 2.46e-15
 19   -22.18671384625   +  -14.45       -0.00    60.9s
    ‖ρε - ρref‖ = 0.4763904630916395 ‖Δρ‖ = 0.4763932471167046  ‖vε - vref‖ = 8.619476823268942  α = 0.0
 20   -22.18671384625      -14.45       -1.67     112s
    ‖ρε - ρref‖ = 0.010869757492194397 ‖Δρ‖ = 0.010872586419650854  ‖vε - vref‖ = 8.61947682324446  α = 2.46e-15
 21   -22.18671384625   +    -Inf        0.05    58.1s
    ‖ρε - ρref‖ = 0.5503062289569917 ‖Δρ‖ = 0.5503089381122334  ‖vε - vref‖ = 8.619476823246586  α = 0.0
 22   -22.18671384625   +    -Inf       -1.67    68.5s
    ‖ρε - ρref‖ = 0.010869757486924448 ‖Δρ‖ = 0.010872586414378778  ‖vε - vref‖ = 8.619476823246815  α = 0.0
Trying again without preconditioner ...
n     Energy            log10(ΔE)   log10(Δρ)   Δtime 
---   ---------------   ---------   ---------   ------
  1   -22.18671389752                   -0.40     100s
    ‖ρε - ρref‖ = 0.1919086283525108 ‖Δρ‖ = 0.19191167148782373  ‖vε - vref‖ = 8.588361703145576  α = 1.52e-5
  2   -22.18671389752      -13.97        0.26     149s
    ‖ρε - ρref‖ = 0.8776054752540903 ‖Δρ‖ = 0.8776086884524706  ‖vε - vref‖ = 8.588361700040764  α = 5.46e-15
  3   -22.18671389752   +  -14.45        0.26    58.9s
    ‖ρε - ρref‖ = 0.8745911896206666 ‖Δρ‖ = 0.8745943906946396  ‖vε - vref‖ = 8.58836170003097  α = 0.0
  4   -22.18671389752      -14.45       -0.39     178s
    ‖ρε - ρref‖ = 0.19370396284563787 ‖Δρ‖ = 0.19370688682408393  ‖vε - vref‖ = 8.588361700051731  α = 1.33e-16
  5   -22.18671389752      -13.97        0.20    95.2s
    ‖ρε - ρref‖ = 0.7651498945875352 ‖Δρ‖ = 0.7651531853140825  ‖vε - vref‖ = 8.588361700013982  α = 2.37e-15
  6   -22.18671389752   +  -14.15        0.23    61.8s
    ‖ρε - ρref‖ = 0.7926864245697374 ‖Δρ‖ = 0.7926896365612486  ‖vε - vref‖ = 8.5883617000247  α = 0.0
  7   -22.18671389752   +    -Inf       -0.39    64.4s
    ‖ρε - ρref‖ = 0.19370396280642055 ‖Δρ‖ = 0.19370688678486644  ‖vε - vref‖ = 8.588361700012303  α = 0.0
  8   -22.18671389752   +    -Inf       -0.39    69.2s
    ‖ρε - ρref‖ = 0.1937039628067374 ‖Δρ‖ = 0.19370688678518339  ‖vε - vref‖ = 8.588361700022737  α = 0.0

#-- ‖ρε - ρref‖ = 1.3599399486011035e-5 vs. 1.7782794100389228e-8 = δ*ε ‖vε - vref‖ = 8.588361700022737  Qε=0.8658122466985804


# --- ε=1.0e-6

n     Energy            log10(ΔE)   log10(Δρ)   Δtime 
---   ---------------   ---------   ---------   ------
  1   -22.18666476816                   -0.91    21.0s
    ‖ρε - ρref‖ = 0.0701144139157725 ‖Δρ‖ = 0.07011352925707585  ‖vε - vref‖ = 15.567077853672748  α = 3.97e-5
  2   -22.18666476816      -13.55        0.01     151s
    ‖ρε - ρref‖ = 0.5109877077191018 ‖Δρ‖ = 0.5109890175790155  ‖vε - vref‖ = 15.567077824517595  α = 3.85e-12
  3   -22.18666476816   +  -14.15        0.07    66.6s
    ‖ρε - ρref‖ = 0.5867561396275708 ‖Δρ‖ = 0.5867574995446281  ‖vε - vref‖ = 15.567077824510756  α = 0.0
  4   -22.18666548370       -6.15       -0.94    59.1s
    ‖ρε - ρref‖ = 0.06628120751449447 ‖Δρ‖ = 0.06628404099475703  ‖vε - vref‖ = 15.495786407632115  α = 3.54e-5
  5   -22.18666548370      -13.45        0.06     138s
    ‖ρε - ρref‖ = 0.5682428097455113 ‖Δρ‖ = 0.5682450469123401  ‖vε - vref‖ = 15.495786405071268  α = 1.45e-13
  6   -22.18666548370   +  -14.15        0.07    66.1s
    ‖ρε - ρref‖ = 0.5869041817130614 ‖Δρ‖ = 0.586906443985169  ‖vε - vref‖ = 15.495786405069284  α = 0.0
  7   -22.18666576837       -6.55       -1.21    74.2s
    ‖ρε - ρref‖ = 0.028572183003445027 ‖Δρ‖ = 0.028572102286106064  ‖vε - vref‖ = 15.431715116975777  α = 2.53e-5
  8   -22.18666576837      -13.85        0.07     118s
    ‖ρε - ρref‖ = 0.5848768100179127 ‖Δρ‖ = 0.584878807476951  ‖vε - vref‖ = 15.431715116468736  α = 1.05e-14
  9   -22.18666576837   +  -14.45        0.07    64.1s
    ‖ρε - ρref‖ = 0.5868546926104908 ‖Δρ‖ = 0.5868566935000193  ‖vε - vref‖ = 15.431715116487954  α = 0.0
 10   -22.18666576837   +    -Inf       -1.21     155s
    ‖ρε - ρref‖ = 0.030541109678719352 ‖Δρ‖ = 0.03054276243181546  ‖vε - vref‖ = 15.431715116362403  α = 1.1e-13
 11   -22.18666576837   +    -Inf       -0.22    61.4s
    ‖ρε - ρref‖ = 0.30083274795676757 ‖Δρ‖ = 0.30083500489328163  ‖vε - vref‖ = 15.431715116346114  α = 0.0
Trying again without preconditioner ...
n     Energy            log10(ΔE)   log10(Δρ)   Δtime 
---   ---------------   ---------   ---------   ------
  1   -22.18666711910                   -0.07    60.7s
    ‖ρε - ρref‖ = 0.41075959677478197 ‖Δρ‖ = 0.4107608635909467  ‖vε - vref‖ = 15.21596274724803  α = 3.38e-5
  2   -22.18666741770       -6.52        0.26    80.0s
    ‖ρε - ρref‖ = 0.8802761319567943 ‖Δρ‖ = 0.8802778087898357  ‖vε - vref‖ = 15.129104227669101  α = 6.85e-8
  3   -22.18666741770      -13.60        0.26     156s
    ‖ρε - ρref‖ = 0.8764352896786944 ‖Δρ‖ = 0.8764369592799109  ‖vε - vref‖ = 15.129104227031073  α = 2.25e-15
  4   -22.18666741770   +    -Inf        0.26    57.7s
    ‖ρε - ρref‖ = 0.8763156147917885 ‖Δρ‖ = 0.876317283615053  ‖vε - vref‖ = 15.129104227052492  α = 0.0
  5   -22.18666741770   +  -14.15       -0.06    57.2s
    ‖ρε - ρref‖ = 0.42141571208730777 ‖Δρ‖ = 0.42141729735370675  ‖vε - vref‖ = 15.129104227052043  α = 0.0
  6   -22.18666741770      -14.45       -0.06    79.8s
    ‖ρε - ρref‖ = 0.42141571208721174 ‖Δρ‖ = 0.42141729735361116  ‖vε - vref‖ = 15.129104226895844  α = 2.74e-14
  7   -22.18666741770   +  -14.15        0.26    60.0s
    ‖ρε - ρref‖ = 0.8730094420235492 ‖Δρ‖ = 0.8730111459192931  ‖vε - vref‖ = 15.129104226910654  α = 0.0
  8   -22.18666741770      -14.15       -0.06     106s
    ‖ρε - ρref‖ = 0.4214157120693343 ‖Δρ‖ = 0.4214172973357337  ‖vε - vref‖ = 15.129104226983616  α = 1.2e-15
  9   -22.18666741770      -14.45        0.21     101s
    ‖ρε - ρref‖ = 0.7424001839616483 ‖Δρ‖ = 0.7424015750234277  ‖vε - vref‖ = 15.129104224801731  α = 1.08e-13
 10   -22.18666741770   +  -14.15        0.15    54.8s
    ‖ρε - ρref‖ = 0.6193933704361139 ‖Δρ‖ = 0.619394676926999  ‖vε - vref‖ = 15.129104224820694  α = 0.0
 11   -22.18666741770      -14.15       -0.06     180s
    ‖ρε - ρref‖ = 0.4214157214940762 ‖Δρ‖ = 0.4214173067604214  ‖vε - vref‖ = 15.129104224761596  α = 2.81e-14
 12   -22.18666741770   +    -Inf        0.26    57.6s
    ‖ρε - ρref‖ = 0.8779966385157107 ‖Δρ‖ = 0.8779983108348373  ‖vε - vref‖ = 15.12910422478255  α = 0.0
 13   -22.18666741770   +    -Inf       -0.06    57.8s
    ‖ρε - ρref‖ = 0.42141572148330697 ‖Δρ‖ = 0.42141730674965233  ‖vε - vref‖ = 15.129104224781171  α = 0.0

#-- ‖ρε - ρref‖ = 1.2555425549945074e-5 vs. 1.0e-8 = δ*ε ‖vε - vref‖ = 15.129104224781171  Qε=0.8836305185362666

|v-vref|h1 = [0.9665331370616242, 1.5804095182666744, 2.733450984324234, 4.837652357477675, 8.588361700022737, 15.129104224781171]
|v-vref|l2 = [0.4185058040376497, 0.7302713593718831, 1.2917859774517386, 2.2975105015122708, 4.083658905032217, 7.243599478984065]
────────────────────────────────────────────────────────────────────────────────────────────
                                                   Time                    Allocations      
                                          ───────────────────────   ────────────────────────
            Tot / % measured:                  4.90h /  76.1%           18.6TiB /  49.0%    

Section                           ncalls     time    %tot     avg     alloc    %tot      avg
────────────────────────────────────────────────────────────────────────────────────────────
compute_density                    6.09k    1.65h   44.2%   974ms   4.56TiB   50.0%   786MiB
  symmetrize_ρ                     6.09k    1.52h   40.9%   901ms   3.08TiB   33.8%   531MiB
DftHamiltonian multiplication       329k    1.15h   30.7%  12.5ms    692GiB    7.4%  2.15MiB
  nonlocal                          329k    2982s   22.2%  9.05ms   39.7GiB    0.4%   126KiB
energy_hamiltonian                 5.87k    3283s   24.5%   559ms   3.76TiB   41.3%   671MiB
  ene_ops                          5.87k    2824s   21.0%   481ms   1.16TiB   12.7%   207MiB
    ene_ops: nonlocal              5.87k    1577s   11.8%   269ms   45.5GiB    0.5%  7.94MiB
    ene_ops: external_Hartree      5.87k     604s    4.5%   103ms    478GiB    5.1%  83.3MiB
    ene_ops: dualmap               5.87k     542s    4.0%  92.4ms    524GiB    5.6%  91.3MiB
    ene_ops: kinetic               5.87k    65.3s    0.5%  11.1ms   1.02GiB    0.0%   183KiB
    ene_ops: hartree               5.87k    25.9s    0.2%  4.41ms    115GiB    1.2%  20.0MiB
    ene_ops: local                 5.87k    4.91s    0.0%   837μs   23.2GiB    0.2%  4.04MiB
ortho_qr                           12.0k    50.4s    0.4%  4.19ms   89.5GiB    1.0%  7.61MiB
PlaneWaveBasis                         6    15.7s    0.1%   2.61s   22.1GiB    0.2%  3.69GiB
  Instantiation AtomicNonlocal         6    11.4s    0.1%   1.90s   17.2GiB    0.2%  2.87GiB
  Instantiation ExternalHartree        6    1.76s    0.0%   293ms    732MiB    0.0%   122MiB
  Instantiation AtomicLocal            6    1.15s    0.0%   192ms    770MiB    0.0%   128MiB
    enforce_real!                      6   7.78ms    0.0%  1.30ms   2.25KiB    0.0%     384B
  Instantiation DualMap                6    679ms    0.0%   113ms    492MiB    0.0%  82.0MiB
  build_kpoints                        6    392ms    0.0%  65.3ms   2.47GiB    0.0%   422MiB
  Instantiation Hartree                6    174ms    0.0%  29.1ms   26.4MiB    0.0%  4.40MiB
    enforce_real!                      6   7.23ms    0.0%  1.20ms   2.53KiB    0.0%     432B
  Instantiation Kinetic                6   62.3ms    0.0%  10.4ms    280MiB    0.0%  46.6MiB
  Instantiation Ewald                  6   27.6ms    0.0%  4.60ms   18.1KiB    0.0%  3.02KiB
    precomp: Ewald                     6   27.5ms    0.0%  4.58ms   12.5KiB    0.0%  2.08KiB
  _check_kpoint_reduction              6   15.1ms    0.0%  2.51ms     0.00B    0.0%    0.00B
  Instantiation PspCorrection          6    141μs    0.0%  23.5μs   2.44KiB    0.0%     416B
load_scfres                            1    12.1s    0.1%   12.1s   5.98GiB    0.1%  5.98GiB
  energy_hamiltonian                   1    3.41s    0.0%   3.41s    739MiB    0.0%   739MiB
    ene_ops                            1    3.34s    0.0%   3.34s    383MiB    0.0%   383MiB
      ene_ops: xc                      1    2.11s    0.0%   2.11s    327MiB    0.0%   327MiB
      ene_ops: nonlocal                1    306ms    0.0%   306ms   9.42MiB    0.0%  9.42MiB
      ene_ops: kinetic                 1   43.6ms    0.0%  43.6ms    234KiB    0.0%   234KiB
      ene_ops: hartree                 1   30.6ms    0.0%  30.6ms   20.0MiB    0.0%  20.0MiB
      ene_ops: local                   1    247μs    0.0%   247μs   4.04MiB    0.0%  4.04MiB
  Instantiation AtomicNonlocal         1    2.76s    0.0%   2.76s   2.93GiB    0.0%  2.93GiB
  Instantiation Xc                     1    1.03s    0.0%   1.03s    202MiB    0.0%   202MiB
    enforce_real!                      1   1.28ms    0.0%  1.28ms      384B    0.0%     384B
  Instantiation AtomicLocal            1    317ms    0.0%   317ms    127MiB    0.0%   127MiB
    enforce_real!                      1   2.55ms    0.0%  2.55ms      384B    0.0%     384B
  build_kpoints                        1    182ms    0.0%   182ms    422MiB    0.0%   422MiB
  Instantiation Ewald                  1   73.4ms    0.0%  73.4ms   18.4MiB    0.0%  18.4MiB
    precomp: Ewald                     1   4.65ms    0.0%  4.65ms   3.16KiB    0.0%  3.16KiB
  Instantiation Hartree                1   66.6ms    0.0%  66.6ms   9.19MiB    0.0%  9.19MiB
    enforce_real!                      1   1.25ms    0.0%  1.25ms      432B    0.0%     432B
  Instantiation Kinetic                1   22.7ms    0.0%  22.7ms   46.6MiB    0.0%  46.6MiB
  Instantiation PspCorrection          1   21.8ms    0.0%  21.8ms   2.76MiB    0.0%  2.76MiB
  _check_kpoint_reduction              1   2.52ms    0.0%  2.52ms     0.00B    0.0%    0.00B
save_scfres                            2    5.87s    0.0%   2.94s    656MiB    0.0%   328MiB
symmetry_operations                    6    1.39s    0.0%   231ms   9.83MiB    0.0%  1.64MiB
  _check_symmetries                    6    698μs    0.0%   116μs   1.12MiB    0.0%   192KiB
────────────────────────────────────────────────────────────────────────────────────────────
