
DFTK Version      0.7.20
Julia Version     1.12.4
libxc Version     7.0.0
FFTW.jl provider  fftw v3.3.10

BLAS.get_config()
  LinearAlgebra.BLAS.LBTConfig
  Libraries: 
  └ [ILP64] libopenblas64_.so

MPI.versioninfo()
  MPIPreferences:
    binary:  MPICH_jll
    abi:     MPICH
  
  Package versions
    MPI.jl:             0.20.23
    MPIPreferences.jl:  0.1.11
    MPICH_jll:          4.3.2+0
  
  Library information:
    libmpi:  /data/vebak3345/.julia/artifacts/117d9048128625bb3418b0b4cca48739c5d28740/lib/libmpi.so
    libmpi dlpath:  /data/vebak3345/.julia/artifacts/117d9048128625bb3418b0b4cca48739c5d28740/lib/libmpi.so
    MPI version:  4.1.0
    Library version:  
      MPICH Version:      4.3.1
      MPICH Release date: Fri Jun 20 09:24:41 AM CDT 2025
      MPICH ABI:          17:1:5
      MPICH Device:       ch3:nemesis
      MPICH configure:    --build=x86_64-linux-musl --disable-dependency-tracking --disable-doc --enable-fast=ndebug,O3 --enable-static=no --host=x86_64-linux-gnu --prefix=/workspace/destdir --with-device=ch3 --with-hwloc=/workspace/destdir
      MPICH CC:           cc     -DNDEBUG -DNVALGRIND -O3
      MPICH CXX:          c++   -DNDEBUG -DNVALGRIND -O3
      MPICH F77:          gfortran   -O3
      MPICH FC:           gfortran   -O3
      MPICH features:     
      
    MPI launcher: /data/vebak3345/.julia/artifacts/117d9048128625bb3418b0b4cca48739c5d28740/bin/mpiexec
    MPI launcher path: /data/vebak3345/.julia/artifacts/117d9048128625bb3418b0b4cca48739c5d28740/bin/mpiexec
  


truncated grid size:(50, 50, 50)
‖ρref - ρorig‖H-1 = 3.266984698088947e-5
‖ρref - ρorig‖L2  = 0.0001779103605455697

# --- ε=1.778279410038923e-5

n     Energy            log10(ΔE)   log10(Δρ)   Δtime 
---   ---------------   ---------   ---------   ------
  1   -19.99719206969                   -0.74    20.9s
    ‖ρε - ρref‖ = 0.1099584227564811 ‖Δρ‖ = 0.10999988865495265  ‖vε - vref‖ = 1.494997752317316  α = 0.000424
  2   -19.99719748070       -5.27       -2.02    11.5s
    ‖ρε - ρref‖ = 0.004103531788398807 ‖Δρ‖ = 0.004110590724359245  ‖vε - vref‖ = 1.2088869048884574  α = 0.00428
  3   -19.99719893331       -5.84       -2.08    13.6s
    ‖ρε - ρref‖ = 0.002919940799341319 ‖Δρ‖ = 0.0029168447332156154  ‖vε - vref‖ = 1.1260513143957425  α = 0.00169
  4   -19.99719989252       -6.02       -1.80    13.2s
    ‖ρε - ρref‖ = 0.004984790036526753 ‖Δρ‖ = 0.004979925095720813  ‖vε - vref‖ = 1.072430905894494  α = 0.00106
  5   -19.99720012233       -6.64       -1.92    20.2s
    ‖ρε - ρref‖ = 0.003803606791423502 ‖Δρ‖ = 0.0038114551122416115  ‖vε - vref‖ = 1.0479720929126766  α = 0.00157
  6   -19.99720030025       -6.75       -1.94     104s
    ‖ρε - ρref‖ = 0.0038318291088015348 ‖Δρ‖ = 0.003843544754237426  ‖vε - vref‖ = 1.012657638000542  α = 0.000742
  7   -19.99720030025      -14.15       -1.72     101s
    ‖ρε - ρref‖ = 0.007384760465522063 ‖Δρ‖ = 0.0074057289894625304  ‖vε - vref‖ = 1.0126576320037293  α = 1.48e-10
  8   -19.99720030025   +  -13.97       -2.01    67.4s
    ‖ρε - ρref‖ = 0.0027920117309130532 ‖Δρ‖ = 0.002798902762683113  ‖vε - vref‖ = 1.0126576320035676  α = 0.0
  9   -19.99720053781       -6.62       -2.02    9.03s
    ‖ρε - ρref‖ = 0.005026974427911943 ‖Δρ‖ = 0.005061810518224933  ‖vε - vref‖ = 1.0154405197799694  α = 0.00138
 10   -19.99720095309       -6.38       -1.98    12.2s
    ‖ρε - ρref‖ = 0.005332543589687491 ‖Δρ‖ = 0.005309289602268256  ‖vε - vref‖ = 0.964484381334172  α = 0.000502
 11   -19.99720097886       -7.59       -2.20    63.9s
    ‖ρε - ρref‖ = 0.002426451204326788 ‖Δρ‖ = 0.002425074452102136  ‖vε - vref‖ = 0.9571831261973328  α = 0.000418
 12   -19.99720097886      -13.75       -1.65     107s
    ‖ρε - ρref‖ = 0.009737189045734779 ‖Δρ‖ = 0.009762045289276546  ‖vε - vref‖ = 0.957183123561167  α = 5.41e-11
 13   -19.99720097886   +  -14.45       -1.54    70.2s
    ‖ρε - ρref‖ = 0.011830975924113267 ‖Δρ‖ = 0.011854781721841167  ‖vε - vref‖ = 0.957183123560977  α = 0.0
 14   -19.99720115609       -6.75       -1.97    9.49s
    ‖ρε - ρref‖ = 0.006512582508703093 ‖Δρ‖ = 0.006472749705644488  ‖vε - vref‖ = 0.9422420954499069  α = 0.000773
 15   -19.99720116169       -8.25       -2.67    85.1s
    ‖ρε - ρref‖ = 0.0008701810885438073 ‖Δρ‖ = 0.0008769082832028606  ‖vε - vref‖ = 0.9391519746016209  α = 0.000447
 16   -19.99720116169      -14.15       -1.26    99.1s
    ‖ρε - ρref‖ = 0.025515539878967666 ‖Δρ‖ = 0.02553699669166669  ‖vε - vref‖ = 0.9391519743894418  α = 1.95e-12
 17   -19.99720116169      -14.45       -0.67     118s
    ‖ρε - ρref‖ = 0.10478830007256572 ‖Δρ‖ = 0.10481061062349067  ‖vε - vref‖ = 0.9391519743917429  α = 8.85e-15
 18   -19.99720116169   +    -Inf       -2.33    66.8s
    ‖ρε - ρref‖ = 0.001663675515445569 ‖Δρ‖ = 0.0016743328149668685  ‖vε - vref‖ = 0.9391519743912095  α = 0.0
 19   -19.99720135971       -6.70       -2.10    12.4s
    ‖ρε - ρref‖ = 0.0048359931288271315 ‖Δρ‖ = 0.004878116594733766  ‖vε - vref‖ = 0.9150759767069065  α = 0.000292
 20   -19.99720135971      -13.97       -2.92     116s
    ‖ρε - ρref‖ = 0.0003419905502365456 ‖Δρ‖ = 0.00035043749342942676  ‖vε - vref‖ = 0.9150759736200396  α = 7.01e-10
 21   -19.99720135971   +  -14.45       -0.80    72.6s
    ‖ρε - ρref‖ = 0.07848291136359414 ‖Δρ‖ = 0.07850489098921304  ‖vε - vref‖ = 0.9150759736214458  α = 0.0
 22   -19.99720136211       -8.62       -2.59    19.5s
    ‖ρε - ρref‖ = 0.0015670713774680824 ‖Δρ‖ = 0.0016108663870256993  ‖vε - vref‖ = 0.9111728485123178  α = 0.000726
 23   -19.99720136211      -13.30       -2.15     146s
    ‖ρε - ρref‖ = 0.0024397885471550357 ‖Δρ‖ = 0.0024611087857805175  ‖vε - vref‖ = 0.9111728473090682  α = 5.24e-11
 24   -19.99720136211   +  -14.15       -0.85    68.8s
    ‖ρε - ρref‖ = 0.06953802006773757 ‖Δρ‖ = 0.06955995110497444  ‖vε - vref‖ = 0.9111728473089903  α = 0.0
 25   -19.99720136575       -8.44       -2.72    68.0s
    ‖ρε - ρref‖ = 0.0011298882401642384 ‖Δρ‖ = 0.0010887329313473753  ‖vε - vref‖ = 0.9096249583823176  α = 0.000403
 26   -19.99720136575      -14.15       -1.71     173s
    ‖ρε - ρref‖ = 0.008844732134114491 ‖Δρ‖ = 0.008872278194837917  ‖vε - vref‖ = 0.9096249583744923  α = 1.94e-13
 27   -19.99720136575      -14.45       -1.49    87.0s
    ‖ρε - ρref‖ = 0.012838200675240328 ‖Δρ‖ = 0.01285995551566497  ‖vε - vref‖ = 0.9096249576503432  α = 1.33e-11
 28   -19.99720136575   +    -Inf       -2.17    79.5s
    ‖ρε - ρref‖ = 0.0019005557523223237 ‖Δρ‖ = 0.0019122322162177235  ‖vε - vref‖ = 0.9096249576497821  α = 3.64e-15
 29   -19.99720136733       -8.80       -2.36    67.2s
    ‖ρε - ρref‖ = 0.0012166889660679208 ‖Δρ‖ = 0.0012248904209634867  ‖vε - vref‖ = 0.9068507447704932  α = 0.000257
 30   -19.99720136733      -13.50       -1.92     130s
    ‖ρε - ρref‖ = 0.004769212961392425 ‖Δρ‖ = 0.004772875186744897  ‖vε - vref‖ = 0.9068507446945416  α = 2.82e-12
 31   -19.99720136733   +  -14.15       -1.00    68.1s
    ‖ρε - ρref‖ = 0.04323854325539791 ‖Δρ‖ = 0.043246473326632576  ‖vε - vref‖ = 0.9068507446951711  α = 0.0
 32   -19.99720136733      -13.97       -3.26     169s
    ‖ρε - ρref‖ = 0.00022662883656576402 ‖Δρ‖ = 0.00019996749397887588  ‖vε - vref‖ = 0.9068507446943193  α = 1.82e-13
 33   -19.99720136733   +  -14.15       -1.40    62.3s
    ‖ρε - ρref‖ = 0.024264937962645144 ‖Δρ‖ = 0.024307247108301636  ‖vε - vref‖ = 0.9068507446939112  α = 0.0
 34   -19.99720136733      -14.15       -3.26     191s
    ‖ρε - ρref‖ = 0.00022662883631621172 ‖Δρ‖ = 0.00019996749376219742  ‖vε - vref‖ = 0.906850744693919  α = 1.15e-15
 35   -19.99720136733   +    -Inf       -0.04    56.7s
    ‖ρε - ρref‖ = 0.4591013301961535 ‖Δρ‖ = 0.45912737258891895  ‖vε - vref‖ = 0.9068507446937867  α = 0.0
 36   -19.99720136733   +  -14.15       -3.26    64.9s
    ‖ρε - ρref‖ = 0.00022662883644851932 ‖Δρ‖ = 0.000199967493875627  ‖vε - vref‖ = 0.9068507446942914  α = 0.0
 37   -19.99720136733      -14.15       -3.26     170s
    ‖ρε - ρref‖ = 0.00022662883635175566 ‖Δρ‖ = 0.00019996749379307173  ‖vε - vref‖ = 0.9068507446939685  α = 1.77e-16
 38   -19.99720136733   +  -14.45       -1.94    56.3s
    ‖ρε - ρref‖ = 0.006857242154138209 ‖Δρ‖ = 0.006815017237614653  ‖vε - vref‖ = 0.9068507446942232  α = 0.0
 39   -19.99720136733   +    -Inf       -3.26    62.8s
    ‖ρε - ρref‖ = 0.0002266288363636626 ‖Δρ‖ = 0.00019996749380471894  ‖vε - vref‖ = 0.9068507446935838  α = 0.0
 40   -19.99720136733   +    -Inf       -3.26    66.8s
    ‖ρε - ρref‖ = 0.0002266288364315709 ‖Δρ‖ = 0.0001999674938629441  ‖vε - vref‖ = 0.9068507446943349  α = 0.0
Trying again without preconditioner ...
n     Energy            log10(ΔE)   log10(Δρ)   Δtime 
---   ---------------   ---------   ---------   ------
  1   -19.99720141191                   -1.88    19.5s
    ‖ρε - ρref‖ = 0.002704496104546442 ‖Δρ‖ = 0.0027009695923328795  ‖vε - vref‖ = 0.863579591532449  α = 0.002
  2   -19.99720149684       -7.07       -0.25    80.3s
    ‖ρε - ρref‖ = 0.24832728776621998 ‖Δρ‖ = 0.24835885978792552  ‖vε - vref‖ = 0.8370908539461936  α = 1.59e-5
  3   -19.99720150412       -8.14       -0.61     113s
    ‖ρε - ρref‖ = 0.09337733159919935 ‖Δρ‖ = 0.09339501164004044  ‖vε - vref‖ = 0.8317433463094094  α = 9.86e-6
  4   -19.99720150412      -13.60       -0.71     183s
    ‖ρε - ρref‖ = 0.08063711046425959 ‖Δρ‖ = 0.08066864225509363  ‖vε - vref‖ = 0.8317433462206454  α = 4.57e-13
  5   -19.99720150412   +  -14.15       -0.25    64.0s
    ‖ρε - ρref‖ = 0.25921555710076416 ‖Δρ‖ = 0.2592405570041226  ‖vε - vref‖ = 0.8317433462205547  α = 0.0
  6   -19.99720157850       -7.13       -1.60    12.4s
    ‖ρε - ρref‖ = 0.01006738468073027 ‖Δρ‖ = 0.010095608519576834  ‖vε - vref‖ = 0.8215509584619067  α = 0.000182
  7   -19.99720158264       -8.38       -1.07     102s
    ‖ρε - ρref‖ = 0.024922959651698762 ‖Δρ‖ = 0.024918579937189  ‖vε - vref‖ = 0.8184992548231599  α = 1.42e-5
  8   -19.99720158264      -14.15       -0.69     150s
    ‖ρε - ρref‖ = 0.09051380166811768 ‖Δρ‖ = 0.09054597286426326  ‖vε - vref‖ = 0.8184992545207611  α = 1.86e-12
  9   -19.99720158264   +    -Inf       -0.15    65.9s
    ‖ρε - ρref‖ = 0.3236539192810879 ‖Δρ‖ = 0.3236812687004911  ‖vε - vref‖ = 0.8184992545213222  α = 0.0
 10   -19.99720158278       -9.88       -2.03    67.7s
    ‖ρε - ρref‖ = 0.003840662814285298 ‖Δρ‖ = 0.0038051125327177777  ‖vε - vref‖ = 0.8176697014582155  α = 2.81e-5
 11   -19.99720158278      -14.45       -0.34     144s
    ‖ρε - ρref‖ = 0.20169989475648906 ‖Δρ‖ = 0.2017289945028377  ‖vε - vref‖ = 0.8176697014573366  α = 1.11e-15
 12   -19.99720158278   +    -Inf       -1.14    66.4s
    ‖ρε - ρref‖ = 0.02979148866366856 ‖Δρ‖ = 0.029818981848143893  ‖vε - vref‖ = 0.8176697014574579  α = 0.0
 13   -19.99720158278   +    -Inf       -2.08    84.9s
    ‖ρε - ρref‖ = 0.0030384402517209365 ‖Δρ‖ = 0.0030049249484291485  ‖vε - vref‖ = 0.8176697013248718  α = 5.57e-12

#-- ‖ρε - ρref‖ = 5.1904446108203746e-5 vs. 1.778279410038923e-7 = δ*ε ‖vε - vref‖ = 0.8176697013248718  Qε=0.9112933548279788


# --- ε=1.0e-5

n     Energy            log10(ΔE)   log10(Δρ)   Δtime 
---   ---------------   ---------   ---------   ------
  1   -19.99713623976                   -0.88    15.5s
    ‖ρε - ρref‖ = 0.08350330293170441 ‖Δρ‖ = 0.08347966066206335  ‖vε - vref‖ = 1.8312482048197787  α = 0.000251
  2   -19.99713895716       -5.57       -1.96    12.4s
    ‖ρε - ρref‖ = 0.004528724863745387 ‖Δρ‖ = 0.00451960521281493  ‖vε - vref‖ = 1.6254645653511057  α = 0.00103
  3   -19.99713986366       -6.04       -1.89    13.3s
    ‖ρε - ρref‖ = 0.004623109254240836 ‖Δρ‖ = 0.0046182654358321714  ‖vε - vref‖ = 1.5425108055904229  α = 0.00113
  4   -19.99714023423       -6.43       -1.53    18.5s
    ‖ρε - ρref‖ = 0.010167222133944335 ‖Δρ‖ = 0.010168987942209093  ‖vε - vref‖ = 1.4712736039057985  α = 0.00033
  5   -19.99714023423      -13.60       -1.72     163s
    ‖ρε - ρref‖ = 0.006656045908691628 ‖Δρ‖ = 0.006662285848503045  ‖vε - vref‖ = 1.471273601796744  α = 2.03e-11
  6   -19.99714023423   +  -14.15       -1.05    67.7s
    ‖ρε - ρref‖ = 0.04360207822218421 ‖Δρ‖ = 0.0436152931087391  ‖vε - vref‖ = 1.4712736017967025  α = 0.0
  7   -19.99714058633       -6.45       -2.15    12.4s
    ‖ρε - ρref‖ = 0.0028552506035817945 ‖Δρ‖ = 0.0028629537583890734  ‖vε - vref‖ = 1.4374836892779725  α = 0.001
  8   -19.99714061709       -7.51       -1.46    17.0s
    ‖ρε - ρref‖ = 0.017951271642950965 ‖Δρ‖ = 0.017930444770729515  ‖vε - vref‖ = 1.4221867063152662  α = 9.59e-5
  9   -19.99714061709      -13.55       -1.53    94.2s
    ‖ρε - ρref‖ = 0.01243797741265503 ‖Δρ‖ = 0.012444336660929922  ‖vε - vref‖ = 1.4221867042099612  α = 1.98e-11
 10   -19.99714061709   +  -14.15       -0.37    61.0s
    ‖ρε - ρref‖ = 0.20894088025212076 ‖Δρ‖ = 0.20895478812343915  ‖vε - vref‖ = 1.422186704210247  α = 0.0
 11   -19.99714063585       -7.73       -2.49    70.6s
    ‖ρε - ρref‖ = 0.0018722828719165334 ‖Δρ‖ = 0.001894384597449322  ‖vε - vref‖ = 1.4167023822338483  α = 0.000254
 12   -19.99714063585      -13.75       -1.12     151s
    ‖ρε - ρref‖ = 0.032164130996416074 ‖Δρ‖ = 0.03216949023201679  ‖vε - vref‖ = 1.4167023816370918  α = 2.66e-12
 13   -19.99714063585   +  -14.45       -0.52    68.0s
    ‖ρε - ρref‖ = 0.1498789343261381 ‖Δρ‖ = 0.1498934166309348  ‖vε - vref‖ = 1.41670238163758  α = 0.0
 14   -19.99714063585   +    -Inf       -2.74     206s
    ‖ρε - ρref‖ = 0.0006906012578554965 ‖Δρ‖ = 0.0006890453960420108  ‖vε - vref‖ = 1.4167023816381399  α = 3.5e-14
 15   -19.99714063588      -10.45       -1.38    88.3s
    ‖ρε - ρref‖ = 0.0177469441239718 ‖Δρ‖ = 0.01773434521373636  ‖vε - vref‖ = 1.4165050344894066  α = 1.77e-6
 16   -19.99714063588   +    -Inf       -0.90    69.5s
    ‖ρε - ρref‖ = 0.05912445779902859 ‖Δρ‖ = 0.059137806420193846  ‖vε - vref‖ = 1.4165050344891261  α = 0.0
 17   -19.99714063588   +    -Inf       -2.76     116s
    ‖ρε - ρref‖ = 0.000656819526417153 ‖Δρ‖ = 0.0006583837402182781  ‖vε - vref‖ = 1.4165050344685652  α = 2.06e-12
Trying again without preconditioner ...
n     Energy            log10(ΔE)   log10(Δρ)   Δtime 
---   ---------------   ---------   ---------   ------
  1   -19.99714080004                   -1.52    25.4s
    ‖ρε - ρref‖ = 0.007790188457152141 ‖Δρ‖ = 0.007789374829238306  ‖vε - vref‖ = 1.3817649200748505  α = 0.00045
  2   -19.99714087085       -7.15       -0.26    75.2s
    ‖ρε - ρref‖ = 0.22943775794511087 ‖Δρ‖ = 0.22945583102269698  ‖vε - vref‖ = 1.362110078187723  α = 1.05e-5
  3   -19.99714087085      -13.75       -0.40     137s
    ‖ρε - ρref‖ = 0.1629843972414413 ‖Δρ‖ = 0.16299749266930866  ‖vε - vref‖ = 1.3621100768254004  α = 2.03e-12
  4   -19.99714087085   +    -Inf        0.16     124s
    ‖ρε - ρref‖ = 0.6652370877026054 ‖Δρ‖ = 0.6652541677795842  ‖vε - vref‖ = 1.3621100768114984  α = 1.04e-14
  5   -19.99714087085   +    -Inf        0.10    58.0s
    ‖ρε - ρref‖ = 0.5753542993388463 ‖Δρ‖ = 0.5753717721181115  ‖vε - vref‖ = 1.3621100768097387  α = 0.0

#-- ‖ρε - ρref‖ = 3.1609327712818974e-5 vs. 1.0000000000000001e-7 = δ*ε ‖vε - vref‖ = 1.3621100768097387  Qε=0.8854883035156443


# --- ε=5.623413251903491e-6

n     Energy            log10(ΔE)   log10(Δρ)   Δtime 
---   ---------------   ---------   ---------   ------
  1   -19.99709776552                   -0.89    13.8s
    ‖ρε - ρref‖ = 0.0821663782462013 ‖Δρ‖ = 0.08215345658264556  ‖vε - vref‖ = 2.799899545532878  α = 0.000147
  2   -19.99709978397       -5.69       -1.84    11.7s
    ‖ρε - ρref‖ = 0.00578875529635784 ‖Δρ‖ = 0.005784652668720325  ‖vε - vref‖ = 2.6231726376011175  α = 0.000624
  3   -19.99710008083       -6.53       -1.49    20.8s
    ‖ρε - ρref‖ = 0.012462918189015402 ‖Δρ‖ = 0.01246264009548735  ‖vε - vref‖ = 2.570165242854683  α = 0.000411
  4   -19.99710036727       -6.54       -1.09    73.2s
    ‖ρε - ρref‖ = 0.035218730536563325 ‖Δρ‖ = 0.03522679155280115  ‖vε - vref‖ = 2.506332282523068  α = 7.39e-5
  5   -19.99710036727      -13.55       -0.84    89.1s
    ‖ρε - ρref‖ = 0.06748062114695205 ‖Δρ‖ = 0.06748880553503561  ‖vε - vref‖ = 2.506332281538273  α = 2.57e-12
  6   -19.99710036727   +  -14.45       -0.28    59.2s
    ‖ρε - ρref‖ = 0.26149975604977677 ‖Δρ‖ = 0.26150897542436335  ‖vε - vref‖ = 2.506332281536623  α = 0.0
  7   -19.99710061969       -6.60       -1.90    12.9s
    ‖ρε - ρref‖ = 0.006010024056577653 ‖Δρ‖ = 0.006018870708830489  ‖vε - vref‖ = 2.4772670438585163  α = 0.000334
  8   -19.99710067350       -7.27       -1.48    79.8s
    ‖ρε - ρref‖ = 0.015882078994212994 ‖Δρ‖ = 0.015872737590788166  ‖vε - vref‖ = 2.4625639712262255  α = 2.7e-5
  9   -19.99710067350      -14.15       -0.89    85.6s
    ‖ρε - ρref‖ = 0.06032216243646582 ‖Δρ‖ = 0.06032941637969427  ‖vε - vref‖ = 2.462563970343316  α = 2.9e-12
 10   -19.99710067350   +  -14.15       -0.10    60.1s
    ‖ρε - ρref‖ = 0.39504224995241377 ‖Δρ‖ = 0.39505037569846085  ‖vε - vref‖ = 2.462563970343826  α = 0.0
 11   -19.99710068288       -8.03       -2.29    78.3s
    ‖ρε - ρref‖ = 0.0028603040236326394 ‖Δρ‖ = 0.002847201551945943  ‖vε - vref‖ = 2.457972297862404  α = 0.000114
 12   -19.99710068288      -14.45       -0.53    81.5s
    ‖ρε - ρref‖ = 0.1410624690975027 ‖Δρ‖ = 0.14106977261964487  ‖vε - vref‖ = 2.4579722970514664  α = 1.57e-12
 13   -19.99710068288   +  -14.15       -0.02    60.1s
    ‖ρε - ρref‖ = 0.4817127810026512 ‖Δρ‖ = 0.48172116713309093  ‖vε - vref‖ = 2.4579722970501914  α = 0.0
 14   -19.99710068288      -14.45       -2.69     132s
    ‖ρε - ρref‖ = 0.0007756088571529068 ‖Δρ‖ = 0.000767067049831394  ‖vε - vref‖ = 2.4579722967981863  α = 1.75e-11
 15   -19.99710068288   +  -14.45        0.03    63.0s
    ‖ρε - ρref‖ = 0.5295734319479999 ‖Δρ‖ = 0.5295818011414486  ‖vε - vref‖ = 2.4579722967997477  α = 0.0
 16   -19.99710068288      -14.15       -2.69     125s
    ‖ρε - ρref‖ = 0.0007756088105035458 ‖Δρ‖ = 0.0007670670036564859  ‖vε - vref‖ = 2.4579722967886006  α = 5.84e-13
 17   -19.99710068288   +  -14.45       -0.24    63.6s
    ‖ρε - ρref‖ = 0.29544217814293317 ‖Δρ‖ = 0.29545144264462836  ‖vε - vref‖ = 2.4579722967874185  α = 0.0
 18   -19.99710068288      -14.45       -2.69     158s
    ‖ρε - ρref‖ = 0.0007756088081304833 ‖Δρ‖ = 0.0007670670013176516  ‖vε - vref‖ = 2.4579722967913367  α = 1.04e-14
 19   -19.99710068288   +  -14.45       -1.57    55.1s
    ‖ρε - ρref‖ = 0.016488463898398302 ‖Δρ‖ = 0.016501860306722838  ‖vε - vref‖ = 2.4579722967887028  α = 0.0
 20   -19.99710068288   +    -Inf       -2.69     130s
    ‖ρε - ρref‖ = 0.0007756088081974082 ‖Δρ‖ = 0.0007670670013831021  ‖vε - vref‖ = 2.4579722967826476  α = 1.75e-13
 21   -19.99710068288   +  -14.45       -1.11    60.6s
    ‖ρε - ρref‖ = 0.0465804899287393 ‖Δρ‖ = 0.04656713798082071  ‖vε - vref‖ = 2.4579722967838773  α = 0.0
 22   -19.99710068288   +    -Inf       -2.69     177s
    ‖ρε - ρref‖ = 0.0007756088087100077 ‖Δρ‖ = 0.0007670670018795598  ‖vε - vref‖ = 2.4579722967816826  α = 2.06e-15
 23   -19.99710068288      -11.21       -1.41    82.8s
    ‖ρε - ρref‖ = 0.02291372750423673 ‖Δρ‖ = 0.02290032508965986  ‖vε - vref‖ = 2.4579056072338297  α = 5.11e-7
 24   -19.99710068288   +    -Inf       -1.63    96.5s
    ‖ρε - ρref‖ = 0.008752654701716746 ‖Δρ‖ = 0.008754483074650219  ‖vε - vref‖ = 2.457905607221685  α = 6.22e-14
 25   -19.99710068288      -14.45       -1.56     125s
    ‖ρε - ρref‖ = 0.010977789380490282 ‖Δρ‖ = 0.010982464139922054  ‖vε - vref‖ = 2.457905607227876  α = 5.76e-15
 26   -19.99710068288   +  -14.45       -1.24    71.0s
    ‖ρε - ρref‖ = 0.02124961810503254 ‖Δρ‖ = 0.021251932946570608  ‖vε - vref‖ = 2.4579056072281285  α = 0.0
 27   -19.99710068288      -13.97       -2.70     121s
    ‖ρε - ρref‖ = 0.0007273731029516655 ‖Δρ‖ = 0.0007198815459799119  ‖vε - vref‖ = 2.457905607181191  α = 2.96e-12
 28   -19.99710068288   +  -14.45       -0.12    62.1s
    ‖ρε - ρref‖ = 0.38174114369670037 ‖Δρ‖ = 0.3817500443672769  ‖vε - vref‖ = 2.4579056071812273  α = 0.0
 29   -19.99710068288   +    -Inf       -2.70     162s
    ‖ρε - ρref‖ = 0.0007273730959570159 ‖Δρ‖ = 0.0007198815390922321  ‖vε - vref‖ = 2.4579056071786196  α = 3.69e-14
 30   -19.99710068288   +  -14.45       -0.15    60.6s
    ‖ρε - ρref‖ = 0.3342300177150397 ‖Δρ‖ = 0.3342360815444533  ‖vε - vref‖ = 2.4579056071861034  α = 0.0
 31   -19.99710068288      -14.45       -2.70     167s
    ‖ρε - ρref‖ = 0.000727373097112749 ‖Δρ‖ = 0.0007198815402123346  ‖vε - vref‖ = 2.457905607184609  α = 1.91e-14
 32   -19.99710068288   +  -14.45       -1.07    63.8s
    ‖ρε - ρref‖ = 0.03682315498123561 ‖Δρ‖ = 0.0368198311441896  ‖vε - vref‖ = 2.4579056071858894  α = 0.0
 33   -19.99710068288      -14.45       -2.70     137s
    ‖ρε - ρref‖ = 0.0007273730970989959 ‖Δρ‖ = 0.00071988154019896  ‖vε - vref‖ = 2.4579056071715915  α = 6.33e-13
 34   -19.99710068288   +    -Inf       -0.91    61.1s
    ‖ρε - ρref‖ = 0.07166158185292772 ‖Δρ‖ = 0.07167452574431521  ‖vε - vref‖ = 2.4579056071706815  α = 0.0
 35   -19.99710068288   +    -Inf       -2.70     182s
    ‖ρε - ρref‖ = 0.0007273730953925037 ‖Δρ‖ = 0.000719881538516681  ‖vε - vref‖ = 2.457905607171196  α = 1.06e-15
Trying again without preconditioner ...
n     Energy            log10(ΔE)   log10(Δρ)   Δtime 
---   ---------------   ---------   ---------   ------
  1   -19.99710098879                   -1.37    98.1s
    ‖ρε - ρref‖ = 0.010633450941280828 ‖Δρ‖ = 0.010632168748332008  ‖vε - vref‖ = 2.4094806438478953  α = 0.000193
  2   -19.99710102186       -7.48        0.11    62.5s
    ‖ρε - ρref‖ = 0.5768591312489318 ‖Δρ‖ = 0.5768691194766493  ‖vε - vref‖ = 2.390795279708416  α = 3.56e-6
  3   -19.99710102186      -13.97        0.12     142s
    ‖ρε - ρref‖ = 0.5914624412290794 ‖Δρ‖ = 0.5914717747180874  ‖vε - vref‖ = 2.39079527812575  α = 4.65e-13
  4   -19.99710102186   +    -Inf        0.21    60.9s
    ‖ρε - ρref‖ = 0.7296367994695885 ‖Δρ‖ = 0.7296463059633009  ‖vε - vref‖ = 2.3907952781282784  α = 0.0
  5   -19.99710102186   +  -14.45       -1.79    68.9s
    ‖ρε - ρref‖ = 0.0036538791792369886 ‖Δρ‖ = 0.003646396308187309  ‖vε - vref‖ = 2.390795278128274  α = 0.0
  6   -19.99710102186   +    -Inf       -1.79     194s
    ‖ρε - ρref‖ = 0.0036538791793743496 ‖Δρ‖ = 0.0036463963083244806  ‖vε - vref‖ = 2.390795278119232  α = 3.33e-14
  7   -19.99710102186      -14.45       -0.44     143s
    ‖ρε - ρref‖ = 0.18525645830050086 ‖Δρ‖ = 0.1852681272079607  ‖vε - vref‖ = 2.3907952781326323  α = 1.05e-13
  8   -19.99710102186   +    -Inf       -0.81    63.6s
    ‖ρε - ρref‖ = 0.0564011492686706 ‖Δρ‖ = 0.056410333525276773  ‖vε - vref‖ = 2.3907952781316593  α = 0.0
  9   -19.99710102186   +    -Inf       -1.79     131s
    ‖ρε - ρref‖ = 0.003653879280678444 ‖Δρ‖ = 0.003646396408622444  ‖vε - vref‖ = 2.3907952781315944  α = 9.92e-16

#-- ‖ρε - ρref‖ = 2.1054868978256796e-5 vs. 5.623413251903491e-8 = δ*ε ‖vε - vref‖ = 2.3907952781315944  Qε=0.898501377780825


# --- ε=3.162277660168379e-6

n     Energy            log10(ΔE)   log10(Δρ)   Δtime 
---   ---------------   ---------   ---------   ------
  1   -19.99706760446                   -0.88    14.7s
    ‖ρε - ρref‖ = 0.08291608764424012 ‖Δρ‖ = 0.08290947160726671  ‖vε - vref‖ = 4.55556892031196  α = 8.99e-5
  2   -19.99706812143       -6.29       -1.92    16.3s
    ‖ρε - ρref‖ = 0.004791402541482591 ‖Δρ‖ = 0.004790401312927382  ‖vε - vref‖ = 4.487256050197831  α = 0.000777
  3   -19.99706837697       -6.59       -0.65     109s
    ‖ρε - ρref‖ = 0.10360955113713578 ‖Δρ‖ = 0.10361232583744906  ‖vε - vref‖ = 4.438900306194954  α = 3.6e-5
  4   -19.99706840193       -7.60       -0.10    64.6s
    ‖ρε - ρref‖ = 0.3976654433685952 ‖Δρ‖ = 0.39766947579415685  ‖vε - vref‖ = 4.4067177751493585  α = 7.26e-6
  5   -19.99706840193      -13.75       -0.08    86.0s
    ‖ρε - ρref‖ = 0.4137284478749971 ‖Δρ‖ = 0.4137323586488915  ‖vε - vref‖ = 4.406717774187247  α = 5.11e-13
  6   -19.99706840193   +  -14.45       -0.03    62.0s
    ‖ρε - ρref‖ = 0.4632043124403198 ‖Δρ‖ = 0.4632083186288379  ‖vε - vref‖ = 4.406717774190459  α = 0.0
  7   -19.99706873238       -6.48       -1.73    11.1s
    ‖ρε - ρref‖ = 0.011686005547914846 ‖Δρ‖ = 0.0116938926226187  ‖vε - vref‖ = 4.35504608531082  α = 0.00013
  8   -19.99706887014       -6.86       -1.04     102s
    ‖ρε - ρref‖ = 0.03783778971806833 ‖Δρ‖ = 0.03783968345594729  ‖vε - vref‖ = 4.329065060668893  α = 3.06e-5
  9   -19.99706887014      -13.85       -0.38     151s
    ‖ρε - ρref‖ = 0.2077915105380491 ‖Δρ‖ = 0.20779674891750405  ‖vε - vref‖ = 4.3290650588140105  α = 1.55e-12
 10   -19.99706887014   +    -Inf        0.02    62.1s
    ‖ρε - ρref‖ = 0.5185611040081312 ‖Δρ‖ = 0.518566282088182  ‖vε - vref‖ = 4.329065058811737  α = 0.0
 11   -19.99706887104       -9.05       -2.10    64.6s
    ‖ρε - ρref‖ = 0.004646365290931208 ‖Δρ‖ = 0.004639065927728355  ‖vε - vref‖ = 4.320989482971173  α = 0.000117
 12   -19.99706887104      -13.97       -0.24    82.0s
    ‖ρε - ρref‖ = 0.28703327771788245 ‖Δρ‖ = 0.28703809631920585  ‖vε - vref‖ = 4.320989481767438  α = 8.16e-13
 13   -19.99706887104   +  -13.97        0.02    60.3s
    ‖ρε - ρref‖ = 0.5275679107265528 ‖Δρ‖ = 0.5275727281154551  ‖vε - vref‖ = 4.320989481771853  α = 0.0
 14   -19.99706887104      -14.45       -2.37     121s
    ‖ρε - ρref‖ = 0.0025850559359696084 ‖Δρ‖ = 0.0025920368822566152  ‖vε - vref‖ = 4.320989481775015  α = 5.05e-14
 15   -19.99706887333       -8.64       -0.19    75.3s
    ‖ρε - ρref‖ = 0.3457535843870838 ‖Δρ‖ = 0.3457596727599201  ‖vε - vref‖ = 4.319057129477313  α = 4.99e-7
 16   -19.99706887333      -14.15       -1.71    82.3s
    ‖ρε - ρref‖ = 0.007975835718117344 ‖Δρ‖ = 0.00797747510626476  ‖vε - vref‖ = 4.319057124514293  α = 2.93e-11
 17   -19.99706887333   +  -13.97       -0.31    62.8s
    ‖ρε - ρref‖ = 0.22555248952923013 ‖Δρ‖ = 0.22555587145546452  ‖vε - vref‖ = 4.31905712451337  α = 0.0
 18   -19.99706887333      -14.45       -2.74     156s
    ‖ρε - ρref‖ = 0.0007431450060864308 ‖Δρ‖ = 0.0007475895871774187  ‖vε - vref‖ = 4.319057124492162  α = 9.67e-13
 19   -19.99706887333      -14.15       -0.00     104s
    ‖ρε - ρref‖ = 0.5016447134661752 ‖Δρ‖ = 0.5016497629376038  ‖vε - vref‖ = 4.319057124495198  α = 2.25e-16
 20   -19.99706887335      -10.58       -1.10    72.0s
    ‖ρε - ρref‖ = 0.0355277884724673 ‖Δρ‖ = 0.035532234534458286  ‖vε - vref‖ = 4.318775208584543  α = 4.69e-7
 21   -19.99706887354       -9.73       -1.22    83.0s
    ‖ρε - ρref‖ = 0.02915414785302562 ‖Δρ‖ = 0.029159995537458842  ‖vε - vref‖ = 4.318471033733157  α = 1.14e-6
 22   -19.99706888073       -8.14       -1.13    98.1s
    ‖ρε - ρref‖ = 0.028386209241546802 ‖Δρ‖ = 0.0283844353195195  ‖vε - vref‖ = 4.316062158056979  α = 6.39e-6
 23   -19.99706889015       -8.03       -1.42    77.8s
    ‖ρε - ρref‖ = 0.012502631605464479 ‖Δρ‖ = 0.012501850084093886  ‖vε - vref‖ = 4.308104357676879  α = 2.46e-5
 24   -19.99706889015      -13.75       -0.61     105s
    ‖ρε - ρref‖ = 0.10717888372929268 ‖Δρ‖ = 0.10717857498966114  ‖vε - vref‖ = 4.308104354596475  α = 3.65e-12
 25   -19.99706889015      -14.45       -0.37     112s
    ‖ρε - ρref‖ = 0.19337839986449604 ‖Δρ‖ = 0.19337906619576345  ‖vε - vref‖ = 4.308104354598954  α = 3.69e-16
 26   -19.99706889015   +  -14.45       -1.55    75.4s
    ‖ρε - ρref‖ = 0.01170838765956461 ‖Δρ‖ = 0.011706589055111915  ‖vε - vref‖ = 4.308104354596774  α = 0.0
 27   -19.99706889015   +    -Inf       -2.65     166s
    ‖ρε - ρref‖ = 0.0011136234826891916 ‖Δρ‖ = 0.0011195097599549341  ‖vε - vref‖ = 4.308104354595773  α = 1.32e-14
 28   -19.99706889015   +    -Inf        0.03    69.0s
    ‖ρε - ρref‖ = 0.5364662089860373 ‖Δρ‖ = 0.5364710737402983  ‖vε - vref‖ = 4.3081043545893705  α = 0.0
Trying again without preconditioner ...
n     Energy            log10(ΔE)   log10(Δρ)   Δtime 
---   ---------------   ---------   ---------   ------
  1   -19.99706915198                   -1.27    72.6s
    ‖ρε - ρref‖ = 0.015003865440247498 ‖Δρ‖ = 0.015006922574223917  ‖vε - vref‖ = 4.249082946460255  α = 0.000133
  2   -19.99706917779       -7.59        0.22    85.0s
    ‖ρε - ρref‖ = 0.7489876881718057 ‖Δρ‖ = 0.7489930244860584  ‖vε - vref‖ = 4.234148356366251  α = 4.34e-7
  3   -19.99706917779      -14.45        0.21     118s
    ‖ρε - ρref‖ = 0.723933153895938 ‖Δρ‖ = 0.7239384644718098  ‖vε - vref‖ = 4.234148355540044  α = 1.12e-13
  4   -19.99706917779      -14.45        0.22    63.0s
    ‖ρε - ρref‖ = 0.7439131173753596 ‖Δρ‖ = 0.7439184344680658  ‖vε - vref‖ = 4.234148355538244  α = 0.0
  5   -19.99706917779   +  -14.15       -1.51    69.5s
    ‖ρε - ρref‖ = 0.009096712372322025 ‖Δρ‖ = 0.009096933229449124  ‖vε - vref‖ = 4.234148355540218  α = 0.0
  6   -19.99706917779      -14.45       -1.51     121s
    ‖ρε - ρref‖ = 0.009096712371355998 ‖Δρ‖ = 0.009096933228479383  ‖vε - vref‖ = 4.234148355537673  α = 4.52e-15
  7   -19.99706917779   +    -Inf        0.22    64.6s
    ‖ρε - ρref‖ = 0.7481464939042776 ‖Δρ‖ = 0.7481518425040689  ‖vε - vref‖ = 4.234148355536806  α = 0.0
  8   -19.99706917779   +    -Inf       -1.51    68.6s
    ‖ρε - ρref‖ = 0.009096712372118945 ‖Δρ‖ = 0.00909693322924578  ‖vε - vref‖ = 4.234148355537516  α = 0.0

#-- ‖ρε - ρref‖ = 1.6071540628200115e-5 vs. 3.162277660168379e-8 = δ*ε ‖vε - vref‖ = 4.234148355537516  Qε=0.9054365001150843


# --- ε=1.778279410038923e-6

n     Energy            log10(ΔE)   log10(Δρ)   Δtime 
---   ---------------   ---------   ---------   ------
  1   -19.99703420626                   -0.88    14.1s
    ‖ρε - ρref‖ = 0.08284925000355758 ‖Δρ‖ = 0.08284667090354417  ‖vε - vref‖ = 7.890135016236989  α = 6.45e-5
  2   -19.99703454039       -6.48       -1.81    61.5s
    ‖ρε - ρref‖ = 0.006375854621224681 ‖Δρ‖ = 0.006375116433690713  ‖vε - vref‖ = 7.846149679550353  α = 0.00028
  3   -19.99703455662       -7.79       -0.05    82.8s
    ‖ρε - ρref‖ = 0.44042222149488197 ‖Δρ‖ = 0.44042402341406095  ‖vε - vref‖ = 7.831293478854187  α = 2.67e-6
  4   -19.99703455662      -13.67        0.03     202s
    ‖ρε - ρref‖ = 0.5314382501525867 ‖Δρ‖ = 0.531440177233622  ‖vε - vref‖ = 7.831293476384464  α = 1.22e-13
  5   -19.99703455662   +  -14.15        0.03    63.3s
    ‖ρε - ρref‖ = 0.5316188728979101 ‖Δρ‖ = 0.5316207857934808  ‖vε - vref‖ = 7.831293476350734  α = 0.0
  6   -19.99703587859       -5.88       -1.22    15.4s
    ‖ρε - ρref‖ = 0.037700013145918775 ‖Δρ‖ = 0.03770389148359909  ‖vε - vref‖ = 7.649681270908695  α = 3.4e-5
  7   -19.99703589747       -7.72       -1.43    71.3s
    ‖ρε - ρref‖ = 0.015975563509977357 ‖Δρ‖ = 0.0159770984169219  ‖vε - vref‖ = 7.631752496223098  α = 4.16e-5
  8   -19.99703589747      -13.85        0.01     123s
    ‖ρε - ρref‖ = 0.5164279756133705 ‖Δρ‖ = 0.5164306359269236  ‖vε - vref‖ = 7.631752494910829  α = 1.78e-13
  9   -19.99703589747   +  -14.45        0.03    63.2s
    ‖ρε - ρref‖ = 0.5390412748728318 ‖Δρ‖ = 0.5390439411274276  ‖vε - vref‖ = 7.631752494906462  α = 0.0
 10   -19.99703591997       -7.65       -1.82    65.9s
    ‖ρε - ρref‖ = 0.009403768039548194 ‖Δρ‖ = 0.009408037025168252  ‖vε - vref‖ = 7.620815667308149  α = 6.37e-5
 11   -19.99703591997      -13.85       -0.09     175s
    ‖ρε - ρref‖ = 0.40697326986109483 ‖Δρ‖ = 0.4069761332617572  ‖vε - vref‖ = 7.6208156673274665  α = 4.12e-15
 12   -19.99703591997   +  -14.15        0.03    62.5s
    ‖ρε - ρref‖ = 0.533265098635652 ‖Δρ‖ = 0.533268042540185  ‖vε - vref‖ = 7.6208156673347  α = 0.0
 13   -19.99703592126       -8.89       -2.13    89.7s
    ‖ρε - ρref‖ = 0.0038322077307789437 ‖Δρ‖ = 0.003827895709647492  ‖vε - vref‖ = 7.618883525416705  α = 1.21e-5
 14   -19.99703592126   +    -Inf        0.02    62.3s
    ‖ρε - ρref‖ = 0.5289132906662808 ‖Δρ‖ = 0.528916209137259  ‖vε - vref‖ = 7.6188835254187035  α = 0.0
 15   -19.99703592126      -13.67       -2.24    86.9s
    ‖ρε - ρref‖ = 0.0027816782905211133 ‖Δρ‖ = 0.002777515255864892  ‖vε - vref‖ = 7.618883523458516  α = 1.6e-11
 16   -19.99703592126   +  -14.45        0.03    63.6s
    ‖ρε - ρref‖ = 0.5361570999884607 ‖Δρ‖ = 0.5361600231423664  ‖vε - vref‖ = 7.618883523463543  α = 0.0
 17   -19.99703592126      -14.45       -2.24     143s
    ‖ρε - ρref‖ = 0.002781677307611705 ‖Δρ‖ = 0.002777514273199119  ‖vε - vref‖ = 7.6188835234553025  α = 5.14e-15
 18   -19.99703592126   +  -14.15       -1.02    63.4s
    ‖ρε - ρref‖ = 0.055662155561866454 ‖Δρ‖ = 0.055666281006352916  ‖vε - vref‖ = 7.61888352345436  α = 0.0
 19   -19.99703592126   +    -Inf       -2.24    66.7s
    ‖ρε - ρref‖ = 0.002781677306821538 ‖Δρ‖ = 0.002777514272409035  ‖vε - vref‖ = 7.618883523445693  α = 0.0
 20   -19.99703592126      -14.15       -2.24    65.4s
    ‖ρε - ρref‖ = 0.0027816773092984763 ‖Δρ‖ = 0.0027775142748851156  ‖vε - vref‖ = 7.618883523457816  α = 0.0
 21   -19.99703592126   +    -Inf       -2.24    66.8s
    ‖ρε - ρref‖ = 0.0027816773064604124 ‖Δρ‖ = 0.002777514272048187  ‖vε - vref‖ = 7.618883523455838  α = 0.0
 22   -19.99703592126   +    -Inf       -2.24    67.5s
    ‖ρε - ρref‖ = 0.0027816773068366283 ‖Δρ‖ = 0.002777514272424287  ‖vε - vref‖ = 7.618883523455123  α = 0.0
Trying again without preconditioner ...
n     Energy            log10(ΔE)   log10(Δρ)   Δtime 
---   ---------------   ---------   ---------   ------
  1   -19.99703613322                   -1.07    72.6s
    ‖ρε - ρref‖ = 0.026026342079750523 ‖Δρ‖ = 0.0260263397390464  ‖vε - vref‖ = 7.567983707484709  α = 6.61e-5
  2   -19.99703635725       -6.65        0.24    77.8s
    ‖ρε - ρref‖ = 0.7705855783003425 ‖Δρ‖ = 0.7705883694265377  ‖vε - vref‖ = 7.500838462312063  α = 4.92e-7
  3   -19.99703635725      -13.75        0.23     102s
    ‖ρε - ρref‖ = 0.7482903183380935 ‖Δρ‖ = 0.7482930418745843  ‖vε - vref‖ = 7.500838461070682  α = 4.73e-14
  4   -19.99703635725   +  -14.45        0.23    62.9s
    ‖ρε - ρref‖ = 0.754413416199607 ‖Δρ‖ = 0.7544161479962783  ‖vε - vref‖ = 7.500838461066189  α = 0.0
  5   -19.99703637540       -7.74       -0.96    84.9s
    ‖ρε - ρref‖ = 0.0494478303757758 ‖Δρ‖ = 0.04945081775394455  ‖vε - vref‖ = 7.49333130160756  α = 7.66e-6
  6   -19.99703637540      -13.85        0.23     152s
    ‖ρε - ρref‖ = 0.7516255726516096 ‖Δρ‖ = 0.75162842043639  ‖vε - vref‖ = 7.493331301120283  α = 1.66e-14
  7   -19.99703637540   +  -14.15        0.23    58.4s
    ‖ρε - ρref‖ = 0.753109898603332 ‖Δρ‖ = 0.7531127609852477  ‖vε - vref‖ = 7.493331301125512  α = 0.0
  8   -19.99703637540      -13.97       -1.07     170s
    ‖ρε - ρref‖ = 0.03513959615169349 ‖Δρ‖ = 0.03514218999577175  ‖vε - vref‖ = 7.4933313011019065  α = 6.25e-14
  9   -19.99703637540   +    -Inf        0.23    64.7s
    ‖ρε - ρref‖ = 0.7538792899241779 ‖Δρ‖ = 0.7538821563849869  ‖vε - vref‖ = 7.493331301101316  α = 0.0
 10   -19.99703637540   +    -Inf       -1.07    73.8s
    ‖ρε - ρref‖ = 0.0351395961384426 ‖Δρ‖ = 0.03514218998252103  ‖vε - vref‖ = 7.493331301110262  α = 0.0

#-- ‖ρε - ρref‖ = 1.3927101174150767e-5 vs. 1.7782794100389228e-8 = δ*ε ‖vε - vref‖ = 7.493331301110262  Qε=0.9154001346954563


# --- ε=1.0e-6

n     Energy            log10(ΔE)   log10(Δρ)   Δtime 
---   ---------------   ---------   ---------   ------
  1   -19.99699173814                   -0.92    15.2s
    ‖ρε - ρref‖ = 0.07649867735429126 ‖Δρ‖ = 0.07649571936923485  ‖vε - vref‖ = 13.506527620045212  α = 1.77e-5
  2   -19.99699190289       -6.78       -1.20    99.0s
    ‖ρε - ρref‖ = 0.029677798548331823 ‖Δρ‖ = 0.029678915108358718  ‖vε - vref‖ = 13.464091193970681  α = 3.51e-5
  3   -19.99699190289      -14.45        0.02     112s
    ‖ρε - ρref‖ = 0.5284032551529808 ‖Δρ‖ = 0.5284051573413378  ‖vε - vref‖ = 13.46409119332507  α = 9.33e-14
  4   -19.99699190289   +    -Inf        0.03    71.6s
    ‖ρε - ρref‖ = 0.540807126105422 ‖Δρ‖ = 0.5408090444982924  ‖vε - vref‖ = 13.464091193323618  α = 0.0
  5   -19.99699216736       -6.58       -1.47    72.3s
    ‖ρε - ρref‖ = 0.0209899426141728 ‖Δρ‖ = 0.020987587847437567  ‖vε - vref‖ = 13.414777293893794  α = 2.77e-5
  6   -19.99699216736      -14.15       -0.11     123s
    ‖ρε - ρref‖ = 0.388033961056673 ‖Δρ‖ = 0.3880354617365201  ‖vε - vref‖ = 13.414777292939572  α = 3.5e-13
  7   -19.99699216736   +  -14.45        0.03    68.6s
    ‖ρε - ρref‖ = 0.5397328198646645 ‖Δρ‖ = 0.5397344189589263  ‖vε - vref‖ = 13.414777292953717  α = 0.0
  8   -19.99699216736      -14.45       -1.91     144s
    ‖ρε - ρref‖ = 0.006307323236662248 ‖Δρ‖ = 0.00630877089250721  ‖vε - vref‖ = 13.41477729294186  α = 1.09e-13
  9   -19.99699216736   +  -14.45        0.03    56.0s
    ‖ρε - ρref‖ = 0.5403498657651984 ‖Δρ‖ = 0.5403514662450462  ‖vε - vref‖ = 13.41477729292909  α = 0.0
 10   -19.99699216736   +    -Inf       -1.91     137s
    ‖ρε - ρref‖ = 0.0063073232253181965 ‖Δρ‖ = 0.006308770881161519  ‖vε - vref‖ = 13.41477729286416  α = 1.81e-13
 11   -19.99699216736      -13.85       -0.15     103s
    ‖ρε - ρref‖ = 0.32520537785654235 ‖Δρ‖ = 0.32520629809887963  ‖vε - vref‖ = 13.414777292880808  α = 1.92e-14
 12   -19.99699216736   +  -14.45       -1.10    60.0s
    ‖ρε - ρref‖ = 0.03312294841234303 ‖Δρ‖ = 0.03312490929011769  ‖vε - vref‖ = 13.414777292873937  α = 0.0
 13   -19.99699216736      -14.45       -1.91    73.3s
    ‖ρε - ρref‖ = 0.00630732344722208 ‖Δρ‖ = 0.006308771103109442  ‖vε - vref‖ = 13.414777292881256  α = 0.0
 14   -19.99699216736   +  -14.45       -1.91    73.7s
    ‖ρε - ρref‖ = 0.0063073234479124095 ‖Δρ‖ = 0.0063087711037999455  ‖vε - vref‖ = 13.414777292880094  α = 0.0
 15   -19.99699216736   +    -Inf       -1.91    73.5s
    ‖ρε - ρref‖ = 0.006307323447898804 ‖Δρ‖ = 0.006308771103786306  ‖vε - vref‖ = 13.414777292881272  α = 0.0
 16   -19.99699216736   +  -14.45       -1.91    67.2s
    ‖ρε - ρref‖ = 0.006307323447873007 ‖Δρ‖ = 0.006308771103760523  ‖vε - vref‖ = 13.414777292881713  α = 0.0
 17   -19.99699216736      -14.45       -1.91     186s
    ‖ρε - ρref‖ = 0.006307323447874107 ‖Δρ‖ = 0.006308771103761788  ‖vε - vref‖ = 13.414777292855025  α = 1.66e-15
 18   -19.99699216736   +  -13.97       -0.39    61.3s
    ‖ρε - ρref‖ = 0.19266077215442498 ‖Δρ‖ = 0.1926599331245281  ‖vε - vref‖ = 13.414777292847873  α = 0.0
 19   -19.99699216736      -14.45       -1.91     156s
    ‖ρε - ρref‖ = 0.006307323442447031 ‖Δρ‖ = 0.0063087710983337755  ‖vε - vref‖ = 13.41477729286431  α = 1.06e-13
 20   -19.99699216760       -9.61        0.01    87.2s
    ‖ρε - ρref‖ = 0.5229090272290093 ‖Δρ‖ = 0.5229106867894463  ‖vε - vref‖ = 13.414597953267377  α = 1.58e-8
 21   -19.99699216760   +  -14.15       -0.95    61.9s
    ‖ρε - ρref‖ = 0.0496464038026234 ‖Δρ‖ = 0.04964661272909532  ‖vε - vref‖ = 13.41459795323152  α = 0.0
 22   -19.99699216760   +    -Inf       -1.94     134s
    ‖ρε - ρref‖ = 0.005775261990626075 ‖Δρ‖ = 0.005776592224478137  ‖vε - vref‖ = 13.414597953270357  α = 3.27e-15
 23   -19.99699216760   +  -14.15       -0.03    59.5s
    ‖ρε - ρref‖ = 0.48328378425816515 ‖Δρ‖ = 0.4832855129929241  ‖vε - vref‖ = 13.41459795327035  α = 0.0
 24   -19.99699216760   +    -Inf       -1.94     163s
    ‖ρε - ρref‖ = 0.005775261977791406 ‖Δρ‖ = 0.005776592211639663  ‖vε - vref‖ = 13.41459795321393  α = 1.36e-13
 25   -19.99699216760      -13.75       -0.19     152s
    ‖ρε - ρref‖ = 0.2979251245244855 ‖Δρ‖ = 0.2979258632983996  ‖vε - vref‖ = 13.414597953235042  α = 5.27e-15
 26   -19.99699216760   +  -14.15       -0.79    59.6s
    ‖ρε - ρref‖ = 0.06639556629201745 ‖Δρ‖ = 0.06639654813862825  ‖vε - vref‖ = 13.414597953228583  α = 0.0
 27   -19.99699216760   +    -Inf       -1.94     152s
    ‖ρε - ρref‖ = 0.00577526203614436 ‖Δρ‖ = 0.005776592270011657  ‖vε - vref‖ = 13.414597953122502  α = 8.47e-13
 28   -19.99699216760   +  -13.85        0.03    63.7s
    ‖ρε - ρref‖ = 0.5394606425954078 ‖Δρ‖ = 0.5394622448947397  ‖vε - vref‖ = 13.414597953123465  α = 0.0
 29   -19.99699216760      -14.15       -1.94     196s
    ‖ρε - ρref‖ = 0.005775261959265353 ‖Δρ‖ = 0.00577659219311311  ‖vε - vref‖ = 13.414597953103463  α = 1.36e-13
 30   -19.99699216760      -14.45        0.03     108s
    ‖ρε - ρref‖ = 0.5372932044416945 ‖Δρ‖ = 0.5372948014368808  ‖vε - vref‖ = 13.41459795305189  α = 1.24e-15
 31   -19.99699216760   +    -Inf        0.03     124s
    ‖ρε - ρref‖ = 0.5367261421809959 ‖Δρ‖ = 0.536727749844907  ‖vε - vref‖ = 13.414597953033274  α = 3.34e-16
 32   -19.99699216760   +    -Inf       -0.42    66.5s
    ‖ρε - ρref‖ = 0.19093850834025725 ‖Δρ‖ = 0.19094014184660618  ‖vε - vref‖ = 13.414597953032986  α = 0.0
Trying again without preconditioner ...
n     Energy            log10(ΔE)   log10(Δρ)   Δtime 
---   ---------------   ---------   ---------   ------
  1   -19.99699242982                   -0.67    92.2s
    ‖ρε - ρref‖ = 0.09107211054810216 ‖Δρ‖ = 0.09107362843102386  ‖vε - vref‖ = 13.35902441340883  α = 2.9e-5
  2   -19.99699251781       -7.06        0.24    70.8s
    ‖ρε - ρref‖ = 0.7628670011220376 ‖Δρ‖ = 0.7628686374808921  ‖vε - vref‖ = 13.323447533196369  α = 8.62e-8
  3   -19.99699251781      -14.15        0.24    88.4s
    ‖ρε - ρref‖ = 0.7578740534446737 ‖Δρ‖ = 0.7578756713915417  ‖vε - vref‖ = 13.323447532436955  α = 5.26e-15
  4   -19.99699251781      -13.85        0.24     167s
    ‖ρε - ρref‖ = 0.7568509974507516 ‖Δρ‖ = 0.7568526142583122  ‖vε - vref‖ = 13.323447532299474  α = 4.51e-16
  5   -19.99699251781   +    -Inf        0.24    57.0s
    ‖ρε - ρref‖ = 0.7569600525410521 ‖Δρ‖ = 0.7569616697741657  ‖vε - vref‖ = 13.32344753229313  α = 0.0
  6   -19.99699251781   +    -Inf       -0.68     192s
    ‖ρε - ρref‖ = 0.08690259900863484 ‖Δρ‖ = 0.08690398263110108  ‖vε - vref‖ = 13.32344753229259  α = 8.15e-16

#-- ‖ρε - ρref‖ = 1.3248459678501568e-5 vs. 1.0e-8 = δ*ε ‖vε - vref‖ = 13.32344753229259  Qε=0.9163391587772848

|v-vref|h1 = [0.8176697013248718, 1.3621100768097387, 2.3907952781315944, 4.234148355537516, 7.493331301110262, 13.32344753229259]
|v-vref|l2 = [0.1685035312067741, 0.28784957320147253, 0.500421340745668, 0.8863396223265475, 1.56711084833021, 2.7872566452203036]
────────────────────────────────────────────────────────────────────────────────────────────
                                                   Time                    Allocations      
                                          ───────────────────────   ────────────────────────
            Tot / % measured:                  5.41h /  76.0%           18.6TiB /  48.9%    

Section                           ncalls     time    %tot     avg     alloc    %tot      avg
────────────────────────────────────────────────────────────────────────────────────────────
compute_density                    6.07k    1.75h   42.4%   1.03s   4.55TiB   50.1%   786MiB
  symmetrize_ρ                     6.07k    1.60h   38.8%   947ms   3.07TiB   33.8%   531MiB
DftHamiltonian multiplication       328k    1.32h   32.1%  14.5ms    689GiB    7.4%  2.15MiB
  nonlocal                          328k    3465s   23.4%  10.6ms   39.6GiB    0.4%   126KiB
energy_hamiltonian                 5.85k    1.02h   24.9%   631ms   3.74TiB   41.2%   671MiB
  ene_ops                          5.85k    3161s   21.3%   541ms   1.15TiB   12.7%   207MiB
    ene_ops: nonlocal              5.85k    1799s   12.1%   308ms   45.3GiB    0.5%  7.94MiB
    ene_ops: external_Hartree      5.85k     626s    4.2%   107ms    476GiB    5.1%  83.3MiB
    ene_ops: dualmap               5.85k     603s    4.1%   103ms    521GiB    5.6%  91.3MiB
    ene_ops: kinetic               5.85k    71.1s    0.5%  12.2ms   1.02GiB    0.0%   183KiB
    ene_ops: hartree               5.85k    42.6s    0.3%  7.28ms    114GiB    1.2%  20.0MiB
    ene_ops: local                 5.85k    17.2s    0.1%  2.94ms   23.1GiB    0.2%  4.04MiB
ortho_qr                           12.6k    56.9s    0.4%  4.51ms   93.7GiB    1.0%  7.61MiB
PlaneWaveBasis                         6    16.0s    0.1%   2.67s   22.1GiB    0.2%  3.69GiB
  Instantiation AtomicNonlocal         6    11.7s    0.1%   1.96s   17.2GiB    0.2%  2.87GiB
  Instantiation ExternalHartree        6    1.73s    0.0%   289ms    732MiB    0.0%   122MiB
  Instantiation AtomicLocal            6    1.13s    0.0%   189ms    770MiB    0.0%   128MiB
    enforce_real!                      6   7.73ms    0.0%  1.29ms   2.25KiB    0.0%     384B
  Instantiation DualMap                6    687ms    0.0%   114ms    492MiB    0.0%  82.0MiB
  build_kpoints                        6    420ms    0.0%  70.1ms   2.47GiB    0.0%   422MiB
  Instantiation Hartree                6    173ms    0.0%  28.9ms   26.4MiB    0.0%  4.40MiB
    enforce_real!                      6   7.31ms    0.0%  1.22ms   2.53KiB    0.0%     432B
  Instantiation Kinetic                6   58.8ms    0.0%  9.80ms    280MiB    0.0%  46.6MiB
  Instantiation Ewald                  6   27.8ms    0.0%  4.63ms   18.1KiB    0.0%  3.02KiB
    precomp: Ewald                     6   27.7ms    0.0%  4.61ms   12.5KiB    0.0%  2.08KiB
  _check_kpoint_reduction              6   15.3ms    0.0%  2.55ms     0.00B    0.0%    0.00B
  Instantiation PspCorrection          6    183μs    0.0%  30.6μs   2.44KiB    0.0%     416B
load_scfres                            1    12.5s    0.1%   12.5s   5.98GiB    0.1%  5.98GiB
  energy_hamiltonian                   1    3.55s    0.0%   3.55s    739MiB    0.0%   739MiB
    ene_ops                            1    3.36s    0.0%   3.36s    383MiB    0.0%   383MiB
      ene_ops: xc                      1    2.12s    0.0%   2.12s    327MiB    0.0%   327MiB
      ene_ops: nonlocal                1    342ms    0.0%   342ms   9.42MiB    0.0%  9.42MiB
      ene_ops: kinetic                 1   43.3ms    0.0%  43.3ms    234KiB    0.0%   234KiB
      ene_ops: hartree                 1   4.27ms    0.0%  4.27ms   20.0MiB    0.0%  20.0MiB
      ene_ops: local                   1    268μs    0.0%   268μs   4.04MiB    0.0%  4.04MiB
  Instantiation AtomicNonlocal         1    2.88s    0.0%   2.88s   2.93GiB    0.0%  2.93GiB
  Instantiation Xc                     1    1.08s    0.0%   1.08s    201MiB    0.0%   201MiB
    enforce_real!                      1   1.32ms    0.0%  1.32ms      384B    0.0%     384B
  Instantiation AtomicLocal            1    345ms    0.0%   345ms    127MiB    0.0%   127MiB
    enforce_real!                      1   1.29ms    0.0%  1.29ms      384B    0.0%     384B
  build_kpoints                        1    218ms    0.0%   218ms    422MiB    0.0%   422MiB
  Instantiation Ewald                  1   70.5ms    0.0%  70.5ms   18.4MiB    0.0%  18.4MiB
    precomp: Ewald                     1   4.65ms    0.0%  4.65ms   3.16KiB    0.0%  3.16KiB
  Instantiation Kinetic                1   28.0ms    0.0%  28.0ms   46.6MiB    0.0%  46.6MiB
  Instantiation PspCorrection          1   21.5ms    0.0%  21.5ms   2.76MiB    0.0%  2.76MiB
  Instantiation Hartree                1   16.9ms    0.0%  16.9ms   9.19MiB    0.0%  9.19MiB
    enforce_real!                      1   1.21ms    0.0%  1.21ms      432B    0.0%     432B
  _check_kpoint_reduction              1   2.54ms    0.0%  2.54ms     0.00B    0.0%    0.00B
save_scfres                            2    6.30s    0.0%   3.15s    656MiB    0.0%   328MiB
symmetry_operations                    6    636ms    0.0%   106ms   9.83MiB    0.0%  1.64MiB
  _check_symmetries                    6    633μs    0.0%   105μs   1.12MiB    0.0%   192KiB
────────────────────────────────────────────────────────────────────────────────────────────
